<?xml version="1.0" encoding="UTF-8"?>
<testsuites>
  <testsuite name="C:\projetos\sistema\backend\phpunit.xml" tests="1246" assertions="603" errors="989" failures="45" skipped="0" time="26.268552">
    <testsuite name="Unit" tests="138" assertions="183" errors="45" failures="3" skipped="0" time="11.330286">
      <testsuite name="Tests\Unit\BankReconciliationServiceTest" file="C:\projetos\sistema\backend\tests\Unit\BankReconciliationServiceTest.php" tests="11" assertions="0" errors="11" failures="0" skipped="0" time="1.030083">
        <testcase name="test_detect_ofx_from_content" file="C:\projetos\sistema\backend\tests\Unit\BankReconciliationServiceTest.php" line="24" class="Tests\Unit\BankReconciliationServiceTest" classname="Tests.Unit.BankReconciliationServiceTest" assertions="0" time="0.436410">
          <error type="Error">Tests\Unit\BankReconciliationServiceTest::test_detect_ofx_from_content&#13;
Error: Call to private method App\Services\BankReconciliationService::detectFormat() from scope Tests\Unit\BankReconciliationServiceTest
&#13;
C:\projetos\sistema\backend\tests\Unit\BankReconciliationServiceTest.php:27</error>
        </testcase>
        <testcase name="test_detect_cnab240_from_content" file="C:\projetos\sistema\backend\tests\Unit\BankReconciliationServiceTest.php" line="32" class="Tests\Unit\BankReconciliationServiceTest" classname="Tests.Unit.BankReconciliationServiceTest" assertions="0" time="0.056301">
          <error type="Error">Tests\Unit\BankReconciliationServiceTest::test_detect_cnab240_from_content&#13;
Error: Call to private method App\Services\BankReconciliationService::detectFormat() from scope Tests\Unit\BankReconciliationServiceTest
&#13;
C:\projetos\sistema\backend\tests\Unit\BankReconciliationServiceTest.php:38</error>
        </testcase>
        <testcase name="test_detect_cnab400_from_content" file="C:\projetos\sistema\backend\tests\Unit\BankReconciliationServiceTest.php" line="45" class="Tests\Unit\BankReconciliationServiceTest" classname="Tests.Unit.BankReconciliationServiceTest" assertions="0" time="0.069790">
          <error type="Error">Tests\Unit\BankReconciliationServiceTest::test_detect_cnab400_from_content&#13;
Error: Call to private method App\Services\BankReconciliationService::detectFormat() from scope Tests\Unit\BankReconciliationServiceTest
&#13;
C:\projetos\sistema\backend\tests\Unit\BankReconciliationServiceTest.php:49</error>
        </testcase>
        <testcase name="test_detect_from_filename_extension" file="C:\projetos\sistema\backend\tests\Unit\BankReconciliationServiceTest.php" line="55" class="Tests\Unit\BankReconciliationServiceTest" classname="Tests.Unit.BankReconciliationServiceTest" assertions="0" time="0.062831">
          <error type="Error">Tests\Unit\BankReconciliationServiceTest::test_detect_from_filename_extension&#13;
Error: Call to private method App\Services\BankReconciliationService::detectFormat() from scope Tests\Unit\BankReconciliationServiceTest
&#13;
C:\projetos\sistema\backend\tests\Unit\BankReconciliationServiceTest.php:58</error>
        </testcase>
        <testcase name="test_parse_cnab_date_ddmmyyyy" file="C:\projetos\sistema\backend\tests\Unit\BankReconciliationServiceTest.php" line="65" class="Tests\Unit\BankReconciliationServiceTest" classname="Tests.Unit.BankReconciliationServiceTest" assertions="0" time="0.069042">
          <error type="Error">Tests\Unit\BankReconciliationServiceTest::test_parse_cnab_date_ddmmyyyy&#13;
Error: Call to private method App\Services\BankReconciliationService::parseCnabDate() from scope Tests\Unit\BankReconciliationServiceTest
&#13;
C:\projetos\sistema\backend\tests\Unit\BankReconciliationServiceTest.php:67</error>
        </testcase>
        <testcase name="test_parse_cnab_date_ddmmyy" file="C:\projetos\sistema\backend\tests\Unit\BankReconciliationServiceTest.php" line="71" class="Tests\Unit\BankReconciliationServiceTest" classname="Tests.Unit.BankReconciliationServiceTest" assertions="0" time="0.059610">
          <error type="Error">Tests\Unit\BankReconciliationServiceTest::test_parse_cnab_date_ddmmyy&#13;
Error: Call to private method App\Services\BankReconciliationService::parseCnabDate() from scope Tests\Unit\BankReconciliationServiceTest
&#13;
C:\projetos\sistema\backend\tests\Unit\BankReconciliationServiceTest.php:73</error>
        </testcase>
        <testcase name="test_parse_cnab_amount_with_cents" file="C:\projetos\sistema\backend\tests\Unit\BankReconciliationServiceTest.php" line="77" class="Tests\Unit\BankReconciliationServiceTest" classname="Tests.Unit.BankReconciliationServiceTest" assertions="0" time="0.057192">
          <error type="Error">Tests\Unit\BankReconciliationServiceTest::test_parse_cnab_amount_with_cents&#13;
Error: Call to private method App\Services\BankReconciliationService::parseCnabAmount() from scope Tests\Unit\BankReconciliationServiceTest
&#13;
C:\projetos\sistema\backend\tests\Unit\BankReconciliationServiceTest.php:80</error>
        </testcase>
        <testcase name="test_parse_cnab_amount_zero" file="C:\projetos\sistema\backend\tests\Unit\BankReconciliationServiceTest.php" line="84" class="Tests\Unit\BankReconciliationServiceTest" classname="Tests.Unit.BankReconciliationServiceTest" assertions="0" time="0.042159">
          <error type="Error">Tests\Unit\BankReconciliationServiceTest::test_parse_cnab_amount_zero&#13;
Error: Call to private method App\Services\BankReconciliationService::parseCnabAmount() from scope Tests\Unit\BankReconciliationServiceTest
&#13;
C:\projetos\sistema\backend\tests\Unit\BankReconciliationServiceTest.php:86</error>
        </testcase>
        <testcase name="test_parse_cnab_amount_small_value" file="C:\projetos\sistema\backend\tests\Unit\BankReconciliationServiceTest.php" line="90" class="Tests\Unit\BankReconciliationServiceTest" classname="Tests.Unit.BankReconciliationServiceTest" assertions="0" time="0.061383">
          <error type="Error">Tests\Unit\BankReconciliationServiceTest::test_parse_cnab_amount_small_value&#13;
Error: Call to private method App\Services\BankReconciliationService::parseCnabAmount() from scope Tests\Unit\BankReconciliationServiceTest
&#13;
C:\projetos\sistema\backend\tests\Unit\BankReconciliationServiceTest.php:93</error>
        </testcase>
        <testcase name="test_parse_cnab_amount_large_value" file="C:\projetos\sistema\backend\tests\Unit\BankReconciliationServiceTest.php" line="97" class="Tests\Unit\BankReconciliationServiceTest" classname="Tests.Unit.BankReconciliationServiceTest" assertions="0" time="0.079836">
          <error type="Error">Tests\Unit\BankReconciliationServiceTest::test_parse_cnab_amount_large_value&#13;
Error: Call to private method App\Services\BankReconciliationService::parseCnabAmount() from scope Tests\Unit\BankReconciliationServiceTest
&#13;
C:\projetos\sistema\backend\tests\Unit\BankReconciliationServiceTest.php:100</error>
        </testcase>
        <testcase name="test_parse_ofx_extracts_transactions" file="C:\projetos\sistema\backend\tests\Unit\BankReconciliationServiceTest.php" line="106" class="Tests\Unit\BankReconciliationServiceTest" classname="Tests.Unit.BankReconciliationServiceTest" assertions="0" time="0.035528">
          <error type="Error">Tests\Unit\BankReconciliationServiceTest::test_parse_ofx_extracts_transactions&#13;
Error: Call to private method App\Services\BankReconciliationService::parseOfx() from scope Tests\Unit\BankReconciliationServiceTest
&#13;
C:\projetos\sistema\backend\tests\Unit\BankReconciliationServiceTest.php:110</error>
        </testcase>
      </testsuite>
      <testsuite name="Tests\Unit\CommissionRuleCalculationTest" file="C:\projetos\sistema\backend\tests\Unit\CommissionRuleCalculationTest.php" tests="18" assertions="19" errors="0" failures="0" skipped="0" time="2.319210">
        <testcase name="test_percent_gross" file="C:\projetos\sistema\backend\tests\Unit\CommissionRuleCalculationTest.php" line="57" class="Tests\Unit\CommissionRuleCalculationTest" classname="Tests.Unit.CommissionRuleCalculationTest" assertions="1" time="1.421063"/>
        <testcase name="test_percent_gross_with_decimals" file="C:\projetos\sistema\backend\tests\Unit\CommissionRuleCalculationTest.php" line="63" class="Tests\Unit\CommissionRuleCalculationTest" classname="Tests.Unit.CommissionRuleCalculationTest" assertions="1" time="0.047946"/>
        <testcase name="test_percent_net" file="C:\projetos\sistema\backend\tests\Unit\CommissionRuleCalculationTest.php" line="73" class="Tests\Unit\CommissionRuleCalculationTest" classname="Tests.Unit.CommissionRuleCalculationTest" assertions="1" time="0.098653"/>
        <testcase name="test_percent_net_without_context_defaults_to_zero" file="C:\projetos\sistema\backend\tests\Unit\CommissionRuleCalculationTest.php" line="84" class="Tests\Unit\CommissionRuleCalculationTest" classname="Tests.Unit.CommissionRuleCalculationTest" assertions="1" time="0.047795"/>
        <testcase name="test_percent_gross_minus_displacement" file="C:\projetos\sistema\backend\tests\Unit\CommissionRuleCalculationTest.php" line="96" class="Tests\Unit\CommissionRuleCalculationTest" classname="Tests.Unit.CommissionRuleCalculationTest" assertions="1" time="0.047751"/>
        <testcase name="test_percent_services_only" file="C:\projetos\sistema\backend\tests\Unit\CommissionRuleCalculationTest.php" line="108" class="Tests\Unit\CommissionRuleCalculationTest" classname="Tests.Unit.CommissionRuleCalculationTest" assertions="1" time="0.047117"/>
        <testcase name="test_percent_products_only" file="C:\projetos\sistema\backend\tests\Unit\CommissionRuleCalculationTest.php" line="120" class="Tests\Unit\CommissionRuleCalculationTest" classname="Tests.Unit.CommissionRuleCalculationTest" assertions="1" time="0.047670"/>
        <testcase name="test_fixed_per_os" file="C:\projetos\sistema\backend\tests\Unit\CommissionRuleCalculationTest.php" line="132" class="Tests\Unit\CommissionRuleCalculationTest" classname="Tests.Unit.CommissionRuleCalculationTest" assertions="2" time="0.055429"/>
        <testcase name="test_percent_profit" file="C:\projetos\sistema\backend\tests\Unit\CommissionRuleCalculationTest.php" line="143" class="Tests\Unit\CommissionRuleCalculationTest" classname="Tests.Unit.CommissionRuleCalculationTest" assertions="1" time="0.047062"/>
        <testcase name="test_percent_gross_minus_expenses" file="C:\projetos\sistema\backend\tests\Unit\CommissionRuleCalculationTest.php" line="155" class="Tests\Unit\CommissionRuleCalculationTest" classname="Tests.Unit.CommissionRuleCalculationTest" assertions="1" time="0.045451"/>
        <testcase name="test_tiered_gross_progressive" file="C:\projetos\sistema\backend\tests\Unit\CommissionRuleCalculationTest.php" line="167" class="Tests\Unit\CommissionRuleCalculationTest" classname="Tests.Unit.CommissionRuleCalculationTest" assertions="1" time="0.047076"/>
        <testcase name="test_tiered_within_first_tier" file="C:\projetos\sistema\backend\tests\Unit\CommissionRuleCalculationTest.php" line="185" class="Tests\Unit\CommissionRuleCalculationTest" classname="Tests.Unit.CommissionRuleCalculationTest" assertions="1" time="0.044190"/>
        <testcase name="test_custom_formula_simple" file="C:\projetos\sistema\backend\tests\Unit\CommissionRuleCalculationTest.php" line="202" class="Tests\Unit\CommissionRuleCalculationTest" classname="Tests.Unit.CommissionRuleCalculationTest" assertions="1" time="0.056860"/>
        <testcase name="test_custom_formula_without_formula_falls_back_to_percent" file="C:\projetos\sistema\backend\tests\Unit\CommissionRuleCalculationTest.php" line="217" class="Tests\Unit\CommissionRuleCalculationTest" classname="Tests.Unit.CommissionRuleCalculationTest" assertions="1" time="0.059585"/>
        <testcase name="test_zero_base_amount_returns_zero" file="C:\projetos\sistema\backend\tests\Unit\CommissionRuleCalculationTest.php" line="231" class="Tests\Unit\CommissionRuleCalculationTest" classname="Tests.Unit.CommissionRuleCalculationTest" assertions="1" time="0.045484"/>
        <testcase name="test_rounding_precision_to_2_decimals" file="C:\projetos\sistema\backend\tests\Unit\CommissionRuleCalculationTest.php" line="237" class="Tests\Unit\CommissionRuleCalculationTest" classname="Tests.Unit.CommissionRuleCalculationTest" assertions="1" time="0.049636"/>
        <testcase name="test_legacy_percentage_fallback" file="C:\projetos\sistema\backend\tests\Unit\CommissionRuleCalculationTest.php" line="245" class="Tests\Unit\CommissionRuleCalculationTest" classname="Tests.Unit.CommissionRuleCalculationTest" assertions="1" time="0.046365"/>
        <testcase name="test_legacy_fixed_fallback" file="C:\projetos\sistema\backend\tests\Unit\CommissionRuleCalculationTest.php" line="254" class="Tests\Unit\CommissionRuleCalculationTest" classname="Tests.Unit.CommissionRuleCalculationTest" assertions="1" time="0.064077"/>
      </testsuite>
      <testsuite name="Tests\Unit\CommissionServiceProfessionalTest" file="C:\projetos\sistema\backend\tests\Unit\CommissionServiceProfessionalTest.php" tests="15" assertions="27" errors="3" failures="0" skipped="0" time="1.295397">
        <testcase name="test_percent_gross_calculates_exact_amount" file="C:\projetos\sistema\backend\tests\Unit\CommissionServiceProfessionalTest.php" line="85" class="Tests\Unit\CommissionServiceProfessionalTest" classname="Tests.Unit.CommissionServiceProfessionalTest" assertions="5" time="0.136809"/>
        <testcase name="test_fixed_per_os_returns_exact_value" file="C:\projetos\sistema\backend\tests\Unit\CommissionServiceProfessionalTest.php" line="107" class="Tests\Unit\CommissionServiceProfessionalTest" classname="Tests.Unit.CommissionServiceProfessionalTest" assertions="2" time="0.061684"/>
        <testcase name="test_percent_net_deducts_expenses_and_cost" file="C:\projetos\sistema\backend\tests\Unit\CommissionServiceProfessionalTest.php" line="122" class="Tests\Unit\CommissionServiceProfessionalTest" classname="Tests.Unit.CommissionServiceProfessionalTest" assertions="0" time="0.102170">
          <error type="Illuminate\Database\QueryException">Tests\Unit\CommissionServiceProfessionalTest::test_percent_net_deducts_expenses_and_cost&#13;
Illuminate\Database\QueryException: SQLSTATE[23000]: Integrity constraint violation: 19 NOT NULL constraint failed: expenses.created_by (Connection: sqlite, Database: :memory:, SQL: insert into "expenses" ("tenant_id", "work_order_id", "description", "amount", "status", "updated_at", "created_at") values (1, 1, Combustível, 500, approved, 2026-02-13 16:08:47, 2026-02-13 16:08:47))
&#13;
C:\projetos\sistema\backend\vendor\laravel\framework\src\Illuminate\Database\Connection.php:838
C:\projetos\sistema\backend\vendor\laravel\framework\src\Illuminate\Database\Connection.php:794
C:\projetos\sistema\backend\vendor\laravel\framework\src\Illuminate\Database\Connection.php:573
C:\projetos\sistema\backend\vendor\laravel\framework\src\Illuminate\Database\Connection.php:537
C:\projetos\sistema\backend\vendor\laravel\framework\src\Illuminate\Database\Query\Processors\Processor.php:32
C:\projetos\sistema\backend\vendor\laravel\framework\src\Illuminate\Database\Query\Builder.php:4054
C:\projetos\sistema\backend\vendor\laravel\framework\src\Illuminate\Database\Eloquent\Builder.php:2235
C:\projetos\sistema\backend\vendor\laravel\framework\src\Illuminate\Database\Eloquent\Model.php:1436
C:\projetos\sistema\backend\vendor\laravel\framework\src\Illuminate\Database\Eloquent\Model.php:1401
C:\projetos\sistema\backend\vendor\laravel\framework\src\Illuminate\Database\Eloquent\Model.php:1240
C:\projetos\sistema\backend\vendor\laravel\framework\src\Illuminate\Database\Eloquent\Builder.php:1219
C:\projetos\sistema\backend\vendor\laravel\framework\src\Illuminate\Support\helpers.php:388
C:\projetos\sistema\backend\vendor\laravel\framework\src\Illuminate\Database\Eloquent\Builder.php:1218
C:\projetos\sistema\backend\vendor\laravel\framework\src\Illuminate\Support\Traits\ForwardsCalls.php:23
C:\projetos\sistema\backend\vendor\laravel\framework\src\Illuminate\Database\Eloquent\Model.php:2540
C:\projetos\sistema\backend\vendor\laravel\framework\src\Illuminate\Database\Eloquent\Model.php:2556
C:\projetos\sistema\backend\tests\Unit\CommissionServiceProfessionalTest.php:139</error>
        </testcase>
        <testcase name="test_percent_gross_minus_displacement" file="C:\projetos\sistema\backend\tests\Unit\CommissionServiceProfessionalTest.php" line="162" class="Tests\Unit\CommissionServiceProfessionalTest" classname="Tests.Unit.CommissionServiceProfessionalTest" assertions="2" time="0.094522"/>
        <testcase name="test_percent_services_only_ignores_products" file="C:\projetos\sistema\backend\tests\Unit\CommissionServiceProfessionalTest.php" line="178" class="Tests\Unit\CommissionServiceProfessionalTest" classname="Tests.Unit.CommissionServiceProfessionalTest" assertions="2" time="0.094742"/>
        <testcase name="test_rejects_duplicate_commission_for_same_work_order" file="C:\projetos\sistema\backend\tests\Unit\CommissionServiceProfessionalTest.php" line="216" class="Tests\Unit\CommissionServiceProfessionalTest" classname="Tests.Unit.CommissionServiceProfessionalTest" assertions="2" time="0.067322"/>
        <testcase name="test_zero_total_generates_no_commission" file="C:\projetos\sistema\backend\tests\Unit\CommissionServiceProfessionalTest.php" line="232" class="Tests\Unit\CommissionServiceProfessionalTest" classname="Tests.Unit.CommissionServiceProfessionalTest" assertions="2" time="0.102493"/>
        <testcase name="test_simulate_does_not_persist_to_database" file="C:\projetos\sistema\backend\tests\Unit\CommissionServiceProfessionalTest.php" line="247" class="Tests\Unit\CommissionServiceProfessionalTest" classname="Tests.Unit.CommissionServiceProfessionalTest" assertions="3" time="0.068235"/>
        <testcase name="test_release_by_payment_changes_status_to_approved" file="C:\projetos\sistema\backend\tests\Unit\CommissionServiceProfessionalTest.php" line="263" class="Tests\Unit\CommissionServiceProfessionalTest" classname="Tests.Unit.CommissionServiceProfessionalTest" assertions="0" time="0.063035">
          <error type="Illuminate\Database\QueryException">Tests\Unit\CommissionServiceProfessionalTest::test_release_by_payment_changes_status_to_approved&#13;
Illuminate\Database\QueryException: SQLSTATE[23000]: Integrity constraint violation: 19 NOT NULL constraint failed: accounts_receivable.created_by (Connection: sqlite, Database: :memory:, SQL: insert into "accounts_receivable" ("tenant_id", "customer_id", "work_order_id", "description", "amount", "amount_paid", "due_date", "status", "updated_at", "created_at") values (1, 1, 1, Fatura teste, 5000, 5000, 2026-02-13 16:08:48, paid, 2026-02-13 16:08:48, 2026-02-13 16:08:48))
&#13;
C:\projetos\sistema\backend\vendor\laravel\framework\src\Illuminate\Database\Connection.php:838
C:\projetos\sistema\backend\vendor\laravel\framework\src\Illuminate\Database\Connection.php:794
C:\projetos\sistema\backend\vendor\laravel\framework\src\Illuminate\Database\Connection.php:573
C:\projetos\sistema\backend\vendor\laravel\framework\src\Illuminate\Database\Connection.php:537
C:\projetos\sistema\backend\vendor\laravel\framework\src\Illuminate\Database\Query\Processors\Processor.php:32
C:\projetos\sistema\backend\vendor\laravel\framework\src\Illuminate\Database\Query\Builder.php:4054
C:\projetos\sistema\backend\vendor\laravel\framework\src\Illuminate\Database\Eloquent\Builder.php:2235
C:\projetos\sistema\backend\vendor\laravel\framework\src\Illuminate\Database\Eloquent\Model.php:1436
C:\projetos\sistema\backend\vendor\laravel\framework\src\Illuminate\Database\Eloquent\Model.php:1401
C:\projetos\sistema\backend\vendor\laravel\framework\src\Illuminate\Database\Eloquent\Model.php:1240
C:\projetos\sistema\backend\vendor\laravel\framework\src\Illuminate\Database\Eloquent\Builder.php:1219
C:\projetos\sistema\backend\vendor\laravel\framework\src\Illuminate\Support\helpers.php:388
C:\projetos\sistema\backend\vendor\laravel\framework\src\Illuminate\Database\Eloquent\Builder.php:1218
C:\projetos\sistema\backend\vendor\laravel\framework\src\Illuminate\Support\Traits\ForwardsCalls.php:23
C:\projetos\sistema\backend\vendor\laravel\framework\src\Illuminate\Database\Eloquent\Model.php:2540
C:\projetos\sistema\backend\vendor\laravel\framework\src\Illuminate\Database\Eloquent\Model.php:2556
C:\projetos\sistema\backend\tests\Unit\CommissionServiceProfessionalTest.php:277</error>
        </testcase>
        <testcase name="test_inactive_rule_is_ignored" file="C:\projetos\sistema\backend\tests\Unit\CommissionServiceProfessionalTest.php" line="300" class="Tests\Unit\CommissionServiceProfessionalTest" classname="Tests.Unit.CommissionServiceProfessionalTest" assertions="1" time="0.055985"/>
        <testcase name="test_multiple_beneficiaries_each_get_their_commission" file="C:\projetos\sistema\backend\tests\Unit\CommissionServiceProfessionalTest.php" line="314" class="Tests\Unit\CommissionServiceProfessionalTest" classname="Tests.Unit.CommissionServiceProfessionalTest" assertions="3" time="0.075444"/>
        <testcase name="test_campaign_multiplier_increases_commission" file="C:\projetos\sistema\backend\tests\Unit\CommissionServiceProfessionalTest.php" line="339" class="Tests\Unit\CommissionServiceProfessionalTest" classname="Tests.Unit.CommissionServiceProfessionalTest" assertions="0" time="0.087775">
          <error type="Error">Tests\Unit\CommissionServiceProfessionalTest::test_campaign_multiplier_increases_commission&#13;
Error: Class "App\Models\CommissionCampaign" not found
&#13;
C:\projetos\sistema\backend\tests\Unit\CommissionServiceProfessionalTest.php:345</error>
        </testcase>
        <testcase name="test_event_notes_contain_rule_name" file="C:\projetos\sistema\backend\tests\Unit\CommissionServiceProfessionalTest.php" line="366" class="Tests\Unit\CommissionServiceProfessionalTest" classname="Tests.Unit.CommissionServiceProfessionalTest" assertions="1" time="0.089461"/>
        <testcase name="test_percent_profit_deducts_cost" file="C:\projetos\sistema\backend\tests\Unit\CommissionServiceProfessionalTest.php" line="380" class="Tests\Unit\CommissionServiceProfessionalTest" classname="Tests.Unit.CommissionServiceProfessionalTest" assertions="2" time="0.097755"/>
        <testcase name="test_tiered_calculation_applies_progressive_rates" file="C:\projetos\sistema\backend\tests\Unit\CommissionServiceProfessionalTest.php" line="409" class="Tests\Unit\CommissionServiceProfessionalTest" classname="Tests.Unit.CommissionServiceProfessionalTest" assertions="2" time="0.097965"/>
      </testsuite>
      <testsuite name="Tests\Unit\CommissionServiceTest" file="C:\projetos\sistema\backend\tests\Unit\CommissionServiceTest.php" tests="5" assertions="8" errors="2" failures="0" skipped="0" time="0.451863">
        <testcase name="test_campaign_multiplier_with_no_campaigns_returns_base_amount" file="C:\projetos\sistema\backend\tests\Unit\CommissionServiceTest.php" line="61" class="Tests\Unit\CommissionServiceTest" classname="Tests.Unit.CommissionServiceTest" assertions="3" time="0.115322"/>
        <testcase name="test_campaign_multiplier_picks_highest_multiplier" file="C:\projetos\sistema\backend\tests\Unit\CommissionServiceTest.php" line="75" class="Tests\Unit\CommissionServiceTest" classname="Tests.Unit.CommissionServiceTest" assertions="3" time="0.081885"/>
        <testcase name="test_campaign_multiplier_filters_by_role" file="C:\projetos\sistema\backend\tests\Unit\CommissionServiceTest.php" line="94" class="Tests\Unit\CommissionServiceTest" classname="Tests.Unit.CommissionServiceTest" assertions="2" time="0.083544"/>
        <testcase name="test_zero_value_work_order_produces_zero_commission" file="C:\projetos\sistema\backend\tests\Unit\CommissionServiceTest.php" line="111" class="Tests\Unit\CommissionServiceTest" classname="Tests.Unit.CommissionServiceTest" assertions="0" time="0.093968">
          <error type="Illuminate\Database\QueryException">Tests\Unit\CommissionServiceTest::test_zero_value_work_order_produces_zero_commission&#13;
Illuminate\Database\QueryException: SQLSTATE[23000]: Integrity constraint violation: 19 NOT NULL constraint failed: commission_rules.user_id (Connection: sqlite, Database: :memory:, SQL: insert into "commission_rules" ("tenant_id", "name", "calculation_type", "updated_at", "created_at") values (1, Rule Zero, percentage, 2026-02-13 16:08:48, 2026-02-13 16:08:48))
&#13;
C:\projetos\sistema\backend\vendor\laravel\framework\src\Illuminate\Database\Connection.php:838
C:\projetos\sistema\backend\vendor\laravel\framework\src\Illuminate\Database\Connection.php:794
C:\projetos\sistema\backend\vendor\laravel\framework\src\Illuminate\Database\Connection.php:573
C:\projetos\sistema\backend\vendor\laravel\framework\src\Illuminate\Database\Connection.php:537
C:\projetos\sistema\backend\vendor\laravel\framework\src\Illuminate\Database\Query\Processors\Processor.php:32
C:\projetos\sistema\backend\vendor\laravel\framework\src\Illuminate\Database\Query\Builder.php:4054
C:\projetos\sistema\backend\vendor\laravel\framework\src\Illuminate\Database\Eloquent\Builder.php:2235
C:\projetos\sistema\backend\vendor\laravel\framework\src\Illuminate\Database\Eloquent\Model.php:1436
C:\projetos\sistema\backend\vendor\laravel\framework\src\Illuminate\Database\Eloquent\Model.php:1401
C:\projetos\sistema\backend\vendor\laravel\framework\src\Illuminate\Database\Eloquent\Model.php:1240
C:\projetos\sistema\backend\vendor\laravel\framework\src\Illuminate\Database\Eloquent\Builder.php:1219
C:\projetos\sistema\backend\vendor\laravel\framework\src\Illuminate\Support\helpers.php:388
C:\projetos\sistema\backend\vendor\laravel\framework\src\Illuminate\Database\Eloquent\Builder.php:1218
C:\projetos\sistema\backend\vendor\laravel\framework\src\Illuminate\Support\Traits\ForwardsCalls.php:23
C:\projetos\sistema\backend\vendor\laravel\framework\src\Illuminate\Database\Eloquent\Model.php:2540
C:\projetos\sistema\backend\vendor\laravel\framework\src\Illuminate\Database\Eloquent\Model.php:2556
C:\projetos\sistema\backend\tests\Unit\CommissionServiceTest.php:115</error>
        </testcase>
        <testcase name="test_simulate_does_not_persist_events" file="C:\projetos\sistema\backend\tests\Unit\CommissionServiceTest.php" line="134" class="Tests\Unit\CommissionServiceTest" classname="Tests.Unit.CommissionServiceTest" assertions="0" time="0.077144">
          <error type="Illuminate\Database\QueryException">Tests\Unit\CommissionServiceTest::test_simulate_does_not_persist_events&#13;
Illuminate\Database\QueryException: SQLSTATE[23000]: Integrity constraint violation: 19 NOT NULL constraint failed: commission_rules.user_id (Connection: sqlite, Database: :memory:, SQL: insert into "commission_rules" ("tenant_id", "name", "calculation_type", "updated_at", "created_at") values (1, Rule Sim, percentage, 2026-02-13 16:08:49, 2026-02-13 16:08:49))
&#13;
C:\projetos\sistema\backend\vendor\laravel\framework\src\Illuminate\Database\Connection.php:838
C:\projetos\sistema\backend\vendor\laravel\framework\src\Illuminate\Database\Connection.php:794
C:\projetos\sistema\backend\vendor\laravel\framework\src\Illuminate\Database\Connection.php:573
C:\projetos\sistema\backend\vendor\laravel\framework\src\Illuminate\Database\Connection.php:537
C:\projetos\sistema\backend\vendor\laravel\framework\src\Illuminate\Database\Query\Processors\Processor.php:32
C:\projetos\sistema\backend\vendor\laravel\framework\src\Illuminate\Database\Query\Builder.php:4054
C:\projetos\sistema\backend\vendor\laravel\framework\src\Illuminate\Database\Eloquent\Builder.php:2235
C:\projetos\sistema\backend\vendor\laravel\framework\src\Illuminate\Database\Eloquent\Model.php:1436
C:\projetos\sistema\backend\vendor\laravel\framework\src\Illuminate\Database\Eloquent\Model.php:1401
C:\projetos\sistema\backend\vendor\laravel\framework\src\Illuminate\Database\Eloquent\Model.php:1240
C:\projetos\sistema\backend\vendor\laravel\framework\src\Illuminate\Database\Eloquent\Builder.php:1219
C:\projetos\sistema\backend\vendor\laravel\framework\src\Illuminate\Support\helpers.php:388
C:\projetos\sistema\backend\vendor\laravel\framework\src\Illuminate\Database\Eloquent\Builder.php:1218
C:\projetos\sistema\backend\vendor\laravel\framework\src\Illuminate\Support\Traits\ForwardsCalls.php:23
C:\projetos\sistema\backend\vendor\laravel\framework\src\Illuminate\Database\Eloquent\Model.php:2540
C:\projetos\sistema\backend\vendor\laravel\framework\src\Illuminate\Database\Eloquent\Model.php:2556
C:\projetos\sistema\backend\tests\Unit\CommissionServiceTest.php:138</error>
        </testcase>
      </testsuite>
      <testsuite name="Tests\Unit\ExampleTest" file="C:\projetos\sistema\backend\tests\Unit\ExampleTest.php" tests="1" assertions="1" errors="0" failures="0" skipped="0" time="0.008667">
        <testcase name="test_that_true_is_true" file="C:\projetos\sistema\backend\tests\Unit\ExampleTest.php" line="12" class="Tests\Unit\ExampleTest" classname="Tests.Unit.ExampleTest" assertions="1" time="0.008667"/>
      </testsuite>
      <testsuite name="Tests\Unit\InvoicingServiceProfessionalTest" file="C:\projetos\sistema\backend\tests\Unit\InvoicingServiceProfessionalTest.php" tests="8" assertions="22" errors="1" failures="1" skipped="0" time="1.102200">
        <testcase name="test_generates_invoice_with_correct_total" file="C:\projetos\sistema\backend\tests\Unit\InvoicingServiceProfessionalTest.php" line="78" class="Tests\Unit\InvoicingServiceProfessionalTest" classname="Tests.Unit.InvoicingServiceProfessionalTest" assertions="5" time="0.072509"/>
        <testcase name="test_generates_account_receivable_with_correct_amount" file="C:\projetos\sistema\backend\tests\Unit\InvoicingServiceProfessionalTest.php" line="99" class="Tests\Unit\InvoicingServiceProfessionalTest" classname="Tests.Unit.InvoicingServiceProfessionalTest" assertions="6" time="0.084542">
          <error type="Illuminate\Database\QueryException">Tests\Unit\InvoicingServiceProfessionalTest::test_generates_account_receivable_with_correct_amount&#13;
Illuminate\Database\QueryException: SQLSTATE[HY000]: General error: 1 no such table: account_receivables (Connection: sqlite, Database: :memory:, SQL: select exists(select * from "account_receivables" where ("work_order_id" = 1 and "amount" = 3200 and "amount_paid" = 0)) as "exists")
&#13;
C:\projetos\sistema\backend\vendor\laravel\framework\src\Illuminate\Database\Connection.php:838
C:\projetos\sistema\backend\vendor\laravel\framework\src\Illuminate\Database\Connection.php:794
C:\projetos\sistema\backend\vendor\laravel\framework\src\Illuminate\Database\Connection.php:411
C:\projetos\sistema\backend\vendor\laravel\framework\src\Illuminate\Database\Query\Builder.php:3762
C:\projetos\sistema\backend\vendor\laravel\framework\src\Illuminate\Testing\Constraints\HasInDatabase.php:55
C:\projetos\sistema\backend\vendor\laravel\framework\src\Illuminate\Foundation\Testing\Concerns\InteractsWithDatabase.php:43
C:\projetos\sistema\backend\tests\Unit\InvoicingServiceProfessionalTest.php:110</error>
        </testcase>
        <testcase name="test_invoice_number_is_generated" file="C:\projetos\sistema\backend\tests\Unit\InvoicingServiceProfessionalTest.php" line="121" class="Tests\Unit\InvoicingServiceProfessionalTest" classname="Tests.Unit.InvoicingServiceProfessionalTest" assertions="2" time="0.086621"/>
        <testcase name="test_invoice_copies_items_from_work_order" file="C:\projetos\sistema\backend\tests\Unit\InvoicingServiceProfessionalTest.php" line="135" class="Tests\Unit\InvoicingServiceProfessionalTest" classname="Tests.Unit.InvoicingServiceProfessionalTest" assertions="4" time="0.105286"/>
        <testcase name="test_ar_due_date_is_30_days_from_now" file="C:\projetos\sistema\backend\tests\Unit\InvoicingServiceProfessionalTest.php" line="155" class="Tests\Unit\InvoicingServiceProfessionalTest" classname="Tests.Unit.InvoicingServiceProfessionalTest" assertions="1" time="0.064110"/>
        <testcase name="test_created_by_uses_provided_user_id" file="C:\projetos\sistema\backend\tests\Unit\InvoicingServiceProfessionalTest.php" line="169" class="Tests\Unit\InvoicingServiceProfessionalTest" classname="Tests.Unit.InvoicingServiceProfessionalTest" assertions="2" time="0.326720"/>
        <testcase name="test_ar_description_includes_wo_and_invoice_numbers" file="C:\projetos\sistema\backend\tests\Unit\InvoicingServiceProfessionalTest.php" line="187" class="Tests\Unit\InvoicingServiceProfessionalTest" classname="Tests.Unit.InvoicingServiceProfessionalTest" assertions="1" time="0.194429">
          <failure type="PHPUnit\Framework\ExpectationFailedException">Tests\Unit\InvoicingServiceProfessionalTest::test_ar_description_includes_wo_and_invoice_numbers&#13;
Failed asserting that 'OS OS-099598 - Fatura NF-000001' [ASCII](length: 31) contains "OS-2025-100" [ASCII](length: 11).
&#13;
C:\projetos\sistema\backend\tests\Unit\InvoicingServiceProfessionalTest.php:193</failure>
        </testcase>
        <testcase name="test_invoice_issued_at_is_set_to_now" file="C:\projetos\sistema\backend\tests\Unit\InvoicingServiceProfessionalTest.php" line="201" class="Tests\Unit\InvoicingServiceProfessionalTest" classname="Tests.Unit.InvoicingServiceProfessionalTest" assertions="1" time="0.167984"/>
      </testsuite>
      <testsuite name="Tests\Unit\InvoicingServiceTest" file="C:\projetos\sistema\backend\tests\Unit\InvoicingServiceTest.php" tests="8" assertions="15" errors="0" failures="0" skipped="0" time="0.768589">
        <testcase name="test_generate_creates_invoice_and_receivable" file="C:\projetos\sistema\backend\tests\Unit\InvoicingServiceTest.php" line="60" class="Tests\Unit\InvoicingServiceTest" classname="Tests.Unit.InvoicingServiceTest" assertions="4" time="0.114473"/>
        <testcase name="test_invoice_has_correct_total_from_work_order" file="C:\projetos\sistema\backend\tests\Unit\InvoicingServiceTest.php" line="71" class="Tests\Unit\InvoicingServiceTest" classname="Tests.Unit.InvoicingServiceTest" assertions="1" time="0.128086"/>
        <testcase name="test_invoice_links_to_correct_customer" file="C:\projetos\sistema\backend\tests\Unit\InvoicingServiceTest.php" line="79" class="Tests\Unit\InvoicingServiceTest" classname="Tests.Unit.InvoicingServiceTest" assertions="2" time="0.081673"/>
        <testcase name="test_invoice_has_issued_status" file="C:\projetos\sistema\backend\tests\Unit\InvoicingServiceTest.php" line="88" class="Tests\Unit\InvoicingServiceTest" classname="Tests.Unit.InvoicingServiceTest" assertions="1" time="0.096756"/>
        <testcase name="test_receivable_has_pending_status_and_zero_paid" file="C:\projetos\sistema\backend\tests\Unit\InvoicingServiceTest.php" line="96" class="Tests\Unit\InvoicingServiceTest" classname="Tests.Unit.InvoicingServiceTest" assertions="3" time="0.092888"/>
        <testcase name="test_invoice_has_due_date_30_days_from_now" file="C:\projetos\sistema\backend\tests\Unit\InvoicingServiceTest.php" line="106" class="Tests\Unit\InvoicingServiceTest" classname="Tests.Unit.InvoicingServiceTest" assertions="1" time="0.107548"/>
        <testcase name="test_invoice_has_sequential_number" file="C:\projetos\sistema\backend\tests\Unit\InvoicingServiceTest.php" line="115" class="Tests\Unit\InvoicingServiceTest" classname="Tests.Unit.InvoicingServiceTest" assertions="1" time="0.085495"/>
        <testcase name="test_invoice_records_correct_tenant" file="C:\projetos\sistema\backend\tests\Unit\InvoicingServiceTest.php" line="129" class="Tests\Unit\InvoicingServiceTest" classname="Tests.Unit.InvoicingServiceTest" assertions="2" time="0.061670"/>
      </testsuite>
      <testsuite name="Tests\Unit\ModelRelationshipTest" file="C:\projetos\sistema\backend\tests\Unit\ModelRelationshipTest.php" tests="13" assertions="18" errors="2" failures="1" skipped="0" time="0.898798">
        <testcase name="test_customer_has_many_work_orders" file="C:\projetos\sistema\backend\tests\Unit\ModelRelationshipTest.php" line="49" class="Tests\Unit\ModelRelationshipTest" classname="Tests.Unit.ModelRelationshipTest" assertions="2" time="0.069734"/>
        <testcase name="test_customer_has_many_equipments" file="C:\projetos\sistema\backend\tests\Unit\ModelRelationshipTest.php" line="59" class="Tests\Unit\ModelRelationshipTest" classname="Tests.Unit.ModelRelationshipTest" assertions="2" time="0.058557"/>
        <testcase name="test_customer_has_many_quotes" file="C:\projetos\sistema\backend\tests\Unit\ModelRelationshipTest.php" line="69" class="Tests\Unit\ModelRelationshipTest" classname="Tests.Unit.ModelRelationshipTest" assertions="2" time="0.056383"/>
        <testcase name="test_customer_belongs_to_tenant" file="C:\projetos\sistema\backend\tests\Unit\ModelRelationshipTest.php" line="79" class="Tests\Unit\ModelRelationshipTest" classname="Tests.Unit.ModelRelationshipTest" assertions="1" time="0.080571">
          <failure type="PHPUnit\Framework\ExpectationFailedException">Tests\Unit\ModelRelationshipTest::test_customer_belongs_to_tenant&#13;
Failed asserting that null is not null.
&#13;
C:\projetos\sistema\backend\tests\Unit\ModelRelationshipTest.php:81</failure>
        </testcase>
        <testcase name="test_work_order_belongs_to_customer" file="C:\projetos\sistema\backend\tests\Unit\ModelRelationshipTest.php" line="87" class="Tests\Unit\ModelRelationshipTest" classname="Tests.Unit.ModelRelationshipTest" assertions="2" time="0.074764"/>
        <testcase name="test_work_order_belongs_to_tenant" file="C:\projetos\sistema\backend\tests\Unit\ModelRelationshipTest.php" line="98" class="Tests\Unit\ModelRelationshipTest" classname="Tests.Unit.ModelRelationshipTest" assertions="1" time="0.090799"/>
        <testcase name="test_equipment_belongs_to_customer" file="C:\projetos\sistema\backend\tests\Unit\ModelRelationshipTest.php" line="110" class="Tests\Unit\ModelRelationshipTest" classname="Tests.Unit.ModelRelationshipTest" assertions="2" time="0.073836"/>
        <testcase name="test_quote_belongs_to_customer" file="C:\projetos\sistema\backend\tests\Unit\ModelRelationshipTest.php" line="123" class="Tests\Unit\ModelRelationshipTest" classname="Tests.Unit.ModelRelationshipTest" assertions="1" time="0.059750"/>
        <testcase name="test_user_belongs_to_many_tenants" file="C:\projetos\sistema\backend\tests\Unit\ModelRelationshipTest.php" line="135" class="Tests\Unit\ModelRelationshipTest" classname="Tests.Unit.ModelRelationshipTest" assertions="2" time="0.060813"/>
        <testcase name="test_user_has_current_tenant" file="C:\projetos\sistema\backend\tests\Unit\ModelRelationshipTest.php" line="141" class="Tests\Unit\ModelRelationshipTest" classname="Tests.Unit.ModelRelationshipTest" assertions="1" time="0.060734"/>
        <testcase name="test_tenant_has_many_customers" file="C:\projetos\sistema\backend\tests\Unit\ModelRelationshipTest.php" line="148" class="Tests\Unit\ModelRelationshipTest" classname="Tests.Unit.ModelRelationshipTest" assertions="0" time="0.066999">
          <error type="BadMethodCallException">Tests\Unit\ModelRelationshipTest::test_tenant_has_many_customers&#13;
BadMethodCallException: Call to undefined method App\Models\Tenant::customers()
&#13;
C:\projetos\sistema\backend\vendor\laravel\framework\src\Illuminate\Support\Traits\ForwardsCalls.php:67
C:\projetos\sistema\backend\vendor\laravel\framework\src\Illuminate\Support\Traits\ForwardsCalls.php:36
C:\projetos\sistema\backend\vendor\laravel\framework\src\Illuminate\Database\Eloquent\Model.php:2540
C:\projetos\sistema\backend\tests\Unit\ModelRelationshipTest.php:150</error>
        </testcase>
        <testcase name="test_receivable_belongs_to_customer" file="C:\projetos\sistema\backend\tests\Unit\ModelRelationshipTest.php" line="156" class="Tests\Unit\ModelRelationshipTest" classname="Tests.Unit.ModelRelationshipTest" assertions="0" time="0.077796">
          <error type="Illuminate\Database\QueryException">Tests\Unit\ModelRelationshipTest::test_receivable_belongs_to_customer&#13;
Illuminate\Database\QueryException: SQLSTATE[23000]: Integrity constraint violation: 19 NOT NULL constraint failed: accounts_receivable.created_by (Connection: sqlite, Database: :memory:, SQL: insert into "accounts_receivable" ("tenant_id", "customer_id", "description", "amount", "amount_paid", "status", "due_date", "updated_at", "created_at") values (1, 1, Test, 100, 0, pending, 2026-03-15 16:08:51, 2026-02-13 16:08:51, 2026-02-13 16:08:51))
&#13;
C:\projetos\sistema\backend\vendor\laravel\framework\src\Illuminate\Database\Connection.php:838
C:\projetos\sistema\backend\vendor\laravel\framework\src\Illuminate\Database\Connection.php:794
C:\projetos\sistema\backend\vendor\laravel\framework\src\Illuminate\Database\Connection.php:573
C:\projetos\sistema\backend\vendor\laravel\framework\src\Illuminate\Database\Connection.php:537
C:\projetos\sistema\backend\vendor\laravel\framework\src\Illuminate\Database\Query\Processors\Processor.php:32
C:\projetos\sistema\backend\vendor\laravel\framework\src\Illuminate\Database\Query\Builder.php:4054
C:\projetos\sistema\backend\vendor\laravel\framework\src\Illuminate\Database\Eloquent\Builder.php:2235
C:\projetos\sistema\backend\vendor\laravel\framework\src\Illuminate\Database\Eloquent\Model.php:1436
C:\projetos\sistema\backend\vendor\laravel\framework\src\Illuminate\Database\Eloquent\Model.php:1401
C:\projetos\sistema\backend\vendor\laravel\framework\src\Illuminate\Database\Eloquent\Model.php:1240
C:\projetos\sistema\backend\vendor\laravel\framework\src\Illuminate\Database\Eloquent\Builder.php:1219
C:\projetos\sistema\backend\vendor\laravel\framework\src\Illuminate\Support\helpers.php:388
C:\projetos\sistema\backend\vendor\laravel\framework\src\Illuminate\Database\Eloquent\Builder.php:1218
C:\projetos\sistema\backend\vendor\laravel\framework\src\Illuminate\Support\Traits\ForwardsCalls.php:23
C:\projetos\sistema\backend\vendor\laravel\framework\src\Illuminate\Database\Eloquent\Model.php:2540
C:\projetos\sistema\backend\vendor\laravel\framework\src\Illuminate\Database\Eloquent\Model.php:2556
C:\projetos\sistema\backend\tests\Unit\ModelRelationshipTest.php:158</error>
        </testcase>
        <testcase name="test_soft_deleted_customer_is_excluded_from_queries" file="C:\projetos\sistema\backend\tests\Unit\ModelRelationshipTest.php" line="174" class="Tests\Unit\ModelRelationshipTest" classname="Tests.Unit.ModelRelationshipTest" assertions="2" time="0.068061"/>
      </testsuite>
      <testsuite name="Tests\Unit\MoneyCalculationsTest" file="C:\projetos\sistema\backend\tests\Unit\MoneyCalculationsTest.php" tests="10" assertions="13" errors="0" failures="0" skipped="0" time="0.605620">
        <testcase name="test_bcadd_avoids_float_precision_error" file="C:\projetos\sistema\backend\tests\Unit\MoneyCalculationsTest.php" line="15" class="Tests\Unit\MoneyCalculationsTest" classname="Tests.Unit.MoneyCalculationsTest" assertions="1" time="0.068063"/>
        <testcase name="test_bcmul_percentage_rounds_correctly" file="C:\projetos\sistema\backend\tests\Unit\MoneyCalculationsTest.php" line="22" class="Tests\Unit\MoneyCalculationsTest" classname="Tests.Unit.MoneyCalculationsTest" assertions="1" time="0.082323"/>
        <testcase name="test_bcsub_subtraction_precision" file="C:\projetos\sistema\backend\tests\Unit\MoneyCalculationsTest.php" line="29" class="Tests\Unit\MoneyCalculationsTest" classname="Tests.Unit.MoneyCalculationsTest" assertions="1" time="0.058617"/>
        <testcase name="test_installment_distribution_sums_to_total" file="C:\projetos\sistema\backend\tests\Unit\MoneyCalculationsTest.php" line="36" class="Tests\Unit\MoneyCalculationsTest" classname="Tests.Unit.MoneyCalculationsTest" assertions="1" time="0.044487"/>
        <testcase name="test_percentage_of_percentage" file="C:\projetos\sistema\backend\tests\Unit\MoneyCalculationsTest.php" line="54" class="Tests\Unit\MoneyCalculationsTest" classname="Tests.Unit.MoneyCalculationsTest" assertions="3" time="0.045580"/>
        <testcase name="test_large_value_multiplication" file="C:\projetos\sistema\backend\tests\Unit\MoneyCalculationsTest.php" line="67" class="Tests\Unit\MoneyCalculationsTest" classname="Tests.Unit.MoneyCalculationsTest" assertions="1" time="0.063948"/>
        <testcase name="test_zero_division_handled" file="C:\projetos\sistema\backend\tests\Unit\MoneyCalculationsTest.php" line="75" class="Tests\Unit\MoneyCalculationsTest" classname="Tests.Unit.MoneyCalculationsTest" assertions="1" time="0.069060"/>
        <testcase name="test_negative_values_in_financial_context" file="C:\projetos\sistema\backend\tests\Unit\MoneyCalculationsTest.php" line="82" class="Tests\Unit\MoneyCalculationsTest" classname="Tests.Unit.MoneyCalculationsTest" assertions="1" time="0.059385"/>
        <testcase name="test_many_small_additions_maintain_precision" file="C:\projetos\sistema\backend\tests\Unit\MoneyCalculationsTest.php" line="92" class="Tests\Unit\MoneyCalculationsTest" classname="Tests.Unit.MoneyCalculationsTest" assertions="1" time="0.056946"/>
        <testcase name="test_discount_percentage_applied_correctly" file="C:\projetos\sistema\backend\tests\Unit\MoneyCalculationsTest.php" line="103" class="Tests\Unit\MoneyCalculationsTest" classname="Tests.Unit.MoneyCalculationsTest" assertions="2" time="0.057211"/>
      </testsuite>
      <testsuite name="Tests\Unit\QuoteServiceProfessionalTest" file="C:\projetos\sistema\backend\tests\Unit\QuoteServiceProfessionalTest.php" tests="12" assertions="0" errors="12" failures="0" skipped="0" time="0.899277">
        <testcase name="test_create_quote_generates_number_and_draft_status" file="C:\projetos\sistema\backend\tests\Unit\QuoteServiceProfessionalTest.php" line="87" class="Tests\Unit\QuoteServiceProfessionalTest" classname="Tests.Unit.QuoteServiceProfessionalTest" assertions="0" time="0.097086">
          <error type="ErrorException">Tests\Unit\QuoteServiceProfessionalTest::test_create_quote_generates_number_and_draft_status&#13;
ErrorException: Undefined array key "equipments"
&#13;
C:\projetos\sistema\backend\vendor\laravel\framework\src\Illuminate\Foundation\Bootstrap\HandleExceptions.php:258
C:\projetos\sistema\backend\app\Services\QuoteService.php:34
C:\projetos\sistema\backend\vendor\laravel\framework\src\Illuminate\Database\Concerns\ManagesTransactions.php:35
C:\projetos\sistema\backend\vendor\laravel\framework\src\Illuminate\Database\DatabaseManager.php:491
C:\projetos\sistema\backend\vendor\laravel\framework\src\Illuminate\Support\Facades\Facade.php:363
C:\projetos\sistema\backend\app\Services\QuoteService.php:20
C:\projetos\sistema\backend\tests\Unit\QuoteServiceProfessionalTest.php:52
C:\projetos\sistema\backend\tests\Unit\QuoteServiceProfessionalTest.php:89</error>
        </testcase>
        <testcase name="test_send_changes_status_to_sent_and_sets_sent_at" file="C:\projetos\sistema\backend\tests\Unit\QuoteServiceProfessionalTest.php" line="106" class="Tests\Unit\QuoteServiceProfessionalTest" classname="Tests.Unit.QuoteServiceProfessionalTest" assertions="0" time="0.063381">
          <error type="ErrorException">Tests\Unit\QuoteServiceProfessionalTest::test_send_changes_status_to_sent_and_sets_sent_at&#13;
ErrorException: Undefined array key "equipments"
&#13;
C:\projetos\sistema\backend\vendor\laravel\framework\src\Illuminate\Foundation\Bootstrap\HandleExceptions.php:258
C:\projetos\sistema\backend\app\Services\QuoteService.php:34
C:\projetos\sistema\backend\vendor\laravel\framework\src\Illuminate\Database\Concerns\ManagesTransactions.php:35
C:\projetos\sistema\backend\vendor\laravel\framework\src\Illuminate\Database\DatabaseManager.php:491
C:\projetos\sistema\backend\vendor\laravel\framework\src\Illuminate\Support\Facades\Facade.php:363
C:\projetos\sistema\backend\app\Services\QuoteService.php:20
C:\projetos\sistema\backend\tests\Unit\QuoteServiceProfessionalTest.php:52
C:\projetos\sistema\backend\tests\Unit\QuoteServiceProfessionalTest.php:108</error>
        </testcase>
        <testcase name="test_send_without_items_throws_domain_exception" file="C:\projetos\sistema\backend\tests\Unit\QuoteServiceProfessionalTest.php" line="125" class="Tests\Unit\QuoteServiceProfessionalTest" classname="Tests.Unit.QuoteServiceProfessionalTest" assertions="0" time="0.080339">
          <error type="ErrorException">Tests\Unit\QuoteServiceProfessionalTest::test_send_without_items_throws_domain_exception&#13;
ErrorException: Undefined array key "equipments"
&#13;
C:\projetos\sistema\backend\vendor\laravel\framework\src\Illuminate\Foundation\Bootstrap\HandleExceptions.php:258
C:\projetos\sistema\backend\app\Services\QuoteService.php:34
C:\projetos\sistema\backend\vendor\laravel\framework\src\Illuminate\Database\Concerns\ManagesTransactions.php:35
C:\projetos\sistema\backend\vendor\laravel\framework\src\Illuminate\Database\DatabaseManager.php:491
C:\projetos\sistema\backend\vendor\laravel\framework\src\Illuminate\Support\Facades\Facade.php:363
C:\projetos\sistema\backend\app\Services\QuoteService.php:20
C:\projetos\sistema\backend\tests\Unit\QuoteServiceProfessionalTest.php:52
C:\projetos\sistema\backend\tests\Unit\QuoteServiceProfessionalTest.php:127</error>
        </testcase>
        <testcase name="test_approve_changes_status_to_approved" file="C:\projetos\sistema\backend\tests\Unit\QuoteServiceProfessionalTest.php" line="138" class="Tests\Unit\QuoteServiceProfessionalTest" classname="Tests.Unit.QuoteServiceProfessionalTest" assertions="0" time="0.058498">
          <error type="ErrorException">Tests\Unit\QuoteServiceProfessionalTest::test_approve_changes_status_to_approved&#13;
ErrorException: Undefined array key "equipments"
&#13;
C:\projetos\sistema\backend\vendor\laravel\framework\src\Illuminate\Foundation\Bootstrap\HandleExceptions.php:258
C:\projetos\sistema\backend\app\Services\QuoteService.php:34
C:\projetos\sistema\backend\vendor\laravel\framework\src\Illuminate\Database\Concerns\ManagesTransactions.php:35
C:\projetos\sistema\backend\vendor\laravel\framework\src\Illuminate\Database\DatabaseManager.php:491
C:\projetos\sistema\backend\vendor\laravel\framework\src\Illuminate\Support\Facades\Facade.php:363
C:\projetos\sistema\backend\app\Services\QuoteService.php:20
C:\projetos\sistema\backend\tests\Unit\QuoteServiceProfessionalTest.php:52
C:\projetos\sistema\backend\tests\Unit\QuoteServiceProfessionalTest.php:142</error>
        </testcase>
        <testcase name="test_cannot_approve_draft_quote" file="C:\projetos\sistema\backend\tests\Unit\QuoteServiceProfessionalTest.php" line="157" class="Tests\Unit\QuoteServiceProfessionalTest" classname="Tests.Unit.QuoteServiceProfessionalTest" assertions="0" time="0.059567">
          <error type="ErrorException">Tests\Unit\QuoteServiceProfessionalTest::test_cannot_approve_draft_quote&#13;
ErrorException: Undefined array key "equipments"
&#13;
C:\projetos\sistema\backend\vendor\laravel\framework\src\Illuminate\Foundation\Bootstrap\HandleExceptions.php:258
C:\projetos\sistema\backend\app\Services\QuoteService.php:34
C:\projetos\sistema\backend\vendor\laravel\framework\src\Illuminate\Database\Concerns\ManagesTransactions.php:35
C:\projetos\sistema\backend\vendor\laravel\framework\src\Illuminate\Database\DatabaseManager.php:491
C:\projetos\sistema\backend\vendor\laravel\framework\src\Illuminate\Support\Facades\Facade.php:363
C:\projetos\sistema\backend\app\Services\QuoteService.php:20
C:\projetos\sistema\backend\tests\Unit\QuoteServiceProfessionalTest.php:52
C:\projetos\sistema\backend\tests\Unit\QuoteServiceProfessionalTest.php:159</error>
        </testcase>
        <testcase name="test_reject_saves_reason_and_sets_rejected_at" file="C:\projetos\sistema\backend\tests\Unit\QuoteServiceProfessionalTest.php" line="170" class="Tests\Unit\QuoteServiceProfessionalTest" classname="Tests.Unit.QuoteServiceProfessionalTest" assertions="0" time="0.108466">
          <error type="ErrorException">Tests\Unit\QuoteServiceProfessionalTest::test_reject_saves_reason_and_sets_rejected_at&#13;
ErrorException: Undefined array key "equipments"
&#13;
C:\projetos\sistema\backend\vendor\laravel\framework\src\Illuminate\Foundation\Bootstrap\HandleExceptions.php:258
C:\projetos\sistema\backend\app\Services\QuoteService.php:34
C:\projetos\sistema\backend\vendor\laravel\framework\src\Illuminate\Database\Concerns\ManagesTransactions.php:35
C:\projetos\sistema\backend\vendor\laravel\framework\src\Illuminate\Database\DatabaseManager.php:491
C:\projetos\sistema\backend\vendor\laravel\framework\src\Illuminate\Support\Facades\Facade.php:363
C:\projetos\sistema\backend\app\Services\QuoteService.php:20
C:\projetos\sistema\backend\tests\Unit\QuoteServiceProfessionalTest.php:52
C:\projetos\sistema\backend\tests\Unit\QuoteServiceProfessionalTest.php:172</error>
        </testcase>
        <testcase name="test_cannot_reject_draft_quote" file="C:\projetos\sistema\backend\tests\Unit\QuoteServiceProfessionalTest.php" line="191" class="Tests\Unit\QuoteServiceProfessionalTest" classname="Tests.Unit.QuoteServiceProfessionalTest" assertions="0" time="0.080794">
          <error type="ErrorException">Tests\Unit\QuoteServiceProfessionalTest::test_cannot_reject_draft_quote&#13;
ErrorException: Undefined array key "equipments"
&#13;
C:\projetos\sistema\backend\vendor\laravel\framework\src\Illuminate\Foundation\Bootstrap\HandleExceptions.php:258
C:\projetos\sistema\backend\app\Services\QuoteService.php:34
C:\projetos\sistema\backend\vendor\laravel\framework\src\Illuminate\Database\Concerns\ManagesTransactions.php:35
C:\projetos\sistema\backend\vendor\laravel\framework\src\Illuminate\Database\DatabaseManager.php:491
C:\projetos\sistema\backend\vendor\laravel\framework\src\Illuminate\Support\Facades\Facade.php:363
C:\projetos\sistema\backend\app\Services\QuoteService.php:20
C:\projetos\sistema\backend\tests\Unit\QuoteServiceProfessionalTest.php:52
C:\projetos\sistema\backend\tests\Unit\QuoteServiceProfessionalTest.php:193</error>
        </testcase>
        <testcase name="test_convert_creates_work_order_with_items" file="C:\projetos\sistema\backend\tests\Unit\QuoteServiceProfessionalTest.php" line="203" class="Tests\Unit\QuoteServiceProfessionalTest" classname="Tests.Unit.QuoteServiceProfessionalTest" assertions="0" time="0.093747">
          <error type="ErrorException">Tests\Unit\QuoteServiceProfessionalTest::test_convert_creates_work_order_with_items&#13;
ErrorException: Undefined array key "equipments"
&#13;
C:\projetos\sistema\backend\vendor\laravel\framework\src\Illuminate\Foundation\Bootstrap\HandleExceptions.php:258
C:\projetos\sistema\backend\app\Services\QuoteService.php:34
C:\projetos\sistema\backend\vendor\laravel\framework\src\Illuminate\Database\Concerns\ManagesTransactions.php:35
C:\projetos\sistema\backend\vendor\laravel\framework\src\Illuminate\Database\DatabaseManager.php:491
C:\projetos\sistema\backend\vendor\laravel\framework\src\Illuminate\Support\Facades\Facade.php:363
C:\projetos\sistema\backend\app\Services\QuoteService.php:20
C:\projetos\sistema\backend\tests\Unit\QuoteServiceProfessionalTest.php:52
C:\projetos\sistema\backend\tests\Unit\QuoteServiceProfessionalTest.php:205</error>
        </testcase>
        <testcase name="test_convert_marks_quote_as_invoiced" file="C:\projetos\sistema\backend\tests\Unit\QuoteServiceProfessionalTest.php" line="230" class="Tests\Unit\QuoteServiceProfessionalTest" classname="Tests.Unit.QuoteServiceProfessionalTest" assertions="0" time="0.052729">
          <error type="ErrorException">Tests\Unit\QuoteServiceProfessionalTest::test_convert_marks_quote_as_invoiced&#13;
ErrorException: Undefined array key "equipments"
&#13;
C:\projetos\sistema\backend\vendor\laravel\framework\src\Illuminate\Foundation\Bootstrap\HandleExceptions.php:258
C:\projetos\sistema\backend\app\Services\QuoteService.php:34
C:\projetos\sistema\backend\vendor\laravel\framework\src\Illuminate\Database\Concerns\ManagesTransactions.php:35
C:\projetos\sistema\backend\vendor\laravel\framework\src\Illuminate\Database\DatabaseManager.php:491
C:\projetos\sistema\backend\vendor\laravel\framework\src\Illuminate\Support\Facades\Facade.php:363
C:\projetos\sistema\backend\app\Services\QuoteService.php:20
C:\projetos\sistema\backend\tests\Unit\QuoteServiceProfessionalTest.php:52
C:\projetos\sistema\backend\tests\Unit\QuoteServiceProfessionalTest.php:232</error>
        </testcase>
        <testcase name="test_cannot_convert_same_quote_twice" file="C:\projetos\sistema\backend\tests\Unit\QuoteServiceProfessionalTest.php" line="248" class="Tests\Unit\QuoteServiceProfessionalTest" classname="Tests.Unit.QuoteServiceProfessionalTest" assertions="0" time="0.066374">
          <error type="ErrorException">Tests\Unit\QuoteServiceProfessionalTest::test_cannot_convert_same_quote_twice&#13;
ErrorException: Undefined array key "equipments"
&#13;
C:\projetos\sistema\backend\vendor\laravel\framework\src\Illuminate\Foundation\Bootstrap\HandleExceptions.php:258
C:\projetos\sistema\backend\app\Services\QuoteService.php:34
C:\projetos\sistema\backend\vendor\laravel\framework\src\Illuminate\Database\Concerns\ManagesTransactions.php:35
C:\projetos\sistema\backend\vendor\laravel\framework\src\Illuminate\Database\DatabaseManager.php:491
C:\projetos\sistema\backend\vendor\laravel\framework\src\Illuminate\Support\Facades\Facade.php:363
C:\projetos\sistema\backend\app\Services\QuoteService.php:20
C:\projetos\sistema\backend\tests\Unit\QuoteServiceProfessionalTest.php:52
C:\projetos\sistema\backend\tests\Unit\QuoteServiceProfessionalTest.php:250</error>
        </testcase>
        <testcase name="test_cannot_convert_unapproved_quote" file="C:\projetos\sistema\backend\tests\Unit\QuoteServiceProfessionalTest.php" line="267" class="Tests\Unit\QuoteServiceProfessionalTest" classname="Tests.Unit.QuoteServiceProfessionalTest" assertions="0" time="0.082337">
          <error type="ErrorException">Tests\Unit\QuoteServiceProfessionalTest::test_cannot_convert_unapproved_quote&#13;
ErrorException: Undefined array key "equipments"
&#13;
C:\projetos\sistema\backend\vendor\laravel\framework\src\Illuminate\Foundation\Bootstrap\HandleExceptions.php:258
C:\projetos\sistema\backend\app\Services\QuoteService.php:34
C:\projetos\sistema\backend\vendor\laravel\framework\src\Illuminate\Database\Concerns\ManagesTransactions.php:35
C:\projetos\sistema\backend\vendor\laravel\framework\src\Illuminate\Database\DatabaseManager.php:491
C:\projetos\sistema\backend\vendor\laravel\framework\src\Illuminate\Support\Facades\Facade.php:363
C:\projetos\sistema\backend\app\Services\QuoteService.php:20
C:\projetos\sistema\backend\tests\Unit\QuoteServiceProfessionalTest.php:52
C:\projetos\sistema\backend\tests\Unit\QuoteServiceProfessionalTest.php:269</error>
        </testcase>
        <testcase name="test_duplicate_preserves_customer_resets_to_draft" file="C:\projetos\sistema\backend\tests\Unit\QuoteServiceProfessionalTest.php" line="280" class="Tests\Unit\QuoteServiceProfessionalTest" classname="Tests.Unit.QuoteServiceProfessionalTest" assertions="0" time="0.055959">
          <error type="ErrorException">Tests\Unit\QuoteServiceProfessionalTest::test_duplicate_preserves_customer_resets_to_draft&#13;
ErrorException: Undefined array key "equipments"
&#13;
C:\projetos\sistema\backend\vendor\laravel\framework\src\Illuminate\Foundation\Bootstrap\HandleExceptions.php:258
C:\projetos\sistema\backend\app\Services\QuoteService.php:34
C:\projetos\sistema\backend\vendor\laravel\framework\src\Illuminate\Database\Concerns\ManagesTransactions.php:35
C:\projetos\sistema\backend\vendor\laravel\framework\src\Illuminate\Database\DatabaseManager.php:491
C:\projetos\sistema\backend\vendor\laravel\framework\src\Illuminate\Support\Facades\Facade.php:363
C:\projetos\sistema\backend\app\Services\QuoteService.php:20
C:\projetos\sistema\backend\tests\Unit\QuoteServiceProfessionalTest.php:52
C:\projetos\sistema\backend\tests\Unit\QuoteServiceProfessionalTest.php:282</error>
        </testcase>
      </testsuite>
      <testsuite name="Tests\Unit\QuoteServiceTest" file="C:\projetos\sistema\backend\tests\Unit\QuoteServiceTest.php" tests="7" assertions="13" errors="3" failures="0" skipped="0" time="0.733973">
        <testcase name="test_create_quote_returns_quote_instance" file="C:\projetos\sistema\backend\tests\Unit\QuoteServiceTest.php" line="48" class="Tests\Unit\QuoteServiceTest" classname="Tests.Unit.QuoteServiceTest" assertions="0" time="0.098946">
          <error type="ErrorException">Tests\Unit\QuoteServiceTest::test_create_quote_returns_quote_instance&#13;
ErrorException: Undefined array key "equipments"
&#13;
C:\projetos\sistema\backend\vendor\laravel\framework\src\Illuminate\Foundation\Bootstrap\HandleExceptions.php:258
C:\projetos\sistema\backend\app\Services\QuoteService.php:34
C:\projetos\sistema\backend\vendor\laravel\framework\src\Illuminate\Database\Concerns\ManagesTransactions.php:35
C:\projetos\sistema\backend\vendor\laravel\framework\src\Illuminate\Database\DatabaseManager.php:491
C:\projetos\sistema\backend\vendor\laravel\framework\src\Illuminate\Support\Facades\Facade.php:363
C:\projetos\sistema\backend\app\Services\QuoteService.php:20
C:\projetos\sistema\backend\tests\Unit\QuoteServiceTest.php:50</error>
        </testcase>
        <testcase name="test_send_changes_status_to_sent" file="C:\projetos\sistema\backend\tests\Unit\QuoteServiceTest.php" line="64" class="Tests\Unit\QuoteServiceTest" classname="Tests.Unit.QuoteServiceTest" assertions="0" time="0.114814">
          <error type="DomainException">Tests\Unit\QuoteServiceTest::test_send_changes_status_to_sent&#13;
DomainException: Orçamento precisa ter pelo menos um equipamento com itens para ser enviado
&#13;
C:\projetos\sistema\backend\app\Services\QuoteService.php:76
C:\projetos\sistema\backend\tests\Unit\QuoteServiceTest.php:73</error>
        </testcase>
        <testcase name="test_approve_changes_status_and_records_timestamp" file="C:\projetos\sistema\backend\tests\Unit\QuoteServiceTest.php" line="81" class="Tests\Unit\QuoteServiceTest" classname="Tests.Unit.QuoteServiceTest" assertions="2" time="0.184459"/>
        <testcase name="test_reject_stores_reason" file="C:\projetos\sistema\backend\tests\Unit\QuoteServiceTest.php" line="98" class="Tests\Unit\QuoteServiceTest" classname="Tests.Unit.QuoteServiceTest" assertions="3" time="0.097385"/>
        <testcase name="test_reopen_returns_to_draft" file="C:\projetos\sistema\backend\tests\Unit\QuoteServiceTest.php" line="116" class="Tests\Unit\QuoteServiceTest" classname="Tests.Unit.QuoteServiceTest" assertions="1" time="0.067558"/>
        <testcase name="test_duplicate_creates_new_draft_copy" file="C:\projetos\sistema\backend\tests\Unit\QuoteServiceTest.php" line="132" class="Tests\Unit\QuoteServiceTest" classname="Tests.Unit.QuoteServiceTest" assertions="4" time="0.090425"/>
        <testcase name="test_convert_to_work_order_creates_os" file="C:\projetos\sistema\backend\tests\Unit\QuoteServiceTest.php" line="152" class="Tests\Unit\QuoteServiceTest" classname="Tests.Unit.QuoteServiceTest" assertions="3" time="0.080385">
          <error type="Error">Tests\Unit\QuoteServiceTest::test_convert_to_work_order_creates_os&#13;
Error: Undefined constant App\Models\Quote::STATUS_CONVERTED
&#13;
C:\projetos\sistema\backend\tests\Unit\QuoteServiceTest.php:169</error>
        </testcase>
      </testsuite>
      <testsuite name="Tests\Unit\StockServiceProfessionalTest" file="C:\projetos\sistema\backend\tests\Unit\StockServiceProfessionalTest.php" tests="10" assertions="23" errors="0" failures="1" skipped="0" time="0.606809">
        <testcase name="test_reserve_creates_reserve_movement" file="C:\projetos\sistema\backend\tests\Unit\StockServiceProfessionalTest.php" line="66" class="Tests\Unit\StockServiceProfessionalTest" classname="Tests.Unit.StockServiceProfessionalTest" assertions="4" time="0.068124">
          <failure type="PHPUnit\Framework\ExpectationFailedException">Tests\Unit\StockServiceProfessionalTest::test_reserve_creates_reserve_movement&#13;
Failed asserting that 'OS-OS-050299' [ASCII](length: 12) contains "OS-2025-001" [ASCII](length: 11).
&#13;
C:\projetos\sistema\backend\tests\Unit\StockServiceProfessionalTest.php:75</failure>
        </testcase>
        <testcase name="test_deduct_creates_exit_movement_with_invoice_reference" file="C:\projetos\sistema\backend\tests\Unit\StockServiceProfessionalTest.php" line="88" class="Tests\Unit\StockServiceProfessionalTest" classname="Tests.Unit.StockServiceProfessionalTest" assertions="3" time="0.059278"/>
        <testcase name="test_return_stock_creates_return_movement" file="C:\projetos\sistema\backend\tests\Unit\StockServiceProfessionalTest.php" line="103" class="Tests\Unit\StockServiceProfessionalTest" classname="Tests.Unit.StockServiceProfessionalTest" assertions="3" time="0.054003"/>
        <testcase name="test_manual_entry_records_unit_cost" file="C:\projetos\sistema\backend\tests\Unit\StockServiceProfessionalTest.php" line="118" class="Tests\Unit\StockServiceProfessionalTest" classname="Tests.Unit.StockServiceProfessionalTest" assertions="5" time="0.062777"/>
        <testcase name="test_manual_adjustment_uses_adjustment_type" file="C:\projetos\sistema\backend\tests\Unit\StockServiceProfessionalTest.php" line="143" class="Tests\Unit\StockServiceProfessionalTest" classname="Tests.Unit.StockServiceProfessionalTest" assertions="2" time="0.056273"/>
        <testcase name="test_negative_quantity_is_stored_as_absolute" file="C:\projetos\sistema\backend\tests\Unit\StockServiceProfessionalTest.php" line="160" class="Tests\Unit\StockServiceProfessionalTest" classname="Tests.Unit.StockServiceProfessionalTest" assertions="2" time="0.050331"/>
        <testcase name="test_movement_inherits_tenant_from_product" file="C:\projetos\sistema\backend\tests\Unit\StockServiceProfessionalTest.php" line="180" class="Tests\Unit\StockServiceProfessionalTest" classname="Tests.Unit.StockServiceProfessionalTest" assertions="1" time="0.078871"/>
        <testcase name="test_movement_references_work_order" file="C:\projetos\sistema\backend\tests\Unit\StockServiceProfessionalTest.php" line="192" class="Tests\Unit\StockServiceProfessionalTest" classname="Tests.Unit.StockServiceProfessionalTest" assertions="1" time="0.070502"/>
        <testcase name="test_manual_entry_has_null_work_order" file="C:\projetos\sistema\backend\tests\Unit\StockServiceProfessionalTest.php" line="204" class="Tests\Unit\StockServiceProfessionalTest" classname="Tests.Unit.StockServiceProfessionalTest" assertions="1" time="0.057540"/>
        <testcase name="test_movement_records_created_by_user" file="C:\projetos\sistema\backend\tests\Unit\StockServiceProfessionalTest.php" line="221" class="Tests\Unit\StockServiceProfessionalTest" classname="Tests.Unit.StockServiceProfessionalTest" assertions="1" time="0.049110"/>
      </testsuite>
      <testsuite name="Tests\Unit\StockServiceTest" file="C:\projetos\sistema\backend\tests\Unit\StockServiceTest.php" tests="7" assertions="21" errors="0" failures="0" skipped="0" time="0.434966">
        <testcase name="test_manual_entry_creates_stock_movement" file="C:\projetos\sistema\backend\tests\Unit\StockServiceTest.php" line="64" class="Tests\Unit\StockServiceTest" classname="Tests.Unit.StockServiceTest" assertions="6" time="0.061731"/>
        <testcase name="test_reserve_creates_reservation_movement" file="C:\projetos\sistema\backend\tests\Unit\StockServiceTest.php" line="84" class="Tests\Unit\StockServiceTest" classname="Tests.Unit.StockServiceTest" assertions="4" time="0.074143"/>
        <testcase name="test_deduct_creates_exit_movement" file="C:\projetos\sistema\backend\tests\Unit\StockServiceTest.php" line="100" class="Tests\Unit\StockServiceTest" classname="Tests.Unit.StockServiceTest" assertions="3" time="0.065894"/>
        <testcase name="test_return_stock_creates_return_movement" file="C:\projetos\sistema\backend\tests\Unit\StockServiceTest.php" line="115" class="Tests\Unit\StockServiceTest" classname="Tests.Unit.StockServiceTest" assertions="3" time="0.057759"/>
        <testcase name="test_manual_adjustment_creates_adjustment_movement" file="C:\projetos\sistema\backend\tests\Unit\StockServiceTest.php" line="130" class="Tests\Unit\StockServiceTest" classname="Tests.Unit.StockServiceTest" assertions="3" time="0.053510"/>
        <testcase name="test_movement_always_stores_absolute_quantity" file="C:\projetos\sistema\backend\tests\Unit\StockServiceTest.php" line="146" class="Tests\Unit\StockServiceTest" classname="Tests.Unit.StockServiceTest" assertions="1" time="0.053572"/>
        <testcase name="test_movement_records_correct_tenant_id" file="C:\projetos\sistema\backend\tests\Unit\StockServiceTest.php" line="159" class="Tests\Unit\StockServiceTest" classname="Tests.Unit.StockServiceTest" assertions="1" time="0.068356"/>
      </testsuite>
      <testsuite name="Tests\Unit\TenantScopeTest" file="C:\projetos\sistema\backend\tests\Unit\TenantScopeTest.php" tests="3" assertions="3" errors="1" failures="0" skipped="0" time="0.174835">
        <testcase name="test_customer_created_with_tenant_scope_has_correct_tenant_id" file="C:\projetos\sistema\backend\tests\Unit\TenantScopeTest.php" line="45" class="Tests\Unit\TenantScopeTest" classname="Tests.Unit.TenantScopeTest" assertions="1" time="0.062845"/>
        <testcase name="test_query_only_returns_current_tenant_data" file="C:\projetos\sistema\backend\tests\Unit\TenantScopeTest.php" line="59" class="Tests\Unit\TenantScopeTest" classname="Tests.Unit.TenantScopeTest" assertions="2" time="0.049402"/>
        <testcase name="test_work_order_scoped_to_tenant" file="C:\projetos\sistema\backend\tests\Unit\TenantScopeTest.php" line="82" class="Tests\Unit\TenantScopeTest" classname="Tests.Unit.TenantScopeTest" assertions="0" time="0.062588">
          <error type="Illuminate\Database\QueryException">Tests\Unit\TenantScopeTest::test_work_order_scoped_to_tenant&#13;
Illuminate\Database\QueryException: SQLSTATE[23000]: Integrity constraint violation: 19 NOT NULL constraint failed: work_orders.number (Connection: sqlite, Database: :memory:, SQL: insert into "work_orders" ("tenant_id", "customer_id", "description", "status", "os_number", "updated_at", "created_at") values (1, 1, WO Tenant A, open, ?, 2026-02-13 16:08:55, 2026-02-13 16:08:55))
&#13;
C:\projetos\sistema\backend\vendor\laravel\framework\src\Illuminate\Database\Connection.php:838
C:\projetos\sistema\backend\vendor\laravel\framework\src\Illuminate\Database\Connection.php:794
C:\projetos\sistema\backend\vendor\laravel\framework\src\Illuminate\Database\Connection.php:573
C:\projetos\sistema\backend\vendor\laravel\framework\src\Illuminate\Database\Connection.php:537
C:\projetos\sistema\backend\vendor\laravel\framework\src\Illuminate\Database\Query\Processors\Processor.php:32
C:\projetos\sistema\backend\vendor\laravel\framework\src\Illuminate\Database\Query\Builder.php:4054
C:\projetos\sistema\backend\vendor\laravel\framework\src\Illuminate\Database\Eloquent\Builder.php:2235
C:\projetos\sistema\backend\vendor\laravel\framework\src\Illuminate\Database\Eloquent\Model.php:1436
C:\projetos\sistema\backend\vendor\laravel\framework\src\Illuminate\Database\Eloquent\Model.php:1401
C:\projetos\sistema\backend\vendor\laravel\framework\src\Illuminate\Database\Eloquent\Model.php:1240
C:\projetos\sistema\backend\vendor\laravel\framework\src\Illuminate\Database\Eloquent\Builder.php:1219
C:\projetos\sistema\backend\vendor\laravel\framework\src\Illuminate\Support\helpers.php:388
C:\projetos\sistema\backend\vendor\laravel\framework\src\Illuminate\Database\Eloquent\Builder.php:1218
C:\projetos\sistema\backend\tests\Unit\TenantScopeTest.php:95</error>
        </testcase>
      </testsuite>
      <testsuite name="Tests\Unit\WorkOrderStatusMachineTest" file="C:\projetos\sistema\backend\tests\Unit\WorkOrderStatusMachineTest.php" tests="10" assertions="0" errors="10" failures="0" skipped="0" time="0.000000">
        <testcase name="test_open_can_transition_to_in_progress" file="C:\projetos\sistema\backend\tests\Unit\WorkOrderStatusMachineTest.php" line="71" class="Tests\Unit\WorkOrderStatusMachineTest" classname="Tests.Unit.WorkOrderStatusMachineTest" assertions="0" time="0.000000">
          <error type="Spatie\Permission\Exceptions\GuardDoesNotMatch">Tests\Unit\WorkOrderStatusMachineTest::test_open_can_transition_to_in_progress&#13;
Spatie\Permission\Exceptions\GuardDoesNotMatch: The given role or permission should use guard `web` instead of `api`.
&#13;
C:\projetos\sistema\backend\vendor\spatie\laravel-permission\src\Exceptions\GuardDoesNotMatch.php:12
C:\projetos\sistema\backend\vendor\spatie\laravel-permission\src\Traits\HasPermissions.php:536
C:\projetos\sistema\backend\vendor\spatie\laravel-permission\src\Traits\HasRoles.php:134
C:\projetos\sistema\backend\vendor\laravel\framework\src\Illuminate\Collections\Traits\EnumeratesValues.php:850
C:\projetos\sistema\backend\vendor\spatie\laravel-permission\src\Traits\HasRoles.php:126
C:\projetos\sistema\backend\vendor\spatie\laravel-permission\src\Traits\HasRoles.php:150
C:\projetos\sistema\backend\tests\Unit\WorkOrderStatusMachineTest.php:52</error>
        </testcase>
        <testcase name="test_open_cannot_jump_to_invoiced" file="C:\projetos\sistema\backend\tests\Unit\WorkOrderStatusMachineTest.php" line="93" class="Tests\Unit\WorkOrderStatusMachineTest" classname="Tests.Unit.WorkOrderStatusMachineTest" assertions="0" time="0.000000">
          <error type="Spatie\Permission\Exceptions\GuardDoesNotMatch">Tests\Unit\WorkOrderStatusMachineTest::test_open_cannot_jump_to_invoiced&#13;
Spatie\Permission\Exceptions\GuardDoesNotMatch: The given role or permission should use guard `web` instead of `api`.
&#13;
C:\projetos\sistema\backend\vendor\spatie\laravel-permission\src\Exceptions\GuardDoesNotMatch.php:12
C:\projetos\sistema\backend\vendor\spatie\laravel-permission\src\Traits\HasPermissions.php:536
C:\projetos\sistema\backend\vendor\spatie\laravel-permission\src\Traits\HasRoles.php:134
C:\projetos\sistema\backend\vendor\laravel\framework\src\Illuminate\Collections\Traits\EnumeratesValues.php:850
C:\projetos\sistema\backend\vendor\spatie\laravel-permission\src\Traits\HasRoles.php:126
C:\projetos\sistema\backend\vendor\spatie\laravel-permission\src\Traits\HasRoles.php:150
C:\projetos\sistema\backend\tests\Unit\WorkOrderStatusMachineTest.php:52</error>
        </testcase>
        <testcase name="test_in_progress_to_completed_sets_completed_at" file="C:\projetos\sistema\backend\tests\Unit\WorkOrderStatusMachineTest.php" line="113" class="Tests\Unit\WorkOrderStatusMachineTest" classname="Tests.Unit.WorkOrderStatusMachineTest" assertions="0" time="0.000000">
          <error type="Spatie\Permission\Exceptions\GuardDoesNotMatch">Tests\Unit\WorkOrderStatusMachineTest::test_in_progress_to_completed_sets_completed_at&#13;
Spatie\Permission\Exceptions\GuardDoesNotMatch: The given role or permission should use guard `web` instead of `api`.
&#13;
C:\projetos\sistema\backend\vendor\spatie\laravel-permission\src\Exceptions\GuardDoesNotMatch.php:12
C:\projetos\sistema\backend\vendor\spatie\laravel-permission\src\Traits\HasPermissions.php:536
C:\projetos\sistema\backend\vendor\spatie\laravel-permission\src\Traits\HasRoles.php:134
C:\projetos\sistema\backend\vendor\laravel\framework\src\Illuminate\Collections\Traits\EnumeratesValues.php:850
C:\projetos\sistema\backend\vendor\spatie\laravel-permission\src\Traits\HasRoles.php:126
C:\projetos\sistema\backend\vendor\spatie\laravel-permission\src\Traits\HasRoles.php:150
C:\projetos\sistema\backend\tests\Unit\WorkOrderStatusMachineTest.php:52</error>
        </testcase>
        <testcase name="test_completed_to_delivered_sets_delivered_at" file="C:\projetos\sistema\backend\tests\Unit\WorkOrderStatusMachineTest.php" line="131" class="Tests\Unit\WorkOrderStatusMachineTest" classname="Tests.Unit.WorkOrderStatusMachineTest" assertions="0" time="0.000000">
          <error type="Spatie\Permission\Exceptions\GuardDoesNotMatch">Tests\Unit\WorkOrderStatusMachineTest::test_completed_to_delivered_sets_delivered_at&#13;
Spatie\Permission\Exceptions\GuardDoesNotMatch: The given role or permission should use guard `web` instead of `api`.
&#13;
C:\projetos\sistema\backend\vendor\spatie\laravel-permission\src\Exceptions\GuardDoesNotMatch.php:12
C:\projetos\sistema\backend\vendor\spatie\laravel-permission\src\Traits\HasPermissions.php:536
C:\projetos\sistema\backend\vendor\spatie\laravel-permission\src\Traits\HasRoles.php:134
C:\projetos\sistema\backend\vendor\laravel\framework\src\Illuminate\Collections\Traits\EnumeratesValues.php:850
C:\projetos\sistema\backend\vendor\spatie\laravel-permission\src\Traits\HasRoles.php:126
C:\projetos\sistema\backend\vendor\spatie\laravel-permission\src\Traits\HasRoles.php:150
C:\projetos\sistema\backend\tests\Unit\WorkOrderStatusMachineTest.php:52</error>
        </testcase>
        <testcase name="test_started_at_not_overwritten_on_re_entry" file="C:\projetos\sistema\backend\tests\Unit\WorkOrderStatusMachineTest.php" line="147" class="Tests\Unit\WorkOrderStatusMachineTest" classname="Tests.Unit.WorkOrderStatusMachineTest" assertions="0" time="0.000000">
          <error type="Spatie\Permission\Exceptions\GuardDoesNotMatch">Tests\Unit\WorkOrderStatusMachineTest::test_started_at_not_overwritten_on_re_entry&#13;
Spatie\Permission\Exceptions\GuardDoesNotMatch: The given role or permission should use guard `web` instead of `api`.
&#13;
C:\projetos\sistema\backend\vendor\spatie\laravel-permission\src\Exceptions\GuardDoesNotMatch.php:12
C:\projetos\sistema\backend\vendor\spatie\laravel-permission\src\Traits\HasPermissions.php:536
C:\projetos\sistema\backend\vendor\spatie\laravel-permission\src\Traits\HasRoles.php:134
C:\projetos\sistema\backend\vendor\laravel\framework\src\Illuminate\Collections\Traits\EnumeratesValues.php:850
C:\projetos\sistema\backend\vendor\spatie\laravel-permission\src\Traits\HasRoles.php:126
C:\projetos\sistema\backend\vendor\spatie\laravel-permission\src\Traits\HasRoles.php:150
C:\projetos\sistema\backend\tests\Unit\WorkOrderStatusMachineTest.php:52</error>
        </testcase>
        <testcase name="test_invalid_transition_returns_allowed_transitions" file="C:\projetos\sistema\backend\tests\Unit\WorkOrderStatusMachineTest.php" line="170" class="Tests\Unit\WorkOrderStatusMachineTest" classname="Tests.Unit.WorkOrderStatusMachineTest" assertions="0" time="0.000000">
          <error type="Spatie\Permission\Exceptions\GuardDoesNotMatch">Tests\Unit\WorkOrderStatusMachineTest::test_invalid_transition_returns_allowed_transitions&#13;
Spatie\Permission\Exceptions\GuardDoesNotMatch: The given role or permission should use guard `web` instead of `api`.
&#13;
C:\projetos\sistema\backend\vendor\spatie\laravel-permission\src\Exceptions\GuardDoesNotMatch.php:12
C:\projetos\sistema\backend\vendor\spatie\laravel-permission\src\Traits\HasPermissions.php:536
C:\projetos\sistema\backend\vendor\spatie\laravel-permission\src\Traits\HasRoles.php:134
C:\projetos\sistema\backend\vendor\laravel\framework\src\Illuminate\Collections\Traits\EnumeratesValues.php:850
C:\projetos\sistema\backend\vendor\spatie\laravel-permission\src\Traits\HasRoles.php:126
C:\projetos\sistema\backend\vendor\spatie\laravel-permission\src\Traits\HasRoles.php:150
C:\projetos\sistema\backend\tests\Unit\WorkOrderStatusMachineTest.php:52</error>
        </testcase>
        <testcase name="test_cancel_dispatches_event_with_notes" file="C:\projetos\sistema\backend\tests\Unit\WorkOrderStatusMachineTest.php" line="189" class="Tests\Unit\WorkOrderStatusMachineTest" classname="Tests.Unit.WorkOrderStatusMachineTest" assertions="0" time="0.000000">
          <error type="Spatie\Permission\Exceptions\GuardDoesNotMatch">Tests\Unit\WorkOrderStatusMachineTest::test_cancel_dispatches_event_with_notes&#13;
Spatie\Permission\Exceptions\GuardDoesNotMatch: The given role or permission should use guard `web` instead of `api`.
&#13;
C:\projetos\sistema\backend\vendor\spatie\laravel-permission\src\Exceptions\GuardDoesNotMatch.php:12
C:\projetos\sistema\backend\vendor\spatie\laravel-permission\src\Traits\HasPermissions.php:536
C:\projetos\sistema\backend\vendor\spatie\laravel-permission\src\Traits\HasRoles.php:134
C:\projetos\sistema\backend\vendor\laravel\framework\src\Illuminate\Collections\Traits\EnumeratesValues.php:850
C:\projetos\sistema\backend\vendor\spatie\laravel-permission\src\Traits\HasRoles.php:126
C:\projetos\sistema\backend\vendor\spatie\laravel-permission\src\Traits\HasRoles.php:150
C:\projetos\sistema\backend\tests\Unit\WorkOrderStatusMachineTest.php:52</error>
        </testcase>
        <testcase name="test_delivered_to_invoiced_dispatches_event" file="C:\projetos\sistema\backend\tests\Unit\WorkOrderStatusMachineTest.php" line="208" class="Tests\Unit\WorkOrderStatusMachineTest" classname="Tests.Unit.WorkOrderStatusMachineTest" assertions="0" time="0.000000">
          <error type="Spatie\Permission\Exceptions\GuardDoesNotMatch">Tests\Unit\WorkOrderStatusMachineTest::test_delivered_to_invoiced_dispatches_event&#13;
Spatie\Permission\Exceptions\GuardDoesNotMatch: The given role or permission should use guard `web` instead of `api`.
&#13;
C:\projetos\sistema\backend\vendor\spatie\laravel-permission\src\Exceptions\GuardDoesNotMatch.php:12
C:\projetos\sistema\backend\vendor\spatie\laravel-permission\src\Traits\HasPermissions.php:536
C:\projetos\sistema\backend\vendor\spatie\laravel-permission\src\Traits\HasRoles.php:134
C:\projetos\sistema\backend\vendor\laravel\framework\src\Illuminate\Collections\Traits\EnumeratesValues.php:850
C:\projetos\sistema\backend\vendor\spatie\laravel-permission\src\Traits\HasRoles.php:126
C:\projetos\sistema\backend\vendor\spatie\laravel-permission\src\Traits\HasRoles.php:150
C:\projetos\sistema\backend\tests\Unit\WorkOrderStatusMachineTest.php:52</error>
        </testcase>
        <testcase name="test_invoiced_is_terminal_state" file="C:\projetos\sistema\backend\tests\Unit\WorkOrderStatusMachineTest.php" line="229" class="Tests\Unit\WorkOrderStatusMachineTest" classname="Tests.Unit.WorkOrderStatusMachineTest" assertions="0" time="0.000000">
          <error type="Spatie\Permission\Exceptions\GuardDoesNotMatch">Tests\Unit\WorkOrderStatusMachineTest::test_invoiced_is_terminal_state&#13;
Spatie\Permission\Exceptions\GuardDoesNotMatch: The given role or permission should use guard `web` instead of `api`.
&#13;
C:\projetos\sistema\backend\vendor\spatie\laravel-permission\src\Exceptions\GuardDoesNotMatch.php:12
C:\projetos\sistema\backend\vendor\spatie\laravel-permission\src\Traits\HasPermissions.php:536
C:\projetos\sistema\backend\vendor\spatie\laravel-permission\src\Traits\HasRoles.php:134
C:\projetos\sistema\backend\vendor\laravel\framework\src\Illuminate\Collections\Traits\EnumeratesValues.php:850
C:\projetos\sistema\backend\vendor\spatie\laravel-permission\src\Traits\HasRoles.php:126
C:\projetos\sistema\backend\vendor\spatie\laravel-permission\src\Traits\HasRoles.php:150
C:\projetos\sistema\backend\tests\Unit\WorkOrderStatusMachineTest.php:52</error>
        </testcase>
        <testcase name="test_cancelled_can_reopen_to_open" file="C:\projetos\sistema\backend\tests\Unit\WorkOrderStatusMachineTest.php" line="244" class="Tests\Unit\WorkOrderStatusMachineTest" classname="Tests.Unit.WorkOrderStatusMachineTest" assertions="0" time="0.000000">
          <error type="Spatie\Permission\Exceptions\GuardDoesNotMatch">Tests\Unit\WorkOrderStatusMachineTest::test_cancelled_can_reopen_to_open&#13;
Spatie\Permission\Exceptions\GuardDoesNotMatch: The given role or permission should use guard `web` instead of `api`.
&#13;
C:\projetos\sistema\backend\vendor\spatie\laravel-permission\src\Exceptions\GuardDoesNotMatch.php:12
C:\projetos\sistema\backend\vendor\spatie\laravel-permission\src\Traits\HasPermissions.php:536
C:\projetos\sistema\backend\vendor\spatie\laravel-permission\src\Traits\HasRoles.php:134
C:\projetos\sistema\backend\vendor\laravel\framework\src\Illuminate\Collections\Traits\EnumeratesValues.php:850
C:\projetos\sistema\backend\vendor\spatie\laravel-permission\src\Traits\HasRoles.php:126
C:\projetos\sistema\backend\vendor\spatie\laravel-permission\src\Traits\HasRoles.php:150
C:\projetos\sistema\backend\tests\Unit\WorkOrderStatusMachineTest.php:52</error>
        </testcase>
      </testsuite>
    </testsuite>
    <testsuite name="Feature" tests="1108" assertions="420" errors="944" failures="42" skipped="0" time="14.938267">
      <testsuite name="Tests\Feature\AccountPayableTest" file="C:\projetos\sistema\backend\tests\Feature\AccountPayableTest.php" tests="6" assertions="17" errors="0" failures="0" skipped="0" time="0.732348">
        <testcase name="test_can_create_account_payable" file="C:\projetos\sistema\backend\tests\Feature\AccountPayableTest.php" line="56" class="Tests\Feature\AccountPayableTest" classname="Tests.Feature.AccountPayableTest" assertions="5" time="0.228044"/>
        <testcase name="test_cannot_access_other_tenant_payable" file="C:\projetos\sistema\backend\tests\Feature\AccountPayableTest.php" line="82" class="Tests\Feature\AccountPayableTest" classname="Tests.Feature.AccountPayableTest" assertions="3" time="0.112279"/>
        <testcase name="test_categories_are_scoped_to_tenant" file="C:\projetos\sistema\backend\tests\Feature\AccountPayableTest.php" line="105" class="Tests\Feature\AccountPayableTest" classname="Tests.Feature.AccountPayableTest" assertions="3" time="0.076958"/>
        <testcase name="test_store_category_assigns_tenant_id" file="C:\projetos\sistema\backend\tests\Feature\AccountPayableTest.php" line="119" class="Tests\Feature\AccountPayableTest" classname="Tests.Feature.AccountPayableTest" assertions="2" time="0.074572"/>
        <testcase name="test_cannot_delete_category_with_payables" file="C:\projetos\sistema\backend\tests\Feature\AccountPayableTest.php" line="138" class="Tests\Feature\AccountPayableTest" classname="Tests.Feature.AccountPayableTest" assertions="2" time="0.085824"/>
        <testcase name="test_can_pay_account_payable" file="C:\projetos\sistema\backend\tests\Feature\AccountPayableTest.php" line="155" class="Tests\Feature\AccountPayableTest" classname="Tests.Feature.AccountPayableTest" assertions="2" time="0.154671"/>
      </testsuite>
      <testsuite name="Tests\Feature\ApiResponseStructureTest" file="C:\projetos\sistema\backend\tests\Feature\ApiResponseStructureTest.php" tests="24" assertions="39" errors="0" failures="1" skipped="0" time="1.700930">
        <testsuite name="Tests\Feature\ApiResponseStructureTest::test_list_endpoints_return_array_data" tests="13" assertions="26" errors="0" failures="0" skipped="0" time="0.869850">
          <testcase name="test_list_endpoints_return_array_data with data set &quot;customers&quot;" file="C:\projetos\sistema\backend\tests\Feature\ApiResponseStructureTest.php" line="47" class="Tests\Feature\ApiResponseStructureTest" classname="Tests.Feature.ApiResponseStructureTest" assertions="2" time="0.086772"/>
          <testcase name="test_list_endpoints_return_array_data with data set &quot;work-orders&quot;" file="C:\projetos\sistema\backend\tests\Feature\ApiResponseStructureTest.php" line="47" class="Tests\Feature\ApiResponseStructureTest" classname="Tests.Feature.ApiResponseStructureTest" assertions="2" time="0.077450"/>
          <testcase name="test_list_endpoints_return_array_data with data set &quot;products&quot;" file="C:\projetos\sistema\backend\tests\Feature\ApiResponseStructureTest.php" line="47" class="Tests\Feature\ApiResponseStructureTest" classname="Tests.Feature.ApiResponseStructureTest" assertions="2" time="0.074744"/>
          <testcase name="test_list_endpoints_return_array_data with data set &quot;equipments&quot;" file="C:\projetos\sistema\backend\tests\Feature\ApiResponseStructureTest.php" line="47" class="Tests\Feature\ApiResponseStructureTest" classname="Tests.Feature.ApiResponseStructureTest" assertions="2" time="0.083049"/>
          <testcase name="test_list_endpoints_return_array_data with data set &quot;quotes&quot;" file="C:\projetos\sistema\backend\tests\Feature\ApiResponseStructureTest.php" line="47" class="Tests\Feature\ApiResponseStructureTest" classname="Tests.Feature.ApiResponseStructureTest" assertions="2" time="0.070139"/>
          <testcase name="test_list_endpoints_return_array_data with data set &quot;service-calls&quot;" file="C:\projetos\sistema\backend\tests\Feature\ApiResponseStructureTest.php" line="47" class="Tests\Feature\ApiResponseStructureTest" classname="Tests.Feature.ApiResponseStructureTest" assertions="2" time="0.069315"/>
          <testcase name="test_list_endpoints_return_array_data with data set &quot;accounts-receivable&quot;" file="C:\projetos\sistema\backend\tests\Feature\ApiResponseStructureTest.php" line="47" class="Tests\Feature\ApiResponseStructureTest" classname="Tests.Feature.ApiResponseStructureTest" assertions="2" time="0.059732"/>
          <testcase name="test_list_endpoints_return_array_data with data set &quot;accounts-payable&quot;" file="C:\projetos\sistema\backend\tests\Feature\ApiResponseStructureTest.php" line="47" class="Tests\Feature\ApiResponseStructureTest" classname="Tests.Feature.ApiResponseStructureTest" assertions="2" time="0.060593"/>
          <testcase name="test_list_endpoints_return_array_data with data set &quot;invoices&quot;" file="C:\projetos\sistema\backend\tests\Feature\ApiResponseStructureTest.php" line="47" class="Tests\Feature\ApiResponseStructureTest" classname="Tests.Feature.ApiResponseStructureTest" assertions="2" time="0.055639"/>
          <testcase name="test_list_endpoints_return_array_data with data set &quot;expenses&quot;" file="C:\projetos\sistema\backend\tests\Feature\ApiResponseStructureTest.php" line="47" class="Tests\Feature\ApiResponseStructureTest" classname="Tests.Feature.ApiResponseStructureTest" assertions="2" time="0.055238"/>
          <testcase name="test_list_endpoints_return_array_data with data set &quot;crm-deals&quot;" file="C:\projetos\sistema\backend\tests\Feature\ApiResponseStructureTest.php" line="47" class="Tests\Feature\ApiResponseStructureTest" classname="Tests.Feature.ApiResponseStructureTest" assertions="2" time="0.072896"/>
          <testcase name="test_list_endpoints_return_array_data with data set &quot;crm-activities&quot;" file="C:\projetos\sistema\backend\tests\Feature\ApiResponseStructureTest.php" line="47" class="Tests\Feature\ApiResponseStructureTest" classname="Tests.Feature.ApiResponseStructureTest" assertions="2" time="0.051398"/>
          <testcase name="test_list_endpoints_return_array_data with data set &quot;notifications&quot;" file="C:\projetos\sistema\backend\tests\Feature\ApiResponseStructureTest.php" line="47" class="Tests\Feature\ApiResponseStructureTest" classname="Tests.Feature.ApiResponseStructureTest" assertions="2" time="0.052885"/>
        </testsuite>
        <testsuite name="Tests\Feature\ApiResponseStructureTest::test_create_endpoints_reject_empty_body" tests="4" assertions="4" errors="0" failures="0" skipped="0" time="0.324610">
          <testcase name="test_create_endpoints_reject_empty_body with data set &quot;customers&quot;" file="C:\projetos\sistema\backend\tests\Feature\ApiResponseStructureTest.php" line="83" class="Tests\Feature\ApiResponseStructureTest" classname="Tests.Feature.ApiResponseStructureTest" assertions="1" time="0.100902"/>
          <testcase name="test_create_endpoints_reject_empty_body with data set &quot;work-orders&quot;" file="C:\projetos\sistema\backend\tests\Feature\ApiResponseStructureTest.php" line="83" class="Tests\Feature\ApiResponseStructureTest" classname="Tests.Feature.ApiResponseStructureTest" assertions="1" time="0.066461"/>
          <testcase name="test_create_endpoints_reject_empty_body with data set &quot;quotes&quot;" file="C:\projetos\sistema\backend\tests\Feature\ApiResponseStructureTest.php" line="83" class="Tests\Feature\ApiResponseStructureTest" classname="Tests.Feature.ApiResponseStructureTest" assertions="1" time="0.078314"/>
          <testcase name="test_create_endpoints_reject_empty_body with data set &quot;service-calls&quot;" file="C:\projetos\sistema\backend\tests\Feature\ApiResponseStructureTest.php" line="83" class="Tests\Feature\ApiResponseStructureTest" classname="Tests.Feature.ApiResponseStructureTest" assertions="1" time="0.078933"/>
        </testsuite>
        <testcase name="test_nonexistent_endpoint_returns_404" file="C:\projetos\sistema\backend\tests\Feature\ApiResponseStructureTest.php" line="99" class="Tests\Feature\ApiResponseStructureTest" classname="Tests.Feature.ApiResponseStructureTest" assertions="1" time="0.079071"/>
        <testcase name="test_unauthenticated_request_returns_401" file="C:\projetos\sistema\backend\tests\Feature\ApiResponseStructureTest.php" line="105" class="Tests\Feature\ApiResponseStructureTest" classname="Tests.Feature.ApiResponseStructureTest" assertions="1" time="0.084189">
          <failure type="PHPUnit\Framework\ExpectationFailedException">Tests\Feature\ApiResponseStructureTest::test_unauthenticated_request_returns_401&#13;
Expected response status code [401] but received 200.
Failed asserting that 200 is identical to 401.
&#13;
C:\projetos\sistema\backend\vendor\laravel\framework\src\Illuminate\Testing\TestResponseAssert.php:45
C:\projetos\sistema\backend\vendor\laravel\framework\src\Illuminate\Testing\TestResponse.php:174
C:\projetos\sistema\backend\tests\Feature\ApiResponseStructureTest.php:111</failure>
        </testcase>
        <testcase name="test_profile_endpoint_returns_user_data" file="C:\projetos\sistema\backend\tests\Feature\ApiResponseStructureTest.php" line="114" class="Tests\Feature\ApiResponseStructureTest" classname="Tests.Feature.ApiResponseStructureTest" assertions="3" time="0.069306"/>
        <testcase name="test_reports_suppliers_returns_data" file="C:\projetos\sistema\backend\tests\Feature\ApiResponseStructureTest.php" line="125" class="Tests\Feature\ApiResponseStructureTest" classname="Tests.Feature.ApiResponseStructureTest" assertions="1" time="0.064044"/>
        <testcase name="test_reports_stock_returns_data" file="C:\projetos\sistema\backend\tests\Feature\ApiResponseStructureTest.php" line="131" class="Tests\Feature\ApiResponseStructureTest" classname="Tests.Feature.ApiResponseStructureTest" assertions="1" time="0.083568"/>
        <testcase name="test_numbering_sequences_index" file="C:\projetos\sistema\backend\tests\Feature\ApiResponseStructureTest.php" line="137" class="Tests\Feature\ApiResponseStructureTest" classname="Tests.Feature.ApiResponseStructureTest" assertions="1" time="0.056488"/>
        <testcase name="test_settings_index" file="C:\projetos\sistema\backend\tests\Feature\ApiResponseStructureTest.php" line="143" class="Tests\Feature\ApiResponseStructureTest" classname="Tests.Feature.ApiResponseStructureTest" assertions="1" time="0.069803"/>
      </testsuite>
      <testsuite name="Tests\Feature\Api\V1\TechSyncControllerTest" file="C:\projetos\sistema\backend\tests\Feature\Api\V1\TechSyncControllerTest.php" tests="9" assertions="20" errors="0" failures="0" skipped="0" time="0.839978">
        <testcase name="pull_returns_json_with_expected_keys" file="C:\projetos\sistema\backend\tests\Feature\Api\V1\TechSyncControllerTest.php" line="36" class="Tests\Feature\Api\V1\TechSyncControllerTest" classname="Tests.Feature.Api.V1.TechSyncControllerTest" assertions="6" time="0.112153"/>
        <testcase name="pull_accepts_since_parameter" file="C:\projetos\sistema\backend\tests\Feature\Api\V1\TechSyncControllerTest.php" line="52" class="Tests\Feature\Api\V1\TechSyncControllerTest" classname="Tests.Feature.Api.V1.TechSyncControllerTest" assertions="1" time="0.057168"/>
        <testcase name="pull_requires_authentication" file="C:\projetos\sistema\backend\tests\Feature\Api\V1\TechSyncControllerTest.php" line="61" class="Tests\Feature\Api\V1\TechSyncControllerTest" classname="Tests.Feature.Api.V1.TechSyncControllerTest" assertions="1" time="0.065049"/>
        <testcase name="batch_push_rejects_empty_mutations" file="C:\projetos\sistema\backend\tests\Feature\Api\V1\TechSyncControllerTest.php" line="68" class="Tests\Feature\Api\V1\TechSyncControllerTest" classname="Tests.Feature.Api.V1.TechSyncControllerTest" assertions="3" time="0.143006"/>
        <testcase name="batch_push_validates_mutations_array" file="C:\projetos\sistema\backend\tests\Feature\Api\V1\TechSyncControllerTest.php" line="81" class="Tests\Feature\Api\V1\TechSyncControllerTest" classname="Tests.Feature.Api.V1.TechSyncControllerTest" assertions="3" time="0.055714"/>
        <testcase name="batch_push_processes_status_change" file="C:\projetos\sistema\backend\tests\Feature\Api\V1\TechSyncControllerTest.php" line="92" class="Tests\Feature\Api\V1\TechSyncControllerTest" classname="Tests.Feature.Api.V1.TechSyncControllerTest" assertions="1" time="0.159907"/>
        <testcase name="batch_push_rejects_invalid_mutation_type" file="C:\projetos\sistema\backend\tests\Feature\Api\V1\TechSyncControllerTest.php" line="118" class="Tests\Feature\Api\V1\TechSyncControllerTest" classname="Tests.Feature.Api.V1.TechSyncControllerTest" assertions="3" time="0.099893"/>
        <testcase name="photo_upload_requires_file" file="C:\projetos\sistema\backend\tests\Feature\Api\V1\TechSyncControllerTest.php" line="136" class="Tests\Feature\Api\V1\TechSyncControllerTest" classname="Tests.Feature.Api.V1.TechSyncControllerTest" assertions="1" time="0.090568"/>
        <testcase name="photo_upload_requires_authentication" file="C:\projetos\sistema\backend\tests\Feature\Api\V1\TechSyncControllerTest.php" line="147" class="Tests\Feature\Api\V1\TechSyncControllerTest" classname="Tests.Feature.Api.V1.TechSyncControllerTest" assertions="1" time="0.056519"/>
      </testsuite>
      <testsuite name="Tests\Feature\AuditLogTest" file="C:\projetos\sistema\backend\tests\Feature\AuditLogTest.php" tests="5" assertions="20" errors="0" failures="0" skipped="0" time="0.452551">
        <testcase name="test_index_returns_only_tenant_logs" file="C:\projetos\sistema\backend\tests\Feature\AuditLogTest.php" line="40" class="Tests\Feature\AuditLogTest" classname="Tests.Feature.AuditLogTest" assertions="4" time="0.110853"/>
        <testcase name="test_show_returns_log_details_with_diff" file="C:\projetos\sistema\backend\tests\Feature\AuditLogTest.php" line="69" class="Tests\Feature\AuditLogTest" classname="Tests.Feature.AuditLogTest" assertions="5" time="0.071359"/>
        <testcase name="test_show_fails_for_other_tenant_log" file="C:\projetos\sistema\backend\tests\Feature\AuditLogTest.php" line="90" class="Tests\Feature\AuditLogTest" classname="Tests.Feature.AuditLogTest" assertions="1" time="0.079549"/>
        <testcase name="test_filters_work_correctly" file="C:\projetos\sistema\backend\tests\Feature\AuditLogTest.php" line="106" class="Tests\Feature\AuditLogTest" classname="Tests.Feature.AuditLogTest" assertions="6" time="0.098146"/>
        <testcase name="test_export_generates_csv" file="C:\projetos\sistema\backend\tests\Feature\AuditLogTest.php" line="137" class="Tests\Feature\AuditLogTest" classname="Tests.Feature.AuditLogTest" assertions="4" time="0.092645"/>
      </testsuite>
      <testsuite name="Tests\Feature\AuthSecurityTest" file="C:\projetos\sistema\backend\tests\Feature\AuthSecurityTest.php" tests="20" assertions="68" errors="0" failures="4" skipped="0" time="1.835493">
        <testcase name="test_login_with_valid_credentials_returns_token" file="C:\projetos\sistema\backend\tests\Feature\AuthSecurityTest.php" line="59" class="Tests\Feature\AuthSecurityTest" classname="Tests.Feature.AuthSecurityTest" assertions="11" time="0.308621"/>
        <testcase name="test_login_updates_last_login_at" file="C:\projetos\sistema\backend\tests\Feature\AuthSecurityTest.php" line="76" class="Tests\Feature\AuthSecurityTest" classname="Tests.Feature.AuthSecurityTest" assertions="3" time="0.077130"/>
        <testcase name="test_login_with_wrong_password_returns_422" file="C:\projetos\sistema\backend\tests\Feature\AuthSecurityTest.php" line="91" class="Tests\Feature\AuthSecurityTest" classname="Tests.Feature.AuthSecurityTest" assertions="3" time="0.094409"/>
        <testcase name="test_login_with_nonexistent_email_returns_422" file="C:\projetos\sistema\backend\tests\Feature\AuthSecurityTest.php" line="102" class="Tests\Feature\AuthSecurityTest" classname="Tests.Feature.AuthSecurityTest" assertions="3" time="0.084277"/>
        <testcase name="test_login_with_inactive_user_returns_403" file="C:\projetos\sistema\backend\tests\Feature\AuthSecurityTest.php" line="113" class="Tests\Feature\AuthSecurityTest" classname="Tests.Feature.AuthSecurityTest" assertions="2" time="0.053462"/>
        <testcase name="test_login_without_email_returns_422" file="C:\projetos\sistema\backend\tests\Feature\AuthSecurityTest.php" line="124" class="Tests\Feature\AuthSecurityTest" classname="Tests.Feature.AuthSecurityTest" assertions="3" time="0.059435"/>
        <testcase name="test_login_without_password_returns_422" file="C:\projetos\sistema\backend\tests\Feature\AuthSecurityTest.php" line="134" class="Tests\Feature\AuthSecurityTest" classname="Tests.Feature.AuthSecurityTest" assertions="3" time="0.081082"/>
        <testcase name="test_login_rate_limiting_blocks_after_5_attempts" file="C:\projetos\sistema\backend\tests\Feature\AuthSecurityTest.php" line="146" class="Tests\Feature\AuthSecurityTest" classname="Tests.Feature.AuthSecurityTest" assertions="3" time="0.134923"/>
        <testcase name="test_successful_login_clears_failed_attempts" file="C:\projetos\sistema\backend\tests\Feature\AuthSecurityTest.php" line="166" class="Tests\Feature\AuthSecurityTest" classname="Tests.Feature.AuthSecurityTest" assertions="5" time="0.109831"/>
        <testcase name="test_access_me_without_token_returns_401" file="C:\projetos\sistema\backend\tests\Feature\AuthSecurityTest.php" line="193" class="Tests\Feature\AuthSecurityTest" classname="Tests.Feature.AuthSecurityTest" assertions="1" time="0.069520"/>
        <testcase name="test_access_protected_route_without_token_returns_401" file="C:\projetos\sistema\backend\tests\Feature\AuthSecurityTest.php" line="199" class="Tests\Feature\AuthSecurityTest" classname="Tests.Feature.AuthSecurityTest" assertions="1" time="0.055123"/>
        <testcase name="test_logout_invalidates_token" file="C:\projetos\sistema\backend\tests\Feature\AuthSecurityTest.php" line="207" class="Tests\Feature\AuthSecurityTest" classname="Tests.Feature.AuthSecurityTest" assertions="3" time="0.089477">
          <failure type="PHPUnit\Framework\ExpectationFailedException">Tests\Feature\AuthSecurityTest::test_logout_invalidates_token&#13;
Expected response status code [401] but received 200.
Failed asserting that 200 is identical to 401.
&#13;
C:\projetos\sistema\backend\vendor\laravel\framework\src\Illuminate\Testing\TestResponseAssert.php:45
C:\projetos\sistema\backend\vendor\laravel\framework\src\Illuminate\Testing\TestResponse.php:174
C:\projetos\sistema\backend\vendor\laravel\framework\src\Illuminate\Testing\Concerns\AssertsStatusCodes.php:121
C:\projetos\sistema\backend\tests\Feature\AuthSecurityTest.php:225</failure>
        </testcase>
        <testcase name="test_me_returns_authenticated_user_data" file="C:\projetos\sistema\backend\tests\Feature\AuthSecurityTest.php" line="230" class="Tests\Feature\AuthSecurityTest" classname="Tests.Feature.AuthSecurityTest" assertions="9" time="0.080593"/>
        <testcase name="test_me_does_not_expose_password" file="C:\projetos\sistema\backend\tests\Feature\AuthSecurityTest.php" line="244" class="Tests\Feature\AuthSecurityTest" classname="Tests.Feature.AuthSecurityTest" assertions="2" time="0.053836"/>
        <testcase name="test_switch_tenant_changes_context" file="C:\projetos\sistema\backend\tests\Feature\AuthSecurityTest.php" line="257" class="Tests\Feature\AuthSecurityTest" classname="Tests.Feature.AuthSecurityTest" assertions="2" time="0.054132">
          <failure type="PHPUnit\Framework\ExpectationFailedException">Tests\Feature\AuthSecurityTest::test_switch_tenant_changes_context&#13;
Failed asserting that 1 is identical to 2.
&#13;
C:\projetos\sistema\backend\vendor\laravel\framework\src\Illuminate\Testing\AssertableJsonString.php:243
C:\projetos\sistema\backend\vendor\laravel\framework\src\Illuminate\Testing\TestResponse.php:879
C:\projetos\sistema\backend\tests\Feature\AuthSecurityTest.php:267</failure>
        </testcase>
        <testcase name="test_switch_tenant_to_unauthorized_tenant_returns_403" file="C:\projetos\sistema\backend\tests\Feature\AuthSecurityTest.php" line="273" class="Tests\Feature\AuthSecurityTest" classname="Tests.Feature.AuthSecurityTest" assertions="1" time="0.101644">
          <failure type="PHPUnit\Framework\ExpectationFailedException">Tests\Feature\AuthSecurityTest::test_switch_tenant_to_unauthorized_tenant_returns_403&#13;
Expected response status code [403] but received 200.
Failed asserting that 200 is identical to 403.
&#13;
C:\projetos\sistema\backend\vendor\laravel\framework\src\Illuminate\Testing\TestResponseAssert.php:45
C:\projetos\sistema\backend\vendor\laravel\framework\src\Illuminate\Testing\TestResponse.php:174
C:\projetos\sistema\backend\vendor\laravel\framework\src\Illuminate\Testing\Concerns\AssertsStatusCodes.php:141
C:\projetos\sistema\backend\tests\Feature\AuthSecurityTest.php:281</failure>
        </testcase>
        <testcase name="test_my_tenants_returns_only_accessible_tenants" file="C:\projetos\sistema\backend\tests\Feature\AuthSecurityTest.php" line="285" class="Tests\Feature\AuthSecurityTest" classname="Tests.Feature.AuthSecurityTest" assertions="4" time="0.074535"/>
        <testcase name="test_change_password_with_wrong_current_fails" file="C:\projetos\sistema\backend\tests\Feature\AuthSecurityTest.php" line="302" class="Tests\Feature\AuthSecurityTest" classname="Tests.Feature.AuthSecurityTest" assertions="2" time="0.061862"/>
        <testcase name="test_change_password_with_valid_data_succeeds" file="C:\projetos\sistema\backend\tests\Feature\AuthSecurityTest.php" line="316" class="Tests\Feature\AuthSecurityTest" classname="Tests.Feature.AuthSecurityTest" assertions="3" time="0.094074"/>
        <testcase name="test_change_password_revokes_other_sessions" file="C:\projetos\sistema\backend\tests\Feature\AuthSecurityTest.php" line="334" class="Tests\Feature\AuthSecurityTest" classname="Tests.Feature.AuthSecurityTest" assertions="4" time="0.097528">
          <failure type="PHPUnit\Framework\ExpectationFailedException">Tests\Feature\AuthSecurityTest::test_change_password_revokes_other_sessions&#13;
Failed asserting that 0 matches expected 1.
&#13;
C:\projetos\sistema\backend\tests\Feature\AuthSecurityTest.php:350</failure>
        </testcase>
      </testsuite>
      <testsuite name="Tests\Feature\BankReconciliationCnabTest" file="C:\projetos\sistema\backend\tests\Feature\BankReconciliationCnabTest.php" tests="8" assertions="21" errors="0" failures="0" skipped="0" time="0.764143">
        <testcase name="test_detect_format_ofx_by_extension" file="C:\projetos\sistema\backend\tests\Feature\BankReconciliationCnabTest.php" line="47" class="Tests\Feature\BankReconciliationCnabTest" classname="Tests.Feature.BankReconciliationCnabTest" assertions="1" time="0.112890"/>
        <testcase name="test_detect_format_cnab240_by_line_length" file="C:\projetos\sistema\backend\tests\Feature\BankReconciliationCnabTest.php" line="58" class="Tests\Feature\BankReconciliationCnabTest" classname="Tests.Feature.BankReconciliationCnabTest" assertions="2" time="0.056879"/>
        <testcase name="test_detect_format_cnab400_by_line_length" file="C:\projetos\sistema\backend\tests\Feature\BankReconciliationCnabTest.php" line="73" class="Tests\Feature\BankReconciliationCnabTest" classname="Tests.Feature.BankReconciliationCnabTest" assertions="1" time="0.102677"/>
        <testcase name="test_parse_ofx_extracts_entries" file="C:\projetos\sistema\backend\tests\Feature\BankReconciliationCnabTest.php" line="88" class="Tests\Feature\BankReconciliationCnabTest" classname="Tests.Feature.BankReconciliationCnabTest" assertions="7" time="0.117393"/>
        <testcase name="test_auto_match_pairs_credit_with_receivable" file="C:\projetos\sistema\backend\tests\Feature\BankReconciliationCnabTest.php" line="136" class="Tests\Feature\BankReconciliationCnabTest" classname="Tests.Feature.BankReconciliationCnabTest" assertions="3" time="0.122419"/>
        <testcase name="test_auto_match_pairs_debit_with_payable" file="C:\projetos\sistema\backend\tests\Feature\BankReconciliationCnabTest.php" line="165" class="Tests\Feature\BankReconciliationCnabTest" classname="Tests.Feature.BankReconciliationCnabTest" assertions="3" time="0.092076"/>
        <testcase name="test_auto_match_does_not_match_when_amount_differs" file="C:\projetos\sistema\backend\tests\Feature\BankReconciliationCnabTest.php" line="191" class="Tests\Feature\BankReconciliationCnabTest" classname="Tests.Feature.BankReconciliationCnabTest" assertions="2" time="0.085101"/>
        <testcase name="test_import_ofx_legacy_method_still_works" file="C:\projetos\sistema\backend\tests\Feature\BankReconciliationCnabTest.php" line="221" class="Tests\Feature\BankReconciliationCnabTest" classname="Tests.Feature.BankReconciliationCnabTest" assertions="2" time="0.074708"/>
      </testsuite>
      <testsuite name="Tests\Feature\BankReconciliationTest" file="C:\projetos\sistema\backend\tests\Feature\BankReconciliationTest.php" tests="3" assertions="22" errors="0" failures="0" skipped="0" time="0.242512">
        <testcase name="test_statements_returns_entries_count" file="C:\projetos\sistema\backend\tests\Feature\BankReconciliationTest.php" line="71" class="Tests\Feature\BankReconciliationTest" classname="Tests.Feature.BankReconciliationTest" assertions="5" time="0.092199"/>
        <testcase name="test_match_entry_accepts_alias_type_and_updates_statement_counter" file="C:\projetos\sistema\backend\tests\Feature\BankReconciliationTest.php" line="84" class="Tests\Feature\BankReconciliationTest" classname="Tests.Feature.BankReconciliationTest" assertions="6" time="0.084037"/>
        <testcase name="test_ignore_entry_clears_match_and_recomputes_counter" file="C:\projetos\sistema\backend\tests\Feature\BankReconciliationTest.php" line="114" class="Tests\Feature\BankReconciliationTest" classname="Tests.Feature.BankReconciliationTest" assertions="11" time="0.066276"/>
      </testsuite>
      <testsuite name="Tests\Feature\BranchTenantTest" file="C:\projetos\sistema\backend\tests\Feature\BranchTenantTest.php" tests="7" assertions="8" errors="0" failures="1" skipped="0" time="0.450280">
        <testcase name="test_list_branches" file="C:\projetos\sistema\backend\tests\Feature\BranchTenantTest.php" line="41" class="Tests\Feature\BranchTenantTest" classname="Tests.Feature.BranchTenantTest" assertions="1" time="0.093605"/>
        <testcase name="test_create_branch" file="C:\projetos\sistema\backend\tests\Feature\BranchTenantTest.php" line="47" class="Tests\Feature\BranchTenantTest" classname="Tests.Feature.BranchTenantTest" assertions="1" time="0.058243"/>
        <testcase name="test_update_branch" file="C:\projetos\sistema\backend\tests\Feature\BranchTenantTest.php" line="56" class="Tests\Feature\BranchTenantTest" classname="Tests.Feature.BranchTenantTest" assertions="2" time="0.063422"/>
        <testcase name="test_list_tenants" file="C:\projetos\sistema\backend\tests\Feature\BranchTenantTest.php" line="73" class="Tests\Feature\BranchTenantTest" classname="Tests.Feature.BranchTenantTest" assertions="1" time="0.057280"/>
        <testcase name="test_show_tenant" file="C:\projetos\sistema\backend\tests\Feature\BranchTenantTest.php" line="79" class="Tests\Feature\BranchTenantTest" classname="Tests.Feature.BranchTenantTest" assertions="1" time="0.069652"/>
        <testcase name="test_tenant_stats" file="C:\projetos\sistema\backend\tests\Feature\BranchTenantTest.php" line="85" class="Tests\Feature\BranchTenantTest" classname="Tests.Feature.BranchTenantTest" assertions="1" time="0.049243"/>
        <testcase name="test_invite_user_to_tenant" file="C:\projetos\sistema\backend\tests\Feature\BranchTenantTest.php" line="91" class="Tests\Feature\BranchTenantTest" classname="Tests.Feature.BranchTenantTest" assertions="1" time="0.058835">
          <failure type="PHPUnit\Framework\ExpectationFailedException">Tests\Feature\BranchTenantTest::test_invite_user_to_tenant&#13;
Expected response status code [201] but received 422.
Failed asserting that 422 is identical to 201.&#13;
&#13;
The following errors occurred during the last request:

{
    "message": "The name field is required. (and 1 more error)",
    "errors": {
        "name": [
            "The name field is required."
        ],
        "role": [
            "The selected role is invalid."
        ]
    }
}
&#13;
C:\projetos\sistema\backend\vendor\laravel\framework\src\Illuminate\Testing\TestResponseAssert.php:45
C:\projetos\sistema\backend\vendor\laravel\framework\src\Illuminate\Testing\TestResponse.php:174
C:\projetos\sistema\backend\vendor\laravel\framework\src\Illuminate\Testing\Concerns\AssertsStatusCodes.php:26
C:\projetos\sistema\backend\tests\Feature\BranchTenantTest.php:97</failure>
        </testcase>
      </testsuite>
      <testsuite name="Tests\Feature\BranchTest" file="C:\projetos\sistema\backend\tests\Feature\BranchTest.php" tests="5" assertions="10" errors="0" failures="0" skipped="0" time="0.359921">
        <testcase name="test_index_returns_only_tenant_branches" file="C:\projetos\sistema\backend\tests\Feature\BranchTest.php" line="40" class="Tests\Feature\BranchTest" classname="Tests.Feature.BranchTest" assertions="4" time="0.079301"/>
        <testcase name="test_store_creates_branch_for_current_tenant" file="C:\projetos\sistema\backend\tests\Feature\BranchTest.php" line="57" class="Tests\Feature\BranchTest" classname="Tests.Feature.BranchTest" assertions="3" time="0.084034"/>
        <testcase name="test_show_fails_for_other_tenant_branch" file="C:\projetos\sistema\backend\tests\Feature\BranchTest.php" line="77" class="Tests\Feature\BranchTest" classname="Tests.Feature.BranchTest" assertions="1" time="0.066639"/>
        <testcase name="test_update_fails_for_other_tenant_branch" file="C:\projetos\sistema\backend\tests\Feature\BranchTest.php" line="87" class="Tests\Feature\BranchTest" classname="Tests.Feature.BranchTest" assertions="1" time="0.075655"/>
        <testcase name="test_destroy_fails_for_other_tenant_branch" file="C:\projetos\sistema\backend\tests\Feature\BranchTest.php" line="99" class="Tests\Feature\BranchTest" classname="Tests.Feature.BranchTest" assertions="1" time="0.054293"/>
      </testsuite>
      <testsuite name="Tests\Feature\CashFlowTest" file="C:\projetos\sistema\backend\tests\Feature\CashFlowTest.php" tests="6" assertions="34" errors="0" failures="0" skipped="0" time="1.105373">
        <testcase name="test_cash_flow_is_tenant_scoped_and_includes_expenses" file="C:\projetos\sistema\backend\tests\Feature\CashFlowTest.php" line="48" class="Tests\Feature\CashFlowTest" classname="Tests.Feature.CashFlowTest" assertions="6" time="0.237967"/>
        <testcase name="test_cash_flow_accepts_os_number_filter" file="C:\projetos\sistema\backend\tests\Feature\CashFlowTest.php" line="110" class="Tests\Feature\CashFlowTest" classname="Tests.Feature.CashFlowTest" assertions="6" time="0.201148"/>
        <testcase name="test_dre_accepts_os_number_filter" file="C:\projetos\sistema\backend\tests\Feature\CashFlowTest.php" line="197" class="Tests\Feature\CashFlowTest" classname="Tests.Feature.CashFlowTest" assertions="7" time="0.208544"/>
        <testcase name="test_cash_flow_paid_columns_use_payment_records_for_partial_titles" file="C:\projetos\sistema\backend\tests\Feature\CashFlowTest.php" line="291" class="Tests\Feature\CashFlowTest" classname="Tests.Feature.CashFlowTest" assertions="7" time="0.277356"/>
        <testcase name="test_dre_uses_payment_records_for_partial_titles" file="C:\projetos\sistema\backend\tests\Feature\CashFlowTest.php" line="344" class="Tests\Feature\CashFlowTest" classname="Tests.Feature.CashFlowTest" assertions="4" time="0.088610"/>
        <testcase name="test_cash_flow_and_dre_reject_invalid_parameters" file="C:\projetos\sistema\backend\tests\Feature\CashFlowTest.php" line="395" class="Tests\Feature\CashFlowTest" classname="Tests.Feature.CashFlowTest" assertions="4" time="0.091747"/>
      </testsuite>
      <testsuite name="Tests\Feature\CentralTest" file="C:\projetos\sistema\backend\tests\Feature\CentralTest.php" tests="10" assertions="50" errors="0" failures="0" skipped="0" time="0.924345">
        <testcase name="test_can_list_central_items" file="C:\projetos\sistema\backend\tests\Feature\CentralTest.php" line="53" class="Tests\Feature\CentralTest" classname="Tests.Feature.CentralTest" assertions="1" time="0.104405"/>
        <testcase name="test_can_create_central_item" file="C:\projetos\sistema\backend\tests\Feature\CentralTest.php" line="60" class="Tests\Feature\CentralTest" classname="Tests.Feature.CentralTest" assertions="3" time="0.099168"/>
        <testcase name="test_create_item_for_another_user_sends_notification" file="C:\projetos\sistema\backend\tests\Feature\CentralTest.php" line="80" class="Tests\Feature\CentralTest" classname="Tests.Feature.CentralTest" assertions="2" time="0.084537"/>
        <testcase name="test_can_update_central_item" file="C:\projetos\sistema\backend\tests\Feature\CentralTest.php" line="107" class="Tests\Feature\CentralTest" classname="Tests.Feature.CentralTest" assertions="3" time="0.110791"/>
        <testcase name="test_can_comment_on_item" file="C:\projetos\sistema\backend\tests\Feature\CentralTest.php" line="129" class="Tests\Feature\CentralTest" classname="Tests.Feature.CentralTest" assertions="2" time="0.087178"/>
        <testcase name="test_summary_endpoint" file="C:\projetos\sistema\backend\tests\Feature\CentralTest.php" line="153" class="Tests\Feature\CentralTest" classname="Tests.Feature.CentralTest" assertions="5" time="0.078393"/>
        <testcase name="test_dashboard_endpoints" file="C:\projetos\sistema\backend\tests\Feature\CentralTest.php" line="171" class="Tests\Feature\CentralTest" classname="Tests.Feature.CentralTest" assertions="16" time="0.116839"/>
        <testcase name="test_assign_endpoint_sends_notification_to_new_assignee" file="C:\projetos\sistema\backend\tests\Feature\CentralTest.php" line="218" class="Tests\Feature\CentralTest" classname="Tests.Feature.CentralTest" assertions="3" time="0.071818"/>
        <testcase name="test_can_manage_central_rules" file="C:\projetos\sistema\backend\tests\Feature\CentralTest.php" line="254" class="Tests\Feature\CentralTest" classname="Tests.Feature.CentralTest" assertions="13" time="0.079096"/>
        <testcase name="test_rule_is_applied_on_item_creation" file="C:\projetos\sistema\backend\tests\Feature\CentralTest.php" line="298" class="Tests\Feature\CentralTest" classname="Tests.Feature.CentralTest" assertions="2" time="0.092121"/>
      </testsuite>
      <testsuite name="Tests\Feature\ChartOfAccountTest" file="C:\projetos\sistema\backend\tests\Feature\ChartOfAccountTest.php" tests="6" assertions="18" errors="0" failures="0" skipped="0" time="0.595756">
        <testcase name="test_create_rejects_parent_with_different_type" file="C:\projetos\sistema\backend\tests\Feature\ChartOfAccountTest.php" line="40" class="Tests\Feature\ChartOfAccountTest" classname="Tests.Feature.ChartOfAccountTest" assertions="3" time="0.116535"/>
        <testcase name="test_create_rejects_inactive_parent" file="C:\projetos\sistema\backend\tests\Feature\ChartOfAccountTest.php" line="62" class="Tests\Feature\ChartOfAccountTest" classname="Tests.Feature.ChartOfAccountTest" assertions="2" time="0.081803"/>
        <testcase name="test_update_rejects_hierarchy_cycle" file="C:\projetos\sistema\backend\tests\Feature\ChartOfAccountTest.php" line="83" class="Tests\Feature\ChartOfAccountTest" classname="Tests.Feature.ChartOfAccountTest" assertions="3" time="0.097005"/>
        <testcase name="test_system_account_blocks_structural_update" file="C:\projetos\sistema\backend\tests\Feature\ChartOfAccountTest.php" line="111" class="Tests\Feature\ChartOfAccountTest" classname="Tests.Feature.ChartOfAccountTest" assertions="3" time="0.079699"/>
        <testcase name="test_destroy_rejects_account_used_by_financial_entries" file="C:\projetos\sistema\backend\tests\Feature\ChartOfAccountTest.php" line="131" class="Tests\Feature\ChartOfAccountTest" classname="Tests.Feature.ChartOfAccountTest" assertions="3" time="0.105155"/>
        <testcase name="test_index_filters_by_type_active_and_search" file="C:\projetos\sistema\backend\tests\Feature\ChartOfAccountTest.php" line="159" class="Tests\Feature\ChartOfAccountTest" classname="Tests.Feature.ChartOfAccountTest" assertions="4" time="0.115559"/>
      </testsuite>
      <testsuite name="Tests\Feature\ChecklistFlowTest" file="C:\projetos\sistema\backend\tests\Feature\ChecklistFlowTest.php" tests="2" assertions="5" errors="0" failures="0" skipped="0" time="0.275264">
        <testcase name="test_service_checklist_store_uses_current_tenant_context" file="C:\projetos\sistema\backend\tests\Feature\ChecklistFlowTest.php" line="19" class="Tests\Feature\ChecklistFlowTest" classname="Tests.Feature.ChecklistFlowTest" assertions="3" time="0.169133"/>
        <testcase name="test_checklist_responses_reject_item_not_from_work_order_checklist" file="C:\projetos\sistema\backend\tests\Feature\ChecklistFlowTest.php" line="60" class="Tests\Feature\ChecklistFlowTest" classname="Tests.Feature.ChecklistFlowTest" assertions="2" time="0.106132"/>
      </testsuite>
      <testsuite name="Tests\Feature\CommissionCampaignProfessionalTest" file="C:\projetos\sistema\backend\tests\Feature\CommissionCampaignProfessionalTest.php" tests="6" assertions="6" errors="0" failures="6" skipped="0" time="0.453477">
        <testcase name="test_create_campaign_returns_201_and_persists" file="C:\projetos\sistema\backend\tests\Feature\CommissionCampaignProfessionalTest.php" line="47" class="Tests\Feature\CommissionCampaignProfessionalTest" classname="Tests.Feature.CommissionCampaignProfessionalTest" assertions="1" time="0.067738">
          <failure type="PHPUnit\Framework\ExpectationFailedException">Tests\Feature\CommissionCampaignProfessionalTest::test_create_campaign_returns_201_and_persists&#13;
Expected response status code [201] but received 404.
Failed asserting that 404 is identical to 201.
&#13;
C:\projetos\sistema\backend\vendor\laravel\framework\src\Illuminate\Testing\TestResponseAssert.php:45
C:\projetos\sistema\backend\vendor\laravel\framework\src\Illuminate\Testing\TestResponse.php:174
C:\projetos\sistema\backend\tests\Feature\CommissionCampaignProfessionalTest.php:57</failure>
        </testcase>
        <testcase name="test_create_campaign_validates_multiplier_minimum" file="C:\projetos\sistema\backend\tests\Feature\CommissionCampaignProfessionalTest.php" line="67" class="Tests\Feature\CommissionCampaignProfessionalTest" classname="Tests.Feature.CommissionCampaignProfessionalTest" assertions="1" time="0.079695">
          <failure type="PHPUnit\Framework\ExpectationFailedException">Tests\Feature\CommissionCampaignProfessionalTest::test_create_campaign_validates_multiplier_minimum&#13;
Expected response status code [422] but received 404.
Failed asserting that 404 is identical to 422.
&#13;
C:\projetos\sistema\backend\vendor\laravel\framework\src\Illuminate\Testing\TestResponseAssert.php:45
C:\projetos\sistema\backend\vendor\laravel\framework\src\Illuminate\Testing\TestResponse.php:174
C:\projetos\sistema\backend\tests\Feature\CommissionCampaignProfessionalTest.php:76</failure>
        </testcase>
        <testcase name="test_create_campaign_validates_end_after_start" file="C:\projetos\sistema\backend\tests\Feature\CommissionCampaignProfessionalTest.php" line="80" class="Tests\Feature\CommissionCampaignProfessionalTest" classname="Tests.Feature.CommissionCampaignProfessionalTest" assertions="1" time="0.067731">
          <failure type="PHPUnit\Framework\ExpectationFailedException">Tests\Feature\CommissionCampaignProfessionalTest::test_create_campaign_validates_end_after_start&#13;
Expected response status code [422] but received 404.
Failed asserting that 404 is identical to 422.
&#13;
C:\projetos\sistema\backend\vendor\laravel\framework\src\Illuminate\Testing\TestResponseAssert.php:45
C:\projetos\sistema\backend\vendor\laravel\framework\src\Illuminate\Testing\TestResponse.php:174
C:\projetos\sistema\backend\tests\Feature\CommissionCampaignProfessionalTest.php:89</failure>
        </testcase>
        <testcase name="test_update_campaign_persists_changes" file="C:\projetos\sistema\backend\tests\Feature\CommissionCampaignProfessionalTest.php" line="95" class="Tests\Feature\CommissionCampaignProfessionalTest" classname="Tests.Feature.CommissionCampaignProfessionalTest" assertions="1" time="0.070916">
          <failure type="PHPUnit\Framework\ExpectationFailedException">Tests\Feature\CommissionCampaignProfessionalTest::test_update_campaign_persists_changes&#13;
Expected response status code [200] but received 404.
Failed asserting that 404 is identical to 200.
&#13;
C:\projetos\sistema\backend\vendor\laravel\framework\src\Illuminate\Testing\TestResponseAssert.php:45
C:\projetos\sistema\backend\vendor\laravel\framework\src\Illuminate\Testing\TestResponse.php:174
C:\projetos\sistema\backend\vendor\laravel\framework\src\Illuminate\Testing\Concerns\AssertsStatusCodes.php:16
C:\projetos\sistema\backend\tests\Feature\CommissionCampaignProfessionalTest.php:113</failure>
        </testcase>
        <testcase name="test_delete_campaign_removes_from_db" file="C:\projetos\sistema\backend\tests\Feature\CommissionCampaignProfessionalTest.php" line="124" class="Tests\Feature\CommissionCampaignProfessionalTest" classname="Tests.Feature.CommissionCampaignProfessionalTest" assertions="1" time="0.069892">
          <failure type="PHPUnit\Framework\ExpectationFailedException">Tests\Feature\CommissionCampaignProfessionalTest::test_delete_campaign_removes_from_db&#13;
Expected response status code [204] but received 404.
Failed asserting that 404 is identical to 204.
&#13;
C:\projetos\sistema\backend\vendor\laravel\framework\src\Illuminate\Testing\TestResponseAssert.php:45
C:\projetos\sistema\backend\vendor\laravel\framework\src\Illuminate\Testing\TestResponse.php:174
C:\projetos\sistema\backend\vendor\laravel\framework\src\Illuminate\Testing\Concerns\AssertsStatusCodes.php:47
C:\projetos\sistema\backend\tests\Feature\CommissionCampaignProfessionalTest.php:138</failure>
        </testcase>
        <testcase name="test_list_campaigns_returns_all" file="C:\projetos\sistema\backend\tests\Feature\CommissionCampaignProfessionalTest.php" line="145" class="Tests\Feature\CommissionCampaignProfessionalTest" classname="Tests.Feature.CommissionCampaignProfessionalTest" assertions="1" time="0.097505">
          <failure type="PHPUnit\Framework\ExpectationFailedException">Tests\Feature\CommissionCampaignProfessionalTest::test_list_campaigns_returns_all&#13;
Expected response status code [200] but received 404.
Failed asserting that 404 is identical to 200.
&#13;
C:\projetos\sistema\backend\vendor\laravel\framework\src\Illuminate\Testing\TestResponseAssert.php:45
C:\projetos\sistema\backend\vendor\laravel\framework\src\Illuminate\Testing\TestResponse.php:174
C:\projetos\sistema\backend\vendor\laravel\framework\src\Illuminate\Testing\Concerns\AssertsStatusCodes.php:16
C:\projetos\sistema\backend\tests\Feature\CommissionCampaignProfessionalTest.php:172</failure>
        </testcase>
      </testsuite>
      <testsuite name="Tests\Feature\CommissionCampaignTest" file="C:\projetos\sistema\backend\tests\Feature\CommissionCampaignTest.php" tests="6" assertions="6" errors="0" failures="6" skipped="0" time="0.453778">
        <testcase name="test_campaigns_index_returns_list" file="C:\projetos\sistema\backend\tests\Feature\CommissionCampaignTest.php" line="44" class="Tests\Feature\CommissionCampaignTest" classname="Tests.Feature.CommissionCampaignTest" assertions="1" time="0.067848">
          <failure type="PHPUnit\Framework\ExpectationFailedException">Tests\Feature\CommissionCampaignTest::test_campaigns_index_returns_list&#13;
Expected response status code [200] but received 404.
Failed asserting that 404 is identical to 200.
&#13;
C:\projetos\sistema\backend\vendor\laravel\framework\src\Illuminate\Testing\TestResponseAssert.php:45
C:\projetos\sistema\backend\vendor\laravel\framework\src\Illuminate\Testing\TestResponse.php:174
C:\projetos\sistema\backend\vendor\laravel\framework\src\Illuminate\Testing\Concerns\AssertsStatusCodes.php:16
C:\projetos\sistema\backend\tests\Feature\CommissionCampaignTest.php:47</failure>
        </testcase>
        <testcase name="test_create_campaign_with_valid_data" file="C:\projetos\sistema\backend\tests\Feature\CommissionCampaignTest.php" line="50" class="Tests\Feature\CommissionCampaignTest" classname="Tests.Feature.CommissionCampaignTest" assertions="1" time="0.084538">
          <failure type="PHPUnit\Framework\ExpectationFailedException">Tests\Feature\CommissionCampaignTest::test_create_campaign_with_valid_data&#13;
Expected response status code [201] but received 404.
Failed asserting that 404 is identical to 201.
&#13;
C:\projetos\sistema\backend\vendor\laravel\framework\src\Illuminate\Testing\TestResponseAssert.php:45
C:\projetos\sistema\backend\vendor\laravel\framework\src\Illuminate\Testing\TestResponse.php:174
C:\projetos\sistema\backend\vendor\laravel\framework\src\Illuminate\Testing\Concerns\AssertsStatusCodes.php:26
C:\projetos\sistema\backend\tests\Feature\CommissionCampaignTest.php:60</failure>
        </testcase>
        <testcase name="test_create_campaign_validates_multiplier_range" file="C:\projetos\sistema\backend\tests\Feature\CommissionCampaignTest.php" line="63" class="Tests\Feature\CommissionCampaignTest" classname="Tests.Feature.CommissionCampaignTest" assertions="1" time="0.054879">
          <failure type="PHPUnit\Framework\ExpectationFailedException">Tests\Feature\CommissionCampaignTest::test_create_campaign_validates_multiplier_range&#13;
Expected response status code [422] but received 404.
Failed asserting that 404 is identical to 422.
&#13;
C:\projetos\sistema\backend\vendor\laravel\framework\src\Illuminate\Testing\TestResponseAssert.php:45
C:\projetos\sistema\backend\vendor\laravel\framework\src\Illuminate\Testing\TestResponse.php:174
C:\projetos\sistema\backend\tests\Feature\CommissionCampaignTest.php:72</failure>
        </testcase>
        <testcase name="test_create_campaign_validates_end_date_after_start" file="C:\projetos\sistema\backend\tests\Feature\CommissionCampaignTest.php" line="75" class="Tests\Feature\CommissionCampaignTest" classname="Tests.Feature.CommissionCampaignTest" assertions="1" time="0.092499">
          <failure type="PHPUnit\Framework\ExpectationFailedException">Tests\Feature\CommissionCampaignTest::test_create_campaign_validates_end_date_after_start&#13;
Expected response status code [422] but received 404.
Failed asserting that 404 is identical to 422.
&#13;
C:\projetos\sistema\backend\vendor\laravel\framework\src\Illuminate\Testing\TestResponseAssert.php:45
C:\projetos\sistema\backend\vendor\laravel\framework\src\Illuminate\Testing\TestResponse.php:174
C:\projetos\sistema\backend\tests\Feature\CommissionCampaignTest.php:84</failure>
        </testcase>
        <testcase name="test_update_campaign" file="C:\projetos\sistema\backend\tests\Feature\CommissionCampaignTest.php" line="87" class="Tests\Feature\CommissionCampaignTest" classname="Tests.Feature.CommissionCampaignTest" assertions="1" time="0.055556">
          <failure type="PHPUnit\Framework\ExpectationFailedException">Tests\Feature\CommissionCampaignTest::test_update_campaign&#13;
Expected response status code [200] but received 404.
Failed asserting that 404 is identical to 200.
&#13;
C:\projetos\sistema\backend\vendor\laravel\framework\src\Illuminate\Testing\TestResponseAssert.php:45
C:\projetos\sistema\backend\vendor\laravel\framework\src\Illuminate\Testing\TestResponse.php:174
C:\projetos\sistema\backend\vendor\laravel\framework\src\Illuminate\Testing\Concerns\AssertsStatusCodes.php:16
C:\projetos\sistema\backend\tests\Feature\CommissionCampaignTest.php:105</failure>
        </testcase>
        <testcase name="test_delete_campaign" file="C:\projetos\sistema\backend\tests\Feature\CommissionCampaignTest.php" line="108" class="Tests\Feature\CommissionCampaignTest" classname="Tests.Feature.CommissionCampaignTest" assertions="1" time="0.098457">
          <failure type="PHPUnit\Framework\ExpectationFailedException">Tests\Feature\CommissionCampaignTest::test_delete_campaign&#13;
Expected response status code [204] but received 404.
Failed asserting that 404 is identical to 204.
&#13;
C:\projetos\sistema\backend\vendor\laravel\framework\src\Illuminate\Testing\TestResponseAssert.php:45
C:\projetos\sistema\backend\vendor\laravel\framework\src\Illuminate\Testing\TestResponse.php:174
C:\projetos\sistema\backend\vendor\laravel\framework\src\Illuminate\Testing\Concerns\AssertsStatusCodes.php:47
C:\projetos\sistema\backend\tests\Feature\CommissionCampaignTest.php:122</failure>
        </testcase>
      </testsuite>
      <testsuite name="Tests\Feature\CommissionDashboardTest" file="C:\projetos\sistema\backend\tests\Feature\CommissionDashboardTest.php" tests="5" assertions="5" errors="0" failures="5" skipped="0" time="0.390784">
        <testcase name="test_commission_dashboard_overview" file="C:\projetos\sistema\backend\tests\Feature\CommissionDashboardTest.php" line="43" class="Tests\Feature\CommissionDashboardTest" classname="Tests.Feature.CommissionDashboardTest" assertions="1" time="0.060430">
          <failure type="PHPUnit\Framework\ExpectationFailedException">Tests\Feature\CommissionDashboardTest::test_commission_dashboard_overview&#13;
Expected response status code [200] but received 404.
Failed asserting that 404 is identical to 200.
&#13;
C:\projetos\sistema\backend\vendor\laravel\framework\src\Illuminate\Testing\TestResponseAssert.php:45
C:\projetos\sistema\backend\vendor\laravel\framework\src\Illuminate\Testing\TestResponse.php:174
C:\projetos\sistema\backend\vendor\laravel\framework\src\Illuminate\Testing\Concerns\AssertsStatusCodes.php:16
C:\projetos\sistema\backend\tests\Feature\CommissionDashboardTest.php:46</failure>
        </testcase>
        <testcase name="test_commission_dashboard_ranking" file="C:\projetos\sistema\backend\tests\Feature\CommissionDashboardTest.php" line="54" class="Tests\Feature\CommissionDashboardTest" classname="Tests.Feature.CommissionDashboardTest" assertions="1" time="0.089893">
          <failure type="PHPUnit\Framework\ExpectationFailedException">Tests\Feature\CommissionDashboardTest::test_commission_dashboard_ranking&#13;
Expected response status code [200] but received 404.
Failed asserting that 404 is identical to 200.
&#13;
C:\projetos\sistema\backend\vendor\laravel\framework\src\Illuminate\Testing\TestResponseAssert.php:45
C:\projetos\sistema\backend\vendor\laravel\framework\src\Illuminate\Testing\TestResponse.php:174
C:\projetos\sistema\backend\vendor\laravel\framework\src\Illuminate\Testing\Concerns\AssertsStatusCodes.php:16
C:\projetos\sistema\backend\tests\Feature\CommissionDashboardTest.php:57</failure>
        </testcase>
        <testcase name="test_commission_dashboard_evolution" file="C:\projetos\sistema\backend\tests\Feature\CommissionDashboardTest.php" line="63" class="Tests\Feature\CommissionDashboardTest" classname="Tests.Feature.CommissionDashboardTest" assertions="1" time="0.079580">
          <failure type="PHPUnit\Framework\ExpectationFailedException">Tests\Feature\CommissionDashboardTest::test_commission_dashboard_evolution&#13;
Expected response status code [200] but received 404.
Failed asserting that 404 is identical to 200.
&#13;
C:\projetos\sistema\backend\vendor\laravel\framework\src\Illuminate\Testing\TestResponseAssert.php:45
C:\projetos\sistema\backend\vendor\laravel\framework\src\Illuminate\Testing\TestResponse.php:174
C:\projetos\sistema\backend\vendor\laravel\framework\src\Illuminate\Testing\Concerns\AssertsStatusCodes.php:16
C:\projetos\sistema\backend\tests\Feature\CommissionDashboardTest.php:66</failure>
        </testcase>
        <testcase name="test_commission_dashboard_by_rule" file="C:\projetos\sistema\backend\tests\Feature\CommissionDashboardTest.php" line="72" class="Tests\Feature\CommissionDashboardTest" classname="Tests.Feature.CommissionDashboardTest" assertions="1" time="0.100866">
          <failure type="PHPUnit\Framework\ExpectationFailedException">Tests\Feature\CommissionDashboardTest::test_commission_dashboard_by_rule&#13;
Expected response status code [200] but received 404.
Failed asserting that 404 is identical to 200.
&#13;
C:\projetos\sistema\backend\vendor\laravel\framework\src\Illuminate\Testing\TestResponseAssert.php:45
C:\projetos\sistema\backend\vendor\laravel\framework\src\Illuminate\Testing\TestResponse.php:174
C:\projetos\sistema\backend\vendor\laravel\framework\src\Illuminate\Testing\Concerns\AssertsStatusCodes.php:16
C:\projetos\sistema\backend\tests\Feature\CommissionDashboardTest.php:75</failure>
        </testcase>
        <testcase name="test_commission_dashboard_by_role" file="C:\projetos\sistema\backend\tests\Feature\CommissionDashboardTest.php" line="78" class="Tests\Feature\CommissionDashboardTest" classname="Tests.Feature.CommissionDashboardTest" assertions="1" time="0.060015">
          <failure type="PHPUnit\Framework\ExpectationFailedException">Tests\Feature\CommissionDashboardTest::test_commission_dashboard_by_role&#13;
Expected response status code [200] but received 404.
Failed asserting that 404 is identical to 200.
&#13;
C:\projetos\sistema\backend\vendor\laravel\framework\src\Illuminate\Testing\TestResponseAssert.php:45
C:\projetos\sistema\backend\vendor\laravel\framework\src\Illuminate\Testing\TestResponse.php:174
C:\projetos\sistema\backend\vendor\laravel\framework\src\Illuminate\Testing\Concerns\AssertsStatusCodes.php:16
C:\projetos\sistema\backend\tests\Feature\CommissionDashboardTest.php:81</failure>
        </testcase>
      </testsuite>
      <testsuite name="Tests\Feature\CommissionGoalDisputeTest" file="C:\projetos\sistema\backend\tests\Feature\CommissionGoalDisputeTest.php" tests="9" assertions="9" errors="0" failures="9" skipped="0" time="0.691230">
        <testcase name="test_goals_index_returns_list" file="C:\projetos\sistema\backend\tests\Feature\CommissionGoalDisputeTest.php" line="46" class="Tests\Feature\CommissionGoalDisputeTest" classname="Tests.Feature.CommissionGoalDisputeTest" assertions="1" time="0.072101">
          <failure type="PHPUnit\Framework\ExpectationFailedException">Tests\Feature\CommissionGoalDisputeTest::test_goals_index_returns_list&#13;
Expected response status code [200] but received 404.
Failed asserting that 404 is identical to 200.
&#13;
C:\projetos\sistema\backend\vendor\laravel\framework\src\Illuminate\Testing\TestResponseAssert.php:45
C:\projetos\sistema\backend\vendor\laravel\framework\src\Illuminate\Testing\TestResponse.php:174
C:\projetos\sistema\backend\vendor\laravel\framework\src\Illuminate\Testing\Concerns\AssertsStatusCodes.php:16
C:\projetos\sistema\backend\tests\Feature\CommissionGoalDisputeTest.php:49</failure>
        </testcase>
        <testcase name="test_create_goal_with_valid_data" file="C:\projetos\sistema\backend\tests\Feature\CommissionGoalDisputeTest.php" line="52" class="Tests\Feature\CommissionGoalDisputeTest" classname="Tests.Feature.CommissionGoalDisputeTest" assertions="1" time="0.096988">
          <failure type="PHPUnit\Framework\ExpectationFailedException">Tests\Feature\CommissionGoalDisputeTest::test_create_goal_with_valid_data&#13;
Expected response status code [201] but received 404.
Failed asserting that 404 is identical to 201.
&#13;
C:\projetos\sistema\backend\vendor\laravel\framework\src\Illuminate\Testing\TestResponseAssert.php:45
C:\projetos\sistema\backend\vendor\laravel\framework\src\Illuminate\Testing\TestResponse.php:174
C:\projetos\sistema\backend\vendor\laravel\framework\src\Illuminate\Testing\Concerns\AssertsStatusCodes.php:26
C:\projetos\sistema\backend\tests\Feature\CommissionGoalDisputeTest.php:64</failure>
        </testcase>
        <testcase name="test_create_goal_rejects_duplicate_user_period" file="C:\projetos\sistema\backend\tests\Feature\CommissionGoalDisputeTest.php" line="67" class="Tests\Feature\CommissionGoalDisputeTest" classname="Tests.Feature.CommissionGoalDisputeTest" assertions="1" time="0.094676">
          <failure type="PHPUnit\Framework\ExpectationFailedException">Tests\Feature\CommissionGoalDisputeTest::test_create_goal_rejects_duplicate_user_period&#13;
Expected response status code [422] but received 404.
Failed asserting that 404 is identical to 422.
&#13;
C:\projetos\sistema\backend\vendor\laravel\framework\src\Illuminate\Testing\TestResponseAssert.php:45
C:\projetos\sistema\backend\vendor\laravel\framework\src\Illuminate\Testing\TestResponse.php:174
C:\projetos\sistema\backend\tests\Feature\CommissionGoalDisputeTest.php:89</failure>
        </testcase>
        <testcase name="test_create_goal_validates_period_format" file="C:\projetos\sistema\backend\tests\Feature\CommissionGoalDisputeTest.php" line="92" class="Tests\Feature\CommissionGoalDisputeTest" classname="Tests.Feature.CommissionGoalDisputeTest" assertions="1" time="0.070100">
          <failure type="PHPUnit\Framework\ExpectationFailedException">Tests\Feature\CommissionGoalDisputeTest::test_create_goal_validates_period_format&#13;
Expected response status code [422] but received 404.
Failed asserting that 404 is identical to 422.
&#13;
C:\projetos\sistema\backend\vendor\laravel\framework\src\Illuminate\Testing\TestResponseAssert.php:45
C:\projetos\sistema\backend\vendor\laravel\framework\src\Illuminate\Testing\TestResponse.php:174
C:\projetos\sistema\backend\tests\Feature\CommissionGoalDisputeTest.php:100</failure>
        </testcase>
        <testcase name="test_update_goal" file="C:\projetos\sistema\backend\tests\Feature\CommissionGoalDisputeTest.php" line="103" class="Tests\Feature\CommissionGoalDisputeTest" classname="Tests.Feature.CommissionGoalDisputeTest" assertions="1" time="0.086598">
          <failure type="PHPUnit\Framework\ExpectationFailedException">Tests\Feature\CommissionGoalDisputeTest::test_update_goal&#13;
Expected response status code [200] but received 404.
Failed asserting that 404 is identical to 200.
&#13;
C:\projetos\sistema\backend\vendor\laravel\framework\src\Illuminate\Testing\TestResponseAssert.php:45
C:\projetos\sistema\backend\vendor\laravel\framework\src\Illuminate\Testing\TestResponse.php:174
C:\projetos\sistema\backend\vendor\laravel\framework\src\Illuminate\Testing\Concerns\AssertsStatusCodes.php:16
C:\projetos\sistema\backend\tests\Feature\CommissionGoalDisputeTest.php:121</failure>
        </testcase>
        <testcase name="test_refresh_achievement_recalculates" file="C:\projetos\sistema\backend\tests\Feature\CommissionGoalDisputeTest.php" line="124" class="Tests\Feature\CommissionGoalDisputeTest" classname="Tests.Feature.CommissionGoalDisputeTest" assertions="1" time="0.062261">
          <failure type="PHPUnit\Framework\ExpectationFailedException">Tests\Feature\CommissionGoalDisputeTest::test_refresh_achievement_recalculates&#13;
Expected response status code [200] but received 404.
Failed asserting that 404 is identical to 200.
&#13;
C:\projetos\sistema\backend\vendor\laravel\framework\src\Illuminate\Testing\TestResponseAssert.php:45
C:\projetos\sistema\backend\vendor\laravel\framework\src\Illuminate\Testing\TestResponse.php:174
C:\projetos\sistema\backend\vendor\laravel\framework\src\Illuminate\Testing\Concerns\AssertsStatusCodes.php:16
C:\projetos\sistema\backend\tests\Feature\CommissionGoalDisputeTest.php:140</failure>
        </testcase>
        <testcase name="test_delete_goal" file="C:\projetos\sistema\backend\tests\Feature\CommissionGoalDisputeTest.php" line="146" class="Tests\Feature\CommissionGoalDisputeTest" classname="Tests.Feature.CommissionGoalDisputeTest" assertions="1" time="0.071810">
          <failure type="PHPUnit\Framework\ExpectationFailedException">Tests\Feature\CommissionGoalDisputeTest::test_delete_goal&#13;
Expected response status code [204] but received 404.
Failed asserting that 404 is identical to 204.
&#13;
C:\projetos\sistema\backend\vendor\laravel\framework\src\Illuminate\Testing\TestResponseAssert.php:45
C:\projetos\sistema\backend\vendor\laravel\framework\src\Illuminate\Testing\TestResponse.php:174
C:\projetos\sistema\backend\vendor\laravel\framework\src\Illuminate\Testing\Concerns\AssertsStatusCodes.php:47
C:\projetos\sistema\backend\tests\Feature\CommissionGoalDisputeTest.php:161</failure>
        </testcase>
        <testcase name="test_disputes_index_returns_list" file="C:\projetos\sistema\backend\tests\Feature\CommissionGoalDisputeTest.php" line="166" class="Tests\Feature\CommissionGoalDisputeTest" classname="Tests.Feature.CommissionGoalDisputeTest" assertions="1" time="0.064038">
          <failure type="PHPUnit\Framework\ExpectationFailedException">Tests\Feature\CommissionGoalDisputeTest::test_disputes_index_returns_list&#13;
Expected response status code [200] but received 404.
Failed asserting that 404 is identical to 200.
&#13;
C:\projetos\sistema\backend\vendor\laravel\framework\src\Illuminate\Testing\TestResponseAssert.php:45
C:\projetos\sistema\backend\vendor\laravel\framework\src\Illuminate\Testing\TestResponse.php:174
C:\projetos\sistema\backend\vendor\laravel\framework\src\Illuminate\Testing\Concerns\AssertsStatusCodes.php:16
C:\projetos\sistema\backend\tests\Feature\CommissionGoalDisputeTest.php:169</failure>
        </testcase>
        <testcase name="test_disputes_filter_by_status" file="C:\projetos\sistema\backend\tests\Feature\CommissionGoalDisputeTest.php" line="172" class="Tests\Feature\CommissionGoalDisputeTest" classname="Tests.Feature.CommissionGoalDisputeTest" assertions="1" time="0.072658">
          <failure type="PHPUnit\Framework\ExpectationFailedException">Tests\Feature\CommissionGoalDisputeTest::test_disputes_filter_by_status&#13;
Expected response status code [200] but received 404.
Failed asserting that 404 is identical to 200.
&#13;
C:\projetos\sistema\backend\vendor\laravel\framework\src\Illuminate\Testing\TestResponseAssert.php:45
C:\projetos\sistema\backend\vendor\laravel\framework\src\Illuminate\Testing\TestResponse.php:174
C:\projetos\sistema\backend\vendor\laravel\framework\src\Illuminate\Testing\Concerns\AssertsStatusCodes.php:16
C:\projetos\sistema\backend\tests\Feature\CommissionGoalDisputeTest.php:175</failure>
        </testcase>
      </testsuite>
      <testsuite name="Tests\Feature\CommissionGoalProfessionalTest" file="C:\projetos\sistema\backend\tests\Feature\CommissionGoalProfessionalTest.php" tests="9" assertions="9" errors="0" failures="9" skipped="0" time="0.842850">
        <testcase name="test_create_goal_returns_201_and_persists" file="C:\projetos\sistema\backend\tests\Feature\CommissionGoalProfessionalTest.php" line="47" class="Tests\Feature\CommissionGoalProfessionalTest" classname="Tests.Feature.CommissionGoalProfessionalTest" assertions="1" time="0.073059">
          <failure type="PHPUnit\Framework\ExpectationFailedException">Tests\Feature\CommissionGoalProfessionalTest::test_create_goal_returns_201_and_persists&#13;
Expected response status code [201] but received 404.
Failed asserting that 404 is identical to 201.
&#13;
C:\projetos\sistema\backend\vendor\laravel\framework\src\Illuminate\Testing\TestResponseAssert.php:45
C:\projetos\sistema\backend\vendor\laravel\framework\src\Illuminate\Testing\TestResponse.php:174
C:\projetos\sistema\backend\tests\Feature\CommissionGoalProfessionalTest.php:59</failure>
        </testcase>
        <testcase name="test_create_goal_rejects_duplicate_user_period" file="C:\projetos\sistema\backend\tests\Feature\CommissionGoalProfessionalTest.php" line="69" class="Tests\Feature\CommissionGoalProfessionalTest" classname="Tests.Feature.CommissionGoalProfessionalTest" assertions="1" time="0.061177">
          <failure type="PHPUnit\Framework\ExpectationFailedException">Tests\Feature\CommissionGoalProfessionalTest::test_create_goal_rejects_duplicate_user_period&#13;
Expected response status code [422] but received 404.
Failed asserting that 404 is identical to 422.
&#13;
C:\projetos\sistema\backend\vendor\laravel\framework\src\Illuminate\Testing\TestResponseAssert.php:45
C:\projetos\sistema\backend\vendor\laravel\framework\src\Illuminate\Testing\TestResponse.php:174
C:\projetos\sistema\backend\tests\Feature\CommissionGoalProfessionalTest.php:89</failure>
        </testcase>
        <testcase name="test_create_goal_validates_period_format" file="C:\projetos\sistema\backend\tests\Feature\CommissionGoalProfessionalTest.php" line="92" class="Tests\Feature\CommissionGoalProfessionalTest" classname="Tests.Feature.CommissionGoalProfessionalTest" assertions="1" time="0.063629">
          <failure type="PHPUnit\Framework\ExpectationFailedException">Tests\Feature\CommissionGoalProfessionalTest::test_create_goal_validates_period_format&#13;
Expected response status code [422] but received 404.
Failed asserting that 404 is identical to 422.
&#13;
C:\projetos\sistema\backend\vendor\laravel\framework\src\Illuminate\Testing\TestResponseAssert.php:45
C:\projetos\sistema\backend\vendor\laravel\framework\src\Illuminate\Testing\TestResponse.php:174
C:\projetos\sistema\backend\tests\Feature\CommissionGoalProfessionalTest.php:100</failure>
        </testcase>
        <testcase name="test_update_goal_persists_new_target" file="C:\projetos\sistema\backend\tests\Feature\CommissionGoalProfessionalTest.php" line="104" class="Tests\Feature\CommissionGoalProfessionalTest" classname="Tests.Feature.CommissionGoalProfessionalTest" assertions="1" time="0.103392">
          <failure type="PHPUnit\Framework\ExpectationFailedException">Tests\Feature\CommissionGoalProfessionalTest::test_update_goal_persists_new_target&#13;
Expected response status code [200] but received 404.
Failed asserting that 404 is identical to 200.
&#13;
C:\projetos\sistema\backend\vendor\laravel\framework\src\Illuminate\Testing\TestResponseAssert.php:45
C:\projetos\sistema\backend\vendor\laravel\framework\src\Illuminate\Testing\TestResponse.php:174
C:\projetos\sistema\backend\vendor\laravel\framework\src\Illuminate\Testing\Concerns\AssertsStatusCodes.php:16
C:\projetos\sistema\backend\tests\Feature\CommissionGoalProfessionalTest.php:122</failure>
        </testcase>
        <testcase name="test_delete_goal_removes_record" file="C:\projetos\sistema\backend\tests\Feature\CommissionGoalProfessionalTest.php" line="130" class="Tests\Feature\CommissionGoalProfessionalTest" classname="Tests.Feature.CommissionGoalProfessionalTest" assertions="1" time="0.082325">
          <failure type="PHPUnit\Framework\ExpectationFailedException">Tests\Feature\CommissionGoalProfessionalTest::test_delete_goal_removes_record&#13;
Expected response status code [204] but received 404.
Failed asserting that 404 is identical to 204.
&#13;
C:\projetos\sistema\backend\vendor\laravel\framework\src\Illuminate\Testing\TestResponseAssert.php:45
C:\projetos\sistema\backend\vendor\laravel\framework\src\Illuminate\Testing\TestResponse.php:174
C:\projetos\sistema\backend\vendor\laravel\framework\src\Illuminate\Testing\Concerns\AssertsStatusCodes.php:47
C:\projetos\sistema\backend\tests\Feature\CommissionGoalProfessionalTest.php:145</failure>
        </testcase>
        <testcase name="test_list_goals_returns_data" file="C:\projetos\sistema\backend\tests\Feature\CommissionGoalProfessionalTest.php" line="150" class="Tests\Feature\CommissionGoalProfessionalTest" classname="Tests.Feature.CommissionGoalProfessionalTest" assertions="1" time="0.099142">
          <failure type="PHPUnit\Framework\ExpectationFailedException">Tests\Feature\CommissionGoalProfessionalTest::test_list_goals_returns_data&#13;
Expected response status code [200] but received 404.
Failed asserting that 404 is identical to 200.
&#13;
C:\projetos\sistema\backend\vendor\laravel\framework\src\Illuminate\Testing\TestResponseAssert.php:45
C:\projetos\sistema\backend\vendor\laravel\framework\src\Illuminate\Testing\TestResponse.php:174
C:\projetos\sistema\backend\vendor\laravel\framework\src\Illuminate\Testing\Concerns\AssertsStatusCodes.php:16
C:\projetos\sistema\backend\tests\Feature\CommissionGoalProfessionalTest.php:153</failure>
        </testcase>
        <testcase name="test_refresh_achievement_recalculates_amount" file="C:\projetos\sistema\backend\tests\Feature\CommissionGoalProfessionalTest.php" line="158" class="Tests\Feature\CommissionGoalProfessionalTest" classname="Tests.Feature.CommissionGoalProfessionalTest" assertions="1" time="0.107131">
          <failure type="PHPUnit\Framework\ExpectationFailedException">Tests\Feature\CommissionGoalProfessionalTest::test_refresh_achievement_recalculates_amount&#13;
Expected response status code [200] but received 404.
Failed asserting that 404 is identical to 200.
&#13;
C:\projetos\sistema\backend\vendor\laravel\framework\src\Illuminate\Testing\TestResponseAssert.php:45
C:\projetos\sistema\backend\vendor\laravel\framework\src\Illuminate\Testing\TestResponse.php:174
C:\projetos\sistema\backend\vendor\laravel\framework\src\Illuminate\Testing\Concerns\AssertsStatusCodes.php:16
C:\projetos\sistema\backend\tests\Feature\CommissionGoalProfessionalTest.php:174</failure>
        </testcase>
        <testcase name="test_disputes_index_returns_list" file="C:\projetos\sistema\backend\tests\Feature\CommissionGoalProfessionalTest.php" line="182" class="Tests\Feature\CommissionGoalProfessionalTest" classname="Tests.Feature.CommissionGoalProfessionalTest" assertions="1" time="0.157184">
          <failure type="PHPUnit\Framework\ExpectationFailedException">Tests\Feature\CommissionGoalProfessionalTest::test_disputes_index_returns_list&#13;
Expected response status code [200] but received 404.
Failed asserting that 404 is identical to 200.
&#13;
C:\projetos\sistema\backend\vendor\laravel\framework\src\Illuminate\Testing\TestResponseAssert.php:45
C:\projetos\sistema\backend\vendor\laravel\framework\src\Illuminate\Testing\TestResponse.php:174
C:\projetos\sistema\backend\vendor\laravel\framework\src\Illuminate\Testing\Concerns\AssertsStatusCodes.php:16
C:\projetos\sistema\backend\tests\Feature\CommissionGoalProfessionalTest.php:185</failure>
        </testcase>
        <testcase name="test_disputes_filter_by_status" file="C:\projetos\sistema\backend\tests\Feature\CommissionGoalProfessionalTest.php" line="188" class="Tests\Feature\CommissionGoalProfessionalTest" classname="Tests.Feature.CommissionGoalProfessionalTest" assertions="1" time="0.095811">
          <failure type="PHPUnit\Framework\ExpectationFailedException">Tests\Feature\CommissionGoalProfessionalTest::test_disputes_filter_by_status&#13;
Expected response status code [200] but received 404.
Failed asserting that 404 is identical to 200.
&#13;
C:\projetos\sistema\backend\vendor\laravel\framework\src\Illuminate\Testing\TestResponseAssert.php:45
C:\projetos\sistema\backend\vendor\laravel\framework\src\Illuminate\Testing\TestResponse.php:174
C:\projetos\sistema\backend\vendor\laravel\framework\src\Illuminate\Testing\Concerns\AssertsStatusCodes.php:16
C:\projetos\sistema\backend\tests\Feature\CommissionGoalProfessionalTest.php:191</failure>
        </testcase>
      </testsuite>
      <testsuite name="Tests\Feature\CommissionTest" file="C:\projetos\sistema\backend\tests\Feature\CommissionTest.php" tests="11" assertions="41" errors="0" failures="0" skipped="0" time="1.101243">
        <testcase name="test_store_rule_rejects_user_from_other_tenant" file="C:\projetos\sistema\backend\tests\Feature\CommissionTest.php" line="44" class="Tests\Feature\CommissionTest" classname="Tests.Feature.CommissionTest" assertions="3" time="0.125156"/>
        <testcase name="test_close_settlement_rejects_user_from_other_tenant" file="C:\projetos\sistema\backend\tests\Feature\CommissionTest.php" line="62" class="Tests\Feature\CommissionTest" classname="Tests.Feature.CommissionTest" assertions="3" time="0.087195"/>
        <testcase name="test_work_order_completed_generates_commission_events_from_active_rules" file="C:\projetos\sistema\backend\tests\Feature\CommissionTest.php" line="78" class="Tests\Feature\CommissionTest" classname="Tests.Feature.CommissionTest" assertions="2" time="0.146657"/>
        <testcase name="test_commission_settlement_close_and_pay_have_consistent_status_flow" file="C:\projetos\sistema\backend\tests\Feature\CommissionTest.php" line="119" class="Tests\Feature\CommissionTest" classname="Tests.Feature.CommissionTest" assertions="7" time="0.121858"/>
        <testcase name="test_commission_events_accept_os_number_filter" file="C:\projetos\sistema\backend\tests\Feature\CommissionTest.php" line="179" class="Tests\Feature\CommissionTest" classname="Tests.Feature.CommissionTest" assertions="3" time="0.112804"/>
        <testcase name="test_commission_disputes_accept_os_number_filter_and_return_identifier" file="C:\projetos\sistema\backend\tests\Feature\CommissionTest.php" line="236" class="Tests\Feature\CommissionTest" classname="Tests.Feature.CommissionTest" assertions="3" time="0.085861"/>
        <testcase name="test_reopen_settlement_reverts_approved_events_to_pending" file="C:\projetos\sistema\backend\tests\Feature\CommissionTest.php" line="313" class="Tests\Feature\CommissionTest" classname="Tests.Feature.CommissionTest" assertions="4" time="0.080248"/>
        <testcase name="test_batch_update_status_validates_transitions" file="C:\projetos\sistema\backend\tests\Feature\CommissionTest.php" line="368" class="Tests\Feature\CommissionTest" classname="Tests.Feature.CommissionTest" assertions="5" time="0.071982"/>
        <testcase name="test_update_event_status_rejects_invalid_transition" file="C:\projetos\sistema\backend\tests\Feature\CommissionTest.php" line="428" class="Tests\Feature\CommissionTest" classname="Tests.Feature.CommissionTest" assertions="5" time="0.113047"/>
        <testcase name="test_simulate_applies_campaign_multiplier" file="C:\projetos\sistema\backend\tests\Feature\CommissionTest.php" line="483" class="Tests\Feature\CommissionTest" classname="Tests.Feature.CommissionTest" assertions="5" time="0.081069"/>
        <testcase name="test_commission_percent_net_only_deducts_expenses_affecting_net_value" file="C:\projetos\sistema\backend\tests\Feature\CommissionTest.php" line="535" class="Tests\Feature\CommissionTest" classname="Tests.Feature.CommissionTest" assertions="1" time="0.075366"/>
      </testsuite>
      <testsuite name="Tests\Feature\Console\CheckExpiredQuotesTest" file="C:\projetos\sistema\backend\tests\Feature\Console\CheckExpiredQuotesTest.php" tests="1" assertions="6" errors="0" failures="0" skipped="0" time="0.137719">
        <testcase name="test_check_expired_quotes_command_updates_status_and_logs_audit" file="C:\projetos\sistema\backend\tests\Feature\Console\CheckExpiredQuotesTest.php" line="16" class="Tests\Feature\Console\CheckExpiredQuotesTest" classname="Tests.Feature.Console.CheckExpiredQuotesTest" assertions="6" time="0.137719"/>
      </testsuite>
      <testsuite name="Tests\Feature\CrmExtendedTest" file="C:\projetos\sistema\backend\tests\Feature\CrmExtendedTest.php" tests="11" assertions="5" errors="6" failures="1" skipped="0" time="0.457092">
        <testcase name="test_crm_dashboard_returns_metrics" file="C:\projetos\sistema\backend\tests\Feature\CrmExtendedTest.php" line="51" class="Tests\Feature\CrmExtendedTest" classname="Tests.Feature.CrmExtendedTest" assertions="1" time="0.074129"/>
        <testcase name="test_crm_constants_returns_enums" file="C:\projetos\sistema\backend\tests\Feature\CrmExtendedTest.php" line="57" class="Tests\Feature\CrmExtendedTest" classname="Tests.Feature.CrmExtendedTest" assertions="1" time="0.083673"/>
        <testcase name="test_deals_index_returns_paginated_list" file="C:\projetos\sistema\backend\tests\Feature\CrmExtendedTest.php" line="65" class="Tests\Feature\CrmExtendedTest" classname="Tests.Feature.CrmExtendedTest" assertions="1" time="0.104067"/>
        <testcase name="test_create_deal_with_valid_data" file="C:\projetos\sistema\backend\tests\Feature\CrmExtendedTest.php" line="71" class="Tests\Feature\CrmExtendedTest" classname="Tests.Feature.CrmExtendedTest" assertions="1" time="0.106959"/>
        <testcase name="test_deal_mark_won" file="C:\projetos\sistema\backend\tests\Feature\CrmExtendedTest.php" line="90" class="Tests\Feature\CrmExtendedTest" classname="Tests.Feature.CrmExtendedTest" assertions="1" time="0.088264">
          <failure type="PHPUnit\Framework\ExpectationFailedException">Tests\Feature\CrmExtendedTest::test_deal_mark_won&#13;
Expected response status code [200] but received 500.
Failed asserting that 500 is identical to 200.&#13;
&#13;
The following exception occurred during the last request:

Error: Call to a member function stages() on null in C:\projetos\sistema\backend\app\Models\CrmDeal.php:85
Stack trace:
#0 C:\projetos\sistema\backend\app\Http\Controllers\Api\V1\CrmController.php(451): App\Models\CrmDeal-&gt;markAsWon()
#1 C:\projetos\sistema\backend\vendor\laravel\framework\src\Illuminate\Routing\ControllerDispatcher.php(46): App\Http\Controllers\Api\V1\CrmController-&gt;dealsMarkWon(Object(Illuminate\Http\Request), Object(App\Models\CrmDeal))
#2 C:\projetos\sistema\backend\vendor\laravel\framework\src\Illuminate\Routing\Route.php(265): Illuminate\Routing\ControllerDispatcher-&gt;dispatch(Object(Illuminate\Routing\Route), Object(App\Http\Controllers\Api\V1\CrmController), 'dealsMarkWon')
#3 C:\projetos\sistema\backend\vendor\laravel\framework\src\Illuminate\Routing\Route.php(211): Illuminate\Routing\Route-&gt;runController()
#4 C:\projetos\sistema\backend\vendor\laravel\framework\src\Illuminate\Routing\Router.php(822): Illuminate\Routing\Route-&gt;run()
#5 C:\projetos\sistema\backend\vendor\laravel\framework\src\Illuminate\Pipeline\Pipeline.php(180): Illuminate\Routing\Router-&gt;Illuminate\Routing\{closure}(Object(Illuminate\Http\Request))
#6 C:\projetos\sistema\backend\vendor\laravel\framework\src\Illuminate\Foundation\Testing\Concerns\MakesHttpRequests.php(202): Illuminate\Pipeline\Pipeline-&gt;Illuminate\Pipeline\{closure}(Object(Illuminate\Http\Request))
#7 C:\projetos\sistema\backend\vendor\laravel\framework\src\Illuminate\Pipeline\Pipeline.php(219): class@anonymous-&gt;handle(Object(Illuminate\Http\Request), Object(Closure), 'crm.deal.update')
#8 C:\projetos\sistema\backend\vendor\laravel\framework\src\Illuminate\Foundation\Testing\Concerns\MakesHttpRequests.php(202): Illuminate\Pipeline\Pipeline-&gt;Illuminate\Pipeline\{closure}(Object(Illuminate\Http\Request))
#9 C:\projetos\sistema\backend\vendor\laravel\framework\src\Illuminate\Pipeline\Pipeline.php(219): class@anonymous-&gt;handle(Object(Illuminate\Http\Request), Object(Closure))
#10 C:\projetos\sistema\backend\vendor\laravel\framework\src\Illuminate\Routing\Middleware\SubstituteBindings.php(50): Illuminate\Pipeline\Pipeline-&gt;Illuminate\Pipeline\{closure}(Object(Illuminate\Http\Request))
#11 C:\projetos\sistema\backend\vendor\laravel\framework\src\Illuminate\Pipeline\Pipeline.php(219): Illuminate\Routing\Middleware\SubstituteBindings-&gt;handle(Object(Illuminate\Http\Request), Object(Closure))
#12 C:\projetos\sistema\backend\vendor\laravel\framework\src\Illuminate\Auth\Middleware\Authenticate.php(63): Illuminate\Pipeline\Pipeline-&gt;Illuminate\Pipeline\{closure}(Object(Illuminate\Http\Request))
#13 C:\projetos\sistema\backend\vendor\laravel\framework\src\Illuminate\Pipeline\Pipeline.php(219): Illuminate\Auth\Middleware\Authenticate-&gt;handle(Object(Illuminate\Http\Request), Object(Closure), 'sanctum')
#14 C:\projetos\sistema\backend\vendor\laravel\framework\src\Illuminate\Pipeline\Pipeline.php(137): Illuminate\Pipeline\Pipeline-&gt;Illuminate\Pipeline\{closure}(Object(Illuminate\Http\Request))
#15 C:\projetos\sistema\backend\vendor\laravel\framework\src\Illuminate\Routing\Router.php(821): Illuminate\Pipeline\Pipeline-&gt;then(Object(Closure))
#16 C:\projetos\sistema\backend\vendor\laravel\framework\src\Illuminate\Routing\Router.php(800): Illuminate\Routing\Router-&gt;runRouteWithinStack(Object(Illuminate\Routing\Route), Object(Illuminate\Http\Request))
#17 C:\projetos\sistema\backend\vendor\laravel\framework\src\Illuminate\Routing\Router.php(764): Illuminate\Routing\Router-&gt;runRoute(Object(Illuminate\Http\Request), Object(Illuminate\Routing\Route))
#18 C:\projetos\sistema\backend\vendor\laravel\framework\src\Illuminate\Routing\Router.php(753): Illuminate\Routing\Router-&gt;dispatchToRoute(Object(Illuminate\Http\Request))
#19 C:\projetos\sistema\backend\vendor\laravel\framework\src\Illuminate\Foundation\Http\Kernel.php(200): Illuminate\Routing\Router-&gt;dispatch(Object(Illuminate\Http\Request))
#20 C:\projetos\sistema\backend\vendor\laravel\framework\src\Illuminate\Pipeline\Pipeline.php(180): Illuminate\Foundation\Http\Kernel-&gt;Illuminate\Foundation\Http\{closure}(Object(Illuminate\Http\Request))
#21 C:\projetos\sistema\backend\vendor\laravel\framework\src\Illuminate\Foundation\Http\Middleware\TransformsRequest.php(21): Illuminate\Pipeline\Pipeline-&gt;Illuminate\Pipeline\{closure}(Object(Illuminate\Http\Request))
#22 C:\projetos\sistema\backend\vendor\laravel\framework\src\Illuminate\Foundation\Http\Middleware\ConvertEmptyStringsToNull.php(31): Illuminate\Foundation\Http\Middleware\TransformsRequest-&gt;handle(Object(Illuminate\Http\Request), Object(Closure))
#23 C:\projetos\sistema\backend\vendor\laravel\framework\src\Illuminate\Pipeline\Pipeline.php(219): Illuminate\Foundation\Http\Middleware\ConvertEmptyStringsToNull-&gt;handle(Object(Illuminate\Http\Request), Object(Closure))
#24 C:\projetos\sistema\backend\vendor\laravel\framework\src\Illuminate\Foundation\Http\Middleware\TransformsRequest.php(21): Illuminate\Pipeline\Pipeline-&gt;Illuminate\Pipeline\{closure}(Object(Illuminate\Http\Request))
#25 C:\projetos\sistema\backend\vendor\laravel\framework\src\Illuminate\Foundation\Http\Middleware\TrimStrings.php(51): Illuminate\Foundation\Http\Middleware\TransformsRequest-&gt;handle(Object(Illuminate\Http\Request), Object(Closure))
#26 C:\projetos\sistema\backend\vendor\laravel\framework\src\Illuminate\Pipeline\Pipeline.php(219): Illuminate\Foundation\Http\Middleware\TrimStrings-&gt;handle(Object(Illuminate\Http\Request), Object(Closure))
#27 C:\projetos\sistema\backend\vendor\laravel\framework\src\Illuminate\Http\Middleware\ValidatePostSize.php(27): Illuminate\Pipeline\Pipeline-&gt;Illuminate\Pipeline\{closure}(Object(Illuminate\Http\Request))
#28 C:\projetos\sistema\backend\vendor\laravel\framework\src\Illuminate\Pipeline\Pipeline.php(219): Illuminate\Http\Middleware\ValidatePostSize-&gt;handle(Object(Illuminate\Http\Request), Object(Closure))
#29 C:\projetos\sistema\backend\vendor\laravel\framework\src\Illuminate\Foundation\Http\Middleware\PreventRequestsDuringMaintenance.php(109): Illuminate\Pipeline\Pipeline-&gt;Illuminate\Pipeline\{closure}(Object(Illuminate\Http\Request))
#30 C:\projetos\sistema\backend\vendor\laravel\framework\src\Illuminate\Pipeline\Pipeline.php(219): Illuminate\Foundation\Http\Middleware\PreventRequestsDuringMaintenance-&gt;handle(Object(Illuminate\Http\Request), Object(Closure))
#31 C:\projetos\sistema\backend\vendor\laravel\framework\src\Illuminate\Http\Middleware\HandleCors.php(74): Illuminate\Pipeline\Pipeline-&gt;Illuminate\Pipeline\{closure}(Object(Illuminate\Http\Request))
#32 C:\projetos\sistema\backend\vendor\laravel\framework\src\Illuminate\Pipeline\Pipeline.php(219): Illuminate\Http\Middleware\HandleCors-&gt;handle(Object(Illuminate\Http\Request), Object(Closure))
#33 C:\projetos\sistema\backend\vendor\laravel\framework\src\Illuminate\Http\Middleware\TrustProxies.php(58): Illuminate\Pipeline\Pipeline-&gt;Illuminate\Pipeline\{closure}(Object(Illuminate\Http\Request))
#34 C:\projetos\sistema\backend\vendor\laravel\framework\src\Illuminate\Pipeline\Pipeline.php(219): Illuminate\Http\Middleware\TrustProxies-&gt;handle(Object(Illuminate\Http\Request), Object(Closure))
#35 C:\projetos\sistema\backend\vendor\laravel\framework\src\Illuminate\Foundation\Http\Middleware\InvokeDeferredCallbacks.php(22): Illuminate\Pipeline\Pipeline-&gt;Illuminate\Pipeline\{closure}(Object(Illuminate\Http\Request))
#36 C:\projetos\sistema\backend\vendor\laravel\framework\src\Illuminate\Pipeline\Pipeline.php(219): Illuminate\Foundation\Http\Middleware\InvokeDeferredCallbacks-&gt;handle(Object(Illuminate\Http\Request), Object(Closure))
#37 C:\projetos\sistema\backend\vendor\laravel\framework\src\Illuminate\Http\Middleware\ValidatePathEncoding.php(26): Illuminate\Pipeline\Pipeline-&gt;Illuminate\Pipeline\{closure}(Object(Illuminate\Http\Request))
#38 C:\projetos\sistema\backend\vendor\laravel\framework\src\Illuminate\Pipeline\Pipeline.php(219): Illuminate\Http\Middleware\ValidatePathEncoding-&gt;handle(Object(Illuminate\Http\Request), Object(Closure))
#39 C:\projetos\sistema\backend\vendor\laravel\framework\src\Illuminate\Pipeline\Pipeline.php(137): Illuminate\Pipeline\Pipeline-&gt;Illuminate\Pipeline\{closure}(Object(Illuminate\Http\Request))
#40 C:\projetos\sistema\backend\vendor\laravel\framework\src\Illuminate\Foundation\Http\Kernel.php(175): Illuminate\Pipeline\Pipeline-&gt;then(Object(Closure))
#41 C:\projetos\sistema\backend\vendor\laravel\framework\src\Illuminate\Foundation\Http\Kernel.php(144): Illuminate\Foundation\Http\Kernel-&gt;sendRequestThroughRouter(Object(Illuminate\Http\Request))
#42 C:\projetos\sistema\backend\vendor\laravel\framework\src\Illuminate\Foundation\Testing\Concerns\MakesHttpRequests.php(607): Illuminate\Foundation\Http\Kernel-&gt;handle(Object(Illuminate\Http\Request))
#43 C:\projetos\sistema\backend\vendor\laravel\framework\src\Illuminate\Foundation\Testing\Concerns\MakesHttpRequests.php(573): Illuminate\Foundation\Testing\TestCase-&gt;call('PUT', '/api/v1/crm/dea...', Array, Array, Array, Array, '[]')
#44 C:\projetos\sistema\backend\vendor\laravel\framework\src\Illuminate\Foundation\Testing\Concerns\MakesHttpRequests.php(441): Illuminate\Foundation\Testing\TestCase-&gt;json('PUT', '/api/v1/crm/dea...', Array, Array, 0)
#45 C:\projetos\sistema\backend\tests\Feature\CrmExtendedTest.php(97): Illuminate\Foundation\Testing\TestCase-&gt;putJson('/api/v1/crm/dea...')
#46 C:\projetos\sistema\backend\vendor\phpunit\phpunit\src\Framework\TestCase.php(1667): Tests\Feature\CrmExtendedTest-&gt;test_deal_mark_won()
#47 C:\projetos\sistema\backend\vendor\phpunit\phpunit\src\Framework\TestCase.php(519): PHPUnit\Framework\TestCase-&gt;runTest()
#48 C:\projetos\sistema\backend\vendor\phpunit\phpunit\src\Framework\TestRunner\TestRunner.php(87): PHPUnit\Framework\TestCase-&gt;runBare()
#49 C:\projetos\sistema\backend\vendor\phpunit\phpunit\src\Framework\TestCase.php(365): PHPUnit\Framework\TestRunner-&gt;run(Object(Tests\Feature\CrmExtendedTest))
#50 C:\projetos\sistema\backend\vendor\phpunit\phpunit\src\Framework\TestSuite.php(369): PHPUnit\Framework\TestCase-&gt;run()
#51 C:\projetos\sistema\backend\vendor\phpunit\phpunit\src\Framework\TestSuite.php(369): PHPUnit\Framework\TestSuite-&gt;run()
#52 C:\projetos\sistema\backend\vendor\phpunit\phpunit\src\Framework\TestSuite.php(369): PHPUnit\Framework\TestSuite-&gt;run()
#53 C:\projetos\sistema\backend\vendor\phpunit\phpunit\src\TextUI\TestRunner.php(64): PHPUnit\Framework\TestSuite-&gt;run()
#54 C:\projetos\sistema\backend\vendor\phpunit\phpunit\src\TextUI\Application.php(211): PHPUnit\TextUI\TestRunner-&gt;run(Object(PHPUnit\TextUI\Configuration\Configuration), Object(PHPUnit\Runner\ResultCache\DefaultResultCache), Object(PHPUnit\Framework\TestSuite))
#55 C:\projetos\sistema\backend\vendor\phpunit\phpunit\phpunit(104): PHPUnit\TextUI\Application-&gt;run(Array)
#56 {main}

----------------------------------------------------------------------------------

Call to a member function stages() on null
&#13;
C:\projetos\sistema\backend\vendor\laravel\framework\src\Illuminate\Testing\TestResponseAssert.php:45
C:\projetos\sistema\backend\vendor\laravel\framework\src\Illuminate\Testing\TestResponse.php:174
C:\projetos\sistema\backend\vendor\laravel\framework\src\Illuminate\Testing\Concerns\AssertsStatusCodes.php:16
C:\projetos\sistema\backend\tests\Feature\CrmExtendedTest.php:99</failure>
        </testcase>
        <testcase name="test_deal_mark_lost" file="C:\projetos\sistema\backend\tests\Feature\CrmExtendedTest.php" line="105" class="Tests\Feature\CrmExtendedTest" classname="Tests.Feature.CrmExtendedTest" assertions="0" time="0.000000">
          <error type="PDOException">Tests\Feature\CrmExtendedTest::test_deal_mark_lost&#13;
PDOException: There is already an active transaction
&#13;
C:\projetos\sistema\backend\vendor\laravel\framework\src\Illuminate\Database\SQLiteConnection.php:38
C:\projetos\sistema\backend\vendor\laravel\framework\src\Illuminate\Database\Concerns\ManagesTransactions.php:154
C:\projetos\sistema\backend\vendor\laravel\framework\src\Illuminate\Database\Concerns\ManagesTransactions.php:130
C:\projetos\sistema\backend\vendor\laravel\framework\src\Illuminate\Foundation\Testing\RefreshDatabase.php:147
C:\projetos\sistema\backend\vendor\laravel\framework\src\Illuminate\Foundation\Testing\RefreshDatabase.php:93
C:\projetos\sistema\backend\vendor\laravel\framework\src\Illuminate\Foundation\Testing\RefreshDatabase.php:25
C:\projetos\sistema\backend\vendor\laravel\framework\src\Illuminate\Foundation\Testing\Concerns\InteractsWithTestCaseLifecycle.php:217
C:\projetos\sistema\backend\vendor\laravel\framework\src\Illuminate\Foundation\Testing\Concerns\InteractsWithTestCaseLifecycle.php:101
C:\projetos\sistema\backend\vendor\laravel\framework\src\Illuminate\Foundation\Testing\TestCase.php:63
C:\projetos\sistema\backend\tests\Feature\CrmExtendedTest.php:29</error>
        </testcase>
        <testcase name="test_activities_index_returns_list" file="C:\projetos\sistema\backend\tests\Feature\CrmExtendedTest.php" line="124" class="Tests\Feature\CrmExtendedTest" classname="Tests.Feature.CrmExtendedTest" assertions="0" time="0.000000">
          <error type="PDOException">Tests\Feature\CrmExtendedTest::test_activities_index_returns_list&#13;
PDOException: There is already an active transaction
&#13;
C:\projetos\sistema\backend\vendor\laravel\framework\src\Illuminate\Database\SQLiteConnection.php:38
C:\projetos\sistema\backend\vendor\laravel\framework\src\Illuminate\Database\Concerns\ManagesTransactions.php:154
C:\projetos\sistema\backend\vendor\laravel\framework\src\Illuminate\Database\Concerns\ManagesTransactions.php:130
C:\projetos\sistema\backend\vendor\laravel\framework\src\Illuminate\Foundation\Testing\RefreshDatabase.php:147
C:\projetos\sistema\backend\vendor\laravel\framework\src\Illuminate\Foundation\Testing\RefreshDatabase.php:93
C:\projetos\sistema\backend\vendor\laravel\framework\src\Illuminate\Foundation\Testing\RefreshDatabase.php:25
C:\projetos\sistema\backend\vendor\laravel\framework\src\Illuminate\Foundation\Testing\Concerns\InteractsWithTestCaseLifecycle.php:217
C:\projetos\sistema\backend\vendor\laravel\framework\src\Illuminate\Foundation\Testing\Concerns\InteractsWithTestCaseLifecycle.php:101
C:\projetos\sistema\backend\vendor\laravel\framework\src\Illuminate\Foundation\Testing\TestCase.php:63
C:\projetos\sistema\backend\tests\Feature\CrmExtendedTest.php:29</error>
        </testcase>
        <testcase name="test_create_activity" file="C:\projetos\sistema\backend\tests\Feature\CrmExtendedTest.php" line="130" class="Tests\Feature\CrmExtendedTest" classname="Tests.Feature.CrmExtendedTest" assertions="0" time="0.000000">
          <error type="PDOException">Tests\Feature\CrmExtendedTest::test_create_activity&#13;
PDOException: There is already an active transaction
&#13;
C:\projetos\sistema\backend\vendor\laravel\framework\src\Illuminate\Database\SQLiteConnection.php:38
C:\projetos\sistema\backend\vendor\laravel\framework\src\Illuminate\Database\Concerns\ManagesTransactions.php:154
C:\projetos\sistema\backend\vendor\laravel\framework\src\Illuminate\Database\Concerns\ManagesTransactions.php:130
C:\projetos\sistema\backend\vendor\laravel\framework\src\Illuminate\Foundation\Testing\RefreshDatabase.php:147
C:\projetos\sistema\backend\vendor\laravel\framework\src\Illuminate\Foundation\Testing\RefreshDatabase.php:93
C:\projetos\sistema\backend\vendor\laravel\framework\src\Illuminate\Foundation\Testing\RefreshDatabase.php:25
C:\projetos\sistema\backend\vendor\laravel\framework\src\Illuminate\Foundation\Testing\Concerns\InteractsWithTestCaseLifecycle.php:217
C:\projetos\sistema\backend\vendor\laravel\framework\src\Illuminate\Foundation\Testing\Concerns\InteractsWithTestCaseLifecycle.php:101
C:\projetos\sistema\backend\vendor\laravel\framework\src\Illuminate\Foundation\Testing\TestCase.php:63
C:\projetos\sistema\backend\tests\Feature\CrmExtendedTest.php:29</error>
        </testcase>
        <testcase name="test_pipelines_index_returns_list" file="C:\projetos\sistema\backend\tests\Feature\CrmExtendedTest.php" line="149" class="Tests\Feature\CrmExtendedTest" classname="Tests.Feature.CrmExtendedTest" assertions="0" time="0.000000">
          <error type="PDOException">Tests\Feature\CrmExtendedTest::test_pipelines_index_returns_list&#13;
PDOException: There is already an active transaction
&#13;
C:\projetos\sistema\backend\vendor\laravel\framework\src\Illuminate\Database\SQLiteConnection.php:38
C:\projetos\sistema\backend\vendor\laravel\framework\src\Illuminate\Database\Concerns\ManagesTransactions.php:154
C:\projetos\sistema\backend\vendor\laravel\framework\src\Illuminate\Database\Concerns\ManagesTransactions.php:130
C:\projetos\sistema\backend\vendor\laravel\framework\src\Illuminate\Foundation\Testing\RefreshDatabase.php:147
C:\projetos\sistema\backend\vendor\laravel\framework\src\Illuminate\Foundation\Testing\RefreshDatabase.php:93
C:\projetos\sistema\backend\vendor\laravel\framework\src\Illuminate\Foundation\Testing\RefreshDatabase.php:25
C:\projetos\sistema\backend\vendor\laravel\framework\src\Illuminate\Foundation\Testing\Concerns\InteractsWithTestCaseLifecycle.php:217
C:\projetos\sistema\backend\vendor\laravel\framework\src\Illuminate\Foundation\Testing\Concerns\InteractsWithTestCaseLifecycle.php:101
C:\projetos\sistema\backend\vendor\laravel\framework\src\Illuminate\Foundation\Testing\TestCase.php:63
C:\projetos\sistema\backend\tests\Feature\CrmExtendedTest.php:29</error>
        </testcase>
        <testcase name="test_create_pipeline" file="C:\projetos\sistema\backend\tests\Feature\CrmExtendedTest.php" line="155" class="Tests\Feature\CrmExtendedTest" classname="Tests.Feature.CrmExtendedTest" assertions="0" time="0.000000">
          <error type="PDOException">Tests\Feature\CrmExtendedTest::test_create_pipeline&#13;
PDOException: There is already an active transaction
&#13;
C:\projetos\sistema\backend\vendor\laravel\framework\src\Illuminate\Database\SQLiteConnection.php:38
C:\projetos\sistema\backend\vendor\laravel\framework\src\Illuminate\Database\Concerns\ManagesTransactions.php:154
C:\projetos\sistema\backend\vendor\laravel\framework\src\Illuminate\Database\Concerns\ManagesTransactions.php:130
C:\projetos\sistema\backend\vendor\laravel\framework\src\Illuminate\Foundation\Testing\RefreshDatabase.php:147
C:\projetos\sistema\backend\vendor\laravel\framework\src\Illuminate\Foundation\Testing\RefreshDatabase.php:93
C:\projetos\sistema\backend\vendor\laravel\framework\src\Illuminate\Foundation\Testing\RefreshDatabase.php:25
C:\projetos\sistema\backend\vendor\laravel\framework\src\Illuminate\Foundation\Testing\Concerns\InteractsWithTestCaseLifecycle.php:217
C:\projetos\sistema\backend\vendor\laravel\framework\src\Illuminate\Foundation\Testing\Concerns\InteractsWithTestCaseLifecycle.php:101
C:\projetos\sistema\backend\vendor\laravel\framework\src\Illuminate\Foundation\Testing\TestCase.php:63
C:\projetos\sistema\backend\tests\Feature\CrmExtendedTest.php:29</error>
        </testcase>
        <testcase name="test_customer_360_returns_aggregated_data" file="C:\projetos\sistema\backend\tests\Feature\CrmExtendedTest.php" line="166" class="Tests\Feature\CrmExtendedTest" classname="Tests.Feature.CrmExtendedTest" assertions="0" time="0.000000">
          <error type="PDOException">Tests\Feature\CrmExtendedTest::test_customer_360_returns_aggregated_data&#13;
PDOException: There is already an active transaction
&#13;
C:\projetos\sistema\backend\vendor\laravel\framework\src\Illuminate\Database\SQLiteConnection.php:38
C:\projetos\sistema\backend\vendor\laravel\framework\src\Illuminate\Database\Concerns\ManagesTransactions.php:154
C:\projetos\sistema\backend\vendor\laravel\framework\src\Illuminate\Database\Concerns\ManagesTransactions.php:130
C:\projetos\sistema\backend\vendor\laravel\framework\src\Illuminate\Foundation\Testing\RefreshDatabase.php:147
C:\projetos\sistema\backend\vendor\laravel\framework\src\Illuminate\Foundation\Testing\RefreshDatabase.php:93
C:\projetos\sistema\backend\vendor\laravel\framework\src\Illuminate\Foundation\Testing\RefreshDatabase.php:25
C:\projetos\sistema\backend\vendor\laravel\framework\src\Illuminate\Foundation\Testing\Concerns\InteractsWithTestCaseLifecycle.php:217
C:\projetos\sistema\backend\vendor\laravel\framework\src\Illuminate\Foundation\Testing\Concerns\InteractsWithTestCaseLifecycle.php:101
C:\projetos\sistema\backend\vendor\laravel\framework\src\Illuminate\Foundation\Testing\TestCase.php:63
C:\projetos\sistema\backend\tests\Feature\CrmExtendedTest.php:29</error>
        </testcase>
      </testsuite>
      <testsuite name="Tests\Feature\CrmMessageFinancialExportTest" file="C:\projetos\sistema\backend\tests\Feature\CrmMessageFinancialExportTest.php" tests="11" assertions="0" errors="11" failures="0" skipped="0" time="0.000000">
        <testcase name="test_list_crm_messages" file="C:\projetos\sistema\backend\tests\Feature\CrmMessageFinancialExportTest.php" line="46" class="Tests\Feature\CrmMessageFinancialExportTest" classname="Tests.Feature.CrmMessageFinancialExportTest" assertions="0" time="0.000000">
          <error type="PDOException">Tests\Feature\CrmMessageFinancialExportTest::test_list_crm_messages&#13;
PDOException: There is already an active transaction
&#13;
C:\projetos\sistema\backend\vendor\laravel\framework\src\Illuminate\Database\SQLiteConnection.php:38
C:\projetos\sistema\backend\vendor\laravel\framework\src\Illuminate\Database\Concerns\ManagesTransactions.php:154
C:\projetos\sistema\backend\vendor\laravel\framework\src\Illuminate\Database\Concerns\ManagesTransactions.php:130
C:\projetos\sistema\backend\vendor\laravel\framework\src\Illuminate\Foundation\Testing\RefreshDatabase.php:147
C:\projetos\sistema\backend\vendor\laravel\framework\src\Illuminate\Foundation\Testing\RefreshDatabase.php:93
C:\projetos\sistema\backend\vendor\laravel\framework\src\Illuminate\Foundation\Testing\RefreshDatabase.php:25
C:\projetos\sistema\backend\vendor\laravel\framework\src\Illuminate\Foundation\Testing\Concerns\InteractsWithTestCaseLifecycle.php:217
C:\projetos\sistema\backend\vendor\laravel\framework\src\Illuminate\Foundation\Testing\Concerns\InteractsWithTestCaseLifecycle.php:101
C:\projetos\sistema\backend\vendor\laravel\framework\src\Illuminate\Foundation\Testing\TestCase.php:63
C:\projetos\sistema\backend\tests\Feature\CrmMessageFinancialExportTest.php:27</error>
        </testcase>
        <testcase name="test_list_message_templates" file="C:\projetos\sistema\backend\tests\Feature\CrmMessageFinancialExportTest.php" line="52" class="Tests\Feature\CrmMessageFinancialExportTest" classname="Tests.Feature.CrmMessageFinancialExportTest" assertions="0" time="0.000000">
          <error type="PDOException">Tests\Feature\CrmMessageFinancialExportTest::test_list_message_templates&#13;
PDOException: There is already an active transaction
&#13;
C:\projetos\sistema\backend\vendor\laravel\framework\src\Illuminate\Database\SQLiteConnection.php:38
C:\projetos\sistema\backend\vendor\laravel\framework\src\Illuminate\Database\Concerns\ManagesTransactions.php:154
C:\projetos\sistema\backend\vendor\laravel\framework\src\Illuminate\Database\Concerns\ManagesTransactions.php:130
C:\projetos\sistema\backend\vendor\laravel\framework\src\Illuminate\Foundation\Testing\RefreshDatabase.php:147
C:\projetos\sistema\backend\vendor\laravel\framework\src\Illuminate\Foundation\Testing\RefreshDatabase.php:93
C:\projetos\sistema\backend\vendor\laravel\framework\src\Illuminate\Foundation\Testing\RefreshDatabase.php:25
C:\projetos\sistema\backend\vendor\laravel\framework\src\Illuminate\Foundation\Testing\Concerns\InteractsWithTestCaseLifecycle.php:217
C:\projetos\sistema\backend\vendor\laravel\framework\src\Illuminate\Foundation\Testing\Concerns\InteractsWithTestCaseLifecycle.php:101
C:\projetos\sistema\backend\vendor\laravel\framework\src\Illuminate\Foundation\Testing\TestCase.php:63
C:\projetos\sistema\backend\tests\Feature\CrmMessageFinancialExportTest.php:27</error>
        </testcase>
        <testcase name="test_create_message_template" file="C:\projetos\sistema\backend\tests\Feature\CrmMessageFinancialExportTest.php" line="58" class="Tests\Feature\CrmMessageFinancialExportTest" classname="Tests.Feature.CrmMessageFinancialExportTest" assertions="0" time="0.000000">
          <error type="PDOException">Tests\Feature\CrmMessageFinancialExportTest::test_create_message_template&#13;
PDOException: There is already an active transaction
&#13;
C:\projetos\sistema\backend\vendor\laravel\framework\src\Illuminate\Database\SQLiteConnection.php:38
C:\projetos\sistema\backend\vendor\laravel\framework\src\Illuminate\Database\Concerns\ManagesTransactions.php:154
C:\projetos\sistema\backend\vendor\laravel\framework\src\Illuminate\Database\Concerns\ManagesTransactions.php:130
C:\projetos\sistema\backend\vendor\laravel\framework\src\Illuminate\Foundation\Testing\RefreshDatabase.php:147
C:\projetos\sistema\backend\vendor\laravel\framework\src\Illuminate\Foundation\Testing\RefreshDatabase.php:93
C:\projetos\sistema\backend\vendor\laravel\framework\src\Illuminate\Foundation\Testing\RefreshDatabase.php:25
C:\projetos\sistema\backend\vendor\laravel\framework\src\Illuminate\Foundation\Testing\Concerns\InteractsWithTestCaseLifecycle.php:217
C:\projetos\sistema\backend\vendor\laravel\framework\src\Illuminate\Foundation\Testing\Concerns\InteractsWithTestCaseLifecycle.php:101
C:\projetos\sistema\backend\vendor\laravel\framework\src\Illuminate\Foundation\Testing\TestCase.php:63
C:\projetos\sistema\backend\tests\Feature\CrmMessageFinancialExportTest.php:27</error>
        </testcase>
        <testcase name="test_send_message_requires_recipient" file="C:\projetos\sistema\backend\tests\Feature\CrmMessageFinancialExportTest.php" line="69" class="Tests\Feature\CrmMessageFinancialExportTest" classname="Tests.Feature.CrmMessageFinancialExportTest" assertions="0" time="0.000000">
          <error type="PDOException">Tests\Feature\CrmMessageFinancialExportTest::test_send_message_requires_recipient&#13;
PDOException: There is already an active transaction
&#13;
C:\projetos\sistema\backend\vendor\laravel\framework\src\Illuminate\Database\SQLiteConnection.php:38
C:\projetos\sistema\backend\vendor\laravel\framework\src\Illuminate\Database\Concerns\ManagesTransactions.php:154
C:\projetos\sistema\backend\vendor\laravel\framework\src\Illuminate\Database\Concerns\ManagesTransactions.php:130
C:\projetos\sistema\backend\vendor\laravel\framework\src\Illuminate\Foundation\Testing\RefreshDatabase.php:147
C:\projetos\sistema\backend\vendor\laravel\framework\src\Illuminate\Foundation\Testing\RefreshDatabase.php:93
C:\projetos\sistema\backend\vendor\laravel\framework\src\Illuminate\Foundation\Testing\RefreshDatabase.php:25
C:\projetos\sistema\backend\vendor\laravel\framework\src\Illuminate\Foundation\Testing\Concerns\InteractsWithTestCaseLifecycle.php:217
C:\projetos\sistema\backend\vendor\laravel\framework\src\Illuminate\Foundation\Testing\Concerns\InteractsWithTestCaseLifecycle.php:101
C:\projetos\sistema\backend\vendor\laravel\framework\src\Illuminate\Foundation\Testing\TestCase.php:63
C:\projetos\sistema\backend\tests\Feature\CrmMessageFinancialExportTest.php:27</error>
        </testcase>
        <testcase name="test_list_recurring_commissions" file="C:\projetos\sistema\backend\tests\Feature\CrmMessageFinancialExportTest.php" line="80" class="Tests\Feature\CrmMessageFinancialExportTest" classname="Tests.Feature.CrmMessageFinancialExportTest" assertions="0" time="0.000000">
          <error type="PDOException">Tests\Feature\CrmMessageFinancialExportTest::test_list_recurring_commissions&#13;
PDOException: There is already an active transaction
&#13;
C:\projetos\sistema\backend\vendor\laravel\framework\src\Illuminate\Database\SQLiteConnection.php:38
C:\projetos\sistema\backend\vendor\laravel\framework\src\Illuminate\Database\Concerns\ManagesTransactions.php:154
C:\projetos\sistema\backend\vendor\laravel\framework\src\Illuminate\Database\Concerns\ManagesTransactions.php:130
C:\projetos\sistema\backend\vendor\laravel\framework\src\Illuminate\Foundation\Testing\RefreshDatabase.php:147
C:\projetos\sistema\backend\vendor\laravel\framework\src\Illuminate\Foundation\Testing\RefreshDatabase.php:93
C:\projetos\sistema\backend\vendor\laravel\framework\src\Illuminate\Foundation\Testing\RefreshDatabase.php:25
C:\projetos\sistema\backend\vendor\laravel\framework\src\Illuminate\Foundation\Testing\Concerns\InteractsWithTestCaseLifecycle.php:217
C:\projetos\sistema\backend\vendor\laravel\framework\src\Illuminate\Foundation\Testing\Concerns\InteractsWithTestCaseLifecycle.php:101
C:\projetos\sistema\backend\vendor\laravel\framework\src\Illuminate\Foundation\Testing\TestCase.php:63
C:\projetos\sistema\backend\tests\Feature\CrmMessageFinancialExportTest.php:27</error>
        </testcase>
        <testcase name="test_create_recurring_commission" file="C:\projetos\sistema\backend\tests\Feature\CrmMessageFinancialExportTest.php" line="86" class="Tests\Feature\CrmMessageFinancialExportTest" classname="Tests.Feature.CrmMessageFinancialExportTest" assertions="0" time="0.000000">
          <error type="PDOException">Tests\Feature\CrmMessageFinancialExportTest::test_create_recurring_commission&#13;
PDOException: There is already an active transaction
&#13;
C:\projetos\sistema\backend\vendor\laravel\framework\src\Illuminate\Database\SQLiteConnection.php:38
C:\projetos\sistema\backend\vendor\laravel\framework\src\Illuminate\Database\Concerns\ManagesTransactions.php:154
C:\projetos\sistema\backend\vendor\laravel\framework\src\Illuminate\Database\Concerns\ManagesTransactions.php:130
C:\projetos\sistema\backend\vendor\laravel\framework\src\Illuminate\Foundation\Testing\RefreshDatabase.php:147
C:\projetos\sistema\backend\vendor\laravel\framework\src\Illuminate\Foundation\Testing\RefreshDatabase.php:93
C:\projetos\sistema\backend\vendor\laravel\framework\src\Illuminate\Foundation\Testing\RefreshDatabase.php:25
C:\projetos\sistema\backend\vendor\laravel\framework\src\Illuminate\Foundation\Testing\Concerns\InteractsWithTestCaseLifecycle.php:217
C:\projetos\sistema\backend\vendor\laravel\framework\src\Illuminate\Foundation\Testing\Concerns\InteractsWithTestCaseLifecycle.php:101
C:\projetos\sistema\backend\vendor\laravel\framework\src\Illuminate\Foundation\Testing\TestCase.php:63
C:\projetos\sistema\backend\tests\Feature\CrmMessageFinancialExportTest.php:27</error>
        </testcase>
        <testcase name="test_process_monthly_recurring" file="C:\projetos\sistema\backend\tests\Feature\CrmMessageFinancialExportTest.php" line="97" class="Tests\Feature\CrmMessageFinancialExportTest" classname="Tests.Feature.CrmMessageFinancialExportTest" assertions="0" time="0.000000">
          <error type="PDOException">Tests\Feature\CrmMessageFinancialExportTest::test_process_monthly_recurring&#13;
PDOException: There is already an active transaction
&#13;
C:\projetos\sistema\backend\vendor\laravel\framework\src\Illuminate\Database\SQLiteConnection.php:38
C:\projetos\sistema\backend\vendor\laravel\framework\src\Illuminate\Database\Concerns\ManagesTransactions.php:154
C:\projetos\sistema\backend\vendor\laravel\framework\src\Illuminate\Database\Concerns\ManagesTransactions.php:130
C:\projetos\sistema\backend\vendor\laravel\framework\src\Illuminate\Foundation\Testing\RefreshDatabase.php:147
C:\projetos\sistema\backend\vendor\laravel\framework\src\Illuminate\Foundation\Testing\RefreshDatabase.php:93
C:\projetos\sistema\backend\vendor\laravel\framework\src\Illuminate\Foundation\Testing\RefreshDatabase.php:25
C:\projetos\sistema\backend\vendor\laravel\framework\src\Illuminate\Foundation\Testing\Concerns\InteractsWithTestCaseLifecycle.php:217
C:\projetos\sistema\backend\vendor\laravel\framework\src\Illuminate\Foundation\Testing\Concerns\InteractsWithTestCaseLifecycle.php:101
C:\projetos\sistema\backend\vendor\laravel\framework\src\Illuminate\Foundation\Testing\TestCase.php:63
C:\projetos\sistema\backend\tests\Feature\CrmMessageFinancialExportTest.php:27</error>
        </testcase>
        <testcase name="test_financial_export_csv" file="C:\projetos\sistema\backend\tests\Feature\CrmMessageFinancialExportTest.php" line="105" class="Tests\Feature\CrmMessageFinancialExportTest" classname="Tests.Feature.CrmMessageFinancialExportTest" assertions="0" time="0.000000">
          <error type="PDOException">Tests\Feature\CrmMessageFinancialExportTest::test_financial_export_csv&#13;
PDOException: There is already an active transaction
&#13;
C:\projetos\sistema\backend\vendor\laravel\framework\src\Illuminate\Database\SQLiteConnection.php:38
C:\projetos\sistema\backend\vendor\laravel\framework\src\Illuminate\Database\Concerns\ManagesTransactions.php:154
C:\projetos\sistema\backend\vendor\laravel\framework\src\Illuminate\Database\Concerns\ManagesTransactions.php:130
C:\projetos\sistema\backend\vendor\laravel\framework\src\Illuminate\Foundation\Testing\RefreshDatabase.php:147
C:\projetos\sistema\backend\vendor\laravel\framework\src\Illuminate\Foundation\Testing\RefreshDatabase.php:93
C:\projetos\sistema\backend\vendor\laravel\framework\src\Illuminate\Foundation\Testing\RefreshDatabase.php:25
C:\projetos\sistema\backend\vendor\laravel\framework\src\Illuminate\Foundation\Testing\Concerns\InteractsWithTestCaseLifecycle.php:217
C:\projetos\sistema\backend\vendor\laravel\framework\src\Illuminate\Foundation\Testing\Concerns\InteractsWithTestCaseLifecycle.php:101
C:\projetos\sistema\backend\vendor\laravel\framework\src\Illuminate\Foundation\Testing\TestCase.php:63
C:\projetos\sistema\backend\tests\Feature\CrmMessageFinancialExportTest.php:27</error>
        </testcase>
        <testcase name="test_financial_export_ofx" file="C:\projetos\sistema\backend\tests\Feature\CrmMessageFinancialExportTest.php" line="111" class="Tests\Feature\CrmMessageFinancialExportTest" classname="Tests.Feature.CrmMessageFinancialExportTest" assertions="0" time="0.000000">
          <error type="PDOException">Tests\Feature\CrmMessageFinancialExportTest::test_financial_export_ofx&#13;
PDOException: There is already an active transaction
&#13;
C:\projetos\sistema\backend\vendor\laravel\framework\src\Illuminate\Database\SQLiteConnection.php:38
C:\projetos\sistema\backend\vendor\laravel\framework\src\Illuminate\Database\Concerns\ManagesTransactions.php:154
C:\projetos\sistema\backend\vendor\laravel\framework\src\Illuminate\Database\Concerns\ManagesTransactions.php:130
C:\projetos\sistema\backend\vendor\laravel\framework\src\Illuminate\Foundation\Testing\RefreshDatabase.php:147
C:\projetos\sistema\backend\vendor\laravel\framework\src\Illuminate\Foundation\Testing\RefreshDatabase.php:93
C:\projetos\sistema\backend\vendor\laravel\framework\src\Illuminate\Foundation\Testing\RefreshDatabase.php:25
C:\projetos\sistema\backend\vendor\laravel\framework\src\Illuminate\Foundation\Testing\Concerns\InteractsWithTestCaseLifecycle.php:217
C:\projetos\sistema\backend\vendor\laravel\framework\src\Illuminate\Foundation\Testing\Concerns\InteractsWithTestCaseLifecycle.php:101
C:\projetos\sistema\backend\vendor\laravel\framework\src\Illuminate\Foundation\Testing\TestCase.php:63
C:\projetos\sistema\backend\tests\Feature\CrmMessageFinancialExportTest.php:27</error>
        </testcase>
        <testcase name="test_list_payments" file="C:\projetos\sistema\backend\tests\Feature\CrmMessageFinancialExportTest.php" line="119" class="Tests\Feature\CrmMessageFinancialExportTest" classname="Tests.Feature.CrmMessageFinancialExportTest" assertions="0" time="0.000000">
          <error type="PDOException">Tests\Feature\CrmMessageFinancialExportTest::test_list_payments&#13;
PDOException: There is already an active transaction
&#13;
C:\projetos\sistema\backend\vendor\laravel\framework\src\Illuminate\Database\SQLiteConnection.php:38
C:\projetos\sistema\backend\vendor\laravel\framework\src\Illuminate\Database\Concerns\ManagesTransactions.php:154
C:\projetos\sistema\backend\vendor\laravel\framework\src\Illuminate\Database\Concerns\ManagesTransactions.php:130
C:\projetos\sistema\backend\vendor\laravel\framework\src\Illuminate\Foundation\Testing\RefreshDatabase.php:147
C:\projetos\sistema\backend\vendor\laravel\framework\src\Illuminate\Foundation\Testing\RefreshDatabase.php:93
C:\projetos\sistema\backend\vendor\laravel\framework\src\Illuminate\Foundation\Testing\RefreshDatabase.php:25
C:\projetos\sistema\backend\vendor\laravel\framework\src\Illuminate\Foundation\Testing\Concerns\InteractsWithTestCaseLifecycle.php:217
C:\projetos\sistema\backend\vendor\laravel\framework\src\Illuminate\Foundation\Testing\Concerns\InteractsWithTestCaseLifecycle.php:101
C:\projetos\sistema\backend\vendor\laravel\framework\src\Illuminate\Foundation\Testing\TestCase.php:63
C:\projetos\sistema\backend\tests\Feature\CrmMessageFinancialExportTest.php:27</error>
        </testcase>
        <testcase name="test_payments_summary" file="C:\projetos\sistema\backend\tests\Feature\CrmMessageFinancialExportTest.php" line="125" class="Tests\Feature\CrmMessageFinancialExportTest" classname="Tests.Feature.CrmMessageFinancialExportTest" assertions="0" time="0.000000">
          <error type="PDOException">Tests\Feature\CrmMessageFinancialExportTest::test_payments_summary&#13;
PDOException: There is already an active transaction
&#13;
C:\projetos\sistema\backend\vendor\laravel\framework\src\Illuminate\Database\SQLiteConnection.php:38
C:\projetos\sistema\backend\vendor\laravel\framework\src\Illuminate\Database\Concerns\ManagesTransactions.php:154
C:\projetos\sistema\backend\vendor\laravel\framework\src\Illuminate\Database\Concerns\ManagesTransactions.php:130
C:\projetos\sistema\backend\vendor\laravel\framework\src\Illuminate\Foundation\Testing\RefreshDatabase.php:147
C:\projetos\sistema\backend\vendor\laravel\framework\src\Illuminate\Foundation\Testing\RefreshDatabase.php:93
C:\projetos\sistema\backend\vendor\laravel\framework\src\Illuminate\Foundation\Testing\RefreshDatabase.php:25
C:\projetos\sistema\backend\vendor\laravel\framework\src\Illuminate\Foundation\Testing\Concerns\InteractsWithTestCaseLifecycle.php:217
C:\projetos\sistema\backend\vendor\laravel\framework\src\Illuminate\Foundation\Testing\Concerns\InteractsWithTestCaseLifecycle.php:101
C:\projetos\sistema\backend\vendor\laravel\framework\src\Illuminate\Foundation\Testing\TestCase.php:63
C:\projetos\sistema\backend\tests\Feature\CrmMessageFinancialExportTest.php:27</error>
        </testcase>
      </testsuite>
      <testsuite name="Tests\Feature\CrmMessagingTest" file="C:\projetos\sistema\backend\tests\Feature\CrmMessagingTest.php" tests="20" assertions="0" errors="20" failures="0" skipped="0" time="0.000000">
        <testcase name="test_list_messages" file="C:\projetos\sistema\backend\tests\Feature\CrmMessagingTest.php" line="55" class="Tests\Feature\CrmMessagingTest" classname="Tests.Feature.CrmMessagingTest" assertions="0" time="0.000000">
          <error type="PDOException">Tests\Feature\CrmMessagingTest::test_list_messages&#13;
PDOException: There is already an active transaction
&#13;
C:\projetos\sistema\backend\vendor\laravel\framework\src\Illuminate\Database\SQLiteConnection.php:38
C:\projetos\sistema\backend\vendor\laravel\framework\src\Illuminate\Database\Concerns\ManagesTransactions.php:154
C:\projetos\sistema\backend\vendor\laravel\framework\src\Illuminate\Database\Concerns\ManagesTransactions.php:130
C:\projetos\sistema\backend\vendor\laravel\framework\src\Illuminate\Foundation\Testing\RefreshDatabase.php:147
C:\projetos\sistema\backend\vendor\laravel\framework\src\Illuminate\Foundation\Testing\RefreshDatabase.php:93
C:\projetos\sistema\backend\vendor\laravel\framework\src\Illuminate\Foundation\Testing\RefreshDatabase.php:25
C:\projetos\sistema\backend\vendor\laravel\framework\src\Illuminate\Foundation\Testing\Concerns\InteractsWithTestCaseLifecycle.php:217
C:\projetos\sistema\backend\vendor\laravel\framework\src\Illuminate\Foundation\Testing\Concerns\InteractsWithTestCaseLifecycle.php:101
C:\projetos\sistema\backend\vendor\laravel\framework\src\Illuminate\Foundation\Testing\TestCase.php:63
C:\projetos\sistema\backend\tests\Feature\CrmMessagingTest.php:28</error>
        </testcase>
        <testcase name="test_list_messages_filtered_by_channel" file="C:\projetos\sistema\backend\tests\Feature\CrmMessagingTest.php" line="68" class="Tests\Feature\CrmMessagingTest" classname="Tests.Feature.CrmMessagingTest" assertions="0" time="0.000000">
          <error type="PDOException">Tests\Feature\CrmMessagingTest::test_list_messages_filtered_by_channel&#13;
PDOException: There is already an active transaction
&#13;
C:\projetos\sistema\backend\vendor\laravel\framework\src\Illuminate\Database\SQLiteConnection.php:38
C:\projetos\sistema\backend\vendor\laravel\framework\src\Illuminate\Database\Concerns\ManagesTransactions.php:154
C:\projetos\sistema\backend\vendor\laravel\framework\src\Illuminate\Database\Concerns\ManagesTransactions.php:130
C:\projetos\sistema\backend\vendor\laravel\framework\src\Illuminate\Foundation\Testing\RefreshDatabase.php:147
C:\projetos\sistema\backend\vendor\laravel\framework\src\Illuminate\Foundation\Testing\RefreshDatabase.php:93
C:\projetos\sistema\backend\vendor\laravel\framework\src\Illuminate\Foundation\Testing\RefreshDatabase.php:25
C:\projetos\sistema\backend\vendor\laravel\framework\src\Illuminate\Foundation\Testing\Concerns\InteractsWithTestCaseLifecycle.php:217
C:\projetos\sistema\backend\vendor\laravel\framework\src\Illuminate\Foundation\Testing\Concerns\InteractsWithTestCaseLifecycle.php:101
C:\projetos\sistema\backend\vendor\laravel\framework\src\Illuminate\Foundation\Testing\TestCase.php:63
C:\projetos\sistema\backend\tests\Feature\CrmMessagingTest.php:28</error>
        </testcase>
        <testcase name="test_send_whatsapp_without_evolution_config" file="C:\projetos\sistema\backend\tests\Feature\CrmMessagingTest.php" line="89" class="Tests\Feature\CrmMessagingTest" classname="Tests.Feature.CrmMessagingTest" assertions="0" time="0.000000">
          <error type="PDOException">Tests\Feature\CrmMessagingTest::test_send_whatsapp_without_evolution_config&#13;
PDOException: There is already an active transaction
&#13;
C:\projetos\sistema\backend\vendor\laravel\framework\src\Illuminate\Database\SQLiteConnection.php:38
C:\projetos\sistema\backend\vendor\laravel\framework\src\Illuminate\Database\Concerns\ManagesTransactions.php:154
C:\projetos\sistema\backend\vendor\laravel\framework\src\Illuminate\Database\Concerns\ManagesTransactions.php:130
C:\projetos\sistema\backend\vendor\laravel\framework\src\Illuminate\Foundation\Testing\RefreshDatabase.php:147
C:\projetos\sistema\backend\vendor\laravel\framework\src\Illuminate\Foundation\Testing\RefreshDatabase.php:93
C:\projetos\sistema\backend\vendor\laravel\framework\src\Illuminate\Foundation\Testing\RefreshDatabase.php:25
C:\projetos\sistema\backend\vendor\laravel\framework\src\Illuminate\Foundation\Testing\Concerns\InteractsWithTestCaseLifecycle.php:217
C:\projetos\sistema\backend\vendor\laravel\framework\src\Illuminate\Foundation\Testing\Concerns\InteractsWithTestCaseLifecycle.php:101
C:\projetos\sistema\backend\vendor\laravel\framework\src\Illuminate\Foundation\Testing\TestCase.php:63
C:\projetos\sistema\backend\tests\Feature\CrmMessagingTest.php:28</error>
        </testcase>
        <testcase name="test_send_whatsapp_with_mock_evolution" file="C:\projetos\sistema\backend\tests\Feature\CrmMessagingTest.php" line="110" class="Tests\Feature\CrmMessagingTest" classname="Tests.Feature.CrmMessagingTest" assertions="0" time="0.000000">
          <error type="PDOException">Tests\Feature\CrmMessagingTest::test_send_whatsapp_with_mock_evolution&#13;
PDOException: There is already an active transaction
&#13;
C:\projetos\sistema\backend\vendor\laravel\framework\src\Illuminate\Database\SQLiteConnection.php:38
C:\projetos\sistema\backend\vendor\laravel\framework\src\Illuminate\Database\Concerns\ManagesTransactions.php:154
C:\projetos\sistema\backend\vendor\laravel\framework\src\Illuminate\Database\Concerns\ManagesTransactions.php:130
C:\projetos\sistema\backend\vendor\laravel\framework\src\Illuminate\Foundation\Testing\RefreshDatabase.php:147
C:\projetos\sistema\backend\vendor\laravel\framework\src\Illuminate\Foundation\Testing\RefreshDatabase.php:93
C:\projetos\sistema\backend\vendor\laravel\framework\src\Illuminate\Foundation\Testing\RefreshDatabase.php:25
C:\projetos\sistema\backend\vendor\laravel\framework\src\Illuminate\Foundation\Testing\Concerns\InteractsWithTestCaseLifecycle.php:217
C:\projetos\sistema\backend\vendor\laravel\framework\src\Illuminate\Foundation\Testing\Concerns\InteractsWithTestCaseLifecycle.php:101
C:\projetos\sistema\backend\vendor\laravel\framework\src\Illuminate\Foundation\Testing\TestCase.php:63
C:\projetos\sistema\backend\tests\Feature\CrmMessagingTest.php:28</error>
        </testcase>
        <testcase name="test_send_email" file="C:\projetos\sistema\backend\tests\Feature\CrmMessagingTest.php" line="153" class="Tests\Feature\CrmMessagingTest" classname="Tests.Feature.CrmMessagingTest" assertions="0" time="0.000000">
          <error type="PDOException">Tests\Feature\CrmMessagingTest::test_send_email&#13;
PDOException: There is already an active transaction
&#13;
C:\projetos\sistema\backend\vendor\laravel\framework\src\Illuminate\Database\SQLiteConnection.php:38
C:\projetos\sistema\backend\vendor\laravel\framework\src\Illuminate\Database\Concerns\ManagesTransactions.php:154
C:\projetos\sistema\backend\vendor\laravel\framework\src\Illuminate\Database\Concerns\ManagesTransactions.php:130
C:\projetos\sistema\backend\vendor\laravel\framework\src\Illuminate\Foundation\Testing\RefreshDatabase.php:147
C:\projetos\sistema\backend\vendor\laravel\framework\src\Illuminate\Foundation\Testing\RefreshDatabase.php:93
C:\projetos\sistema\backend\vendor\laravel\framework\src\Illuminate\Foundation\Testing\RefreshDatabase.php:25
C:\projetos\sistema\backend\vendor\laravel\framework\src\Illuminate\Foundation\Testing\Concerns\InteractsWithTestCaseLifecycle.php:217
C:\projetos\sistema\backend\vendor\laravel\framework\src\Illuminate\Foundation\Testing\Concerns\InteractsWithTestCaseLifecycle.php:101
C:\projetos\sistema\backend\vendor\laravel\framework\src\Illuminate\Foundation\Testing\TestCase.php:63
C:\projetos\sistema\backend\tests\Feature\CrmMessagingTest.php:28</error>
        </testcase>
        <testcase name="test_send_requires_subject_for_email" file="C:\projetos\sistema\backend\tests\Feature\CrmMessagingTest.php" line="180" class="Tests\Feature\CrmMessagingTest" classname="Tests.Feature.CrmMessagingTest" assertions="0" time="0.000000">
          <error type="PDOException">Tests\Feature\CrmMessagingTest::test_send_requires_subject_for_email&#13;
PDOException: There is already an active transaction
&#13;
C:\projetos\sistema\backend\vendor\laravel\framework\src\Illuminate\Database\SQLiteConnection.php:38
C:\projetos\sistema\backend\vendor\laravel\framework\src\Illuminate\Database\Concerns\ManagesTransactions.php:154
C:\projetos\sistema\backend\vendor\laravel\framework\src\Illuminate\Database\Concerns\ManagesTransactions.php:130
C:\projetos\sistema\backend\vendor\laravel\framework\src\Illuminate\Foundation\Testing\RefreshDatabase.php:147
C:\projetos\sistema\backend\vendor\laravel\framework\src\Illuminate\Foundation\Testing\RefreshDatabase.php:93
C:\projetos\sistema\backend\vendor\laravel\framework\src\Illuminate\Foundation\Testing\RefreshDatabase.php:25
C:\projetos\sistema\backend\vendor\laravel\framework\src\Illuminate\Foundation\Testing\Concerns\InteractsWithTestCaseLifecycle.php:217
C:\projetos\sistema\backend\vendor\laravel\framework\src\Illuminate\Foundation\Testing\Concerns\InteractsWithTestCaseLifecycle.php:101
C:\projetos\sistema\backend\vendor\laravel\framework\src\Illuminate\Foundation\Testing\TestCase.php:63
C:\projetos\sistema\backend\tests\Feature\CrmMessagingTest.php:28</error>
        </testcase>
        <testcase name="test_list_templates" file="C:\projetos\sistema\backend\tests\Feature\CrmMessagingTest.php" line="192" class="Tests\Feature\CrmMessagingTest" classname="Tests.Feature.CrmMessagingTest" assertions="0" time="0.000000">
          <error type="PDOException">Tests\Feature\CrmMessagingTest::test_list_templates&#13;
PDOException: There is already an active transaction
&#13;
C:\projetos\sistema\backend\vendor\laravel\framework\src\Illuminate\Database\SQLiteConnection.php:38
C:\projetos\sistema\backend\vendor\laravel\framework\src\Illuminate\Database\Concerns\ManagesTransactions.php:154
C:\projetos\sistema\backend\vendor\laravel\framework\src\Illuminate\Database\Concerns\ManagesTransactions.php:130
C:\projetos\sistema\backend\vendor\laravel\framework\src\Illuminate\Foundation\Testing\RefreshDatabase.php:147
C:\projetos\sistema\backend\vendor\laravel\framework\src\Illuminate\Foundation\Testing\RefreshDatabase.php:93
C:\projetos\sistema\backend\vendor\laravel\framework\src\Illuminate\Foundation\Testing\RefreshDatabase.php:25
C:\projetos\sistema\backend\vendor\laravel\framework\src\Illuminate\Foundation\Testing\Concerns\InteractsWithTestCaseLifecycle.php:217
C:\projetos\sistema\backend\vendor\laravel\framework\src\Illuminate\Foundation\Testing\Concerns\InteractsWithTestCaseLifecycle.php:101
C:\projetos\sistema\backend\vendor\laravel\framework\src\Illuminate\Foundation\Testing\TestCase.php:63
C:\projetos\sistema\backend\tests\Feature\CrmMessagingTest.php:28</error>
        </testcase>
        <testcase name="test_create_template" file="C:\projetos\sistema\backend\tests\Feature\CrmMessagingTest.php" line="211" class="Tests\Feature\CrmMessagingTest" classname="Tests.Feature.CrmMessagingTest" assertions="0" time="0.000000">
          <error type="PDOException">Tests\Feature\CrmMessagingTest::test_create_template&#13;
PDOException: There is already an active transaction
&#13;
C:\projetos\sistema\backend\vendor\laravel\framework\src\Illuminate\Database\SQLiteConnection.php:38
C:\projetos\sistema\backend\vendor\laravel\framework\src\Illuminate\Database\Concerns\ManagesTransactions.php:154
C:\projetos\sistema\backend\vendor\laravel\framework\src\Illuminate\Database\Concerns\ManagesTransactions.php:130
C:\projetos\sistema\backend\vendor\laravel\framework\src\Illuminate\Foundation\Testing\RefreshDatabase.php:147
C:\projetos\sistema\backend\vendor\laravel\framework\src\Illuminate\Foundation\Testing\RefreshDatabase.php:93
C:\projetos\sistema\backend\vendor\laravel\framework\src\Illuminate\Foundation\Testing\RefreshDatabase.php:25
C:\projetos\sistema\backend\vendor\laravel\framework\src\Illuminate\Foundation\Testing\Concerns\InteractsWithTestCaseLifecycle.php:217
C:\projetos\sistema\backend\vendor\laravel\framework\src\Illuminate\Foundation\Testing\Concerns\InteractsWithTestCaseLifecycle.php:101
C:\projetos\sistema\backend\vendor\laravel\framework\src\Illuminate\Foundation\Testing\TestCase.php:63
C:\projetos\sistema\backend\tests\Feature\CrmMessagingTest.php:28</error>
        </testcase>
        <testcase name="test_update_template" file="C:\projetos\sistema\backend\tests\Feature\CrmMessagingTest.php" line="233" class="Tests\Feature\CrmMessagingTest" classname="Tests.Feature.CrmMessagingTest" assertions="0" time="0.000000">
          <error type="PDOException">Tests\Feature\CrmMessagingTest::test_update_template&#13;
PDOException: There is already an active transaction
&#13;
C:\projetos\sistema\backend\vendor\laravel\framework\src\Illuminate\Database\SQLiteConnection.php:38
C:\projetos\sistema\backend\vendor\laravel\framework\src\Illuminate\Database\Concerns\ManagesTransactions.php:154
C:\projetos\sistema\backend\vendor\laravel\framework\src\Illuminate\Database\Concerns\ManagesTransactions.php:130
C:\projetos\sistema\backend\vendor\laravel\framework\src\Illuminate\Foundation\Testing\RefreshDatabase.php:147
C:\projetos\sistema\backend\vendor\laravel\framework\src\Illuminate\Foundation\Testing\RefreshDatabase.php:93
C:\projetos\sistema\backend\vendor\laravel\framework\src\Illuminate\Foundation\Testing\RefreshDatabase.php:25
C:\projetos\sistema\backend\vendor\laravel\framework\src\Illuminate\Foundation\Testing\Concerns\InteractsWithTestCaseLifecycle.php:217
C:\projetos\sistema\backend\vendor\laravel\framework\src\Illuminate\Foundation\Testing\Concerns\InteractsWithTestCaseLifecycle.php:101
C:\projetos\sistema\backend\vendor\laravel\framework\src\Illuminate\Foundation\Testing\TestCase.php:63
C:\projetos\sistema\backend\tests\Feature\CrmMessagingTest.php:28</error>
        </testcase>
        <testcase name="test_delete_template" file="C:\projetos\sistema\backend\tests\Feature\CrmMessagingTest.php" line="247" class="Tests\Feature\CrmMessagingTest" classname="Tests.Feature.CrmMessagingTest" assertions="0" time="0.000000">
          <error type="PDOException">Tests\Feature\CrmMessagingTest::test_delete_template&#13;
PDOException: There is already an active transaction
&#13;
C:\projetos\sistema\backend\vendor\laravel\framework\src\Illuminate\Database\SQLiteConnection.php:38
C:\projetos\sistema\backend\vendor\laravel\framework\src\Illuminate\Database\Concerns\ManagesTransactions.php:154
C:\projetos\sistema\backend\vendor\laravel\framework\src\Illuminate\Database\Concerns\ManagesTransactions.php:130
C:\projetos\sistema\backend\vendor\laravel\framework\src\Illuminate\Foundation\Testing\RefreshDatabase.php:147
C:\projetos\sistema\backend\vendor\laravel\framework\src\Illuminate\Foundation\Testing\RefreshDatabase.php:93
C:\projetos\sistema\backend\vendor\laravel\framework\src\Illuminate\Foundation\Testing\RefreshDatabase.php:25
C:\projetos\sistema\backend\vendor\laravel\framework\src\Illuminate\Foundation\Testing\Concerns\InteractsWithTestCaseLifecycle.php:217
C:\projetos\sistema\backend\vendor\laravel\framework\src\Illuminate\Foundation\Testing\Concerns\InteractsWithTestCaseLifecycle.php:101
C:\projetos\sistema\backend\vendor\laravel\framework\src\Illuminate\Foundation\Testing\TestCase.php:63
C:\projetos\sistema\backend\tests\Feature\CrmMessagingTest.php:28</error>
        </testcase>
        <testcase name="test_send_from_template" file="C:\projetos\sistema\backend\tests\Feature\CrmMessagingTest.php" line="259" class="Tests\Feature\CrmMessagingTest" classname="Tests.Feature.CrmMessagingTest" assertions="0" time="0.000000">
          <error type="PDOException">Tests\Feature\CrmMessagingTest::test_send_from_template&#13;
PDOException: There is already an active transaction
&#13;
C:\projetos\sistema\backend\vendor\laravel\framework\src\Illuminate\Database\SQLiteConnection.php:38
C:\projetos\sistema\backend\vendor\laravel\framework\src\Illuminate\Database\Concerns\ManagesTransactions.php:154
C:\projetos\sistema\backend\vendor\laravel\framework\src\Illuminate\Database\Concerns\ManagesTransactions.php:130
C:\projetos\sistema\backend\vendor\laravel\framework\src\Illuminate\Foundation\Testing\RefreshDatabase.php:147
C:\projetos\sistema\backend\vendor\laravel\framework\src\Illuminate\Foundation\Testing\RefreshDatabase.php:93
C:\projetos\sistema\backend\vendor\laravel\framework\src\Illuminate\Foundation\Testing\RefreshDatabase.php:25
C:\projetos\sistema\backend\vendor\laravel\framework\src\Illuminate\Foundation\Testing\Concerns\InteractsWithTestCaseLifecycle.php:217
C:\projetos\sistema\backend\vendor\laravel\framework\src\Illuminate\Foundation\Testing\Concerns\InteractsWithTestCaseLifecycle.php:101
C:\projetos\sistema\backend\vendor\laravel\framework\src\Illuminate\Foundation\Testing\TestCase.php:63
C:\projetos\sistema\backend\tests\Feature\CrmMessagingTest.php:28</error>
        </testcase>
        <testcase name="test_whatsapp_webhook_status_update" file="C:\projetos\sistema\backend\tests\Feature\CrmMessagingTest.php" line="295" class="Tests\Feature\CrmMessagingTest" classname="Tests.Feature.CrmMessagingTest" assertions="0" time="0.000000">
          <error type="PDOException">Tests\Feature\CrmMessagingTest::test_whatsapp_webhook_status_update&#13;
PDOException: There is already an active transaction
&#13;
C:\projetos\sistema\backend\vendor\laravel\framework\src\Illuminate\Database\SQLiteConnection.php:38
C:\projetos\sistema\backend\vendor\laravel\framework\src\Illuminate\Database\Concerns\ManagesTransactions.php:154
C:\projetos\sistema\backend\vendor\laravel\framework\src\Illuminate\Database\Concerns\ManagesTransactions.php:130
C:\projetos\sistema\backend\vendor\laravel\framework\src\Illuminate\Foundation\Testing\RefreshDatabase.php:147
C:\projetos\sistema\backend\vendor\laravel\framework\src\Illuminate\Foundation\Testing\RefreshDatabase.php:93
C:\projetos\sistema\backend\vendor\laravel\framework\src\Illuminate\Foundation\Testing\RefreshDatabase.php:25
C:\projetos\sistema\backend\vendor\laravel\framework\src\Illuminate\Foundation\Testing\Concerns\InteractsWithTestCaseLifecycle.php:217
C:\projetos\sistema\backend\vendor\laravel\framework\src\Illuminate\Foundation\Testing\Concerns\InteractsWithTestCaseLifecycle.php:101
C:\projetos\sistema\backend\vendor\laravel\framework\src\Illuminate\Foundation\Testing\TestCase.php:63
C:\projetos\sistema\backend\tests\Feature\CrmMessagingTest.php:28</error>
        </testcase>
        <testcase name="test_whatsapp_webhook_read_status" file="C:\projetos\sistema\backend\tests\Feature\CrmMessagingTest.php" line="321" class="Tests\Feature\CrmMessagingTest" classname="Tests.Feature.CrmMessagingTest" assertions="0" time="0.000000">
          <error type="PDOException">Tests\Feature\CrmMessagingTest::test_whatsapp_webhook_read_status&#13;
PDOException: There is already an active transaction
&#13;
C:\projetos\sistema\backend\vendor\laravel\framework\src\Illuminate\Database\SQLiteConnection.php:38
C:\projetos\sistema\backend\vendor\laravel\framework\src\Illuminate\Database\Concerns\ManagesTransactions.php:154
C:\projetos\sistema\backend\vendor\laravel\framework\src\Illuminate\Database\Concerns\ManagesTransactions.php:130
C:\projetos\sistema\backend\vendor\laravel\framework\src\Illuminate\Foundation\Testing\RefreshDatabase.php:147
C:\projetos\sistema\backend\vendor\laravel\framework\src\Illuminate\Foundation\Testing\RefreshDatabase.php:93
C:\projetos\sistema\backend\vendor\laravel\framework\src\Illuminate\Foundation\Testing\RefreshDatabase.php:25
C:\projetos\sistema\backend\vendor\laravel\framework\src\Illuminate\Foundation\Testing\Concerns\InteractsWithTestCaseLifecycle.php:217
C:\projetos\sistema\backend\vendor\laravel\framework\src\Illuminate\Foundation\Testing\Concerns\InteractsWithTestCaseLifecycle.php:101
C:\projetos\sistema\backend\vendor\laravel\framework\src\Illuminate\Foundation\Testing\TestCase.php:63
C:\projetos\sistema\backend\tests\Feature\CrmMessagingTest.php:28</error>
        </testcase>
        <testcase name="test_whatsapp_webhook_inbound_message" file="C:\projetos\sistema\backend\tests\Feature\CrmMessagingTest.php" line="345" class="Tests\Feature\CrmMessagingTest" classname="Tests.Feature.CrmMessagingTest" assertions="0" time="0.000000">
          <error type="PDOException">Tests\Feature\CrmMessagingTest::test_whatsapp_webhook_inbound_message&#13;
PDOException: There is already an active transaction
&#13;
C:\projetos\sistema\backend\vendor\laravel\framework\src\Illuminate\Database\SQLiteConnection.php:38
C:\projetos\sistema\backend\vendor\laravel\framework\src\Illuminate\Database\Concerns\ManagesTransactions.php:154
C:\projetos\sistema\backend\vendor\laravel\framework\src\Illuminate\Database\Concerns\ManagesTransactions.php:130
C:\projetos\sistema\backend\vendor\laravel\framework\src\Illuminate\Foundation\Testing\RefreshDatabase.php:147
C:\projetos\sistema\backend\vendor\laravel\framework\src\Illuminate\Foundation\Testing\RefreshDatabase.php:93
C:\projetos\sistema\backend\vendor\laravel\framework\src\Illuminate\Foundation\Testing\RefreshDatabase.php:25
C:\projetos\sistema\backend\vendor\laravel\framework\src\Illuminate\Foundation\Testing\Concerns\InteractsWithTestCaseLifecycle.php:217
C:\projetos\sistema\backend\vendor\laravel\framework\src\Illuminate\Foundation\Testing\Concerns\InteractsWithTestCaseLifecycle.php:101
C:\projetos\sistema\backend\vendor\laravel\framework\src\Illuminate\Foundation\Testing\TestCase.php:63
C:\projetos\sistema\backend\tests\Feature\CrmMessagingTest.php:28</error>
        </testcase>
        <testcase name="test_email_webhook_delivery" file="C:\projetos\sistema\backend\tests\Feature\CrmMessagingTest.php" line="385" class="Tests\Feature\CrmMessagingTest" classname="Tests.Feature.CrmMessagingTest" assertions="0" time="0.000000">
          <error type="PDOException">Tests\Feature\CrmMessagingTest::test_email_webhook_delivery&#13;
PDOException: There is already an active transaction
&#13;
C:\projetos\sistema\backend\vendor\laravel\framework\src\Illuminate\Database\SQLiteConnection.php:38
C:\projetos\sistema\backend\vendor\laravel\framework\src\Illuminate\Database\Concerns\ManagesTransactions.php:154
C:\projetos\sistema\backend\vendor\laravel\framework\src\Illuminate\Database\Concerns\ManagesTransactions.php:130
C:\projetos\sistema\backend\vendor\laravel\framework\src\Illuminate\Foundation\Testing\RefreshDatabase.php:147
C:\projetos\sistema\backend\vendor\laravel\framework\src\Illuminate\Foundation\Testing\RefreshDatabase.php:93
C:\projetos\sistema\backend\vendor\laravel\framework\src\Illuminate\Foundation\Testing\RefreshDatabase.php:25
C:\projetos\sistema\backend\vendor\laravel\framework\src\Illuminate\Foundation\Testing\Concerns\InteractsWithTestCaseLifecycle.php:217
C:\projetos\sistema\backend\vendor\laravel\framework\src\Illuminate\Foundation\Testing\Concerns\InteractsWithTestCaseLifecycle.php:101
C:\projetos\sistema\backend\vendor\laravel\framework\src\Illuminate\Foundation\Testing\TestCase.php:63
C:\projetos\sistema\backend\tests\Feature\CrmMessagingTest.php:28</error>
        </testcase>
        <testcase name="test_email_webhook_bounce" file="C:\projetos\sistema\backend\tests\Feature\CrmMessagingTest.php" line="402" class="Tests\Feature\CrmMessagingTest" classname="Tests.Feature.CrmMessagingTest" assertions="0" time="0.000000">
          <error type="PDOException">Tests\Feature\CrmMessagingTest::test_email_webhook_bounce&#13;
PDOException: There is already an active transaction
&#13;
C:\projetos\sistema\backend\vendor\laravel\framework\src\Illuminate\Database\SQLiteConnection.php:38
C:\projetos\sistema\backend\vendor\laravel\framework\src\Illuminate\Database\Concerns\ManagesTransactions.php:154
C:\projetos\sistema\backend\vendor\laravel\framework\src\Illuminate\Database\Concerns\ManagesTransactions.php:130
C:\projetos\sistema\backend\vendor\laravel\framework\src\Illuminate\Foundation\Testing\RefreshDatabase.php:147
C:\projetos\sistema\backend\vendor\laravel\framework\src\Illuminate\Foundation\Testing\RefreshDatabase.php:93
C:\projetos\sistema\backend\vendor\laravel\framework\src\Illuminate\Foundation\Testing\RefreshDatabase.php:25
C:\projetos\sistema\backend\vendor\laravel\framework\src\Illuminate\Foundation\Testing\Concerns\InteractsWithTestCaseLifecycle.php:217
C:\projetos\sistema\backend\vendor\laravel\framework\src\Illuminate\Foundation\Testing\Concerns\InteractsWithTestCaseLifecycle.php:101
C:\projetos\sistema\backend\vendor\laravel\framework\src\Illuminate\Foundation\Testing\TestCase.php:63
C:\projetos\sistema\backend\tests\Feature\CrmMessagingTest.php:28</error>
        </testcase>
        <testcase name="test_message_status_transitions" file="C:\projetos\sistema\backend\tests\Feature\CrmMessagingTest.php" line="422" class="Tests\Feature\CrmMessagingTest" classname="Tests.Feature.CrmMessagingTest" assertions="0" time="0.000000">
          <error type="PDOException">Tests\Feature\CrmMessagingTest::test_message_status_transitions&#13;
PDOException: There is already an active transaction
&#13;
C:\projetos\sistema\backend\vendor\laravel\framework\src\Illuminate\Database\SQLiteConnection.php:38
C:\projetos\sistema\backend\vendor\laravel\framework\src\Illuminate\Database\Concerns\ManagesTransactions.php:154
C:\projetos\sistema\backend\vendor\laravel\framework\src\Illuminate\Database\Concerns\ManagesTransactions.php:130
C:\projetos\sistema\backend\vendor\laravel\framework\src\Illuminate\Foundation\Testing\RefreshDatabase.php:147
C:\projetos\sistema\backend\vendor\laravel\framework\src\Illuminate\Foundation\Testing\RefreshDatabase.php:93
C:\projetos\sistema\backend\vendor\laravel\framework\src\Illuminate\Foundation\Testing\RefreshDatabase.php:25
C:\projetos\sistema\backend\vendor\laravel\framework\src\Illuminate\Foundation\Testing\Concerns\InteractsWithTestCaseLifecycle.php:217
C:\projetos\sistema\backend\vendor\laravel\framework\src\Illuminate\Foundation\Testing\Concerns\InteractsWithTestCaseLifecycle.php:101
C:\projetos\sistema\backend\vendor\laravel\framework\src\Illuminate\Foundation\Testing\TestCase.php:63
C:\projetos\sistema\backend\tests\Feature\CrmMessagingTest.php:28</error>
        </testcase>
        <testcase name="test_message_mark_failed" file="C:\projetos\sistema\backend\tests\Feature\CrmMessagingTest.php" line="441" class="Tests\Feature\CrmMessagingTest" classname="Tests.Feature.CrmMessagingTest" assertions="0" time="0.000000">
          <error type="PDOException">Tests\Feature\CrmMessagingTest::test_message_mark_failed&#13;
PDOException: There is already an active transaction
&#13;
C:\projetos\sistema\backend\vendor\laravel\framework\src\Illuminate\Database\SQLiteConnection.php:38
C:\projetos\sistema\backend\vendor\laravel\framework\src\Illuminate\Database\Concerns\ManagesTransactions.php:154
C:\projetos\sistema\backend\vendor\laravel\framework\src\Illuminate\Database\Concerns\ManagesTransactions.php:130
C:\projetos\sistema\backend\vendor\laravel\framework\src\Illuminate\Foundation\Testing\RefreshDatabase.php:147
C:\projetos\sistema\backend\vendor\laravel\framework\src\Illuminate\Foundation\Testing\RefreshDatabase.php:93
C:\projetos\sistema\backend\vendor\laravel\framework\src\Illuminate\Foundation\Testing\RefreshDatabase.php:25
C:\projetos\sistema\backend\vendor\laravel\framework\src\Illuminate\Foundation\Testing\Concerns\InteractsWithTestCaseLifecycle.php:217
C:\projetos\sistema\backend\vendor\laravel\framework\src\Illuminate\Foundation\Testing\Concerns\InteractsWithTestCaseLifecycle.php:101
C:\projetos\sistema\backend\vendor\laravel\framework\src\Illuminate\Foundation\Testing\TestCase.php:63
C:\projetos\sistema\backend\tests\Feature\CrmMessagingTest.php:28</error>
        </testcase>
        <testcase name="test_message_log_to_timeline" file="C:\projetos\sistema\backend\tests\Feature\CrmMessagingTest.php" line="457" class="Tests\Feature\CrmMessagingTest" classname="Tests.Feature.CrmMessagingTest" assertions="0" time="0.000000">
          <error type="PDOException">Tests\Feature\CrmMessagingTest::test_message_log_to_timeline&#13;
PDOException: There is already an active transaction
&#13;
C:\projetos\sistema\backend\vendor\laravel\framework\src\Illuminate\Database\SQLiteConnection.php:38
C:\projetos\sistema\backend\vendor\laravel\framework\src\Illuminate\Database\Concerns\ManagesTransactions.php:154
C:\projetos\sistema\backend\vendor\laravel\framework\src\Illuminate\Database\Concerns\ManagesTransactions.php:130
C:\projetos\sistema\backend\vendor\laravel\framework\src\Illuminate\Foundation\Testing\RefreshDatabase.php:147
C:\projetos\sistema\backend\vendor\laravel\framework\src\Illuminate\Foundation\Testing\RefreshDatabase.php:93
C:\projetos\sistema\backend\vendor\laravel\framework\src\Illuminate\Foundation\Testing\RefreshDatabase.php:25
C:\projetos\sistema\backend\vendor\laravel\framework\src\Illuminate\Foundation\Testing\Concerns\InteractsWithTestCaseLifecycle.php:217
C:\projetos\sistema\backend\vendor\laravel\framework\src\Illuminate\Foundation\Testing\Concerns\InteractsWithTestCaseLifecycle.php:101
C:\projetos\sistema\backend\vendor\laravel\framework\src\Illuminate\Foundation\Testing\TestCase.php:63
C:\projetos\sistema\backend\tests\Feature\CrmMessagingTest.php:28</error>
        </testcase>
        <testcase name="test_template_render" file="C:\projetos\sistema\backend\tests\Feature\CrmMessagingTest.php" line="474" class="Tests\Feature\CrmMessagingTest" classname="Tests.Feature.CrmMessagingTest" assertions="0" time="0.000000">
          <error type="PDOException">Tests\Feature\CrmMessagingTest::test_template_render&#13;
PDOException: There is already an active transaction
&#13;
C:\projetos\sistema\backend\vendor\laravel\framework\src\Illuminate\Database\SQLiteConnection.php:38
C:\projetos\sistema\backend\vendor\laravel\framework\src\Illuminate\Database\Concerns\ManagesTransactions.php:154
C:\projetos\sistema\backend\vendor\laravel\framework\src\Illuminate\Database\Concerns\ManagesTransactions.php:130
C:\projetos\sistema\backend\vendor\laravel\framework\src\Illuminate\Foundation\Testing\RefreshDatabase.php:147
C:\projetos\sistema\backend\vendor\laravel\framework\src\Illuminate\Foundation\Testing\RefreshDatabase.php:93
C:\projetos\sistema\backend\vendor\laravel\framework\src\Illuminate\Foundation\Testing\RefreshDatabase.php:25
C:\projetos\sistema\backend\vendor\laravel\framework\src\Illuminate\Foundation\Testing\Concerns\InteractsWithTestCaseLifecycle.php:217
C:\projetos\sistema\backend\vendor\laravel\framework\src\Illuminate\Foundation\Testing\Concerns\InteractsWithTestCaseLifecycle.php:101
C:\projetos\sistema\backend\vendor\laravel\framework\src\Illuminate\Foundation\Testing\TestCase.php:63
C:\projetos\sistema\backend\tests\Feature\CrmMessagingTest.php:28</error>
        </testcase>
      </testsuite>
      <testsuite name="Tests\Feature\CrmProfessionalTest" file="C:\projetos\sistema\backend\tests\Feature\CrmProfessionalTest.php" tests="11" assertions="0" errors="11" failures="0" skipped="0" time="0.000000">
        <testcase name="test_create_deal_with_all_fields_persists" file="C:\projetos\sistema\backend\tests\Feature\CrmProfessionalTest.php" line="84" class="Tests\Feature\CrmProfessionalTest" classname="Tests.Feature.CrmProfessionalTest" assertions="0" time="0.000000">
          <error type="PDOException">Tests\Feature\CrmProfessionalTest::test_create_deal_with_all_fields_persists&#13;
PDOException: There is already an active transaction
&#13;
C:\projetos\sistema\backend\vendor\laravel\framework\src\Illuminate\Database\SQLiteConnection.php:38
C:\projetos\sistema\backend\vendor\laravel\framework\src\Illuminate\Database\Concerns\ManagesTransactions.php:154
C:\projetos\sistema\backend\vendor\laravel\framework\src\Illuminate\Database\Concerns\ManagesTransactions.php:130
C:\projetos\sistema\backend\vendor\laravel\framework\src\Illuminate\Foundation\Testing\RefreshDatabase.php:147
C:\projetos\sistema\backend\vendor\laravel\framework\src\Illuminate\Foundation\Testing\RefreshDatabase.php:93
C:\projetos\sistema\backend\vendor\laravel\framework\src\Illuminate\Foundation\Testing\RefreshDatabase.php:25
C:\projetos\sistema\backend\vendor\laravel\framework\src\Illuminate\Foundation\Testing\Concerns\InteractsWithTestCaseLifecycle.php:217
C:\projetos\sistema\backend\vendor\laravel\framework\src\Illuminate\Foundation\Testing\Concerns\InteractsWithTestCaseLifecycle.php:101
C:\projetos\sistema\backend\vendor\laravel\framework\src\Illuminate\Foundation\Testing\TestCase.php:63
C:\projetos\sistema\backend\tests\Feature\CrmProfessionalTest.php:35</error>
        </testcase>
        <testcase name="test_move_deal_to_stage_syncs_probability_and_logs_activity" file="C:\projetos\sistema\backend\tests\Feature\CrmProfessionalTest.php" line="110" class="Tests\Feature\CrmProfessionalTest" classname="Tests.Feature.CrmProfessionalTest" assertions="0" time="0.000000">
          <error type="PDOException">Tests\Feature\CrmProfessionalTest::test_move_deal_to_stage_syncs_probability_and_logs_activity&#13;
PDOException: There is already an active transaction
&#13;
C:\projetos\sistema\backend\vendor\laravel\framework\src\Illuminate\Database\SQLiteConnection.php:38
C:\projetos\sistema\backend\vendor\laravel\framework\src\Illuminate\Database\Concerns\ManagesTransactions.php:154
C:\projetos\sistema\backend\vendor\laravel\framework\src\Illuminate\Database\Concerns\ManagesTransactions.php:130
C:\projetos\sistema\backend\vendor\laravel\framework\src\Illuminate\Foundation\Testing\RefreshDatabase.php:147
C:\projetos\sistema\backend\vendor\laravel\framework\src\Illuminate\Foundation\Testing\RefreshDatabase.php:93
C:\projetos\sistema\backend\vendor\laravel\framework\src\Illuminate\Foundation\Testing\RefreshDatabase.php:25
C:\projetos\sistema\backend\vendor\laravel\framework\src\Illuminate\Foundation\Testing\Concerns\InteractsWithTestCaseLifecycle.php:217
C:\projetos\sistema\backend\vendor\laravel\framework\src\Illuminate\Foundation\Testing\Concerns\InteractsWithTestCaseLifecycle.php:101
C:\projetos\sistema\backend\vendor\laravel\framework\src\Illuminate\Foundation\Testing\TestCase.php:63
C:\projetos\sistema\backend\tests\Feature\CrmProfessionalTest.php:35</error>
        </testcase>
        <testcase name="test_mark_deal_won_sets_100_percent_and_won_stage" file="C:\projetos\sistema\backend\tests\Feature\CrmProfessionalTest.php" line="150" class="Tests\Feature\CrmProfessionalTest" classname="Tests.Feature.CrmProfessionalTest" assertions="0" time="0.000000">
          <error type="PDOException">Tests\Feature\CrmProfessionalTest::test_mark_deal_won_sets_100_percent_and_won_stage&#13;
PDOException: There is already an active transaction
&#13;
C:\projetos\sistema\backend\vendor\laravel\framework\src\Illuminate\Database\SQLiteConnection.php:38
C:\projetos\sistema\backend\vendor\laravel\framework\src\Illuminate\Database\Concerns\ManagesTransactions.php:154
C:\projetos\sistema\backend\vendor\laravel\framework\src\Illuminate\Database\Concerns\ManagesTransactions.php:130
C:\projetos\sistema\backend\vendor\laravel\framework\src\Illuminate\Foundation\Testing\RefreshDatabase.php:147
C:\projetos\sistema\backend\vendor\laravel\framework\src\Illuminate\Foundation\Testing\RefreshDatabase.php:93
C:\projetos\sistema\backend\vendor\laravel\framework\src\Illuminate\Foundation\Testing\RefreshDatabase.php:25
C:\projetos\sistema\backend\vendor\laravel\framework\src\Illuminate\Foundation\Testing\Concerns\InteractsWithTestCaseLifecycle.php:217
C:\projetos\sistema\backend\vendor\laravel\framework\src\Illuminate\Foundation\Testing\Concerns\InteractsWithTestCaseLifecycle.php:101
C:\projetos\sistema\backend\vendor\laravel\framework\src\Illuminate\Foundation\Testing\TestCase.php:63
C:\projetos\sistema\backend\tests\Feature\CrmProfessionalTest.php:35</error>
        </testcase>
        <testcase name="test_mark_deal_lost_sets_0_percent_and_persists_reason" file="C:\projetos\sistema\backend\tests\Feature\CrmProfessionalTest.php" line="177" class="Tests\Feature\CrmProfessionalTest" classname="Tests.Feature.CrmProfessionalTest" assertions="0" time="0.000000">
          <error type="PDOException">Tests\Feature\CrmProfessionalTest::test_mark_deal_lost_sets_0_percent_and_persists_reason&#13;
PDOException: There is already an active transaction
&#13;
C:\projetos\sistema\backend\vendor\laravel\framework\src\Illuminate\Database\SQLiteConnection.php:38
C:\projetos\sistema\backend\vendor\laravel\framework\src\Illuminate\Database\Concerns\ManagesTransactions.php:154
C:\projetos\sistema\backend\vendor\laravel\framework\src\Illuminate\Database\Concerns\ManagesTransactions.php:130
C:\projetos\sistema\backend\vendor\laravel\framework\src\Illuminate\Foundation\Testing\RefreshDatabase.php:147
C:\projetos\sistema\backend\vendor\laravel\framework\src\Illuminate\Foundation\Testing\RefreshDatabase.php:93
C:\projetos\sistema\backend\vendor\laravel\framework\src\Illuminate\Foundation\Testing\RefreshDatabase.php:25
C:\projetos\sistema\backend\vendor\laravel\framework\src\Illuminate\Foundation\Testing\Concerns\InteractsWithTestCaseLifecycle.php:217
C:\projetos\sistema\backend\vendor\laravel\framework\src\Illuminate\Foundation\Testing\Concerns\InteractsWithTestCaseLifecycle.php:101
C:\projetos\sistema\backend\vendor\laravel\framework\src\Illuminate\Foundation\Testing\TestCase.php:63
C:\projetos\sistema\backend\tests\Feature\CrmProfessionalTest.php:35</error>
        </testcase>
        <testcase name="test_delete_deal_soft_deletes" file="C:\projetos\sistema\backend\tests\Feature\CrmProfessionalTest.php" line="202" class="Tests\Feature\CrmProfessionalTest" classname="Tests.Feature.CrmProfessionalTest" assertions="0" time="0.000000">
          <error type="PDOException">Tests\Feature\CrmProfessionalTest::test_delete_deal_soft_deletes&#13;
PDOException: There is already an active transaction
&#13;
C:\projetos\sistema\backend\vendor\laravel\framework\src\Illuminate\Database\SQLiteConnection.php:38
C:\projetos\sistema\backend\vendor\laravel\framework\src\Illuminate\Database\Concerns\ManagesTransactions.php:154
C:\projetos\sistema\backend\vendor\laravel\framework\src\Illuminate\Database\Concerns\ManagesTransactions.php:130
C:\projetos\sistema\backend\vendor\laravel\framework\src\Illuminate\Foundation\Testing\RefreshDatabase.php:147
C:\projetos\sistema\backend\vendor\laravel\framework\src\Illuminate\Foundation\Testing\RefreshDatabase.php:93
C:\projetos\sistema\backend\vendor\laravel\framework\src\Illuminate\Foundation\Testing\RefreshDatabase.php:25
C:\projetos\sistema\backend\vendor\laravel\framework\src\Illuminate\Foundation\Testing\Concerns\InteractsWithTestCaseLifecycle.php:217
C:\projetos\sistema\backend\vendor\laravel\framework\src\Illuminate\Foundation\Testing\Concerns\InteractsWithTestCaseLifecycle.php:101
C:\projetos\sistema\backend\vendor\laravel\framework\src\Illuminate\Foundation\Testing\TestCase.php:63
C:\projetos\sistema\backend\tests\Feature\CrmProfessionalTest.php:35</error>
        </testcase>
        <testcase name="test_create_pipeline_with_stages_persists" file="C:\projetos\sistema\backend\tests\Feature\CrmProfessionalTest.php" line="219" class="Tests\Feature\CrmProfessionalTest" classname="Tests.Feature.CrmProfessionalTest" assertions="0" time="0.000000">
          <error type="PDOException">Tests\Feature\CrmProfessionalTest::test_create_pipeline_with_stages_persists&#13;
PDOException: There is already an active transaction
&#13;
C:\projetos\sistema\backend\vendor\laravel\framework\src\Illuminate\Database\SQLiteConnection.php:38
C:\projetos\sistema\backend\vendor\laravel\framework\src\Illuminate\Database\Concerns\ManagesTransactions.php:154
C:\projetos\sistema\backend\vendor\laravel\framework\src\Illuminate\Database\Concerns\ManagesTransactions.php:130
C:\projetos\sistema\backend\vendor\laravel\framework\src\Illuminate\Foundation\Testing\RefreshDatabase.php:147
C:\projetos\sistema\backend\vendor\laravel\framework\src\Illuminate\Foundation\Testing\RefreshDatabase.php:93
C:\projetos\sistema\backend\vendor\laravel\framework\src\Illuminate\Foundation\Testing\RefreshDatabase.php:25
C:\projetos\sistema\backend\vendor\laravel\framework\src\Illuminate\Foundation\Testing\Concerns\InteractsWithTestCaseLifecycle.php:217
C:\projetos\sistema\backend\vendor\laravel\framework\src\Illuminate\Foundation\Testing\Concerns\InteractsWithTestCaseLifecycle.php:101
C:\projetos\sistema\backend\vendor\laravel\framework\src\Illuminate\Foundation\Testing\TestCase.php:63
C:\projetos\sistema\backend\tests\Feature\CrmProfessionalTest.php:35</error>
        </testcase>
        <testcase name="test_create_activity_updates_customer_last_contact" file="C:\projetos\sistema\backend\tests\Feature\CrmProfessionalTest.php" line="244" class="Tests\Feature\CrmProfessionalTest" classname="Tests.Feature.CrmProfessionalTest" assertions="0" time="0.000000">
          <error type="PDOException">Tests\Feature\CrmProfessionalTest::test_create_activity_updates_customer_last_contact&#13;
PDOException: There is already an active transaction
&#13;
C:\projetos\sistema\backend\vendor\laravel\framework\src\Illuminate\Database\SQLiteConnection.php:38
C:\projetos\sistema\backend\vendor\laravel\framework\src\Illuminate\Database\Concerns\ManagesTransactions.php:154
C:\projetos\sistema\backend\vendor\laravel\framework\src\Illuminate\Database\Concerns\ManagesTransactions.php:130
C:\projetos\sistema\backend\vendor\laravel\framework\src\Illuminate\Foundation\Testing\RefreshDatabase.php:147
C:\projetos\sistema\backend\vendor\laravel\framework\src\Illuminate\Foundation\Testing\RefreshDatabase.php:93
C:\projetos\sistema\backend\vendor\laravel\framework\src\Illuminate\Foundation\Testing\RefreshDatabase.php:25
C:\projetos\sistema\backend\vendor\laravel\framework\src\Illuminate\Foundation\Testing\Concerns\InteractsWithTestCaseLifecycle.php:217
C:\projetos\sistema\backend\vendor\laravel\framework\src\Illuminate\Foundation\Testing\Concerns\InteractsWithTestCaseLifecycle.php:101
C:\projetos\sistema\backend\vendor\laravel\framework\src\Illuminate\Foundation\Testing\TestCase.php:63
C:\projetos\sistema\backend\tests\Feature\CrmProfessionalTest.php:35</error>
        </testcase>
        <testcase name="test_list_activities_filters_by_type" file="C:\projetos\sistema\backend\tests\Feature\CrmProfessionalTest.php" line="264" class="Tests\Feature\CrmProfessionalTest" classname="Tests.Feature.CrmProfessionalTest" assertions="0" time="0.000000">
          <error type="PDOException">Tests\Feature\CrmProfessionalTest::test_list_activities_filters_by_type&#13;
PDOException: There is already an active transaction
&#13;
C:\projetos\sistema\backend\vendor\laravel\framework\src\Illuminate\Database\SQLiteConnection.php:38
C:\projetos\sistema\backend\vendor\laravel\framework\src\Illuminate\Database\Concerns\ManagesTransactions.php:154
C:\projetos\sistema\backend\vendor\laravel\framework\src\Illuminate\Database\Concerns\ManagesTransactions.php:130
C:\projetos\sistema\backend\vendor\laravel\framework\src\Illuminate\Foundation\Testing\RefreshDatabase.php:147
C:\projetos\sistema\backend\vendor\laravel\framework\src\Illuminate\Foundation\Testing\RefreshDatabase.php:93
C:\projetos\sistema\backend\vendor\laravel\framework\src\Illuminate\Foundation\Testing\RefreshDatabase.php:25
C:\projetos\sistema\backend\vendor\laravel\framework\src\Illuminate\Foundation\Testing\Concerns\InteractsWithTestCaseLifecycle.php:217
C:\projetos\sistema\backend\vendor\laravel\framework\src\Illuminate\Foundation\Testing\Concerns\InteractsWithTestCaseLifecycle.php:101
C:\projetos\sistema\backend\vendor\laravel\framework\src\Illuminate\Foundation\Testing\TestCase.php:63
C:\projetos\sistema\backend\tests\Feature\CrmProfessionalTest.php:35</error>
        </testcase>
        <testcase name="test_dashboard_returns_accurate_kpi_counts" file="C:\projetos\sistema\backend\tests\Feature\CrmProfessionalTest.php" line="291" class="Tests\Feature\CrmProfessionalTest" classname="Tests.Feature.CrmProfessionalTest" assertions="0" time="0.000000">
          <error type="PDOException">Tests\Feature\CrmProfessionalTest::test_dashboard_returns_accurate_kpi_counts&#13;
PDOException: There is already an active transaction
&#13;
C:\projetos\sistema\backend\vendor\laravel\framework\src\Illuminate\Database\SQLiteConnection.php:38
C:\projetos\sistema\backend\vendor\laravel\framework\src\Illuminate\Database\Concerns\ManagesTransactions.php:154
C:\projetos\sistema\backend\vendor\laravel\framework\src\Illuminate\Database\Concerns\ManagesTransactions.php:130
C:\projetos\sistema\backend\vendor\laravel\framework\src\Illuminate\Foundation\Testing\RefreshDatabase.php:147
C:\projetos\sistema\backend\vendor\laravel\framework\src\Illuminate\Foundation\Testing\RefreshDatabase.php:93
C:\projetos\sistema\backend\vendor\laravel\framework\src\Illuminate\Foundation\Testing\RefreshDatabase.php:25
C:\projetos\sistema\backend\vendor\laravel\framework\src\Illuminate\Foundation\Testing\Concerns\InteractsWithTestCaseLifecycle.php:217
C:\projetos\sistema\backend\vendor\laravel\framework\src\Illuminate\Foundation\Testing\Concerns\InteractsWithTestCaseLifecycle.php:101
C:\projetos\sistema\backend\vendor\laravel\framework\src\Illuminate\Foundation\Testing\TestCase.php:63
C:\projetos\sistema\backend\tests\Feature\CrmProfessionalTest.php:35</error>
        </testcase>
        <testcase name="test_automation_is_idempotent" file="C:\projetos\sistema\backend\tests\Feature\CrmProfessionalTest.php" line="336" class="Tests\Feature\CrmProfessionalTest" classname="Tests.Feature.CrmProfessionalTest" assertions="0" time="0.000000">
          <error type="PDOException">Tests\Feature\CrmProfessionalTest::test_automation_is_idempotent&#13;
PDOException: There is already an active transaction
&#13;
C:\projetos\sistema\backend\vendor\laravel\framework\src\Illuminate\Database\SQLiteConnection.php:38
C:\projetos\sistema\backend\vendor\laravel\framework\src\Illuminate\Database\Concerns\ManagesTransactions.php:154
C:\projetos\sistema\backend\vendor\laravel\framework\src\Illuminate\Database\Concerns\ManagesTransactions.php:130
C:\projetos\sistema\backend\vendor\laravel\framework\src\Illuminate\Foundation\Testing\RefreshDatabase.php:147
C:\projetos\sistema\backend\vendor\laravel\framework\src\Illuminate\Foundation\Testing\RefreshDatabase.php:93
C:\projetos\sistema\backend\vendor\laravel\framework\src\Illuminate\Foundation\Testing\RefreshDatabase.php:25
C:\projetos\sistema\backend\vendor\laravel\framework\src\Illuminate\Foundation\Testing\Concerns\InteractsWithTestCaseLifecycle.php:217
C:\projetos\sistema\backend\vendor\laravel\framework\src\Illuminate\Foundation\Testing\Concerns\InteractsWithTestCaseLifecycle.php:101
C:\projetos\sistema\backend\vendor\laravel\framework\src\Illuminate\Foundation\Testing\TestCase.php:63
C:\projetos\sistema\backend\tests\Feature\CrmProfessionalTest.php:35</error>
        </testcase>
        <testcase name="test_deals_from_other_tenant_not_visible" file="C:\projetos\sistema\backend\tests\Feature\CrmProfessionalTest.php" line="359" class="Tests\Feature\CrmProfessionalTest" classname="Tests.Feature.CrmProfessionalTest" assertions="0" time="0.000000">
          <error type="PDOException">Tests\Feature\CrmProfessionalTest::test_deals_from_other_tenant_not_visible&#13;
PDOException: There is already an active transaction
&#13;
C:\projetos\sistema\backend\vendor\laravel\framework\src\Illuminate\Database\SQLiteConnection.php:38
C:\projetos\sistema\backend\vendor\laravel\framework\src\Illuminate\Database\Concerns\ManagesTransactions.php:154
C:\projetos\sistema\backend\vendor\laravel\framework\src\Illuminate\Database\Concerns\ManagesTransactions.php:130
C:\projetos\sistema\backend\vendor\laravel\framework\src\Illuminate\Foundation\Testing\RefreshDatabase.php:147
C:\projetos\sistema\backend\vendor\laravel\framework\src\Illuminate\Foundation\Testing\RefreshDatabase.php:93
C:\projetos\sistema\backend\vendor\laravel\framework\src\Illuminate\Foundation\Testing\RefreshDatabase.php:25
C:\projetos\sistema\backend\vendor\laravel\framework\src\Illuminate\Foundation\Testing\Concerns\InteractsWithTestCaseLifecycle.php:217
C:\projetos\sistema\backend\vendor\laravel\framework\src\Illuminate\Foundation\Testing\Concerns\InteractsWithTestCaseLifecycle.php:101
C:\projetos\sistema\backend\vendor\laravel\framework\src\Illuminate\Foundation\Testing\TestCase.php:63
C:\projetos\sistema\backend\tests\Feature\CrmProfessionalTest.php:35</error>
        </testcase>
      </testsuite>
      <testsuite name="Tests\Feature\CrmTest" file="C:\projetos\sistema\backend\tests\Feature\CrmTest.php" tests="19" assertions="0" errors="19" failures="0" skipped="0" time="0.000000">
        <testcase name="test_dashboard_returns_kpis_and_pipeline_data" file="C:\projetos\sistema\backend\tests\Feature\CrmTest.php" line="80" class="Tests\Feature\CrmTest" classname="Tests.Feature.CrmTest" assertions="0" time="0.000000">
          <error type="PDOException">Tests\Feature\CrmTest::test_dashboard_returns_kpis_and_pipeline_data&#13;
PDOException: There is already an active transaction
&#13;
C:\projetos\sistema\backend\vendor\laravel\framework\src\Illuminate\Database\SQLiteConnection.php:38
C:\projetos\sistema\backend\vendor\laravel\framework\src\Illuminate\Database\Concerns\ManagesTransactions.php:154
C:\projetos\sistema\backend\vendor\laravel\framework\src\Illuminate\Database\Concerns\ManagesTransactions.php:130
C:\projetos\sistema\backend\vendor\laravel\framework\src\Illuminate\Foundation\Testing\RefreshDatabase.php:147
C:\projetos\sistema\backend\vendor\laravel\framework\src\Illuminate\Foundation\Testing\RefreshDatabase.php:93
C:\projetos\sistema\backend\vendor\laravel\framework\src\Illuminate\Foundation\Testing\RefreshDatabase.php:25
C:\projetos\sistema\backend\vendor\laravel\framework\src\Illuminate\Foundation\Testing\Concerns\InteractsWithTestCaseLifecycle.php:217
C:\projetos\sistema\backend\vendor\laravel\framework\src\Illuminate\Foundation\Testing\Concerns\InteractsWithTestCaseLifecycle.php:101
C:\projetos\sistema\backend\vendor\laravel\framework\src\Illuminate\Foundation\Testing\TestCase.php:63
C:\projetos\sistema\backend\tests\Feature\CrmTest.php:30</error>
        </testcase>
        <testcase name="test_list_pipelines" file="C:\projetos\sistema\backend\tests\Feature\CrmTest.php" line="119" class="Tests\Feature\CrmTest" classname="Tests.Feature.CrmTest" assertions="0" time="0.000000">
          <error type="PDOException">Tests\Feature\CrmTest::test_list_pipelines&#13;
PDOException: There is already an active transaction
&#13;
C:\projetos\sistema\backend\vendor\laravel\framework\src\Illuminate\Database\SQLiteConnection.php:38
C:\projetos\sistema\backend\vendor\laravel\framework\src\Illuminate\Database\Concerns\ManagesTransactions.php:154
C:\projetos\sistema\backend\vendor\laravel\framework\src\Illuminate\Database\Concerns\ManagesTransactions.php:130
C:\projetos\sistema\backend\vendor\laravel\framework\src\Illuminate\Foundation\Testing\RefreshDatabase.php:147
C:\projetos\sistema\backend\vendor\laravel\framework\src\Illuminate\Foundation\Testing\RefreshDatabase.php:93
C:\projetos\sistema\backend\vendor\laravel\framework\src\Illuminate\Foundation\Testing\RefreshDatabase.php:25
C:\projetos\sistema\backend\vendor\laravel\framework\src\Illuminate\Foundation\Testing\Concerns\InteractsWithTestCaseLifecycle.php:217
C:\projetos\sistema\backend\vendor\laravel\framework\src\Illuminate\Foundation\Testing\Concerns\InteractsWithTestCaseLifecycle.php:101
C:\projetos\sistema\backend\vendor\laravel\framework\src\Illuminate\Foundation\Testing\TestCase.php:63
C:\projetos\sistema\backend\tests\Feature\CrmTest.php:30</error>
        </testcase>
        <testcase name="test_create_pipeline_with_stages" file="C:\projetos\sistema\backend\tests\Feature\CrmTest.php" line="128" class="Tests\Feature\CrmTest" classname="Tests.Feature.CrmTest" assertions="0" time="0.000000">
          <error type="PDOException">Tests\Feature\CrmTest::test_create_pipeline_with_stages&#13;
PDOException: There is already an active transaction
&#13;
C:\projetos\sistema\backend\vendor\laravel\framework\src\Illuminate\Database\SQLiteConnection.php:38
C:\projetos\sistema\backend\vendor\laravel\framework\src\Illuminate\Database\Concerns\ManagesTransactions.php:154
C:\projetos\sistema\backend\vendor\laravel\framework\src\Illuminate\Database\Concerns\ManagesTransactions.php:130
C:\projetos\sistema\backend\vendor\laravel\framework\src\Illuminate\Foundation\Testing\RefreshDatabase.php:147
C:\projetos\sistema\backend\vendor\laravel\framework\src\Illuminate\Foundation\Testing\RefreshDatabase.php:93
C:\projetos\sistema\backend\vendor\laravel\framework\src\Illuminate\Foundation\Testing\RefreshDatabase.php:25
C:\projetos\sistema\backend\vendor\laravel\framework\src\Illuminate\Foundation\Testing\Concerns\InteractsWithTestCaseLifecycle.php:217
C:\projetos\sistema\backend\vendor\laravel\framework\src\Illuminate\Foundation\Testing\Concerns\InteractsWithTestCaseLifecycle.php:101
C:\projetos\sistema\backend\vendor\laravel\framework\src\Illuminate\Foundation\Testing\TestCase.php:63
C:\projetos\sistema\backend\tests\Feature\CrmTest.php:30</error>
        </testcase>
        <testcase name="test_create_deal" file="C:\projetos\sistema\backend\tests\Feature\CrmTest.php" line="153" class="Tests\Feature\CrmTest" classname="Tests.Feature.CrmTest" assertions="0" time="0.000000">
          <error type="PDOException">Tests\Feature\CrmTest::test_create_deal&#13;
PDOException: There is already an active transaction
&#13;
C:\projetos\sistema\backend\vendor\laravel\framework\src\Illuminate\Database\SQLiteConnection.php:38
C:\projetos\sistema\backend\vendor\laravel\framework\src\Illuminate\Database\Concerns\ManagesTransactions.php:154
C:\projetos\sistema\backend\vendor\laravel\framework\src\Illuminate\Database\Concerns\ManagesTransactions.php:130
C:\projetos\sistema\backend\vendor\laravel\framework\src\Illuminate\Foundation\Testing\RefreshDatabase.php:147
C:\projetos\sistema\backend\vendor\laravel\framework\src\Illuminate\Foundation\Testing\RefreshDatabase.php:93
C:\projetos\sistema\backend\vendor\laravel\framework\src\Illuminate\Foundation\Testing\RefreshDatabase.php:25
C:\projetos\sistema\backend\vendor\laravel\framework\src\Illuminate\Foundation\Testing\Concerns\InteractsWithTestCaseLifecycle.php:217
C:\projetos\sistema\backend\vendor\laravel\framework\src\Illuminate\Foundation\Testing\Concerns\InteractsWithTestCaseLifecycle.php:101
C:\projetos\sistema\backend\vendor\laravel\framework\src\Illuminate\Foundation\Testing\TestCase.php:63
C:\projetos\sistema\backend\tests\Feature\CrmTest.php:30</error>
        </testcase>
        <testcase name="test_list_deals_with_filters" file="C:\projetos\sistema\backend\tests\Feature\CrmTest.php" line="175" class="Tests\Feature\CrmTest" classname="Tests.Feature.CrmTest" assertions="0" time="0.000000">
          <error type="PDOException">Tests\Feature\CrmTest::test_list_deals_with_filters&#13;
PDOException: There is already an active transaction
&#13;
C:\projetos\sistema\backend\vendor\laravel\framework\src\Illuminate\Database\SQLiteConnection.php:38
C:\projetos\sistema\backend\vendor\laravel\framework\src\Illuminate\Database\Concerns\ManagesTransactions.php:154
C:\projetos\sistema\backend\vendor\laravel\framework\src\Illuminate\Database\Concerns\ManagesTransactions.php:130
C:\projetos\sistema\backend\vendor\laravel\framework\src\Illuminate\Foundation\Testing\RefreshDatabase.php:147
C:\projetos\sistema\backend\vendor\laravel\framework\src\Illuminate\Foundation\Testing\RefreshDatabase.php:93
C:\projetos\sistema\backend\vendor\laravel\framework\src\Illuminate\Foundation\Testing\RefreshDatabase.php:25
C:\projetos\sistema\backend\vendor\laravel\framework\src\Illuminate\Foundation\Testing\Concerns\InteractsWithTestCaseLifecycle.php:217
C:\projetos\sistema\backend\vendor\laravel\framework\src\Illuminate\Foundation\Testing\Concerns\InteractsWithTestCaseLifecycle.php:101
C:\projetos\sistema\backend\vendor\laravel\framework\src\Illuminate\Foundation\Testing\TestCase.php:63
C:\projetos\sistema\backend\tests\Feature\CrmTest.php:30</error>
        </testcase>
        <testcase name="test_show_deal_with_relationships" file="C:\projetos\sistema\backend\tests\Feature\CrmTest.php" line="203" class="Tests\Feature\CrmTest" classname="Tests.Feature.CrmTest" assertions="0" time="0.000000">
          <error type="PDOException">Tests\Feature\CrmTest::test_show_deal_with_relationships&#13;
PDOException: There is already an active transaction
&#13;
C:\projetos\sistema\backend\vendor\laravel\framework\src\Illuminate\Database\SQLiteConnection.php:38
C:\projetos\sistema\backend\vendor\laravel\framework\src\Illuminate\Database\Concerns\ManagesTransactions.php:154
C:\projetos\sistema\backend\vendor\laravel\framework\src\Illuminate\Database\Concerns\ManagesTransactions.php:130
C:\projetos\sistema\backend\vendor\laravel\framework\src\Illuminate\Foundation\Testing\RefreshDatabase.php:147
C:\projetos\sistema\backend\vendor\laravel\framework\src\Illuminate\Foundation\Testing\RefreshDatabase.php:93
C:\projetos\sistema\backend\vendor\laravel\framework\src\Illuminate\Foundation\Testing\RefreshDatabase.php:25
C:\projetos\sistema\backend\vendor\laravel\framework\src\Illuminate\Foundation\Testing\Concerns\InteractsWithTestCaseLifecycle.php:217
C:\projetos\sistema\backend\vendor\laravel\framework\src\Illuminate\Foundation\Testing\Concerns\InteractsWithTestCaseLifecycle.php:101
C:\projetos\sistema\backend\vendor\laravel\framework\src\Illuminate\Foundation\Testing\TestCase.php:63
C:\projetos\sistema\backend\tests\Feature\CrmTest.php:30</error>
        </testcase>
        <testcase name="test_update_deal" file="C:\projetos\sistema\backend\tests\Feature\CrmTest.php" line="222" class="Tests\Feature\CrmTest" classname="Tests.Feature.CrmTest" assertions="0" time="0.000000">
          <error type="PDOException">Tests\Feature\CrmTest::test_update_deal&#13;
PDOException: There is already an active transaction
&#13;
C:\projetos\sistema\backend\vendor\laravel\framework\src\Illuminate\Database\SQLiteConnection.php:38
C:\projetos\sistema\backend\vendor\laravel\framework\src\Illuminate\Database\Concerns\ManagesTransactions.php:154
C:\projetos\sistema\backend\vendor\laravel\framework\src\Illuminate\Database\Concerns\ManagesTransactions.php:130
C:\projetos\sistema\backend\vendor\laravel\framework\src\Illuminate\Foundation\Testing\RefreshDatabase.php:147
C:\projetos\sistema\backend\vendor\laravel\framework\src\Illuminate\Foundation\Testing\RefreshDatabase.php:93
C:\projetos\sistema\backend\vendor\laravel\framework\src\Illuminate\Foundation\Testing\RefreshDatabase.php:25
C:\projetos\sistema\backend\vendor\laravel\framework\src\Illuminate\Foundation\Testing\Concerns\InteractsWithTestCaseLifecycle.php:217
C:\projetos\sistema\backend\vendor\laravel\framework\src\Illuminate\Foundation\Testing\Concerns\InteractsWithTestCaseLifecycle.php:101
C:\projetos\sistema\backend\vendor\laravel\framework\src\Illuminate\Foundation\Testing\TestCase.php:63
C:\projetos\sistema\backend\tests\Feature\CrmTest.php:30</error>
        </testcase>
        <testcase name="test_delete_deal" file="C:\projetos\sistema\backend\tests\Feature\CrmTest.php" line="242" class="Tests\Feature\CrmTest" classname="Tests.Feature.CrmTest" assertions="0" time="0.000000">
          <error type="PDOException">Tests\Feature\CrmTest::test_delete_deal&#13;
PDOException: There is already an active transaction
&#13;
C:\projetos\sistema\backend\vendor\laravel\framework\src\Illuminate\Database\SQLiteConnection.php:38
C:\projetos\sistema\backend\vendor\laravel\framework\src\Illuminate\Database\Concerns\ManagesTransactions.php:154
C:\projetos\sistema\backend\vendor\laravel\framework\src\Illuminate\Database\Concerns\ManagesTransactions.php:130
C:\projetos\sistema\backend\vendor\laravel\framework\src\Illuminate\Foundation\Testing\RefreshDatabase.php:147
C:\projetos\sistema\backend\vendor\laravel\framework\src\Illuminate\Foundation\Testing\RefreshDatabase.php:93
C:\projetos\sistema\backend\vendor\laravel\framework\src\Illuminate\Foundation\Testing\RefreshDatabase.php:25
C:\projetos\sistema\backend\vendor\laravel\framework\src\Illuminate\Foundation\Testing\Concerns\InteractsWithTestCaseLifecycle.php:217
C:\projetos\sistema\backend\vendor\laravel\framework\src\Illuminate\Foundation\Testing\Concerns\InteractsWithTestCaseLifecycle.php:101
C:\projetos\sistema\backend\vendor\laravel\framework\src\Illuminate\Foundation\Testing\TestCase.php:63
C:\projetos\sistema\backend\tests\Feature\CrmTest.php:30</error>
        </testcase>
        <testcase name="test_move_deal_to_stage" file="C:\projetos\sistema\backend\tests\Feature\CrmTest.php" line="259" class="Tests\Feature\CrmTest" classname="Tests.Feature.CrmTest" assertions="0" time="0.000000">
          <error type="PDOException">Tests\Feature\CrmTest::test_move_deal_to_stage&#13;
PDOException: There is already an active transaction
&#13;
C:\projetos\sistema\backend\vendor\laravel\framework\src\Illuminate\Database\SQLiteConnection.php:38
C:\projetos\sistema\backend\vendor\laravel\framework\src\Illuminate\Database\Concerns\ManagesTransactions.php:154
C:\projetos\sistema\backend\vendor\laravel\framework\src\Illuminate\Database\Concerns\ManagesTransactions.php:130
C:\projetos\sistema\backend\vendor\laravel\framework\src\Illuminate\Foundation\Testing\RefreshDatabase.php:147
C:\projetos\sistema\backend\vendor\laravel\framework\src\Illuminate\Foundation\Testing\RefreshDatabase.php:93
C:\projetos\sistema\backend\vendor\laravel\framework\src\Illuminate\Foundation\Testing\RefreshDatabase.php:25
C:\projetos\sistema\backend\vendor\laravel\framework\src\Illuminate\Foundation\Testing\Concerns\InteractsWithTestCaseLifecycle.php:217
C:\projetos\sistema\backend\vendor\laravel\framework\src\Illuminate\Foundation\Testing\Concerns\InteractsWithTestCaseLifecycle.php:101
C:\projetos\sistema\backend\vendor\laravel\framework\src\Illuminate\Foundation\Testing\TestCase.php:63
C:\projetos\sistema\backend\tests\Feature\CrmTest.php:30</error>
        </testcase>
        <testcase name="test_mark_deal_as_won" file="C:\projetos\sistema\backend\tests\Feature\CrmTest.php" line="301" class="Tests\Feature\CrmTest" classname="Tests.Feature.CrmTest" assertions="0" time="0.000000">
          <error type="PDOException">Tests\Feature\CrmTest::test_mark_deal_as_won&#13;
PDOException: There is already an active transaction
&#13;
C:\projetos\sistema\backend\vendor\laravel\framework\src\Illuminate\Database\SQLiteConnection.php:38
C:\projetos\sistema\backend\vendor\laravel\framework\src\Illuminate\Database\Concerns\ManagesTransactions.php:154
C:\projetos\sistema\backend\vendor\laravel\framework\src\Illuminate\Database\Concerns\ManagesTransactions.php:130
C:\projetos\sistema\backend\vendor\laravel\framework\src\Illuminate\Foundation\Testing\RefreshDatabase.php:147
C:\projetos\sistema\backend\vendor\laravel\framework\src\Illuminate\Foundation\Testing\RefreshDatabase.php:93
C:\projetos\sistema\backend\vendor\laravel\framework\src\Illuminate\Foundation\Testing\RefreshDatabase.php:25
C:\projetos\sistema\backend\vendor\laravel\framework\src\Illuminate\Foundation\Testing\Concerns\InteractsWithTestCaseLifecycle.php:217
C:\projetos\sistema\backend\vendor\laravel\framework\src\Illuminate\Foundation\Testing\Concerns\InteractsWithTestCaseLifecycle.php:101
C:\projetos\sistema\backend\vendor\laravel\framework\src\Illuminate\Foundation\Testing\TestCase.php:63
C:\projetos\sistema\backend\tests\Feature\CrmTest.php:30</error>
        </testcase>
        <testcase name="test_mark_deal_as_lost_with_reason" file="C:\projetos\sistema\backend\tests\Feature\CrmTest.php" line="322" class="Tests\Feature\CrmTest" classname="Tests.Feature.CrmTest" assertions="0" time="0.000000">
          <error type="PDOException">Tests\Feature\CrmTest::test_mark_deal_as_lost_with_reason&#13;
PDOException: There is already an active transaction
&#13;
C:\projetos\sistema\backend\vendor\laravel\framework\src\Illuminate\Database\SQLiteConnection.php:38
C:\projetos\sistema\backend\vendor\laravel\framework\src\Illuminate\Database\Concerns\ManagesTransactions.php:154
C:\projetos\sistema\backend\vendor\laravel\framework\src\Illuminate\Database\Concerns\ManagesTransactions.php:130
C:\projetos\sistema\backend\vendor\laravel\framework\src\Illuminate\Foundation\Testing\RefreshDatabase.php:147
C:\projetos\sistema\backend\vendor\laravel\framework\src\Illuminate\Foundation\Testing\RefreshDatabase.php:93
C:\projetos\sistema\backend\vendor\laravel\framework\src\Illuminate\Foundation\Testing\RefreshDatabase.php:25
C:\projetos\sistema\backend\vendor\laravel\framework\src\Illuminate\Foundation\Testing\Concerns\InteractsWithTestCaseLifecycle.php:217
C:\projetos\sistema\backend\vendor\laravel\framework\src\Illuminate\Foundation\Testing\Concerns\InteractsWithTestCaseLifecycle.php:101
C:\projetos\sistema\backend\vendor\laravel\framework\src\Illuminate\Foundation\Testing\TestCase.php:63
C:\projetos\sistema\backend\tests\Feature\CrmTest.php:30</error>
        </testcase>
        <testcase name="test_create_activity" file="C:\projetos\sistema\backend\tests\Feature\CrmTest.php" line="348" class="Tests\Feature\CrmTest" classname="Tests.Feature.CrmTest" assertions="0" time="0.000000">
          <error type="PDOException">Tests\Feature\CrmTest::test_create_activity&#13;
PDOException: There is already an active transaction
&#13;
C:\projetos\sistema\backend\vendor\laravel\framework\src\Illuminate\Database\SQLiteConnection.php:38
C:\projetos\sistema\backend\vendor\laravel\framework\src\Illuminate\Database\Concerns\ManagesTransactions.php:154
C:\projetos\sistema\backend\vendor\laravel\framework\src\Illuminate\Database\Concerns\ManagesTransactions.php:130
C:\projetos\sistema\backend\vendor\laravel\framework\src\Illuminate\Foundation\Testing\RefreshDatabase.php:147
C:\projetos\sistema\backend\vendor\laravel\framework\src\Illuminate\Foundation\Testing\RefreshDatabase.php:93
C:\projetos\sistema\backend\vendor\laravel\framework\src\Illuminate\Foundation\Testing\RefreshDatabase.php:25
C:\projetos\sistema\backend\vendor\laravel\framework\src\Illuminate\Foundation\Testing\Concerns\InteractsWithTestCaseLifecycle.php:217
C:\projetos\sistema\backend\vendor\laravel\framework\src\Illuminate\Foundation\Testing\Concerns\InteractsWithTestCaseLifecycle.php:101
C:\projetos\sistema\backend\vendor\laravel\framework\src\Illuminate\Foundation\Testing\TestCase.php:63
C:\projetos\sistema\backend\tests\Feature\CrmTest.php:30</error>
        </testcase>
        <testcase name="test_list_activities_with_filters" file="C:\projetos\sistema\backend\tests\Feature\CrmTest.php" line="368" class="Tests\Feature\CrmTest" classname="Tests.Feature.CrmTest" assertions="0" time="0.000000">
          <error type="PDOException">Tests\Feature\CrmTest::test_list_activities_with_filters&#13;
PDOException: There is already an active transaction
&#13;
C:\projetos\sistema\backend\vendor\laravel\framework\src\Illuminate\Database\SQLiteConnection.php:38
C:\projetos\sistema\backend\vendor\laravel\framework\src\Illuminate\Database\Concerns\ManagesTransactions.php:154
C:\projetos\sistema\backend\vendor\laravel\framework\src\Illuminate\Database\Concerns\ManagesTransactions.php:130
C:\projetos\sistema\backend\vendor\laravel\framework\src\Illuminate\Foundation\Testing\RefreshDatabase.php:147
C:\projetos\sistema\backend\vendor\laravel\framework\src\Illuminate\Foundation\Testing\RefreshDatabase.php:93
C:\projetos\sistema\backend\vendor\laravel\framework\src\Illuminate\Foundation\Testing\RefreshDatabase.php:25
C:\projetos\sistema\backend\vendor\laravel\framework\src\Illuminate\Foundation\Testing\Concerns\InteractsWithTestCaseLifecycle.php:217
C:\projetos\sistema\backend\vendor\laravel\framework\src\Illuminate\Foundation\Testing\Concerns\InteractsWithTestCaseLifecycle.php:101
C:\projetos\sistema\backend\vendor\laravel\framework\src\Illuminate\Foundation\Testing\TestCase.php:63
C:\projetos\sistema\backend\tests\Feature\CrmTest.php:30</error>
        </testcase>
        <testcase name="test_constants_endpoint" file="C:\projetos\sistema\backend\tests\Feature\CrmTest.php" line="397" class="Tests\Feature\CrmTest" classname="Tests.Feature.CrmTest" assertions="0" time="0.000000">
          <error type="PDOException">Tests\Feature\CrmTest::test_constants_endpoint&#13;
PDOException: There is already an active transaction
&#13;
C:\projetos\sistema\backend\vendor\laravel\framework\src\Illuminate\Database\SQLiteConnection.php:38
C:\projetos\sistema\backend\vendor\laravel\framework\src\Illuminate\Database\Concerns\ManagesTransactions.php:154
C:\projetos\sistema\backend\vendor\laravel\framework\src\Illuminate\Database\Concerns\ManagesTransactions.php:130
C:\projetos\sistema\backend\vendor\laravel\framework\src\Illuminate\Foundation\Testing\RefreshDatabase.php:147
C:\projetos\sistema\backend\vendor\laravel\framework\src\Illuminate\Foundation\Testing\RefreshDatabase.php:93
C:\projetos\sistema\backend\vendor\laravel\framework\src\Illuminate\Foundation\Testing\RefreshDatabase.php:25
C:\projetos\sistema\backend\vendor\laravel\framework\src\Illuminate\Foundation\Testing\Concerns\InteractsWithTestCaseLifecycle.php:217
C:\projetos\sistema\backend\vendor\laravel\framework\src\Illuminate\Foundation\Testing\Concerns\InteractsWithTestCaseLifecycle.php:101
C:\projetos\sistema\backend\vendor\laravel\framework\src\Illuminate\Foundation\Testing\TestCase.php:63
C:\projetos\sistema\backend\tests\Feature\CrmTest.php:30</error>
        </testcase>
        <testcase name="test_deal_mark_won_moves_to_won_stage" file="C:\projetos\sistema\backend\tests\Feature\CrmTest.php" line="413" class="Tests\Feature\CrmTest" classname="Tests.Feature.CrmTest" assertions="0" time="0.000000">
          <error type="PDOException">Tests\Feature\CrmTest::test_deal_mark_won_moves_to_won_stage&#13;
PDOException: There is already an active transaction
&#13;
C:\projetos\sistema\backend\vendor\laravel\framework\src\Illuminate\Database\SQLiteConnection.php:38
C:\projetos\sistema\backend\vendor\laravel\framework\src\Illuminate\Database\Concerns\ManagesTransactions.php:154
C:\projetos\sistema\backend\vendor\laravel\framework\src\Illuminate\Database\Concerns\ManagesTransactions.php:130
C:\projetos\sistema\backend\vendor\laravel\framework\src\Illuminate\Foundation\Testing\RefreshDatabase.php:147
C:\projetos\sistema\backend\vendor\laravel\framework\src\Illuminate\Foundation\Testing\RefreshDatabase.php:93
C:\projetos\sistema\backend\vendor\laravel\framework\src\Illuminate\Foundation\Testing\RefreshDatabase.php:25
C:\projetos\sistema\backend\vendor\laravel\framework\src\Illuminate\Foundation\Testing\Concerns\InteractsWithTestCaseLifecycle.php:217
C:\projetos\sistema\backend\vendor\laravel\framework\src\Illuminate\Foundation\Testing\Concerns\InteractsWithTestCaseLifecycle.php:101
C:\projetos\sistema\backend\vendor\laravel\framework\src\Illuminate\Foundation\Testing\TestCase.php:63
C:\projetos\sistema\backend\tests\Feature\CrmTest.php:30</error>
        </testcase>
        <testcase name="test_deal_mark_lost_moves_to_lost_stage" file="C:\projetos\sistema\backend\tests\Feature\CrmTest.php" line="432" class="Tests\Feature\CrmTest" classname="Tests.Feature.CrmTest" assertions="0" time="0.000000">
          <error type="PDOException">Tests\Feature\CrmTest::test_deal_mark_lost_moves_to_lost_stage&#13;
PDOException: There is already an active transaction
&#13;
C:\projetos\sistema\backend\vendor\laravel\framework\src\Illuminate\Database\SQLiteConnection.php:38
C:\projetos\sistema\backend\vendor\laravel\framework\src\Illuminate\Database\Concerns\ManagesTransactions.php:154
C:\projetos\sistema\backend\vendor\laravel\framework\src\Illuminate\Database\Concerns\ManagesTransactions.php:130
C:\projetos\sistema\backend\vendor\laravel\framework\src\Illuminate\Foundation\Testing\RefreshDatabase.php:147
C:\projetos\sistema\backend\vendor\laravel\framework\src\Illuminate\Foundation\Testing\RefreshDatabase.php:93
C:\projetos\sistema\backend\vendor\laravel\framework\src\Illuminate\Foundation\Testing\RefreshDatabase.php:25
C:\projetos\sistema\backend\vendor\laravel\framework\src\Illuminate\Foundation\Testing\Concerns\InteractsWithTestCaseLifecycle.php:217
C:\projetos\sistema\backend\vendor\laravel\framework\src\Illuminate\Foundation\Testing\Concerns\InteractsWithTestCaseLifecycle.php:101
C:\projetos\sistema\backend\vendor\laravel\framework\src\Illuminate\Foundation\Testing\TestCase.php:63
C:\projetos\sistema\backend\tests\Feature\CrmTest.php:30</error>
        </testcase>
        <testcase name="test_activity_log_system_event" file="C:\projetos\sistema\backend\tests\Feature\CrmTest.php" line="450" class="Tests\Feature\CrmTest" classname="Tests.Feature.CrmTest" assertions="0" time="0.000000">
          <error type="PDOException">Tests\Feature\CrmTest::test_activity_log_system_event&#13;
PDOException: There is already an active transaction
&#13;
C:\projetos\sistema\backend\vendor\laravel\framework\src\Illuminate\Database\SQLiteConnection.php:38
C:\projetos\sistema\backend\vendor\laravel\framework\src\Illuminate\Database\Concerns\ManagesTransactions.php:154
C:\projetos\sistema\backend\vendor\laravel\framework\src\Illuminate\Database\Concerns\ManagesTransactions.php:130
C:\projetos\sistema\backend\vendor\laravel\framework\src\Illuminate\Foundation\Testing\RefreshDatabase.php:147
C:\projetos\sistema\backend\vendor\laravel\framework\src\Illuminate\Foundation\Testing\RefreshDatabase.php:93
C:\projetos\sistema\backend\vendor\laravel\framework\src\Illuminate\Foundation\Testing\RefreshDatabase.php:25
C:\projetos\sistema\backend\vendor\laravel\framework\src\Illuminate\Foundation\Testing\Concerns\InteractsWithTestCaseLifecycle.php:217
C:\projetos\sistema\backend\vendor\laravel\framework\src\Illuminate\Foundation\Testing\Concerns\InteractsWithTestCaseLifecycle.php:101
C:\projetos\sistema\backend\vendor\laravel\framework\src\Illuminate\Foundation\Testing\TestCase.php:63
C:\projetos\sistema\backend\tests\Feature\CrmTest.php:30</error>
        </testcase>
        <testcase name="test_automation_command_runs_successfully" file="C:\projetos\sistema\backend\tests\Feature\CrmTest.php" line="470" class="Tests\Feature\CrmTest" classname="Tests.Feature.CrmTest" assertions="0" time="0.000000">
          <error type="PDOException">Tests\Feature\CrmTest::test_automation_command_runs_successfully&#13;
PDOException: There is already an active transaction
&#13;
C:\projetos\sistema\backend\vendor\laravel\framework\src\Illuminate\Database\SQLiteConnection.php:38
C:\projetos\sistema\backend\vendor\laravel\framework\src\Illuminate\Database\Concerns\ManagesTransactions.php:154
C:\projetos\sistema\backend\vendor\laravel\framework\src\Illuminate\Database\Concerns\ManagesTransactions.php:130
C:\projetos\sistema\backend\vendor\laravel\framework\src\Illuminate\Foundation\Testing\RefreshDatabase.php:147
C:\projetos\sistema\backend\vendor\laravel\framework\src\Illuminate\Foundation\Testing\RefreshDatabase.php:93
C:\projetos\sistema\backend\vendor\laravel\framework\src\Illuminate\Foundation\Testing\RefreshDatabase.php:25
C:\projetos\sistema\backend\vendor\laravel\framework\src\Illuminate\Foundation\Testing\Concerns\InteractsWithTestCaseLifecycle.php:217
C:\projetos\sistema\backend\vendor\laravel\framework\src\Illuminate\Foundation\Testing\Concerns\InteractsWithTestCaseLifecycle.php:101
C:\projetos\sistema\backend\vendor\laravel\framework\src\Illuminate\Foundation\Testing\TestCase.php:63
C:\projetos\sistema\backend\tests\Feature\CrmTest.php:30</error>
        </testcase>
        <testcase name="test_automation_is_idempotent" file="C:\projetos\sistema\backend\tests\Feature\CrmTest.php" line="478" class="Tests\Feature\CrmTest" classname="Tests.Feature.CrmTest" assertions="0" time="0.000000">
          <error type="PDOException">Tests\Feature\CrmTest::test_automation_is_idempotent&#13;
PDOException: There is already an active transaction
&#13;
C:\projetos\sistema\backend\vendor\laravel\framework\src\Illuminate\Database\SQLiteConnection.php:38
C:\projetos\sistema\backend\vendor\laravel\framework\src\Illuminate\Database\Concerns\ManagesTransactions.php:154
C:\projetos\sistema\backend\vendor\laravel\framework\src\Illuminate\Database\Concerns\ManagesTransactions.php:130
C:\projetos\sistema\backend\vendor\laravel\framework\src\Illuminate\Foundation\Testing\RefreshDatabase.php:147
C:\projetos\sistema\backend\vendor\laravel\framework\src\Illuminate\Foundation\Testing\RefreshDatabase.php:93
C:\projetos\sistema\backend\vendor\laravel\framework\src\Illuminate\Foundation\Testing\RefreshDatabase.php:25
C:\projetos\sistema\backend\vendor\laravel\framework\src\Illuminate\Foundation\Testing\Concerns\InteractsWithTestCaseLifecycle.php:217
C:\projetos\sistema\backend\vendor\laravel\framework\src\Illuminate\Foundation\Testing\Concerns\InteractsWithTestCaseLifecycle.php:101
C:\projetos\sistema\backend\vendor\laravel\framework\src\Illuminate\Foundation\Testing\TestCase.php:63
C:\projetos\sistema\backend\tests\Feature\CrmTest.php:30</error>
        </testcase>
      </testsuite>
      <testsuite name="Tests\Feature\CrossModuleFlowProfessionalTest" file="C:\projetos\sistema\backend\tests\Feature\CrossModuleFlowProfessionalTest.php" tests="7" assertions="0" errors="7" failures="0" skipped="0" time="0.000000">
        <testcase name="test_os_to_invoice_to_receivable_flow" file="C:\projetos\sistema\backend\tests\Feature\CrossModuleFlowProfessionalTest.php" line="57" class="Tests\Feature\CrossModuleFlowProfessionalTest" classname="Tests.Feature.CrossModuleFlowProfessionalTest" assertions="0" time="0.000000">
          <error type="PDOException">Tests\Feature\CrossModuleFlowProfessionalTest::test_os_to_invoice_to_receivable_flow&#13;
PDOException: There is already an active transaction
&#13;
C:\projetos\sistema\backend\vendor\laravel\framework\src\Illuminate\Database\SQLiteConnection.php:38
C:\projetos\sistema\backend\vendor\laravel\framework\src\Illuminate\Database\Concerns\ManagesTransactions.php:154
C:\projetos\sistema\backend\vendor\laravel\framework\src\Illuminate\Database\Concerns\ManagesTransactions.php:130
C:\projetos\sistema\backend\vendor\laravel\framework\src\Illuminate\Foundation\Testing\RefreshDatabase.php:147
C:\projetos\sistema\backend\vendor\laravel\framework\src\Illuminate\Foundation\Testing\RefreshDatabase.php:93
C:\projetos\sistema\backend\vendor\laravel\framework\src\Illuminate\Foundation\Testing\RefreshDatabase.php:25
C:\projetos\sistema\backend\vendor\laravel\framework\src\Illuminate\Foundation\Testing\Concerns\InteractsWithTestCaseLifecycle.php:217
C:\projetos\sistema\backend\vendor\laravel\framework\src\Illuminate\Foundation\Testing\Concerns\InteractsWithTestCaseLifecycle.php:101
C:\projetos\sistema\backend\vendor\laravel\framework\src\Illuminate\Foundation\Testing\TestCase.php:63
C:\projetos\sistema\backend\tests\Feature\CrossModuleFlowProfessionalTest.php:32</error>
        </testcase>
        <testcase name="test_customer_chain_integrity_wo_linked_to_customer" file="C:\projetos\sistema\backend\tests\Feature\CrossModuleFlowProfessionalTest.php" line="90" class="Tests\Feature\CrossModuleFlowProfessionalTest" classname="Tests.Feature.CrossModuleFlowProfessionalTest" assertions="0" time="0.000000">
          <error type="PDOException">Tests\Feature\CrossModuleFlowProfessionalTest::test_customer_chain_integrity_wo_linked_to_customer&#13;
PDOException: There is already an active transaction
&#13;
C:\projetos\sistema\backend\vendor\laravel\framework\src\Illuminate\Database\SQLiteConnection.php:38
C:\projetos\sistema\backend\vendor\laravel\framework\src\Illuminate\Database\Concerns\ManagesTransactions.php:154
C:\projetos\sistema\backend\vendor\laravel\framework\src\Illuminate\Database\Concerns\ManagesTransactions.php:130
C:\projetos\sistema\backend\vendor\laravel\framework\src\Illuminate\Foundation\Testing\RefreshDatabase.php:147
C:\projetos\sistema\backend\vendor\laravel\framework\src\Illuminate\Foundation\Testing\RefreshDatabase.php:93
C:\projetos\sistema\backend\vendor\laravel\framework\src\Illuminate\Foundation\Testing\RefreshDatabase.php:25
C:\projetos\sistema\backend\vendor\laravel\framework\src\Illuminate\Foundation\Testing\Concerns\InteractsWithTestCaseLifecycle.php:217
C:\projetos\sistema\backend\vendor\laravel\framework\src\Illuminate\Foundation\Testing\Concerns\InteractsWithTestCaseLifecycle.php:101
C:\projetos\sistema\backend\vendor\laravel\framework\src\Illuminate\Foundation\Testing\TestCase.php:63
C:\projetos\sistema\backend\tests\Feature\CrossModuleFlowProfessionalTest.php:32</error>
        </testcase>
        <testcase name="test_invalid_status_transition_returns_422" file="C:\projetos\sistema\backend\tests\Feature\CrossModuleFlowProfessionalTest.php" line="117" class="Tests\Feature\CrossModuleFlowProfessionalTest" classname="Tests.Feature.CrossModuleFlowProfessionalTest" assertions="0" time="0.000000">
          <error type="PDOException">Tests\Feature\CrossModuleFlowProfessionalTest::test_invalid_status_transition_returns_422&#13;
PDOException: There is already an active transaction
&#13;
C:\projetos\sistema\backend\vendor\laravel\framework\src\Illuminate\Database\SQLiteConnection.php:38
C:\projetos\sistema\backend\vendor\laravel\framework\src\Illuminate\Database\Concerns\ManagesTransactions.php:154
C:\projetos\sistema\backend\vendor\laravel\framework\src\Illuminate\Database\Concerns\ManagesTransactions.php:130
C:\projetos\sistema\backend\vendor\laravel\framework\src\Illuminate\Foundation\Testing\RefreshDatabase.php:147
C:\projetos\sistema\backend\vendor\laravel\framework\src\Illuminate\Foundation\Testing\RefreshDatabase.php:93
C:\projetos\sistema\backend\vendor\laravel\framework\src\Illuminate\Foundation\Testing\RefreshDatabase.php:25
C:\projetos\sistema\backend\vendor\laravel\framework\src\Illuminate\Foundation\Testing\Concerns\InteractsWithTestCaseLifecycle.php:217
C:\projetos\sistema\backend\vendor\laravel\framework\src\Illuminate\Foundation\Testing\Concerns\InteractsWithTestCaseLifecycle.php:101
C:\projetos\sistema\backend\vendor\laravel\framework\src\Illuminate\Foundation\Testing\TestCase.php:63
C:\projetos\sistema\backend\tests\Feature\CrossModuleFlowProfessionalTest.php:32</error>
        </testcase>
        <testcase name="test_quote_creation_persists_with_customer" file="C:\projetos\sistema\backend\tests\Feature\CrossModuleFlowProfessionalTest.php" line="142" class="Tests\Feature\CrossModuleFlowProfessionalTest" classname="Tests.Feature.CrossModuleFlowProfessionalTest" assertions="0" time="0.000000">
          <error type="PDOException">Tests\Feature\CrossModuleFlowProfessionalTest::test_quote_creation_persists_with_customer&#13;
PDOException: There is already an active transaction
&#13;
C:\projetos\sistema\backend\vendor\laravel\framework\src\Illuminate\Database\SQLiteConnection.php:38
C:\projetos\sistema\backend\vendor\laravel\framework\src\Illuminate\Database\Concerns\ManagesTransactions.php:154
C:\projetos\sistema\backend\vendor\laravel\framework\src\Illuminate\Database\Concerns\ManagesTransactions.php:130
C:\projetos\sistema\backend\vendor\laravel\framework\src\Illuminate\Foundation\Testing\RefreshDatabase.php:147
C:\projetos\sistema\backend\vendor\laravel\framework\src\Illuminate\Foundation\Testing\RefreshDatabase.php:93
C:\projetos\sistema\backend\vendor\laravel\framework\src\Illuminate\Foundation\Testing\RefreshDatabase.php:25
C:\projetos\sistema\backend\vendor\laravel\framework\src\Illuminate\Foundation\Testing\Concerns\InteractsWithTestCaseLifecycle.php:217
C:\projetos\sistema\backend\vendor\laravel\framework\src\Illuminate\Foundation\Testing\Concerns\InteractsWithTestCaseLifecycle.php:101
C:\projetos\sistema\backend\vendor\laravel\framework\src\Illuminate\Foundation\Testing\TestCase.php:63
C:\projetos\sistema\backend\tests\Feature\CrossModuleFlowProfessionalTest.php:32</error>
        </testcase>
        <testcase name="test_service_call_convert_creates_os" file="C:\projetos\sistema\backend\tests\Feature\CrossModuleFlowProfessionalTest.php" line="163" class="Tests\Feature\CrossModuleFlowProfessionalTest" classname="Tests.Feature.CrossModuleFlowProfessionalTest" assertions="0" time="0.000000">
          <error type="PDOException">Tests\Feature\CrossModuleFlowProfessionalTest::test_service_call_convert_creates_os&#13;
PDOException: There is already an active transaction
&#13;
C:\projetos\sistema\backend\vendor\laravel\framework\src\Illuminate\Database\SQLiteConnection.php:38
C:\projetos\sistema\backend\vendor\laravel\framework\src\Illuminate\Database\Concerns\ManagesTransactions.php:154
C:\projetos\sistema\backend\vendor\laravel\framework\src\Illuminate\Database\Concerns\ManagesTransactions.php:130
C:\projetos\sistema\backend\vendor\laravel\framework\src\Illuminate\Foundation\Testing\RefreshDatabase.php:147
C:\projetos\sistema\backend\vendor\laravel\framework\src\Illuminate\Foundation\Testing\RefreshDatabase.php:93
C:\projetos\sistema\backend\vendor\laravel\framework\src\Illuminate\Foundation\Testing\RefreshDatabase.php:25
C:\projetos\sistema\backend\vendor\laravel\framework\src\Illuminate\Foundation\Testing\Concerns\InteractsWithTestCaseLifecycle.php:217
C:\projetos\sistema\backend\vendor\laravel\framework\src\Illuminate\Foundation\Testing\Concerns\InteractsWithTestCaseLifecycle.php:101
C:\projetos\sistema\backend\vendor\laravel\framework\src\Illuminate\Foundation\Testing\TestCase.php:63
C:\projetos\sistema\backend\tests\Feature\CrossModuleFlowProfessionalTest.php:32</error>
        </testcase>
        <testcase name="test_delete_customer_without_dependencies_succeeds" file="C:\projetos\sistema\backend\tests\Feature\CrossModuleFlowProfessionalTest.php" line="187" class="Tests\Feature\CrossModuleFlowProfessionalTest" classname="Tests.Feature.CrossModuleFlowProfessionalTest" assertions="0" time="0.000000">
          <error type="PDOException">Tests\Feature\CrossModuleFlowProfessionalTest::test_delete_customer_without_dependencies_succeeds&#13;
PDOException: There is already an active transaction
&#13;
C:\projetos\sistema\backend\vendor\laravel\framework\src\Illuminate\Database\SQLiteConnection.php:38
C:\projetos\sistema\backend\vendor\laravel\framework\src\Illuminate\Database\Concerns\ManagesTransactions.php:154
C:\projetos\sistema\backend\vendor\laravel\framework\src\Illuminate\Database\Concerns\ManagesTransactions.php:130
C:\projetos\sistema\backend\vendor\laravel\framework\src\Illuminate\Foundation\Testing\RefreshDatabase.php:147
C:\projetos\sistema\backend\vendor\laravel\framework\src\Illuminate\Foundation\Testing\RefreshDatabase.php:93
C:\projetos\sistema\backend\vendor\laravel\framework\src\Illuminate\Foundation\Testing\RefreshDatabase.php:25
C:\projetos\sistema\backend\vendor\laravel\framework\src\Illuminate\Foundation\Testing\Concerns\InteractsWithTestCaseLifecycle.php:217
C:\projetos\sistema\backend\vendor\laravel\framework\src\Illuminate\Foundation\Testing\Concerns\InteractsWithTestCaseLifecycle.php:101
C:\projetos\sistema\backend\vendor\laravel\framework\src\Illuminate\Foundation\Testing\TestCase.php:63
C:\projetos\sistema\backend\tests\Feature\CrossModuleFlowProfessionalTest.php:32</error>
        </testcase>
        <testcase name="test_delete_customer_with_work_orders_is_restricted" file="C:\projetos\sistema\backend\tests\Feature\CrossModuleFlowProfessionalTest.php" line="198" class="Tests\Feature\CrossModuleFlowProfessionalTest" classname="Tests.Feature.CrossModuleFlowProfessionalTest" assertions="0" time="0.000000">
          <error type="PDOException">Tests\Feature\CrossModuleFlowProfessionalTest::test_delete_customer_with_work_orders_is_restricted&#13;
PDOException: There is already an active transaction
&#13;
C:\projetos\sistema\backend\vendor\laravel\framework\src\Illuminate\Database\SQLiteConnection.php:38
C:\projetos\sistema\backend\vendor\laravel\framework\src\Illuminate\Database\Concerns\ManagesTransactions.php:154
C:\projetos\sistema\backend\vendor\laravel\framework\src\Illuminate\Database\Concerns\ManagesTransactions.php:130
C:\projetos\sistema\backend\vendor\laravel\framework\src\Illuminate\Foundation\Testing\RefreshDatabase.php:147
C:\projetos\sistema\backend\vendor\laravel\framework\src\Illuminate\Foundation\Testing\RefreshDatabase.php:93
C:\projetos\sistema\backend\vendor\laravel\framework\src\Illuminate\Foundation\Testing\RefreshDatabase.php:25
C:\projetos\sistema\backend\vendor\laravel\framework\src\Illuminate\Foundation\Testing\Concerns\InteractsWithTestCaseLifecycle.php:217
C:\projetos\sistema\backend\vendor\laravel\framework\src\Illuminate\Foundation\Testing\Concerns\InteractsWithTestCaseLifecycle.php:101
C:\projetos\sistema\backend\vendor\laravel\framework\src\Illuminate\Foundation\Testing\TestCase.php:63
C:\projetos\sistema\backend\tests\Feature\CrossModuleFlowProfessionalTest.php:32</error>
        </testcase>
      </testsuite>
      <testsuite name="Tests\Feature\CrossModuleFlowTest" file="C:\projetos\sistema\backend\tests\Feature\CrossModuleFlowTest.php" tests="6" assertions="0" errors="6" failures="0" skipped="0" time="0.000000">
        <testcase name="test_full_os_to_invoice_to_receivable_flow" file="C:\projetos\sistema\backend\tests\Feature\CrossModuleFlowTest.php" line="56" class="Tests\Feature\CrossModuleFlowTest" classname="Tests.Feature.CrossModuleFlowTest" assertions="0" time="0.000000">
          <error type="PDOException">Tests\Feature\CrossModuleFlowTest::test_full_os_to_invoice_to_receivable_flow&#13;
PDOException: There is already an active transaction
&#13;
C:\projetos\sistema\backend\vendor\laravel\framework\src\Illuminate\Database\SQLiteConnection.php:38
C:\projetos\sistema\backend\vendor\laravel\framework\src\Illuminate\Database\Concerns\ManagesTransactions.php:154
C:\projetos\sistema\backend\vendor\laravel\framework\src\Illuminate\Database\Concerns\ManagesTransactions.php:130
C:\projetos\sistema\backend\vendor\laravel\framework\src\Illuminate\Foundation\Testing\RefreshDatabase.php:147
C:\projetos\sistema\backend\vendor\laravel\framework\src\Illuminate\Foundation\Testing\RefreshDatabase.php:93
C:\projetos\sistema\backend\vendor\laravel\framework\src\Illuminate\Foundation\Testing\RefreshDatabase.php:25
C:\projetos\sistema\backend\vendor\laravel\framework\src\Illuminate\Foundation\Testing\Concerns\InteractsWithTestCaseLifecycle.php:217
C:\projetos\sistema\backend\vendor\laravel\framework\src\Illuminate\Foundation\Testing\Concerns\InteractsWithTestCaseLifecycle.php:101
C:\projetos\sistema\backend\vendor\laravel\framework\src\Illuminate\Foundation\Testing\TestCase.php:63
C:\projetos\sistema\backend\tests\Feature\CrossModuleFlowTest.php:31</error>
        </testcase>
        <testcase name="test_customer_chain_integrity" file="C:\projetos\sistema\backend\tests\Feature\CrossModuleFlowTest.php" line="97" class="Tests\Feature\CrossModuleFlowTest" classname="Tests.Feature.CrossModuleFlowTest" assertions="0" time="0.000000">
          <error type="PDOException">Tests\Feature\CrossModuleFlowTest::test_customer_chain_integrity&#13;
PDOException: There is already an active transaction
&#13;
C:\projetos\sistema\backend\vendor\laravel\framework\src\Illuminate\Database\SQLiteConnection.php:38
C:\projetos\sistema\backend\vendor\laravel\framework\src\Illuminate\Database\Concerns\ManagesTransactions.php:154
C:\projetos\sistema\backend\vendor\laravel\framework\src\Illuminate\Database\Concerns\ManagesTransactions.php:130
C:\projetos\sistema\backend\vendor\laravel\framework\src\Illuminate\Foundation\Testing\RefreshDatabase.php:147
C:\projetos\sistema\backend\vendor\laravel\framework\src\Illuminate\Foundation\Testing\RefreshDatabase.php:93
C:\projetos\sistema\backend\vendor\laravel\framework\src\Illuminate\Foundation\Testing\RefreshDatabase.php:25
C:\projetos\sistema\backend\vendor\laravel\framework\src\Illuminate\Foundation\Testing\Concerns\InteractsWithTestCaseLifecycle.php:217
C:\projetos\sistema\backend\vendor\laravel\framework\src\Illuminate\Foundation\Testing\Concerns\InteractsWithTestCaseLifecycle.php:101
C:\projetos\sistema\backend\vendor\laravel\framework\src\Illuminate\Foundation\Testing\TestCase.php:63
C:\projetos\sistema\backend\tests\Feature\CrossModuleFlowTest.php:31</error>
        </testcase>
        <testcase name="test_work_order_status_machine_enforced" file="C:\projetos\sistema\backend\tests\Feature\CrossModuleFlowTest.php" line="127" class="Tests\Feature\CrossModuleFlowTest" classname="Tests.Feature.CrossModuleFlowTest" assertions="0" time="0.000000">
          <error type="PDOException">Tests\Feature\CrossModuleFlowTest::test_work_order_status_machine_enforced&#13;
PDOException: There is already an active transaction
&#13;
C:\projetos\sistema\backend\vendor\laravel\framework\src\Illuminate\Database\SQLiteConnection.php:38
C:\projetos\sistema\backend\vendor\laravel\framework\src\Illuminate\Database\Concerns\ManagesTransactions.php:154
C:\projetos\sistema\backend\vendor\laravel\framework\src\Illuminate\Database\Concerns\ManagesTransactions.php:130
C:\projetos\sistema\backend\vendor\laravel\framework\src\Illuminate\Foundation\Testing\RefreshDatabase.php:147
C:\projetos\sistema\backend\vendor\laravel\framework\src\Illuminate\Foundation\Testing\RefreshDatabase.php:93
C:\projetos\sistema\backend\vendor\laravel\framework\src\Illuminate\Foundation\Testing\RefreshDatabase.php:25
C:\projetos\sistema\backend\vendor\laravel\framework\src\Illuminate\Foundation\Testing\Concerns\InteractsWithTestCaseLifecycle.php:217
C:\projetos\sistema\backend\vendor\laravel\framework\src\Illuminate\Foundation\Testing\Concerns\InteractsWithTestCaseLifecycle.php:101
C:\projetos\sistema\backend\vendor\laravel\framework\src\Illuminate\Foundation\Testing\TestCase.php:63
C:\projetos\sistema\backend\tests\Feature\CrossModuleFlowTest.php:31</error>
        </testcase>
        <testcase name="test_quote_creation_with_customer" file="C:\projetos\sistema\backend\tests\Feature\CrossModuleFlowTest.php" line="145" class="Tests\Feature\CrossModuleFlowTest" classname="Tests.Feature.CrossModuleFlowTest" assertions="0" time="0.000000">
          <error type="PDOException">Tests\Feature\CrossModuleFlowTest::test_quote_creation_with_customer&#13;
PDOException: There is already an active transaction
&#13;
C:\projetos\sistema\backend\vendor\laravel\framework\src\Illuminate\Database\SQLiteConnection.php:38
C:\projetos\sistema\backend\vendor\laravel\framework\src\Illuminate\Database\Concerns\ManagesTransactions.php:154
C:\projetos\sistema\backend\vendor\laravel\framework\src\Illuminate\Database\Concerns\ManagesTransactions.php:130
C:\projetos\sistema\backend\vendor\laravel\framework\src\Illuminate\Foundation\Testing\RefreshDatabase.php:147
C:\projetos\sistema\backend\vendor\laravel\framework\src\Illuminate\Foundation\Testing\RefreshDatabase.php:93
C:\projetos\sistema\backend\vendor\laravel\framework\src\Illuminate\Foundation\Testing\RefreshDatabase.php:25
C:\projetos\sistema\backend\vendor\laravel\framework\src\Illuminate\Foundation\Testing\Concerns\InteractsWithTestCaseLifecycle.php:217
C:\projetos\sistema\backend\vendor\laravel\framework\src\Illuminate\Foundation\Testing\Concerns\InteractsWithTestCaseLifecycle.php:101
C:\projetos\sistema\backend\vendor\laravel\framework\src\Illuminate\Foundation\Testing\TestCase.php:63
C:\projetos\sistema\backend\tests\Feature\CrossModuleFlowTest.php:31</error>
        </testcase>
        <testcase name="test_deleting_customer_without_os_succeeds" file="C:\projetos\sistema\backend\tests\Feature\CrossModuleFlowTest.php" line="165" class="Tests\Feature\CrossModuleFlowTest" classname="Tests.Feature.CrossModuleFlowTest" assertions="0" time="0.000000">
          <error type="PDOException">Tests\Feature\CrossModuleFlowTest::test_deleting_customer_without_os_succeeds&#13;
PDOException: There is already an active transaction
&#13;
C:\projetos\sistema\backend\vendor\laravel\framework\src\Illuminate\Database\SQLiteConnection.php:38
C:\projetos\sistema\backend\vendor\laravel\framework\src\Illuminate\Database\Concerns\ManagesTransactions.php:154
C:\projetos\sistema\backend\vendor\laravel\framework\src\Illuminate\Database\Concerns\ManagesTransactions.php:130
C:\projetos\sistema\backend\vendor\laravel\framework\src\Illuminate\Foundation\Testing\RefreshDatabase.php:147
C:\projetos\sistema\backend\vendor\laravel\framework\src\Illuminate\Foundation\Testing\RefreshDatabase.php:93
C:\projetos\sistema\backend\vendor\laravel\framework\src\Illuminate\Foundation\Testing\RefreshDatabase.php:25
C:\projetos\sistema\backend\vendor\laravel\framework\src\Illuminate\Foundation\Testing\Concerns\InteractsWithTestCaseLifecycle.php:217
C:\projetos\sistema\backend\vendor\laravel\framework\src\Illuminate\Foundation\Testing\Concerns\InteractsWithTestCaseLifecycle.php:101
C:\projetos\sistema\backend\vendor\laravel\framework\src\Illuminate\Foundation\Testing\TestCase.php:63
C:\projetos\sistema\backend\tests\Feature\CrossModuleFlowTest.php:31</error>
        </testcase>
        <testcase name="test_deleting_customer_with_os_is_restricted" file="C:\projetos\sistema\backend\tests\Feature\CrossModuleFlowTest.php" line="176" class="Tests\Feature\CrossModuleFlowTest" classname="Tests.Feature.CrossModuleFlowTest" assertions="0" time="0.000000">
          <error type="PDOException">Tests\Feature\CrossModuleFlowTest::test_deleting_customer_with_os_is_restricted&#13;
PDOException: There is already an active transaction
&#13;
C:\projetos\sistema\backend\vendor\laravel\framework\src\Illuminate\Database\SQLiteConnection.php:38
C:\projetos\sistema\backend\vendor\laravel\framework\src\Illuminate\Database\Concerns\ManagesTransactions.php:154
C:\projetos\sistema\backend\vendor\laravel\framework\src\Illuminate\Database\Concerns\ManagesTransactions.php:130
C:\projetos\sistema\backend\vendor\laravel\framework\src\Illuminate\Foundation\Testing\RefreshDatabase.php:147
C:\projetos\sistema\backend\vendor\laravel\framework\src\Illuminate\Foundation\Testing\RefreshDatabase.php:93
C:\projetos\sistema\backend\vendor\laravel\framework\src\Illuminate\Foundation\Testing\RefreshDatabase.php:25
C:\projetos\sistema\backend\vendor\laravel\framework\src\Illuminate\Foundation\Testing\Concerns\InteractsWithTestCaseLifecycle.php:217
C:\projetos\sistema\backend\vendor\laravel\framework\src\Illuminate\Foundation\Testing\Concerns\InteractsWithTestCaseLifecycle.php:101
C:\projetos\sistema\backend\vendor\laravel\framework\src\Illuminate\Foundation\Testing\TestCase.php:63
C:\projetos\sistema\backend\tests\Feature\CrossModuleFlowTest.php:31</error>
        </testcase>
      </testsuite>
      <testsuite name="Tests\Feature\CustomerMergeBatchExportTest" file="C:\projetos\sistema\backend\tests\Feature\CustomerMergeBatchExportTest.php" tests="10" assertions="0" errors="10" failures="0" skipped="0" time="0.000000">
        <testcase name="test_search_duplicates_by_name" file="C:\projetos\sistema\backend\tests\Feature\CustomerMergeBatchExportTest.php" line="49" class="Tests\Feature\CustomerMergeBatchExportTest" classname="Tests.Feature.CustomerMergeBatchExportTest" assertions="0" time="0.000000">
          <error type="PDOException">Tests\Feature\CustomerMergeBatchExportTest::test_search_duplicates_by_name&#13;
PDOException: There is already an active transaction
&#13;
C:\projetos\sistema\backend\vendor\laravel\framework\src\Illuminate\Database\SQLiteConnection.php:38
C:\projetos\sistema\backend\vendor\laravel\framework\src\Illuminate\Database\Concerns\ManagesTransactions.php:154
C:\projetos\sistema\backend\vendor\laravel\framework\src\Illuminate\Database\Concerns\ManagesTransactions.php:130
C:\projetos\sistema\backend\vendor\laravel\framework\src\Illuminate\Foundation\Testing\RefreshDatabase.php:147
C:\projetos\sistema\backend\vendor\laravel\framework\src\Illuminate\Foundation\Testing\RefreshDatabase.php:93
C:\projetos\sistema\backend\vendor\laravel\framework\src\Illuminate\Foundation\Testing\RefreshDatabase.php:25
C:\projetos\sistema\backend\vendor\laravel\framework\src\Illuminate\Foundation\Testing\Concerns\InteractsWithTestCaseLifecycle.php:217
C:\projetos\sistema\backend\vendor\laravel\framework\src\Illuminate\Foundation\Testing\Concerns\InteractsWithTestCaseLifecycle.php:101
C:\projetos\sistema\backend\vendor\laravel\framework\src\Illuminate\Foundation\Testing\TestCase.php:63
C:\projetos\sistema\backend\tests\Feature\CustomerMergeBatchExportTest.php:27</error>
        </testcase>
        <testcase name="test_search_duplicates_by_document" file="C:\projetos\sistema\backend\tests\Feature\CustomerMergeBatchExportTest.php" line="68" class="Tests\Feature\CustomerMergeBatchExportTest" classname="Tests.Feature.CustomerMergeBatchExportTest" assertions="0" time="0.000000">
          <error type="PDOException">Tests\Feature\CustomerMergeBatchExportTest::test_search_duplicates_by_document&#13;
PDOException: There is already an active transaction
&#13;
C:\projetos\sistema\backend\vendor\laravel\framework\src\Illuminate\Database\SQLiteConnection.php:38
C:\projetos\sistema\backend\vendor\laravel\framework\src\Illuminate\Database\Concerns\ManagesTransactions.php:154
C:\projetos\sistema\backend\vendor\laravel\framework\src\Illuminate\Database\Concerns\ManagesTransactions.php:130
C:\projetos\sistema\backend\vendor\laravel\framework\src\Illuminate\Foundation\Testing\RefreshDatabase.php:147
C:\projetos\sistema\backend\vendor\laravel\framework\src\Illuminate\Foundation\Testing\RefreshDatabase.php:93
C:\projetos\sistema\backend\vendor\laravel\framework\src\Illuminate\Foundation\Testing\RefreshDatabase.php:25
C:\projetos\sistema\backend\vendor\laravel\framework\src\Illuminate\Foundation\Testing\Concerns\InteractsWithTestCaseLifecycle.php:217
C:\projetos\sistema\backend\vendor\laravel\framework\src\Illuminate\Foundation\Testing\Concerns\InteractsWithTestCaseLifecycle.php:101
C:\projetos\sistema\backend\vendor\laravel\framework\src\Illuminate\Foundation\Testing\TestCase.php:63
C:\projetos\sistema\backend\tests\Feature\CustomerMergeBatchExportTest.php:27</error>
        </testcase>
        <testcase name="test_merge_customers_transfers_relationships" file="C:\projetos\sistema\backend\tests\Feature\CustomerMergeBatchExportTest.php" line="74" class="Tests\Feature\CustomerMergeBatchExportTest" classname="Tests.Feature.CustomerMergeBatchExportTest" assertions="0" time="0.000000">
          <error type="PDOException">Tests\Feature\CustomerMergeBatchExportTest::test_merge_customers_transfers_relationships&#13;
PDOException: There is already an active transaction
&#13;
C:\projetos\sistema\backend\vendor\laravel\framework\src\Illuminate\Database\SQLiteConnection.php:38
C:\projetos\sistema\backend\vendor\laravel\framework\src\Illuminate\Database\Concerns\ManagesTransactions.php:154
C:\projetos\sistema\backend\vendor\laravel\framework\src\Illuminate\Database\Concerns\ManagesTransactions.php:130
C:\projetos\sistema\backend\vendor\laravel\framework\src\Illuminate\Foundation\Testing\RefreshDatabase.php:147
C:\projetos\sistema\backend\vendor\laravel\framework\src\Illuminate\Foundation\Testing\RefreshDatabase.php:93
C:\projetos\sistema\backend\vendor\laravel\framework\src\Illuminate\Foundation\Testing\RefreshDatabase.php:25
C:\projetos\sistema\backend\vendor\laravel\framework\src\Illuminate\Foundation\Testing\Concerns\InteractsWithTestCaseLifecycle.php:217
C:\projetos\sistema\backend\vendor\laravel\framework\src\Illuminate\Foundation\Testing\Concerns\InteractsWithTestCaseLifecycle.php:101
C:\projetos\sistema\backend\vendor\laravel\framework\src\Illuminate\Foundation\Testing\TestCase.php:63
C:\projetos\sistema\backend\tests\Feature\CustomerMergeBatchExportTest.php:27</error>
        </testcase>
        <testcase name="test_merge_rejects_same_primary_and_duplicate" file="C:\projetos\sistema\backend\tests\Feature\CustomerMergeBatchExportTest.php" line="100" class="Tests\Feature\CustomerMergeBatchExportTest" classname="Tests.Feature.CustomerMergeBatchExportTest" assertions="0" time="0.000000">
          <error type="PDOException">Tests\Feature\CustomerMergeBatchExportTest::test_merge_rejects_same_primary_and_duplicate&#13;
PDOException: There is already an active transaction
&#13;
C:\projetos\sistema\backend\vendor\laravel\framework\src\Illuminate\Database\SQLiteConnection.php:38
C:\projetos\sistema\backend\vendor\laravel\framework\src\Illuminate\Database\Concerns\ManagesTransactions.php:154
C:\projetos\sistema\backend\vendor\laravel\framework\src\Illuminate\Database\Concerns\ManagesTransactions.php:130
C:\projetos\sistema\backend\vendor\laravel\framework\src\Illuminate\Foundation\Testing\RefreshDatabase.php:147
C:\projetos\sistema\backend\vendor\laravel\framework\src\Illuminate\Foundation\Testing\RefreshDatabase.php:93
C:\projetos\sistema\backend\vendor\laravel\framework\src\Illuminate\Foundation\Testing\RefreshDatabase.php:25
C:\projetos\sistema\backend\vendor\laravel\framework\src\Illuminate\Foundation\Testing\Concerns\InteractsWithTestCaseLifecycle.php:217
C:\projetos\sistema\backend\vendor\laravel\framework\src\Illuminate\Foundation\Testing\Concerns\InteractsWithTestCaseLifecycle.php:101
C:\projetos\sistema\backend\vendor\laravel\framework\src\Illuminate\Foundation\Testing\TestCase.php:63
C:\projetos\sistema\backend\tests\Feature\CustomerMergeBatchExportTest.php:27</error>
        </testcase>
        <testcase name="test_batch_export_entities_lists_available" file="C:\projetos\sistema\backend\tests\Feature\CustomerMergeBatchExportTest.php" line="112" class="Tests\Feature\CustomerMergeBatchExportTest" classname="Tests.Feature.CustomerMergeBatchExportTest" assertions="0" time="0.000000">
          <error type="PDOException">Tests\Feature\CustomerMergeBatchExportTest::test_batch_export_entities_lists_available&#13;
PDOException: There is already an active transaction
&#13;
C:\projetos\sistema\backend\vendor\laravel\framework\src\Illuminate\Database\SQLiteConnection.php:38
C:\projetos\sistema\backend\vendor\laravel\framework\src\Illuminate\Database\Concerns\ManagesTransactions.php:154
C:\projetos\sistema\backend\vendor\laravel\framework\src\Illuminate\Database\Concerns\ManagesTransactions.php:130
C:\projetos\sistema\backend\vendor\laravel\framework\src\Illuminate\Foundation\Testing\RefreshDatabase.php:147
C:\projetos\sistema\backend\vendor\laravel\framework\src\Illuminate\Foundation\Testing\RefreshDatabase.php:93
C:\projetos\sistema\backend\vendor\laravel\framework\src\Illuminate\Foundation\Testing\RefreshDatabase.php:25
C:\projetos\sistema\backend\vendor\laravel\framework\src\Illuminate\Foundation\Testing\Concerns\InteractsWithTestCaseLifecycle.php:217
C:\projetos\sistema\backend\vendor\laravel\framework\src\Illuminate\Foundation\Testing\Concerns\InteractsWithTestCaseLifecycle.php:101
C:\projetos\sistema\backend\vendor\laravel\framework\src\Illuminate\Foundation\Testing\TestCase.php:63
C:\projetos\sistema\backend\tests\Feature\CustomerMergeBatchExportTest.php:27</error>
        </testcase>
        <testcase name="test_batch_export_csv_for_customers" file="C:\projetos\sistema\backend\tests\Feature\CustomerMergeBatchExportTest.php" line="129" class="Tests\Feature\CustomerMergeBatchExportTest" classname="Tests.Feature.CustomerMergeBatchExportTest" assertions="0" time="0.000000">
          <error type="PDOException">Tests\Feature\CustomerMergeBatchExportTest::test_batch_export_csv_for_customers&#13;
PDOException: There is already an active transaction
&#13;
C:\projetos\sistema\backend\vendor\laravel\framework\src\Illuminate\Database\SQLiteConnection.php:38
C:\projetos\sistema\backend\vendor\laravel\framework\src\Illuminate\Database\Concerns\ManagesTransactions.php:154
C:\projetos\sistema\backend\vendor\laravel\framework\src\Illuminate\Database\Concerns\ManagesTransactions.php:130
C:\projetos\sistema\backend\vendor\laravel\framework\src\Illuminate\Foundation\Testing\RefreshDatabase.php:147
C:\projetos\sistema\backend\vendor\laravel\framework\src\Illuminate\Foundation\Testing\RefreshDatabase.php:93
C:\projetos\sistema\backend\vendor\laravel\framework\src\Illuminate\Foundation\Testing\RefreshDatabase.php:25
C:\projetos\sistema\backend\vendor\laravel\framework\src\Illuminate\Foundation\Testing\Concerns\InteractsWithTestCaseLifecycle.php:217
C:\projetos\sistema\backend\vendor\laravel\framework\src\Illuminate\Foundation\Testing\Concerns\InteractsWithTestCaseLifecycle.php:101
C:\projetos\sistema\backend\vendor\laravel\framework\src\Illuminate\Foundation\Testing\TestCase.php:63
C:\projetos\sistema\backend\tests\Feature\CustomerMergeBatchExportTest.php:27</error>
        </testcase>
        <testcase name="test_batch_export_csv_validates_entity" file="C:\projetos\sistema\backend\tests\Feature\CustomerMergeBatchExportTest.php" line="139" class="Tests\Feature\CustomerMergeBatchExportTest" classname="Tests.Feature.CustomerMergeBatchExportTest" assertions="0" time="0.000000">
          <error type="PDOException">Tests\Feature\CustomerMergeBatchExportTest::test_batch_export_csv_validates_entity&#13;
PDOException: There is already an active transaction
&#13;
C:\projetos\sistema\backend\vendor\laravel\framework\src\Illuminate\Database\SQLiteConnection.php:38
C:\projetos\sistema\backend\vendor\laravel\framework\src\Illuminate\Database\Concerns\ManagesTransactions.php:154
C:\projetos\sistema\backend\vendor\laravel\framework\src\Illuminate\Database\Concerns\ManagesTransactions.php:130
C:\projetos\sistema\backend\vendor\laravel\framework\src\Illuminate\Foundation\Testing\RefreshDatabase.php:147
C:\projetos\sistema\backend\vendor\laravel\framework\src\Illuminate\Foundation\Testing\RefreshDatabase.php:93
C:\projetos\sistema\backend\vendor\laravel\framework\src\Illuminate\Foundation\Testing\RefreshDatabase.php:25
C:\projetos\sistema\backend\vendor\laravel\framework\src\Illuminate\Foundation\Testing\Concerns\InteractsWithTestCaseLifecycle.php:217
C:\projetos\sistema\backend\vendor\laravel\framework\src\Illuminate\Foundation\Testing\Concerns\InteractsWithTestCaseLifecycle.php:101
C:\projetos\sistema\backend\vendor\laravel\framework\src\Illuminate\Foundation\Testing\TestCase.php:63
C:\projetos\sistema\backend\tests\Feature\CustomerMergeBatchExportTest.php:27</error>
        </testcase>
        <testcase name="test_batch_print_validates_entity_and_ids" file="C:\projetos\sistema\backend\tests\Feature\CustomerMergeBatchExportTest.php" line="148" class="Tests\Feature\CustomerMergeBatchExportTest" classname="Tests.Feature.CustomerMergeBatchExportTest" assertions="0" time="0.000000">
          <error type="PDOException">Tests\Feature\CustomerMergeBatchExportTest::test_batch_print_validates_entity_and_ids&#13;
PDOException: There is already an active transaction
&#13;
C:\projetos\sistema\backend\vendor\laravel\framework\src\Illuminate\Database\SQLiteConnection.php:38
C:\projetos\sistema\backend\vendor\laravel\framework\src\Illuminate\Database\Concerns\ManagesTransactions.php:154
C:\projetos\sistema\backend\vendor\laravel\framework\src\Illuminate\Database\Concerns\ManagesTransactions.php:130
C:\projetos\sistema\backend\vendor\laravel\framework\src\Illuminate\Foundation\Testing\RefreshDatabase.php:147
C:\projetos\sistema\backend\vendor\laravel\framework\src\Illuminate\Foundation\Testing\RefreshDatabase.php:93
C:\projetos\sistema\backend\vendor\laravel\framework\src\Illuminate\Foundation\Testing\RefreshDatabase.php:25
C:\projetos\sistema\backend\vendor\laravel\framework\src\Illuminate\Foundation\Testing\Concerns\InteractsWithTestCaseLifecycle.php:217
C:\projetos\sistema\backend\vendor\laravel\framework\src\Illuminate\Foundation\Testing\Concerns\InteractsWithTestCaseLifecycle.php:101
C:\projetos\sistema\backend\vendor\laravel\framework\src\Illuminate\Foundation\Testing\TestCase.php:63
C:\projetos\sistema\backend\tests\Feature\CustomerMergeBatchExportTest.php:27</error>
        </testcase>
        <testcase name="test_price_history_index" file="C:\projetos\sistema\backend\tests\Feature\CustomerMergeBatchExportTest.php" line="161" class="Tests\Feature\CustomerMergeBatchExportTest" classname="Tests.Feature.CustomerMergeBatchExportTest" assertions="0" time="0.000000">
          <error type="PDOException">Tests\Feature\CustomerMergeBatchExportTest::test_price_history_index&#13;
PDOException: There is already an active transaction
&#13;
C:\projetos\sistema\backend\vendor\laravel\framework\src\Illuminate\Database\SQLiteConnection.php:38
C:\projetos\sistema\backend\vendor\laravel\framework\src\Illuminate\Database\Concerns\ManagesTransactions.php:154
C:\projetos\sistema\backend\vendor\laravel\framework\src\Illuminate\Database\Concerns\ManagesTransactions.php:130
C:\projetos\sistema\backend\vendor\laravel\framework\src\Illuminate\Foundation\Testing\RefreshDatabase.php:147
C:\projetos\sistema\backend\vendor\laravel\framework\src\Illuminate\Foundation\Testing\RefreshDatabase.php:93
C:\projetos\sistema\backend\vendor\laravel\framework\src\Illuminate\Foundation\Testing\RefreshDatabase.php:25
C:\projetos\sistema\backend\vendor\laravel\framework\src\Illuminate\Foundation\Testing\Concerns\InteractsWithTestCaseLifecycle.php:217
C:\projetos\sistema\backend\vendor\laravel\framework\src\Illuminate\Foundation\Testing\Concerns\InteractsWithTestCaseLifecycle.php:101
C:\projetos\sistema\backend\vendor\laravel\framework\src\Illuminate\Foundation\Testing\TestCase.php:63
C:\projetos\sistema\backend\tests\Feature\CustomerMergeBatchExportTest.php:27</error>
        </testcase>
        <testcase name="test_price_history_with_date_filter" file="C:\projetos\sistema\backend\tests\Feature\CustomerMergeBatchExportTest.php" line="167" class="Tests\Feature\CustomerMergeBatchExportTest" classname="Tests.Feature.CustomerMergeBatchExportTest" assertions="0" time="0.000000">
          <error type="PDOException">Tests\Feature\CustomerMergeBatchExportTest::test_price_history_with_date_filter&#13;
PDOException: There is already an active transaction
&#13;
C:\projetos\sistema\backend\vendor\laravel\framework\src\Illuminate\Database\SQLiteConnection.php:38
C:\projetos\sistema\backend\vendor\laravel\framework\src\Illuminate\Database\Concerns\ManagesTransactions.php:154
C:\projetos\sistema\backend\vendor\laravel\framework\src\Illuminate\Database\Concerns\ManagesTransactions.php:130
C:\projetos\sistema\backend\vendor\laravel\framework\src\Illuminate\Foundation\Testing\RefreshDatabase.php:147
C:\projetos\sistema\backend\vendor\laravel\framework\src\Illuminate\Foundation\Testing\RefreshDatabase.php:93
C:\projetos\sistema\backend\vendor\laravel\framework\src\Illuminate\Foundation\Testing\RefreshDatabase.php:25
C:\projetos\sistema\backend\vendor\laravel\framework\src\Illuminate\Foundation\Testing\Concerns\InteractsWithTestCaseLifecycle.php:217
C:\projetos\sistema\backend\vendor\laravel\framework\src\Illuminate\Foundation\Testing\Concerns\InteractsWithTestCaseLifecycle.php:101
C:\projetos\sistema\backend\vendor\laravel\framework\src\Illuminate\Foundation\Testing\TestCase.php:63
C:\projetos\sistema\backend\tests\Feature\CustomerMergeBatchExportTest.php:27</error>
        </testcase>
      </testsuite>
      <testsuite name="Tests\Feature\CustomerTest" file="C:\projetos\sistema\backend\tests\Feature\CustomerTest.php" tests="14" assertions="0" errors="14" failures="0" skipped="0" time="0.000000">
        <testcase name="test_create_customer_pf" file="C:\projetos\sistema\backend\tests\Feature\CustomerTest.php" line="43" class="Tests\Feature\CustomerTest" classname="Tests.Feature.CustomerTest" assertions="0" time="0.000000">
          <error type="PDOException">Tests\Feature\CustomerTest::test_create_customer_pf&#13;
PDOException: There is already an active transaction
&#13;
C:\projetos\sistema\backend\vendor\laravel\framework\src\Illuminate\Database\SQLiteConnection.php:38
C:\projetos\sistema\backend\vendor\laravel\framework\src\Illuminate\Database\Concerns\ManagesTransactions.php:154
C:\projetos\sistema\backend\vendor\laravel\framework\src\Illuminate\Database\Concerns\ManagesTransactions.php:130
C:\projetos\sistema\backend\vendor\laravel\framework\src\Illuminate\Foundation\Testing\RefreshDatabase.php:147
C:\projetos\sistema\backend\vendor\laravel\framework\src\Illuminate\Foundation\Testing\RefreshDatabase.php:93
C:\projetos\sistema\backend\vendor\laravel\framework\src\Illuminate\Foundation\Testing\RefreshDatabase.php:25
C:\projetos\sistema\backend\vendor\laravel\framework\src\Illuminate\Foundation\Testing\Concerns\InteractsWithTestCaseLifecycle.php:217
C:\projetos\sistema\backend\vendor\laravel\framework\src\Illuminate\Foundation\Testing\Concerns\InteractsWithTestCaseLifecycle.php:101
C:\projetos\sistema\backend\vendor\laravel\framework\src\Illuminate\Foundation\Testing\TestCase.php:63
C:\projetos\sistema\backend\tests\Feature\CustomerTest.php:23</error>
        </testcase>
        <testcase name="test_create_customer_pj" file="C:\projetos\sistema\backend\tests\Feature\CustomerTest.php" line="65" class="Tests\Feature\CustomerTest" classname="Tests.Feature.CustomerTest" assertions="0" time="0.000000">
          <error type="PDOException">Tests\Feature\CustomerTest::test_create_customer_pj&#13;
PDOException: There is already an active transaction
&#13;
C:\projetos\sistema\backend\vendor\laravel\framework\src\Illuminate\Database\SQLiteConnection.php:38
C:\projetos\sistema\backend\vendor\laravel\framework\src\Illuminate\Database\Concerns\ManagesTransactions.php:154
C:\projetos\sistema\backend\vendor\laravel\framework\src\Illuminate\Database\Concerns\ManagesTransactions.php:130
C:\projetos\sistema\backend\vendor\laravel\framework\src\Illuminate\Foundation\Testing\RefreshDatabase.php:147
C:\projetos\sistema\backend\vendor\laravel\framework\src\Illuminate\Foundation\Testing\RefreshDatabase.php:93
C:\projetos\sistema\backend\vendor\laravel\framework\src\Illuminate\Foundation\Testing\RefreshDatabase.php:25
C:\projetos\sistema\backend\vendor\laravel\framework\src\Illuminate\Foundation\Testing\Concerns\InteractsWithTestCaseLifecycle.php:217
C:\projetos\sistema\backend\vendor\laravel\framework\src\Illuminate\Foundation\Testing\Concerns\InteractsWithTestCaseLifecycle.php:101
C:\projetos\sistema\backend\vendor\laravel\framework\src\Illuminate\Foundation\Testing\TestCase.php:63
C:\projetos\sistema\backend\tests\Feature\CustomerTest.php:23</error>
        </testcase>
        <testcase name="test_create_customer_with_contacts" file="C:\projetos\sistema\backend\tests\Feature\CustomerTest.php" line="80" class="Tests\Feature\CustomerTest" classname="Tests.Feature.CustomerTest" assertions="0" time="0.000000">
          <error type="PDOException">Tests\Feature\CustomerTest::test_create_customer_with_contacts&#13;
PDOException: There is already an active transaction
&#13;
C:\projetos\sistema\backend\vendor\laravel\framework\src\Illuminate\Database\SQLiteConnection.php:38
C:\projetos\sistema\backend\vendor\laravel\framework\src\Illuminate\Database\Concerns\ManagesTransactions.php:154
C:\projetos\sistema\backend\vendor\laravel\framework\src\Illuminate\Database\Concerns\ManagesTransactions.php:130
C:\projetos\sistema\backend\vendor\laravel\framework\src\Illuminate\Foundation\Testing\RefreshDatabase.php:147
C:\projetos\sistema\backend\vendor\laravel\framework\src\Illuminate\Foundation\Testing\RefreshDatabase.php:93
C:\projetos\sistema\backend\vendor\laravel\framework\src\Illuminate\Foundation\Testing\RefreshDatabase.php:25
C:\projetos\sistema\backend\vendor\laravel\framework\src\Illuminate\Foundation\Testing\Concerns\InteractsWithTestCaseLifecycle.php:217
C:\projetos\sistema\backend\vendor\laravel\framework\src\Illuminate\Foundation\Testing\Concerns\InteractsWithTestCaseLifecycle.php:101
C:\projetos\sistema\backend\vendor\laravel\framework\src\Illuminate\Foundation\Testing\TestCase.php:63
C:\projetos\sistema\backend\tests\Feature\CustomerTest.php:23</error>
        </testcase>
        <testcase name="test_list_customers" file="C:\projetos\sistema\backend\tests\Feature\CustomerTest.php" line="111" class="Tests\Feature\CustomerTest" classname="Tests.Feature.CustomerTest" assertions="0" time="0.000000">
          <error type="PDOException">Tests\Feature\CustomerTest::test_list_customers&#13;
PDOException: There is already an active transaction
&#13;
C:\projetos\sistema\backend\vendor\laravel\framework\src\Illuminate\Database\SQLiteConnection.php:38
C:\projetos\sistema\backend\vendor\laravel\framework\src\Illuminate\Database\Concerns\ManagesTransactions.php:154
C:\projetos\sistema\backend\vendor\laravel\framework\src\Illuminate\Database\Concerns\ManagesTransactions.php:130
C:\projetos\sistema\backend\vendor\laravel\framework\src\Illuminate\Foundation\Testing\RefreshDatabase.php:147
C:\projetos\sistema\backend\vendor\laravel\framework\src\Illuminate\Foundation\Testing\RefreshDatabase.php:93
C:\projetos\sistema\backend\vendor\laravel\framework\src\Illuminate\Foundation\Testing\RefreshDatabase.php:25
C:\projetos\sistema\backend\vendor\laravel\framework\src\Illuminate\Foundation\Testing\Concerns\InteractsWithTestCaseLifecycle.php:217
C:\projetos\sistema\backend\vendor\laravel\framework\src\Illuminate\Foundation\Testing\Concerns\InteractsWithTestCaseLifecycle.php:101
C:\projetos\sistema\backend\vendor\laravel\framework\src\Illuminate\Foundation\Testing\TestCase.php:63
C:\projetos\sistema\backend\tests\Feature\CustomerTest.php:23</error>
        </testcase>
        <testcase name="test_show_customer" file="C:\projetos\sistema\backend\tests\Feature\CustomerTest.php" line="123" class="Tests\Feature\CustomerTest" classname="Tests.Feature.CustomerTest" assertions="0" time="0.000000">
          <error type="PDOException">Tests\Feature\CustomerTest::test_show_customer&#13;
PDOException: There is already an active transaction
&#13;
C:\projetos\sistema\backend\vendor\laravel\framework\src\Illuminate\Database\SQLiteConnection.php:38
C:\projetos\sistema\backend\vendor\laravel\framework\src\Illuminate\Database\Concerns\ManagesTransactions.php:154
C:\projetos\sistema\backend\vendor\laravel\framework\src\Illuminate\Database\Concerns\ManagesTransactions.php:130
C:\projetos\sistema\backend\vendor\laravel\framework\src\Illuminate\Foundation\Testing\RefreshDatabase.php:147
C:\projetos\sistema\backend\vendor\laravel\framework\src\Illuminate\Foundation\Testing\RefreshDatabase.php:93
C:\projetos\sistema\backend\vendor\laravel\framework\src\Illuminate\Foundation\Testing\RefreshDatabase.php:25
C:\projetos\sistema\backend\vendor\laravel\framework\src\Illuminate\Foundation\Testing\Concerns\InteractsWithTestCaseLifecycle.php:217
C:\projetos\sistema\backend\vendor\laravel\framework\src\Illuminate\Foundation\Testing\Concerns\InteractsWithTestCaseLifecycle.php:101
C:\projetos\sistema\backend\vendor\laravel\framework\src\Illuminate\Foundation\Testing\TestCase.php:63
C:\projetos\sistema\backend\tests\Feature\CustomerTest.php:23</error>
        </testcase>
        <testcase name="test_update_customer" file="C:\projetos\sistema\backend\tests\Feature\CustomerTest.php" line="135" class="Tests\Feature\CustomerTest" classname="Tests.Feature.CustomerTest" assertions="0" time="0.000000">
          <error type="PDOException">Tests\Feature\CustomerTest::test_update_customer&#13;
PDOException: There is already an active transaction
&#13;
C:\projetos\sistema\backend\vendor\laravel\framework\src\Illuminate\Database\SQLiteConnection.php:38
C:\projetos\sistema\backend\vendor\laravel\framework\src\Illuminate\Database\Concerns\ManagesTransactions.php:154
C:\projetos\sistema\backend\vendor\laravel\framework\src\Illuminate\Database\Concerns\ManagesTransactions.php:130
C:\projetos\sistema\backend\vendor\laravel\framework\src\Illuminate\Foundation\Testing\RefreshDatabase.php:147
C:\projetos\sistema\backend\vendor\laravel\framework\src\Illuminate\Foundation\Testing\RefreshDatabase.php:93
C:\projetos\sistema\backend\vendor\laravel\framework\src\Illuminate\Foundation\Testing\RefreshDatabase.php:25
C:\projetos\sistema\backend\vendor\laravel\framework\src\Illuminate\Foundation\Testing\Concerns\InteractsWithTestCaseLifecycle.php:217
C:\projetos\sistema\backend\vendor\laravel\framework\src\Illuminate\Foundation\Testing\Concerns\InteractsWithTestCaseLifecycle.php:101
C:\projetos\sistema\backend\vendor\laravel\framework\src\Illuminate\Foundation\Testing\TestCase.php:63
C:\projetos\sistema\backend\tests\Feature\CustomerTest.php:23</error>
        </testcase>
        <testcase name="test_delete_customer" file="C:\projetos\sistema\backend\tests\Feature\CustomerTest.php" line="150" class="Tests\Feature\CustomerTest" classname="Tests.Feature.CustomerTest" assertions="0" time="0.000000">
          <error type="PDOException">Tests\Feature\CustomerTest::test_delete_customer&#13;
PDOException: There is already an active transaction
&#13;
C:\projetos\sistema\backend\vendor\laravel\framework\src\Illuminate\Database\SQLiteConnection.php:38
C:\projetos\sistema\backend\vendor\laravel\framework\src\Illuminate\Database\Concerns\ManagesTransactions.php:154
C:\projetos\sistema\backend\vendor\laravel\framework\src\Illuminate\Database\Concerns\ManagesTransactions.php:130
C:\projetos\sistema\backend\vendor\laravel\framework\src\Illuminate\Foundation\Testing\RefreshDatabase.php:147
C:\projetos\sistema\backend\vendor\laravel\framework\src\Illuminate\Foundation\Testing\RefreshDatabase.php:93
C:\projetos\sistema\backend\vendor\laravel\framework\src\Illuminate\Foundation\Testing\RefreshDatabase.php:25
C:\projetos\sistema\backend\vendor\laravel\framework\src\Illuminate\Foundation\Testing\Concerns\InteractsWithTestCaseLifecycle.php:217
C:\projetos\sistema\backend\vendor\laravel\framework\src\Illuminate\Foundation\Testing\Concerns\InteractsWithTestCaseLifecycle.php:101
C:\projetos\sistema\backend\vendor\laravel\framework\src\Illuminate\Foundation\Testing\TestCase.php:63
C:\projetos\sistema\backend\tests\Feature\CustomerTest.php:23</error>
        </testcase>
        <testcase name="test_search_customers_by_name" file="C:\projetos\sistema\backend\tests\Feature\CustomerTest.php" line="163" class="Tests\Feature\CustomerTest" classname="Tests.Feature.CustomerTest" assertions="0" time="0.000000">
          <error type="PDOException">Tests\Feature\CustomerTest::test_search_customers_by_name&#13;
PDOException: There is already an active transaction
&#13;
C:\projetos\sistema\backend\vendor\laravel\framework\src\Illuminate\Database\SQLiteConnection.php:38
C:\projetos\sistema\backend\vendor\laravel\framework\src\Illuminate\Database\Concerns\ManagesTransactions.php:154
C:\projetos\sistema\backend\vendor\laravel\framework\src\Illuminate\Database\Concerns\ManagesTransactions.php:130
C:\projetos\sistema\backend\vendor\laravel\framework\src\Illuminate\Foundation\Testing\RefreshDatabase.php:147
C:\projetos\sistema\backend\vendor\laravel\framework\src\Illuminate\Foundation\Testing\RefreshDatabase.php:93
C:\projetos\sistema\backend\vendor\laravel\framework\src\Illuminate\Foundation\Testing\RefreshDatabase.php:25
C:\projetos\sistema\backend\vendor\laravel\framework\src\Illuminate\Foundation\Testing\Concerns\InteractsWithTestCaseLifecycle.php:217
C:\projetos\sistema\backend\vendor\laravel\framework\src\Illuminate\Foundation\Testing\Concerns\InteractsWithTestCaseLifecycle.php:101
C:\projetos\sistema\backend\vendor\laravel\framework\src\Illuminate\Foundation\Testing\TestCase.php:63
C:\projetos\sistema\backend\tests\Feature\CustomerTest.php:23</error>
        </testcase>
        <testcase name="test_filter_customers_by_type" file="C:\projetos\sistema\backend\tests\Feature\CustomerTest.php" line="183" class="Tests\Feature\CustomerTest" classname="Tests.Feature.CustomerTest" assertions="0" time="0.000000">
          <error type="PDOException">Tests\Feature\CustomerTest::test_filter_customers_by_type&#13;
PDOException: There is already an active transaction
&#13;
C:\projetos\sistema\backend\vendor\laravel\framework\src\Illuminate\Database\SQLiteConnection.php:38
C:\projetos\sistema\backend\vendor\laravel\framework\src\Illuminate\Database\Concerns\ManagesTransactions.php:154
C:\projetos\sistema\backend\vendor\laravel\framework\src\Illuminate\Database\Concerns\ManagesTransactions.php:130
C:\projetos\sistema\backend\vendor\laravel\framework\src\Illuminate\Foundation\Testing\RefreshDatabase.php:147
C:\projetos\sistema\backend\vendor\laravel\framework\src\Illuminate\Foundation\Testing\RefreshDatabase.php:93
C:\projetos\sistema\backend\vendor\laravel\framework\src\Illuminate\Foundation\Testing\RefreshDatabase.php:25
C:\projetos\sistema\backend\vendor\laravel\framework\src\Illuminate\Foundation\Testing\Concerns\InteractsWithTestCaseLifecycle.php:217
C:\projetos\sistema\backend\vendor\laravel\framework\src\Illuminate\Foundation\Testing\Concerns\InteractsWithTestCaseLifecycle.php:101
C:\projetos\sistema\backend\vendor\laravel\framework\src\Illuminate\Foundation\Testing\TestCase.php:63
C:\projetos\sistema\backend\tests\Feature\CustomerTest.php:23</error>
        </testcase>
        <testcase name="test_filter_customers_by_active" file="C:\projetos\sistema\backend\tests\Feature\CustomerTest.php" line="201" class="Tests\Feature\CustomerTest" classname="Tests.Feature.CustomerTest" assertions="0" time="0.000000">
          <error type="PDOException">Tests\Feature\CustomerTest::test_filter_customers_by_active&#13;
PDOException: There is already an active transaction
&#13;
C:\projetos\sistema\backend\vendor\laravel\framework\src\Illuminate\Database\SQLiteConnection.php:38
C:\projetos\sistema\backend\vendor\laravel\framework\src\Illuminate\Database\Concerns\ManagesTransactions.php:154
C:\projetos\sistema\backend\vendor\laravel\framework\src\Illuminate\Database\Concerns\ManagesTransactions.php:130
C:\projetos\sistema\backend\vendor\laravel\framework\src\Illuminate\Foundation\Testing\RefreshDatabase.php:147
C:\projetos\sistema\backend\vendor\laravel\framework\src\Illuminate\Foundation\Testing\RefreshDatabase.php:93
C:\projetos\sistema\backend\vendor\laravel\framework\src\Illuminate\Foundation\Testing\RefreshDatabase.php:25
C:\projetos\sistema\backend\vendor\laravel\framework\src\Illuminate\Foundation\Testing\Concerns\InteractsWithTestCaseLifecycle.php:217
C:\projetos\sistema\backend\vendor\laravel\framework\src\Illuminate\Foundation\Testing\Concerns\InteractsWithTestCaseLifecycle.php:101
C:\projetos\sistema\backend\vendor\laravel\framework\src\Illuminate\Foundation\Testing\TestCase.php:63
C:\projetos\sistema\backend\tests\Feature\CustomerTest.php:23</error>
        </testcase>
        <testcase name="test_customers_isolated_by_tenant" file="C:\projetos\sistema\backend\tests\Feature\CustomerTest.php" line="221" class="Tests\Feature\CustomerTest" classname="Tests.Feature.CustomerTest" assertions="0" time="0.000000">
          <error type="PDOException">Tests\Feature\CustomerTest::test_customers_isolated_by_tenant&#13;
PDOException: There is already an active transaction
&#13;
C:\projetos\sistema\backend\vendor\laravel\framework\src\Illuminate\Database\SQLiteConnection.php:38
C:\projetos\sistema\backend\vendor\laravel\framework\src\Illuminate\Database\Concerns\ManagesTransactions.php:154
C:\projetos\sistema\backend\vendor\laravel\framework\src\Illuminate\Database\Concerns\ManagesTransactions.php:130
C:\projetos\sistema\backend\vendor\laravel\framework\src\Illuminate\Foundation\Testing\RefreshDatabase.php:147
C:\projetos\sistema\backend\vendor\laravel\framework\src\Illuminate\Foundation\Testing\RefreshDatabase.php:93
C:\projetos\sistema\backend\vendor\laravel\framework\src\Illuminate\Foundation\Testing\RefreshDatabase.php:25
C:\projetos\sistema\backend\vendor\laravel\framework\src\Illuminate\Foundation\Testing\Concerns\InteractsWithTestCaseLifecycle.php:217
C:\projetos\sistema\backend\vendor\laravel\framework\src\Illuminate\Foundation\Testing\Concerns\InteractsWithTestCaseLifecycle.php:101
C:\projetos\sistema\backend\vendor\laravel\framework\src\Illuminate\Foundation\Testing\TestCase.php:63
C:\projetos\sistema\backend\tests\Feature\CustomerTest.php:23</error>
        </testcase>
        <testcase name="test_cannot_create_duplicate_document" file="C:\projetos\sistema\backend\tests\Feature\CustomerTest.php" line="243" class="Tests\Feature\CustomerTest" classname="Tests.Feature.CustomerTest" assertions="0" time="0.000000">
          <error type="PDOException">Tests\Feature\CustomerTest::test_cannot_create_duplicate_document&#13;
PDOException: There is already an active transaction
&#13;
C:\projetos\sistema\backend\vendor\laravel\framework\src\Illuminate\Database\SQLiteConnection.php:38
C:\projetos\sistema\backend\vendor\laravel\framework\src\Illuminate\Database\Concerns\ManagesTransactions.php:154
C:\projetos\sistema\backend\vendor\laravel\framework\src\Illuminate\Database\Concerns\ManagesTransactions.php:130
C:\projetos\sistema\backend\vendor\laravel\framework\src\Illuminate\Foundation\Testing\RefreshDatabase.php:147
C:\projetos\sistema\backend\vendor\laravel\framework\src\Illuminate\Foundation\Testing\RefreshDatabase.php:93
C:\projetos\sistema\backend\vendor\laravel\framework\src\Illuminate\Foundation\Testing\RefreshDatabase.php:25
C:\projetos\sistema\backend\vendor\laravel\framework\src\Illuminate\Foundation\Testing\Concerns\InteractsWithTestCaseLifecycle.php:217
C:\projetos\sistema\backend\vendor\laravel\framework\src\Illuminate\Foundation\Testing\Concerns\InteractsWithTestCaseLifecycle.php:101
C:\projetos\sistema\backend\vendor\laravel\framework\src\Illuminate\Foundation\Testing\TestCase.php:63
C:\projetos\sistema\backend\tests\Feature\CustomerTest.php:23</error>
        </testcase>
        <testcase name="test_legacy_duplicates_endpoint_is_available" file="C:\projetos\sistema\backend\tests\Feature\CustomerTest.php" line="261" class="Tests\Feature\CustomerTest" classname="Tests.Feature.CustomerTest" assertions="0" time="0.000000">
          <error type="PDOException">Tests\Feature\CustomerTest::test_legacy_duplicates_endpoint_is_available&#13;
PDOException: There is already an active transaction
&#13;
C:\projetos\sistema\backend\vendor\laravel\framework\src\Illuminate\Database\SQLiteConnection.php:38
C:\projetos\sistema\backend\vendor\laravel\framework\src\Illuminate\Database\Concerns\ManagesTransactions.php:154
C:\projetos\sistema\backend\vendor\laravel\framework\src\Illuminate\Database\Concerns\ManagesTransactions.php:130
C:\projetos\sistema\backend\vendor\laravel\framework\src\Illuminate\Foundation\Testing\RefreshDatabase.php:147
C:\projetos\sistema\backend\vendor\laravel\framework\src\Illuminate\Foundation\Testing\RefreshDatabase.php:93
C:\projetos\sistema\backend\vendor\laravel\framework\src\Illuminate\Foundation\Testing\RefreshDatabase.php:25
C:\projetos\sistema\backend\vendor\laravel\framework\src\Illuminate\Foundation\Testing\Concerns\InteractsWithTestCaseLifecycle.php:217
C:\projetos\sistema\backend\vendor\laravel\framework\src\Illuminate\Foundation\Testing\Concerns\InteractsWithTestCaseLifecycle.php:101
C:\projetos\sistema\backend\vendor\laravel\framework\src\Illuminate\Foundation\Testing\TestCase.php:63
C:\projetos\sistema\backend\tests\Feature\CustomerTest.php:23</error>
        </testcase>
        <testcase name="test_merge_uses_current_tenant_context_when_user_switches_company" file="C:\projetos\sistema\backend\tests\Feature\CustomerTest.php" line="279" class="Tests\Feature\CustomerTest" classname="Tests.Feature.CustomerTest" assertions="0" time="0.000000">
          <error type="PDOException">Tests\Feature\CustomerTest::test_merge_uses_current_tenant_context_when_user_switches_company&#13;
PDOException: There is already an active transaction
&#13;
C:\projetos\sistema\backend\vendor\laravel\framework\src\Illuminate\Database\SQLiteConnection.php:38
C:\projetos\sistema\backend\vendor\laravel\framework\src\Illuminate\Database\Concerns\ManagesTransactions.php:154
C:\projetos\sistema\backend\vendor\laravel\framework\src\Illuminate\Database\Concerns\ManagesTransactions.php:130
C:\projetos\sistema\backend\vendor\laravel\framework\src\Illuminate\Foundation\Testing\RefreshDatabase.php:147
C:\projetos\sistema\backend\vendor\laravel\framework\src\Illuminate\Foundation\Testing\RefreshDatabase.php:93
C:\projetos\sistema\backend\vendor\laravel\framework\src\Illuminate\Foundation\Testing\RefreshDatabase.php:25
C:\projetos\sistema\backend\vendor\laravel\framework\src\Illuminate\Foundation\Testing\Concerns\InteractsWithTestCaseLifecycle.php:217
C:\projetos\sistema\backend\vendor\laravel\framework\src\Illuminate\Foundation\Testing\Concerns\InteractsWithTestCaseLifecycle.php:101
C:\projetos\sistema\backend\vendor\laravel\framework\src\Illuminate\Foundation\Testing\TestCase.php:63
C:\projetos\sistema\backend\tests\Feature\CustomerTest.php:23</error>
        </testcase>
      </testsuite>
      <testsuite name="Tests\Feature\DashboardTest" file="C:\projetos\sistema\backend\tests\Feature\DashboardTest.php" tests="11" assertions="0" errors="11" failures="0" skipped="0" time="0.000000">
        <testcase name="test_dashboard_returns_required_kpi_keys" file="C:\projetos\sistema\backend\tests\Feature\DashboardTest.php" line="51" class="Tests\Feature\DashboardTest" classname="Tests.Feature.DashboardTest" assertions="0" time="0.000000">
          <error type="PDOException">Tests\Feature\DashboardTest::test_dashboard_returns_required_kpi_keys&#13;
PDOException: There is already an active transaction
&#13;
C:\projetos\sistema\backend\vendor\laravel\framework\src\Illuminate\Database\SQLiteConnection.php:38
C:\projetos\sistema\backend\vendor\laravel\framework\src\Illuminate\Database\Concerns\ManagesTransactions.php:154
C:\projetos\sistema\backend\vendor\laravel\framework\src\Illuminate\Database\Concerns\ManagesTransactions.php:130
C:\projetos\sistema\backend\vendor\laravel\framework\src\Illuminate\Foundation\Testing\RefreshDatabase.php:147
C:\projetos\sistema\backend\vendor\laravel\framework\src\Illuminate\Foundation\Testing\RefreshDatabase.php:93
C:\projetos\sistema\backend\vendor\laravel\framework\src\Illuminate\Foundation\Testing\RefreshDatabase.php:25
C:\projetos\sistema\backend\vendor\laravel\framework\src\Illuminate\Foundation\Testing\Concerns\InteractsWithTestCaseLifecycle.php:217
C:\projetos\sistema\backend\vendor\laravel\framework\src\Illuminate\Foundation\Testing\Concerns\InteractsWithTestCaseLifecycle.php:101
C:\projetos\sistema\backend\vendor\laravel\framework\src\Illuminate\Foundation\Testing\TestCase.php:63
C:\projetos\sistema\backend\tests\Feature\DashboardTest.php:32</error>
        </testcase>
        <testcase name="test_dashboard_returns_numeric_values" file="C:\projetos\sistema\backend\tests\Feature\DashboardTest.php" line="67" class="Tests\Feature\DashboardTest" classname="Tests.Feature.DashboardTest" assertions="0" time="0.000000">
          <error type="PDOException">Tests\Feature\DashboardTest::test_dashboard_returns_numeric_values&#13;
PDOException: There is already an active transaction
&#13;
C:\projetos\sistema\backend\vendor\laravel\framework\src\Illuminate\Database\SQLiteConnection.php:38
C:\projetos\sistema\backend\vendor\laravel\framework\src\Illuminate\Database\Concerns\ManagesTransactions.php:154
C:\projetos\sistema\backend\vendor\laravel\framework\src\Illuminate\Database\Concerns\ManagesTransactions.php:130
C:\projetos\sistema\backend\vendor\laravel\framework\src\Illuminate\Foundation\Testing\RefreshDatabase.php:147
C:\projetos\sistema\backend\vendor\laravel\framework\src\Illuminate\Foundation\Testing\RefreshDatabase.php:93
C:\projetos\sistema\backend\vendor\laravel\framework\src\Illuminate\Foundation\Testing\RefreshDatabase.php:25
C:\projetos\sistema\backend\vendor\laravel\framework\src\Illuminate\Foundation\Testing\Concerns\InteractsWithTestCaseLifecycle.php:217
C:\projetos\sistema\backend\vendor\laravel\framework\src\Illuminate\Foundation\Testing\Concerns\InteractsWithTestCaseLifecycle.php:101
C:\projetos\sistema\backend\vendor\laravel\framework\src\Illuminate\Foundation\Testing\TestCase.php:63
C:\projetos\sistema\backend\tests\Feature\DashboardTest.php:32</error>
        </testcase>
        <testcase name="test_dashboard_with_work_orders_counts_correctly" file="C:\projetos\sistema\backend\tests\Feature\DashboardTest.php" line="78" class="Tests\Feature\DashboardTest" classname="Tests.Feature.DashboardTest" assertions="0" time="0.000000">
          <error type="PDOException">Tests\Feature\DashboardTest::test_dashboard_with_work_orders_counts_correctly&#13;
PDOException: There is already an active transaction
&#13;
C:\projetos\sistema\backend\vendor\laravel\framework\src\Illuminate\Database\SQLiteConnection.php:38
C:\projetos\sistema\backend\vendor\laravel\framework\src\Illuminate\Database\Concerns\ManagesTransactions.php:154
C:\projetos\sistema\backend\vendor\laravel\framework\src\Illuminate\Database\Concerns\ManagesTransactions.php:130
C:\projetos\sistema\backend\vendor\laravel\framework\src\Illuminate\Foundation\Testing\RefreshDatabase.php:147
C:\projetos\sistema\backend\vendor\laravel\framework\src\Illuminate\Foundation\Testing\RefreshDatabase.php:93
C:\projetos\sistema\backend\vendor\laravel\framework\src\Illuminate\Foundation\Testing\RefreshDatabase.php:25
C:\projetos\sistema\backend\vendor\laravel\framework\src\Illuminate\Foundation\Testing\Concerns\InteractsWithTestCaseLifecycle.php:217
C:\projetos\sistema\backend\vendor\laravel\framework\src\Illuminate\Foundation\Testing\Concerns\InteractsWithTestCaseLifecycle.php:101
C:\projetos\sistema\backend\vendor\laravel\framework\src\Illuminate\Foundation\Testing\TestCase.php:63
C:\projetos\sistema\backend\tests\Feature\DashboardTest.php:32</error>
        </testcase>
        <testcase name="test_dashboard_returns_financial_kpis" file="C:\projetos\sistema\backend\tests\Feature\DashboardTest.php" line="100" class="Tests\Feature\DashboardTest" classname="Tests.Feature.DashboardTest" assertions="0" time="0.000000">
          <error type="PDOException">Tests\Feature\DashboardTest::test_dashboard_returns_financial_kpis&#13;
PDOException: There is already an active transaction
&#13;
C:\projetos\sistema\backend\vendor\laravel\framework\src\Illuminate\Database\SQLiteConnection.php:38
C:\projetos\sistema\backend\vendor\laravel\framework\src\Illuminate\Database\Concerns\ManagesTransactions.php:154
C:\projetos\sistema\backend\vendor\laravel\framework\src\Illuminate\Database\Concerns\ManagesTransactions.php:130
C:\projetos\sistema\backend\vendor\laravel\framework\src\Illuminate\Foundation\Testing\RefreshDatabase.php:147
C:\projetos\sistema\backend\vendor\laravel\framework\src\Illuminate\Foundation\Testing\RefreshDatabase.php:93
C:\projetos\sistema\backend\vendor\laravel\framework\src\Illuminate\Foundation\Testing\RefreshDatabase.php:25
C:\projetos\sistema\backend\vendor\laravel\framework\src\Illuminate\Foundation\Testing\Concerns\InteractsWithTestCaseLifecycle.php:217
C:\projetos\sistema\backend\vendor\laravel\framework\src\Illuminate\Foundation\Testing\Concerns\InteractsWithTestCaseLifecycle.php:101
C:\projetos\sistema\backend\vendor\laravel\framework\src\Illuminate\Foundation\Testing\TestCase.php:63
C:\projetos\sistema\backend\tests\Feature\DashboardTest.php:32</error>
        </testcase>
        <testcase name="test_dashboard_returns_equipment_alerts" file="C:\projetos\sistema\backend\tests\Feature\DashboardTest.php" line="112" class="Tests\Feature\DashboardTest" classname="Tests.Feature.DashboardTest" assertions="0" time="0.000000">
          <error type="PDOException">Tests\Feature\DashboardTest::test_dashboard_returns_equipment_alerts&#13;
PDOException: There is already an active transaction
&#13;
C:\projetos\sistema\backend\vendor\laravel\framework\src\Illuminate\Database\SQLiteConnection.php:38
C:\projetos\sistema\backend\vendor\laravel\framework\src\Illuminate\Database\Concerns\ManagesTransactions.php:154
C:\projetos\sistema\backend\vendor\laravel\framework\src\Illuminate\Database\Concerns\ManagesTransactions.php:130
C:\projetos\sistema\backend\vendor\laravel\framework\src\Illuminate\Foundation\Testing\RefreshDatabase.php:147
C:\projetos\sistema\backend\vendor\laravel\framework\src\Illuminate\Foundation\Testing\RefreshDatabase.php:93
C:\projetos\sistema\backend\vendor\laravel\framework\src\Illuminate\Foundation\Testing\RefreshDatabase.php:25
C:\projetos\sistema\backend\vendor\laravel\framework\src\Illuminate\Foundation\Testing\Concerns\InteractsWithTestCaseLifecycle.php:217
C:\projetos\sistema\backend\vendor\laravel\framework\src\Illuminate\Foundation\Testing\Concerns\InteractsWithTestCaseLifecycle.php:101
C:\projetos\sistema\backend\vendor\laravel\framework\src\Illuminate\Foundation\Testing\TestCase.php:63
C:\projetos\sistema\backend\tests\Feature\DashboardTest.php:32</error>
        </testcase>
        <testcase name="test_dashboard_returns_crm_kpis" file="C:\projetos\sistema\backend\tests\Feature\DashboardTest.php" line="123" class="Tests\Feature\DashboardTest" classname="Tests.Feature.DashboardTest" assertions="0" time="0.000000">
          <error type="PDOException">Tests\Feature\DashboardTest::test_dashboard_returns_crm_kpis&#13;
PDOException: There is already an active transaction
&#13;
C:\projetos\sistema\backend\vendor\laravel\framework\src\Illuminate\Database\SQLiteConnection.php:38
C:\projetos\sistema\backend\vendor\laravel\framework\src\Illuminate\Database\Concerns\ManagesTransactions.php:154
C:\projetos\sistema\backend\vendor\laravel\framework\src\Illuminate\Database\Concerns\ManagesTransactions.php:130
C:\projetos\sistema\backend\vendor\laravel\framework\src\Illuminate\Foundation\Testing\RefreshDatabase.php:147
C:\projetos\sistema\backend\vendor\laravel\framework\src\Illuminate\Foundation\Testing\RefreshDatabase.php:93
C:\projetos\sistema\backend\vendor\laravel\framework\src\Illuminate\Foundation\Testing\RefreshDatabase.php:25
C:\projetos\sistema\backend\vendor\laravel\framework\src\Illuminate\Foundation\Testing\Concerns\InteractsWithTestCaseLifecycle.php:217
C:\projetos\sistema\backend\vendor\laravel\framework\src\Illuminate\Foundation\Testing\Concerns\InteractsWithTestCaseLifecycle.php:101
C:\projetos\sistema\backend\vendor\laravel\framework\src\Illuminate\Foundation\Testing\TestCase.php:63
C:\projetos\sistema\backend\tests\Feature\DashboardTest.php:32</error>
        </testcase>
        <testcase name="test_dashboard_returns_sla_stats" file="C:\projetos\sistema\backend\tests\Feature\DashboardTest.php" line="133" class="Tests\Feature\DashboardTest" classname="Tests.Feature.DashboardTest" assertions="0" time="0.000000">
          <error type="PDOException">Tests\Feature\DashboardTest::test_dashboard_returns_sla_stats&#13;
PDOException: There is already an active transaction
&#13;
C:\projetos\sistema\backend\vendor\laravel\framework\src\Illuminate\Database\SQLiteConnection.php:38
C:\projetos\sistema\backend\vendor\laravel\framework\src\Illuminate\Database\Concerns\ManagesTransactions.php:154
C:\projetos\sistema\backend\vendor\laravel\framework\src\Illuminate\Database\Concerns\ManagesTransactions.php:130
C:\projetos\sistema\backend\vendor\laravel\framework\src\Illuminate\Foundation\Testing\RefreshDatabase.php:147
C:\projetos\sistema\backend\vendor\laravel\framework\src\Illuminate\Foundation\Testing\RefreshDatabase.php:93
C:\projetos\sistema\backend\vendor\laravel\framework\src\Illuminate\Foundation\Testing\RefreshDatabase.php:25
C:\projetos\sistema\backend\vendor\laravel\framework\src\Illuminate\Foundation\Testing\Concerns\InteractsWithTestCaseLifecycle.php:217
C:\projetos\sistema\backend\vendor\laravel\framework\src\Illuminate\Foundation\Testing\Concerns\InteractsWithTestCaseLifecycle.php:101
C:\projetos\sistema\backend\vendor\laravel\framework\src\Illuminate\Foundation\Testing\TestCase.php:63
C:\projetos\sistema\backend\tests\Feature\DashboardTest.php:32</error>
        </testcase>
        <testcase name="test_dashboard_returns_monthly_revenue_chart" file="C:\projetos\sistema\backend\tests\Feature\DashboardTest.php" line="143" class="Tests\Feature\DashboardTest" classname="Tests.Feature.DashboardTest" assertions="0" time="0.000000">
          <error type="PDOException">Tests\Feature\DashboardTest::test_dashboard_returns_monthly_revenue_chart&#13;
PDOException: There is already an active transaction
&#13;
C:\projetos\sistema\backend\vendor\laravel\framework\src\Illuminate\Database\SQLiteConnection.php:38
C:\projetos\sistema\backend\vendor\laravel\framework\src\Illuminate\Database\Concerns\ManagesTransactions.php:154
C:\projetos\sistema\backend\vendor\laravel\framework\src\Illuminate\Database\Concerns\ManagesTransactions.php:130
C:\projetos\sistema\backend\vendor\laravel\framework\src\Illuminate\Foundation\Testing\RefreshDatabase.php:147
C:\projetos\sistema\backend\vendor\laravel\framework\src\Illuminate\Foundation\Testing\RefreshDatabase.php:93
C:\projetos\sistema\backend\vendor\laravel\framework\src\Illuminate\Foundation\Testing\RefreshDatabase.php:25
C:\projetos\sistema\backend\vendor\laravel\framework\src\Illuminate\Foundation\Testing\Concerns\InteractsWithTestCaseLifecycle.php:217
C:\projetos\sistema\backend\vendor\laravel\framework\src\Illuminate\Foundation\Testing\Concerns\InteractsWithTestCaseLifecycle.php:101
C:\projetos\sistema\backend\vendor\laravel\framework\src\Illuminate\Foundation\Testing\TestCase.php:63
C:\projetos\sistema\backend\tests\Feature\DashboardTest.php:32</error>
        </testcase>
        <testcase name="test_dashboard_accepts_date_filter" file="C:\projetos\sistema\backend\tests\Feature\DashboardTest.php" line="158" class="Tests\Feature\DashboardTest" classname="Tests.Feature.DashboardTest" assertions="0" time="0.000000">
          <error type="PDOException">Tests\Feature\DashboardTest::test_dashboard_accepts_date_filter&#13;
PDOException: There is already an active transaction
&#13;
C:\projetos\sistema\backend\vendor\laravel\framework\src\Illuminate\Database\SQLiteConnection.php:38
C:\projetos\sistema\backend\vendor\laravel\framework\src\Illuminate\Database\Concerns\ManagesTransactions.php:154
C:\projetos\sistema\backend\vendor\laravel\framework\src\Illuminate\Database\Concerns\ManagesTransactions.php:130
C:\projetos\sistema\backend\vendor\laravel\framework\src\Illuminate\Foundation\Testing\RefreshDatabase.php:147
C:\projetos\sistema\backend\vendor\laravel\framework\src\Illuminate\Foundation\Testing\RefreshDatabase.php:93
C:\projetos\sistema\backend\vendor\laravel\framework\src\Illuminate\Foundation\Testing\RefreshDatabase.php:25
C:\projetos\sistema\backend\vendor\laravel\framework\src\Illuminate\Foundation\Testing\Concerns\InteractsWithTestCaseLifecycle.php:217
C:\projetos\sistema\backend\vendor\laravel\framework\src\Illuminate\Foundation\Testing\Concerns\InteractsWithTestCaseLifecycle.php:101
C:\projetos\sistema\backend\vendor\laravel\framework\src\Illuminate\Foundation\Testing\TestCase.php:63
C:\projetos\sistema\backend\tests\Feature\DashboardTest.php:32</error>
        </testcase>
        <testcase name="test_dashboard_recent_os_is_limited" file="C:\projetos\sistema\backend\tests\Feature\DashboardTest.php" line="164" class="Tests\Feature\DashboardTest" classname="Tests.Feature.DashboardTest" assertions="0" time="0.000000">
          <error type="PDOException">Tests\Feature\DashboardTest::test_dashboard_recent_os_is_limited&#13;
PDOException: There is already an active transaction
&#13;
C:\projetos\sistema\backend\vendor\laravel\framework\src\Illuminate\Database\SQLiteConnection.php:38
C:\projetos\sistema\backend\vendor\laravel\framework\src\Illuminate\Database\Concerns\ManagesTransactions.php:154
C:\projetos\sistema\backend\vendor\laravel\framework\src\Illuminate\Database\Concerns\ManagesTransactions.php:130
C:\projetos\sistema\backend\vendor\laravel\framework\src\Illuminate\Foundation\Testing\RefreshDatabase.php:147
C:\projetos\sistema\backend\vendor\laravel\framework\src\Illuminate\Foundation\Testing\RefreshDatabase.php:93
C:\projetos\sistema\backend\vendor\laravel\framework\src\Illuminate\Foundation\Testing\RefreshDatabase.php:25
C:\projetos\sistema\backend\vendor\laravel\framework\src\Illuminate\Foundation\Testing\Concerns\InteractsWithTestCaseLifecycle.php:217
C:\projetos\sistema\backend\vendor\laravel\framework\src\Illuminate\Foundation\Testing\Concerns\InteractsWithTestCaseLifecycle.php:101
C:\projetos\sistema\backend\vendor\laravel\framework\src\Illuminate\Foundation\Testing\TestCase.php:63
C:\projetos\sistema\backend\tests\Feature\DashboardTest.php:32</error>
        </testcase>
        <testcase name="test_dashboard_top_technicians_is_limited" file="C:\projetos\sistema\backend\tests\Feature\DashboardTest.php" line="172" class="Tests\Feature\DashboardTest" classname="Tests.Feature.DashboardTest" assertions="0" time="0.000000">
          <error type="PDOException">Tests\Feature\DashboardTest::test_dashboard_top_technicians_is_limited&#13;
PDOException: There is already an active transaction
&#13;
C:\projetos\sistema\backend\vendor\laravel\framework\src\Illuminate\Database\SQLiteConnection.php:38
C:\projetos\sistema\backend\vendor\laravel\framework\src\Illuminate\Database\Concerns\ManagesTransactions.php:154
C:\projetos\sistema\backend\vendor\laravel\framework\src\Illuminate\Database\Concerns\ManagesTransactions.php:130
C:\projetos\sistema\backend\vendor\laravel\framework\src\Illuminate\Foundation\Testing\RefreshDatabase.php:147
C:\projetos\sistema\backend\vendor\laravel\framework\src\Illuminate\Foundation\Testing\RefreshDatabase.php:93
C:\projetos\sistema\backend\vendor\laravel\framework\src\Illuminate\Foundation\Testing\RefreshDatabase.php:25
C:\projetos\sistema\backend\vendor\laravel\framework\src\Illuminate\Foundation\Testing\Concerns\InteractsWithTestCaseLifecycle.php:217
C:\projetos\sistema\backend\vendor\laravel\framework\src\Illuminate\Foundation\Testing\Concerns\InteractsWithTestCaseLifecycle.php:101
C:\projetos\sistema\backend\vendor\laravel\framework\src\Illuminate\Foundation\Testing\TestCase.php:63
C:\projetos\sistema\backend\tests\Feature\DashboardTest.php:32</error>
        </testcase>
      </testsuite>
      <testsuite name="Tests\Feature\DatabaseSeederCentralPermissionsTest" file="C:\projetos\sistema\backend\tests\Feature\DatabaseSeederCentralPermissionsTest.php" tests="1" assertions="0" errors="1" failures="0" skipped="0" time="0.000000">
        <testcase name="test_operational_roles_receive_central_permissions_on_seed" file="C:\projetos\sistema\backend\tests\Feature\DatabaseSeederCentralPermissionsTest.php" line="14" class="Tests\Feature\DatabaseSeederCentralPermissionsTest" classname="Tests.Feature.DatabaseSeederCentralPermissionsTest" assertions="0" time="0.000000">
          <error type="PDOException">Tests\Feature\DatabaseSeederCentralPermissionsTest::test_operational_roles_receive_central_permissions_on_seed&#13;
PDOException: There is already an active transaction
&#13;
C:\projetos\sistema\backend\vendor\laravel\framework\src\Illuminate\Database\SQLiteConnection.php:38
C:\projetos\sistema\backend\vendor\laravel\framework\src\Illuminate\Database\Concerns\ManagesTransactions.php:154
C:\projetos\sistema\backend\vendor\laravel\framework\src\Illuminate\Database\Concerns\ManagesTransactions.php:130
C:\projetos\sistema\backend\vendor\laravel\framework\src\Illuminate\Foundation\Testing\RefreshDatabase.php:147
C:\projetos\sistema\backend\vendor\laravel\framework\src\Illuminate\Foundation\Testing\RefreshDatabase.php:93
C:\projetos\sistema\backend\vendor\laravel\framework\src\Illuminate\Foundation\Testing\RefreshDatabase.php:25
C:\projetos\sistema\backend\vendor\laravel\framework\src\Illuminate\Foundation\Testing\Concerns\InteractsWithTestCaseLifecycle.php:217
C:\projetos\sistema\backend\vendor\laravel\framework\src\Illuminate\Foundation\Testing\Concerns\InteractsWithTestCaseLifecycle.php:101
C:\projetos\sistema\backend\vendor\laravel\framework\src\Illuminate\Foundation\Testing\TestCase.php:63</error>
        </testcase>
      </testsuite>
      <testsuite name="Tests\Feature\DatabaseSeederServiceCallPermissionsTest" file="C:\projetos\sistema\backend\tests\Feature\DatabaseSeederServiceCallPermissionsTest.php" tests="1" assertions="0" errors="1" failures="0" skipped="0" time="0.000000">
        <testcase name="test_operational_roles_receive_service_call_permissions_from_seeder" file="C:\projetos\sistema\backend\tests\Feature\DatabaseSeederServiceCallPermissionsTest.php" line="13" class="Tests\Feature\DatabaseSeederServiceCallPermissionsTest" classname="Tests.Feature.DatabaseSeederServiceCallPermissionsTest" assertions="0" time="0.000000">
          <error type="PDOException">Tests\Feature\DatabaseSeederServiceCallPermissionsTest::test_operational_roles_receive_service_call_permissions_from_seeder&#13;
PDOException: There is already an active transaction
&#13;
C:\projetos\sistema\backend\vendor\laravel\framework\src\Illuminate\Database\SQLiteConnection.php:38
C:\projetos\sistema\backend\vendor\laravel\framework\src\Illuminate\Database\Concerns\ManagesTransactions.php:154
C:\projetos\sistema\backend\vendor\laravel\framework\src\Illuminate\Database\Concerns\ManagesTransactions.php:130
C:\projetos\sistema\backend\vendor\laravel\framework\src\Illuminate\Foundation\Testing\RefreshDatabase.php:147
C:\projetos\sistema\backend\vendor\laravel\framework\src\Illuminate\Foundation\Testing\RefreshDatabase.php:93
C:\projetos\sistema\backend\vendor\laravel\framework\src\Illuminate\Foundation\Testing\RefreshDatabase.php:25
C:\projetos\sistema\backend\vendor\laravel\framework\src\Illuminate\Foundation\Testing\Concerns\InteractsWithTestCaseLifecycle.php:217
C:\projetos\sistema\backend\vendor\laravel\framework\src\Illuminate\Foundation\Testing\Concerns\InteractsWithTestCaseLifecycle.php:101
C:\projetos\sistema\backend\vendor\laravel\framework\src\Illuminate\Foundation\Testing\TestCase.php:63</error>
        </testcase>
      </testsuite>
      <testsuite name="Tests\Feature\DependencyTest" file="C:\projetos\sistema\backend\tests\Feature\DependencyTest.php" tests="6" assertions="0" errors="6" failures="0" skipped="0" time="0.000000">
        <testcase name="test_cannot_delete_branch_with_users" file="C:\projetos\sistema\backend\tests\Feature\DependencyTest.php" line="56" class="Tests\Feature\DependencyTest" classname="Tests.Feature.DependencyTest" assertions="0" time="0.000000">
          <error type="PDOException">Tests\Feature\DependencyTest::test_cannot_delete_branch_with_users&#13;
PDOException: There is already an active transaction
&#13;
C:\projetos\sistema\backend\vendor\laravel\framework\src\Illuminate\Database\SQLiteConnection.php:38
C:\projetos\sistema\backend\vendor\laravel\framework\src\Illuminate\Database\Concerns\ManagesTransactions.php:154
C:\projetos\sistema\backend\vendor\laravel\framework\src\Illuminate\Database\Concerns\ManagesTransactions.php:130
C:\projetos\sistema\backend\vendor\laravel\framework\src\Illuminate\Foundation\Testing\RefreshDatabase.php:147
C:\projetos\sistema\backend\vendor\laravel\framework\src\Illuminate\Foundation\Testing\RefreshDatabase.php:93
C:\projetos\sistema\backend\vendor\laravel\framework\src\Illuminate\Foundation\Testing\RefreshDatabase.php:25
C:\projetos\sistema\backend\vendor\laravel\framework\src\Illuminate\Foundation\Testing\Concerns\InteractsWithTestCaseLifecycle.php:217
C:\projetos\sistema\backend\vendor\laravel\framework\src\Illuminate\Foundation\Testing\Concerns\InteractsWithTestCaseLifecycle.php:101
C:\projetos\sistema\backend\vendor\laravel\framework\src\Illuminate\Foundation\Testing\TestCase.php:63
C:\projetos\sistema\backend\tests\Feature\DependencyTest.php:30</error>
        </testcase>
        <testcase name="test_cannot_delete_customer_with_work_orders" file="C:\projetos\sistema\backend\tests\Feature\DependencyTest.php" line="70" class="Tests\Feature\DependencyTest" classname="Tests.Feature.DependencyTest" assertions="0" time="0.000000">
          <error type="PDOException">Tests\Feature\DependencyTest::test_cannot_delete_customer_with_work_orders&#13;
PDOException: There is already an active transaction
&#13;
C:\projetos\sistema\backend\vendor\laravel\framework\src\Illuminate\Database\SQLiteConnection.php:38
C:\projetos\sistema\backend\vendor\laravel\framework\src\Illuminate\Database\Concerns\ManagesTransactions.php:154
C:\projetos\sistema\backend\vendor\laravel\framework\src\Illuminate\Database\Concerns\ManagesTransactions.php:130
C:\projetos\sistema\backend\vendor\laravel\framework\src\Illuminate\Foundation\Testing\RefreshDatabase.php:147
C:\projetos\sistema\backend\vendor\laravel\framework\src\Illuminate\Foundation\Testing\RefreshDatabase.php:93
C:\projetos\sistema\backend\vendor\laravel\framework\src\Illuminate\Foundation\Testing\RefreshDatabase.php:25
C:\projetos\sistema\backend\vendor\laravel\framework\src\Illuminate\Foundation\Testing\Concerns\InteractsWithTestCaseLifecycle.php:217
C:\projetos\sistema\backend\vendor\laravel\framework\src\Illuminate\Foundation\Testing\Concerns\InteractsWithTestCaseLifecycle.php:101
C:\projetos\sistema\backend\vendor\laravel\framework\src\Illuminate\Foundation\Testing\TestCase.php:63
C:\projetos\sistema\backend\tests\Feature\DependencyTest.php:30</error>
        </testcase>
        <testcase name="test_cannot_delete_product_with_quote_items" file="C:\projetos\sistema\backend\tests\Feature\DependencyTest.php" line="84" class="Tests\Feature\DependencyTest" classname="Tests.Feature.DependencyTest" assertions="0" time="0.000000">
          <error type="PDOException">Tests\Feature\DependencyTest::test_cannot_delete_product_with_quote_items&#13;
PDOException: There is already an active transaction
&#13;
C:\projetos\sistema\backend\vendor\laravel\framework\src\Illuminate\Database\SQLiteConnection.php:38
C:\projetos\sistema\backend\vendor\laravel\framework\src\Illuminate\Database\Concerns\ManagesTransactions.php:154
C:\projetos\sistema\backend\vendor\laravel\framework\src\Illuminate\Database\Concerns\ManagesTransactions.php:130
C:\projetos\sistema\backend\vendor\laravel\framework\src\Illuminate\Foundation\Testing\RefreshDatabase.php:147
C:\projetos\sistema\backend\vendor\laravel\framework\src\Illuminate\Foundation\Testing\RefreshDatabase.php:93
C:\projetos\sistema\backend\vendor\laravel\framework\src\Illuminate\Foundation\Testing\RefreshDatabase.php:25
C:\projetos\sistema\backend\vendor\laravel\framework\src\Illuminate\Foundation\Testing\Concerns\InteractsWithTestCaseLifecycle.php:217
C:\projetos\sistema\backend\vendor\laravel\framework\src\Illuminate\Foundation\Testing\Concerns\InteractsWithTestCaseLifecycle.php:101
C:\projetos\sistema\backend\vendor\laravel\framework\src\Illuminate\Foundation\Testing\TestCase.php:63
C:\projetos\sistema\backend\tests\Feature\DependencyTest.php:30</error>
        </testcase>
        <testcase name="test_cannot_delete_service_with_quote_items" file="C:\projetos\sistema\backend\tests\Feature\DependencyTest.php" line="103" class="Tests\Feature\DependencyTest" classname="Tests.Feature.DependencyTest" assertions="0" time="0.000000">
          <error type="PDOException">Tests\Feature\DependencyTest::test_cannot_delete_service_with_quote_items&#13;
PDOException: There is already an active transaction
&#13;
C:\projetos\sistema\backend\vendor\laravel\framework\src\Illuminate\Database\SQLiteConnection.php:38
C:\projetos\sistema\backend\vendor\laravel\framework\src\Illuminate\Database\Concerns\ManagesTransactions.php:154
C:\projetos\sistema\backend\vendor\laravel\framework\src\Illuminate\Database\Concerns\ManagesTransactions.php:130
C:\projetos\sistema\backend\vendor\laravel\framework\src\Illuminate\Foundation\Testing\RefreshDatabase.php:147
C:\projetos\sistema\backend\vendor\laravel\framework\src\Illuminate\Foundation\Testing\RefreshDatabase.php:93
C:\projetos\sistema\backend\vendor\laravel\framework\src\Illuminate\Foundation\Testing\RefreshDatabase.php:25
C:\projetos\sistema\backend\vendor\laravel\framework\src\Illuminate\Foundation\Testing\Concerns\InteractsWithTestCaseLifecycle.php:217
C:\projetos\sistema\backend\vendor\laravel\framework\src\Illuminate\Foundation\Testing\Concerns\InteractsWithTestCaseLifecycle.php:101
C:\projetos\sistema\backend\vendor\laravel\framework\src\Illuminate\Foundation\Testing\TestCase.php:63
C:\projetos\sistema\backend\tests\Feature\DependencyTest.php:30</error>
        </testcase>
        <testcase name="test_cannot_delete_supplier_with_accounts_payable" file="C:\projetos\sistema\backend\tests\Feature\DependencyTest.php" line="122" class="Tests\Feature\DependencyTest" classname="Tests.Feature.DependencyTest" assertions="0" time="0.000000">
          <error type="PDOException">Tests\Feature\DependencyTest::test_cannot_delete_supplier_with_accounts_payable&#13;
PDOException: There is already an active transaction
&#13;
C:\projetos\sistema\backend\vendor\laravel\framework\src\Illuminate\Database\SQLiteConnection.php:38
C:\projetos\sistema\backend\vendor\laravel\framework\src\Illuminate\Database\Concerns\ManagesTransactions.php:154
C:\projetos\sistema\backend\vendor\laravel\framework\src\Illuminate\Database\Concerns\ManagesTransactions.php:130
C:\projetos\sistema\backend\vendor\laravel\framework\src\Illuminate\Foundation\Testing\RefreshDatabase.php:147
C:\projetos\sistema\backend\vendor\laravel\framework\src\Illuminate\Foundation\Testing\RefreshDatabase.php:93
C:\projetos\sistema\backend\vendor\laravel\framework\src\Illuminate\Foundation\Testing\RefreshDatabase.php:25
C:\projetos\sistema\backend\vendor\laravel\framework\src\Illuminate\Foundation\Testing\Concerns\InteractsWithTestCaseLifecycle.php:217
C:\projetos\sistema\backend\vendor\laravel\framework\src\Illuminate\Foundation\Testing\Concerns\InteractsWithTestCaseLifecycle.php:101
C:\projetos\sistema\backend\vendor\laravel\framework\src\Illuminate\Foundation\Testing\TestCase.php:63
C:\projetos\sistema\backend\tests\Feature\DependencyTest.php:30</error>
        </testcase>
        <testcase name="test_can_delete_branch_forcefully_if_implemented_or_cleared" file="C:\projetos\sistema\backend\tests\Feature\DependencyTest.php" line="136" class="Tests\Feature\DependencyTest" classname="Tests.Feature.DependencyTest" assertions="0" time="0.000000">
          <error type="PDOException">Tests\Feature\DependencyTest::test_can_delete_branch_forcefully_if_implemented_or_cleared&#13;
PDOException: There is already an active transaction
&#13;
C:\projetos\sistema\backend\vendor\laravel\framework\src\Illuminate\Database\SQLiteConnection.php:38
C:\projetos\sistema\backend\vendor\laravel\framework\src\Illuminate\Database\Concerns\ManagesTransactions.php:154
C:\projetos\sistema\backend\vendor\laravel\framework\src\Illuminate\Database\Concerns\ManagesTransactions.php:130
C:\projetos\sistema\backend\vendor\laravel\framework\src\Illuminate\Foundation\Testing\RefreshDatabase.php:147
C:\projetos\sistema\backend\vendor\laravel\framework\src\Illuminate\Foundation\Testing\RefreshDatabase.php:93
C:\projetos\sistema\backend\vendor\laravel\framework\src\Illuminate\Foundation\Testing\RefreshDatabase.php:25
C:\projetos\sistema\backend\vendor\laravel\framework\src\Illuminate\Foundation\Testing\Concerns\InteractsWithTestCaseLifecycle.php:217
C:\projetos\sistema\backend\vendor\laravel\framework\src\Illuminate\Foundation\Testing\Concerns\InteractsWithTestCaseLifecycle.php:101
C:\projetos\sistema\backend\vendor\laravel\framework\src\Illuminate\Foundation\Testing\TestCase.php:63
C:\projetos\sistema\backend\tests\Feature\DependencyTest.php:30</error>
        </testcase>
      </testsuite>
      <testsuite name="Tests\Feature\EquipmentExtendedTest" file="C:\projetos\sistema\backend\tests\Feature\EquipmentExtendedTest.php" tests="8" assertions="0" errors="8" failures="0" skipped="0" time="0.000000">
        <testcase name="test_equipment_dashboard_returns_statistics" file="C:\projetos\sistema\backend\tests\Feature\EquipmentExtendedTest.php" line="47" class="Tests\Feature\EquipmentExtendedTest" classname="Tests.Feature.EquipmentExtendedTest" assertions="0" time="0.000000">
          <error type="PDOException">Tests\Feature\EquipmentExtendedTest::test_equipment_dashboard_returns_statistics&#13;
PDOException: There is already an active transaction
&#13;
C:\projetos\sistema\backend\vendor\laravel\framework\src\Illuminate\Database\SQLiteConnection.php:38
C:\projetos\sistema\backend\vendor\laravel\framework\src\Illuminate\Database\Concerns\ManagesTransactions.php:154
C:\projetos\sistema\backend\vendor\laravel\framework\src\Illuminate\Database\Concerns\ManagesTransactions.php:130
C:\projetos\sistema\backend\vendor\laravel\framework\src\Illuminate\Foundation\Testing\RefreshDatabase.php:147
C:\projetos\sistema\backend\vendor\laravel\framework\src\Illuminate\Foundation\Testing\RefreshDatabase.php:93
C:\projetos\sistema\backend\vendor\laravel\framework\src\Illuminate\Foundation\Testing\RefreshDatabase.php:25
C:\projetos\sistema\backend\vendor\laravel\framework\src\Illuminate\Foundation\Testing\Concerns\InteractsWithTestCaseLifecycle.php:217
C:\projetos\sistema\backend\vendor\laravel\framework\src\Illuminate\Foundation\Testing\Concerns\InteractsWithTestCaseLifecycle.php:101
C:\projetos\sistema\backend\vendor\laravel\framework\src\Illuminate\Foundation\Testing\TestCase.php:63
C:\projetos\sistema\backend\tests\Feature\EquipmentExtendedTest.php:27</error>
        </testcase>
        <testcase name="test_equipment_alerts_returns_list" file="C:\projetos\sistema\backend\tests\Feature\EquipmentExtendedTest.php" line="53" class="Tests\Feature\EquipmentExtendedTest" classname="Tests.Feature.EquipmentExtendedTest" assertions="0" time="0.000000">
          <error type="PDOException">Tests\Feature\EquipmentExtendedTest::test_equipment_alerts_returns_list&#13;
PDOException: There is already an active transaction
&#13;
C:\projetos\sistema\backend\vendor\laravel\framework\src\Illuminate\Database\SQLiteConnection.php:38
C:\projetos\sistema\backend\vendor\laravel\framework\src\Illuminate\Database\Concerns\ManagesTransactions.php:154
C:\projetos\sistema\backend\vendor\laravel\framework\src\Illuminate\Database\Concerns\ManagesTransactions.php:130
C:\projetos\sistema\backend\vendor\laravel\framework\src\Illuminate\Foundation\Testing\RefreshDatabase.php:147
C:\projetos\sistema\backend\vendor\laravel\framework\src\Illuminate\Foundation\Testing\RefreshDatabase.php:93
C:\projetos\sistema\backend\vendor\laravel\framework\src\Illuminate\Foundation\Testing\RefreshDatabase.php:25
C:\projetos\sistema\backend\vendor\laravel\framework\src\Illuminate\Foundation\Testing\Concerns\InteractsWithTestCaseLifecycle.php:217
C:\projetos\sistema\backend\vendor\laravel\framework\src\Illuminate\Foundation\Testing\Concerns\InteractsWithTestCaseLifecycle.php:101
C:\projetos\sistema\backend\vendor\laravel\framework\src\Illuminate\Foundation\Testing\TestCase.php:63
C:\projetos\sistema\backend\tests\Feature\EquipmentExtendedTest.php:27</error>
        </testcase>
        <testcase name="test_equipment_constants_returns_enums" file="C:\projetos\sistema\backend\tests\Feature\EquipmentExtendedTest.php" line="59" class="Tests\Feature\EquipmentExtendedTest" classname="Tests.Feature.EquipmentExtendedTest" assertions="0" time="0.000000">
          <error type="PDOException">Tests\Feature\EquipmentExtendedTest::test_equipment_constants_returns_enums&#13;
PDOException: There is already an active transaction
&#13;
C:\projetos\sistema\backend\vendor\laravel\framework\src\Illuminate\Database\SQLiteConnection.php:38
C:\projetos\sistema\backend\vendor\laravel\framework\src\Illuminate\Database\Concerns\ManagesTransactions.php:154
C:\projetos\sistema\backend\vendor\laravel\framework\src\Illuminate\Database\Concerns\ManagesTransactions.php:130
C:\projetos\sistema\backend\vendor\laravel\framework\src\Illuminate\Foundation\Testing\RefreshDatabase.php:147
C:\projetos\sistema\backend\vendor\laravel\framework\src\Illuminate\Foundation\Testing\RefreshDatabase.php:93
C:\projetos\sistema\backend\vendor\laravel\framework\src\Illuminate\Foundation\Testing\RefreshDatabase.php:25
C:\projetos\sistema\backend\vendor\laravel\framework\src\Illuminate\Foundation\Testing\Concerns\InteractsWithTestCaseLifecycle.php:217
C:\projetos\sistema\backend\vendor\laravel\framework\src\Illuminate\Foundation\Testing\Concerns\InteractsWithTestCaseLifecycle.php:101
C:\projetos\sistema\backend\vendor\laravel\framework\src\Illuminate\Foundation\Testing\TestCase.php:63
C:\projetos\sistema\backend\tests\Feature\EquipmentExtendedTest.php:27</error>
        </testcase>
        <testcase name="test_create_equipment_with_valid_data" file="C:\projetos\sistema\backend\tests\Feature\EquipmentExtendedTest.php" line="68" class="Tests\Feature\EquipmentExtendedTest" classname="Tests.Feature.EquipmentExtendedTest" assertions="0" time="0.000000">
          <error type="PDOException">Tests\Feature\EquipmentExtendedTest::test_create_equipment_with_valid_data&#13;
PDOException: There is already an active transaction
&#13;
C:\projetos\sistema\backend\vendor\laravel\framework\src\Illuminate\Database\SQLiteConnection.php:38
C:\projetos\sistema\backend\vendor\laravel\framework\src\Illuminate\Database\Concerns\ManagesTransactions.php:154
C:\projetos\sistema\backend\vendor\laravel\framework\src\Illuminate\Database\Concerns\ManagesTransactions.php:130
C:\projetos\sistema\backend\vendor\laravel\framework\src\Illuminate\Foundation\Testing\RefreshDatabase.php:147
C:\projetos\sistema\backend\vendor\laravel\framework\src\Illuminate\Foundation\Testing\RefreshDatabase.php:93
C:\projetos\sistema\backend\vendor\laravel\framework\src\Illuminate\Foundation\Testing\RefreshDatabase.php:25
C:\projetos\sistema\backend\vendor\laravel\framework\src\Illuminate\Foundation\Testing\Concerns\InteractsWithTestCaseLifecycle.php:217
C:\projetos\sistema\backend\vendor\laravel\framework\src\Illuminate\Foundation\Testing\Concerns\InteractsWithTestCaseLifecycle.php:101
C:\projetos\sistema\backend\vendor\laravel\framework\src\Illuminate\Foundation\Testing\TestCase.php:63
C:\projetos\sistema\backend\tests\Feature\EquipmentExtendedTest.php:27</error>
        </testcase>
        <testcase name="test_equipment_list_with_search" file="C:\projetos\sistema\backend\tests\Feature\EquipmentExtendedTest.php" line="88" class="Tests\Feature\EquipmentExtendedTest" classname="Tests.Feature.EquipmentExtendedTest" assertions="0" time="0.000000">
          <error type="PDOException">Tests\Feature\EquipmentExtendedTest::test_equipment_list_with_search&#13;
PDOException: There is already an active transaction
&#13;
C:\projetos\sistema\backend\vendor\laravel\framework\src\Illuminate\Database\SQLiteConnection.php:38
C:\projetos\sistema\backend\vendor\laravel\framework\src\Illuminate\Database\Concerns\ManagesTransactions.php:154
C:\projetos\sistema\backend\vendor\laravel\framework\src\Illuminate\Database\Concerns\ManagesTransactions.php:130
C:\projetos\sistema\backend\vendor\laravel\framework\src\Illuminate\Foundation\Testing\RefreshDatabase.php:147
C:\projetos\sistema\backend\vendor\laravel\framework\src\Illuminate\Foundation\Testing\RefreshDatabase.php:93
C:\projetos\sistema\backend\vendor\laravel\framework\src\Illuminate\Foundation\Testing\RefreshDatabase.php:25
C:\projetos\sistema\backend\vendor\laravel\framework\src\Illuminate\Foundation\Testing\Concerns\InteractsWithTestCaseLifecycle.php:217
C:\projetos\sistema\backend\vendor\laravel\framework\src\Illuminate\Foundation\Testing\Concerns\InteractsWithTestCaseLifecycle.php:101
C:\projetos\sistema\backend\vendor\laravel\framework\src\Illuminate\Foundation\Testing\TestCase.php:63
C:\projetos\sistema\backend\tests\Feature\EquipmentExtendedTest.php:27</error>
        </testcase>
        <testcase name="test_equipment_export_csv" file="C:\projetos\sistema\backend\tests\Feature\EquipmentExtendedTest.php" line="94" class="Tests\Feature\EquipmentExtendedTest" classname="Tests.Feature.EquipmentExtendedTest" assertions="0" time="0.000000">
          <error type="PDOException">Tests\Feature\EquipmentExtendedTest::test_equipment_export_csv&#13;
PDOException: There is already an active transaction
&#13;
C:\projetos\sistema\backend\vendor\laravel\framework\src\Illuminate\Database\SQLiteConnection.php:38
C:\projetos\sistema\backend\vendor\laravel\framework\src\Illuminate\Database\Concerns\ManagesTransactions.php:154
C:\projetos\sistema\backend\vendor\laravel\framework\src\Illuminate\Database\Concerns\ManagesTransactions.php:130
C:\projetos\sistema\backend\vendor\laravel\framework\src\Illuminate\Foundation\Testing\RefreshDatabase.php:147
C:\projetos\sistema\backend\vendor\laravel\framework\src\Illuminate\Foundation\Testing\RefreshDatabase.php:93
C:\projetos\sistema\backend\vendor\laravel\framework\src\Illuminate\Foundation\Testing\RefreshDatabase.php:25
C:\projetos\sistema\backend\vendor\laravel\framework\src\Illuminate\Foundation\Testing\Concerns\InteractsWithTestCaseLifecycle.php:217
C:\projetos\sistema\backend\vendor\laravel\framework\src\Illuminate\Foundation\Testing\Concerns\InteractsWithTestCaseLifecycle.php:101
C:\projetos\sistema\backend\vendor\laravel\framework\src\Illuminate\Foundation\Testing\TestCase.php:63
C:\projetos\sistema\backend\tests\Feature\EquipmentExtendedTest.php:27</error>
        </testcase>
        <testcase name="test_calibration_history_for_equipment" file="C:\projetos\sistema\backend\tests\Feature\EquipmentExtendedTest.php" line="103" class="Tests\Feature\EquipmentExtendedTest" classname="Tests.Feature.EquipmentExtendedTest" assertions="0" time="0.000000">
          <error type="PDOException">Tests\Feature\EquipmentExtendedTest::test_calibration_history_for_equipment&#13;
PDOException: There is already an active transaction
&#13;
C:\projetos\sistema\backend\vendor\laravel\framework\src\Illuminate\Database\SQLiteConnection.php:38
C:\projetos\sistema\backend\vendor\laravel\framework\src\Illuminate\Database\Concerns\ManagesTransactions.php:154
C:\projetos\sistema\backend\vendor\laravel\framework\src\Illuminate\Database\Concerns\ManagesTransactions.php:130
C:\projetos\sistema\backend\vendor\laravel\framework\src\Illuminate\Foundation\Testing\RefreshDatabase.php:147
C:\projetos\sistema\backend\vendor\laravel\framework\src\Illuminate\Foundation\Testing\RefreshDatabase.php:93
C:\projetos\sistema\backend\vendor\laravel\framework\src\Illuminate\Foundation\Testing\RefreshDatabase.php:25
C:\projetos\sistema\backend\vendor\laravel\framework\src\Illuminate\Foundation\Testing\Concerns\InteractsWithTestCaseLifecycle.php:217
C:\projetos\sistema\backend\vendor\laravel\framework\src\Illuminate\Foundation\Testing\Concerns\InteractsWithTestCaseLifecycle.php:101
C:\projetos\sistema\backend\vendor\laravel\framework\src\Illuminate\Foundation\Testing\TestCase.php:63
C:\projetos\sistema\backend\tests\Feature\EquipmentExtendedTest.php:27</error>
        </testcase>
        <testcase name="test_add_calibration_to_equipment" file="C:\projetos\sistema\backend\tests\Feature\EquipmentExtendedTest.php" line="114" class="Tests\Feature\EquipmentExtendedTest" classname="Tests.Feature.EquipmentExtendedTest" assertions="0" time="0.000000">
          <error type="PDOException">Tests\Feature\EquipmentExtendedTest::test_add_calibration_to_equipment&#13;
PDOException: There is already an active transaction
&#13;
C:\projetos\sistema\backend\vendor\laravel\framework\src\Illuminate\Database\SQLiteConnection.php:38
C:\projetos\sistema\backend\vendor\laravel\framework\src\Illuminate\Database\Concerns\ManagesTransactions.php:154
C:\projetos\sistema\backend\vendor\laravel\framework\src\Illuminate\Database\Concerns\ManagesTransactions.php:130
C:\projetos\sistema\backend\vendor\laravel\framework\src\Illuminate\Foundation\Testing\RefreshDatabase.php:147
C:\projetos\sistema\backend\vendor\laravel\framework\src\Illuminate\Foundation\Testing\RefreshDatabase.php:93
C:\projetos\sistema\backend\vendor\laravel\framework\src\Illuminate\Foundation\Testing\RefreshDatabase.php:25
C:\projetos\sistema\backend\vendor\laravel\framework\src\Illuminate\Foundation\Testing\Concerns\InteractsWithTestCaseLifecycle.php:217
C:\projetos\sistema\backend\vendor\laravel\framework\src\Illuminate\Foundation\Testing\Concerns\InteractsWithTestCaseLifecycle.php:101
C:\projetos\sistema\backend\vendor\laravel\framework\src\Illuminate\Foundation\Testing\TestCase.php:63
C:\projetos\sistema\backend\tests\Feature\EquipmentExtendedTest.php:27</error>
        </testcase>
      </testsuite>
      <testsuite name="Tests\Feature\EquipmentProfessionalTest" file="C:\projetos\sistema\backend\tests\Feature\EquipmentProfessionalTest.php" tests="11" assertions="0" errors="11" failures="0" skipped="0" time="0.000000">
        <testcase name="test_create_equipment_persists_all_fields" file="C:\projetos\sistema\backend\tests\Feature\EquipmentProfessionalTest.php" line="53" class="Tests\Feature\EquipmentProfessionalTest" classname="Tests.Feature.EquipmentProfessionalTest" assertions="0" time="0.000000">
          <error type="PDOException">Tests\Feature\EquipmentProfessionalTest::test_create_equipment_persists_all_fields&#13;
PDOException: There is already an active transaction
&#13;
C:\projetos\sistema\backend\vendor\laravel\framework\src\Illuminate\Database\SQLiteConnection.php:38
C:\projetos\sistema\backend\vendor\laravel\framework\src\Illuminate\Database\Concerns\ManagesTransactions.php:154
C:\projetos\sistema\backend\vendor\laravel\framework\src\Illuminate\Database\Concerns\ManagesTransactions.php:130
C:\projetos\sistema\backend\vendor\laravel\framework\src\Illuminate\Foundation\Testing\RefreshDatabase.php:147
C:\projetos\sistema\backend\vendor\laravel\framework\src\Illuminate\Foundation\Testing\RefreshDatabase.php:93
C:\projetos\sistema\backend\vendor\laravel\framework\src\Illuminate\Foundation\Testing\RefreshDatabase.php:25
C:\projetos\sistema\backend\vendor\laravel\framework\src\Illuminate\Foundation\Testing\Concerns\InteractsWithTestCaseLifecycle.php:217
C:\projetos\sistema\backend\vendor\laravel\framework\src\Illuminate\Foundation\Testing\Concerns\InteractsWithTestCaseLifecycle.php:101
C:\projetos\sistema\backend\vendor\laravel\framework\src\Illuminate\Foundation\Testing\TestCase.php:63
C:\projetos\sistema\backend\tests\Feature\EquipmentProfessionalTest.php:30</error>
        </testcase>
        <testcase name="test_create_equipment_auto_calculates_next_calibration" file="C:\projetos\sistema\backend\tests\Feature\EquipmentProfessionalTest.php" line="80" class="Tests\Feature\EquipmentProfessionalTest" classname="Tests.Feature.EquipmentProfessionalTest" assertions="0" time="0.000000">
          <error type="PDOException">Tests\Feature\EquipmentProfessionalTest::test_create_equipment_auto_calculates_next_calibration&#13;
PDOException: There is already an active transaction
&#13;
C:\projetos\sistema\backend\vendor\laravel\framework\src\Illuminate\Database\SQLiteConnection.php:38
C:\projetos\sistema\backend\vendor\laravel\framework\src\Illuminate\Database\Concerns\ManagesTransactions.php:154
C:\projetos\sistema\backend\vendor\laravel\framework\src\Illuminate\Database\Concerns\ManagesTransactions.php:130
C:\projetos\sistema\backend\vendor\laravel\framework\src\Illuminate\Foundation\Testing\RefreshDatabase.php:147
C:\projetos\sistema\backend\vendor\laravel\framework\src\Illuminate\Foundation\Testing\RefreshDatabase.php:93
C:\projetos\sistema\backend\vendor\laravel\framework\src\Illuminate\Foundation\Testing\RefreshDatabase.php:25
C:\projetos\sistema\backend\vendor\laravel\framework\src\Illuminate\Foundation\Testing\Concerns\InteractsWithTestCaseLifecycle.php:217
C:\projetos\sistema\backend\vendor\laravel\framework\src\Illuminate\Foundation\Testing\Concerns\InteractsWithTestCaseLifecycle.php:101
C:\projetos\sistema\backend\vendor\laravel\framework\src\Illuminate\Foundation\Testing\TestCase.php:63
C:\projetos\sistema\backend\tests\Feature\EquipmentProfessionalTest.php:30</error>
        </testcase>
        <testcase name="test_update_equipment_changes_status_and_brand" file="C:\projetos\sistema\backend\tests\Feature\EquipmentProfessionalTest.php" line="100" class="Tests\Feature\EquipmentProfessionalTest" classname="Tests.Feature.EquipmentProfessionalTest" assertions="0" time="0.000000">
          <error type="PDOException">Tests\Feature\EquipmentProfessionalTest::test_update_equipment_changes_status_and_brand&#13;
PDOException: There is already an active transaction
&#13;
C:\projetos\sistema\backend\vendor\laravel\framework\src\Illuminate\Database\SQLiteConnection.php:38
C:\projetos\sistema\backend\vendor\laravel\framework\src\Illuminate\Database\Concerns\ManagesTransactions.php:154
C:\projetos\sistema\backend\vendor\laravel\framework\src\Illuminate\Database\Concerns\ManagesTransactions.php:130
C:\projetos\sistema\backend\vendor\laravel\framework\src\Illuminate\Foundation\Testing\RefreshDatabase.php:147
C:\projetos\sistema\backend\vendor\laravel\framework\src\Illuminate\Foundation\Testing\RefreshDatabase.php:93
C:\projetos\sistema\backend\vendor\laravel\framework\src\Illuminate\Foundation\Testing\RefreshDatabase.php:25
C:\projetos\sistema\backend\vendor\laravel\framework\src\Illuminate\Foundation\Testing\Concerns\InteractsWithTestCaseLifecycle.php:217
C:\projetos\sistema\backend\vendor\laravel\framework\src\Illuminate\Foundation\Testing\Concerns\InteractsWithTestCaseLifecycle.php:101
C:\projetos\sistema\backend\vendor\laravel\framework\src\Illuminate\Foundation\Testing\TestCase.php:63
C:\projetos\sistema\backend\tests\Feature\EquipmentProfessionalTest.php:30</error>
        </testcase>
        <testcase name="test_delete_equipment_soft_deletes" file="C:\projetos\sistema\backend\tests\Feature\EquipmentProfessionalTest.php" line="125" class="Tests\Feature\EquipmentProfessionalTest" classname="Tests.Feature.EquipmentProfessionalTest" assertions="0" time="0.000000">
          <error type="PDOException">Tests\Feature\EquipmentProfessionalTest::test_delete_equipment_soft_deletes&#13;
PDOException: There is already an active transaction
&#13;
C:\projetos\sistema\backend\vendor\laravel\framework\src\Illuminate\Database\SQLiteConnection.php:38
C:\projetos\sistema\backend\vendor\laravel\framework\src\Illuminate\Database\Concerns\ManagesTransactions.php:154
C:\projetos\sistema\backend\vendor\laravel\framework\src\Illuminate\Database\Concerns\ManagesTransactions.php:130
C:\projetos\sistema\backend\vendor\laravel\framework\src\Illuminate\Foundation\Testing\RefreshDatabase.php:147
C:\projetos\sistema\backend\vendor\laravel\framework\src\Illuminate\Foundation\Testing\RefreshDatabase.php:93
C:\projetos\sistema\backend\vendor\laravel\framework\src\Illuminate\Foundation\Testing\RefreshDatabase.php:25
C:\projetos\sistema\backend\vendor\laravel\framework\src\Illuminate\Foundation\Testing\Concerns\InteractsWithTestCaseLifecycle.php:217
C:\projetos\sistema\backend\vendor\laravel\framework\src\Illuminate\Foundation\Testing\Concerns\InteractsWithTestCaseLifecycle.php:101
C:\projetos\sistema\backend\vendor\laravel\framework\src\Illuminate\Foundation\Testing\TestCase.php:63
C:\projetos\sistema\backend\tests\Feature\EquipmentProfessionalTest.php:30</error>
        </testcase>
        <testcase name="test_search_by_serial_number_returns_exact_match" file="C:\projetos\sistema\backend\tests\Feature\EquipmentProfessionalTest.php" line="140" class="Tests\Feature\EquipmentProfessionalTest" classname="Tests.Feature.EquipmentProfessionalTest" assertions="0" time="0.000000">
          <error type="PDOException">Tests\Feature\EquipmentProfessionalTest::test_search_by_serial_number_returns_exact_match&#13;
PDOException: There is already an active transaction
&#13;
C:\projetos\sistema\backend\vendor\laravel\framework\src\Illuminate\Database\SQLiteConnection.php:38
C:\projetos\sistema\backend\vendor\laravel\framework\src\Illuminate\Database\Concerns\ManagesTransactions.php:154
C:\projetos\sistema\backend\vendor\laravel\framework\src\Illuminate\Database\Concerns\ManagesTransactions.php:130
C:\projetos\sistema\backend\vendor\laravel\framework\src\Illuminate\Foundation\Testing\RefreshDatabase.php:147
C:\projetos\sistema\backend\vendor\laravel\framework\src\Illuminate\Foundation\Testing\RefreshDatabase.php:93
C:\projetos\sistema\backend\vendor\laravel\framework\src\Illuminate\Foundation\Testing\RefreshDatabase.php:25
C:\projetos\sistema\backend\vendor\laravel\framework\src\Illuminate\Foundation\Testing\Concerns\InteractsWithTestCaseLifecycle.php:217
C:\projetos\sistema\backend\vendor\laravel\framework\src\Illuminate\Foundation\Testing\Concerns\InteractsWithTestCaseLifecycle.php:101
C:\projetos\sistema\backend\vendor\laravel\framework\src\Illuminate\Foundation\Testing\TestCase.php:63
C:\projetos\sistema\backend\tests\Feature\EquipmentProfessionalTest.php:30</error>
        </testcase>
        <testcase name="test_filter_by_status_returns_only_matching" file="C:\projetos\sistema\backend\tests\Feature\EquipmentProfessionalTest.php" line="160" class="Tests\Feature\EquipmentProfessionalTest" classname="Tests.Feature.EquipmentProfessionalTest" assertions="0" time="0.000000">
          <error type="PDOException">Tests\Feature\EquipmentProfessionalTest::test_filter_by_status_returns_only_matching&#13;
PDOException: There is already an active transaction
&#13;
C:\projetos\sistema\backend\vendor\laravel\framework\src\Illuminate\Database\SQLiteConnection.php:38
C:\projetos\sistema\backend\vendor\laravel\framework\src\Illuminate\Database\Concerns\ManagesTransactions.php:154
C:\projetos\sistema\backend\vendor\laravel\framework\src\Illuminate\Database\Concerns\ManagesTransactions.php:130
C:\projetos\sistema\backend\vendor\laravel\framework\src\Illuminate\Foundation\Testing\RefreshDatabase.php:147
C:\projetos\sistema\backend\vendor\laravel\framework\src\Illuminate\Foundation\Testing\RefreshDatabase.php:93
C:\projetos\sistema\backend\vendor\laravel\framework\src\Illuminate\Foundation\Testing\RefreshDatabase.php:25
C:\projetos\sistema\backend\vendor\laravel\framework\src\Illuminate\Foundation\Testing\Concerns\InteractsWithTestCaseLifecycle.php:217
C:\projetos\sistema\backend\vendor\laravel\framework\src\Illuminate\Foundation\Testing\Concerns\InteractsWithTestCaseLifecycle.php:101
C:\projetos\sistema\backend\vendor\laravel\framework\src\Illuminate\Foundation\Testing\TestCase.php:63
C:\projetos\sistema\backend\tests\Feature\EquipmentProfessionalTest.php:30</error>
        </testcase>
        <testcase name="test_add_calibration_persists_all_data" file="C:\projetos\sistema\backend\tests\Feature\EquipmentProfessionalTest.php" line="182" class="Tests\Feature\EquipmentProfessionalTest" classname="Tests.Feature.EquipmentProfessionalTest" assertions="0" time="0.000000">
          <error type="PDOException">Tests\Feature\EquipmentProfessionalTest::test_add_calibration_persists_all_data&#13;
PDOException: There is already an active transaction
&#13;
C:\projetos\sistema\backend\vendor\laravel\framework\src\Illuminate\Database\SQLiteConnection.php:38
C:\projetos\sistema\backend\vendor\laravel\framework\src\Illuminate\Database\Concerns\ManagesTransactions.php:154
C:\projetos\sistema\backend\vendor\laravel\framework\src\Illuminate\Database\Concerns\ManagesTransactions.php:130
C:\projetos\sistema\backend\vendor\laravel\framework\src\Illuminate\Foundation\Testing\RefreshDatabase.php:147
C:\projetos\sistema\backend\vendor\laravel\framework\src\Illuminate\Foundation\Testing\RefreshDatabase.php:93
C:\projetos\sistema\backend\vendor\laravel\framework\src\Illuminate\Foundation\Testing\RefreshDatabase.php:25
C:\projetos\sistema\backend\vendor\laravel\framework\src\Illuminate\Foundation\Testing\Concerns\InteractsWithTestCaseLifecycle.php:217
C:\projetos\sistema\backend\vendor\laravel\framework\src\Illuminate\Foundation\Testing\Concerns\InteractsWithTestCaseLifecycle.php:101
C:\projetos\sistema\backend\vendor\laravel\framework\src\Illuminate\Foundation\Testing\TestCase.php:63
C:\projetos\sistema\backend\tests\Feature\EquipmentProfessionalTest.php:30</error>
        </testcase>
        <testcase name="test_add_maintenance_persists_with_downtime" file="C:\projetos\sistema\backend\tests\Feature\EquipmentProfessionalTest.php" line="208" class="Tests\Feature\EquipmentProfessionalTest" classname="Tests.Feature.EquipmentProfessionalTest" assertions="0" time="0.000000">
          <error type="PDOException">Tests\Feature\EquipmentProfessionalTest::test_add_maintenance_persists_with_downtime&#13;
PDOException: There is already an active transaction
&#13;
C:\projetos\sistema\backend\vendor\laravel\framework\src\Illuminate\Database\SQLiteConnection.php:38
C:\projetos\sistema\backend\vendor\laravel\framework\src\Illuminate\Database\Concerns\ManagesTransactions.php:154
C:\projetos\sistema\backend\vendor\laravel\framework\src\Illuminate\Database\Concerns\ManagesTransactions.php:130
C:\projetos\sistema\backend\vendor\laravel\framework\src\Illuminate\Foundation\Testing\RefreshDatabase.php:147
C:\projetos\sistema\backend\vendor\laravel\framework\src\Illuminate\Foundation\Testing\RefreshDatabase.php:93
C:\projetos\sistema\backend\vendor\laravel\framework\src\Illuminate\Foundation\Testing\RefreshDatabase.php:25
C:\projetos\sistema\backend\vendor\laravel\framework\src\Illuminate\Foundation\Testing\Concerns\InteractsWithTestCaseLifecycle.php:217
C:\projetos\sistema\backend\vendor\laravel\framework\src\Illuminate\Foundation\Testing\Concerns\InteractsWithTestCaseLifecycle.php:101
C:\projetos\sistema\backend\vendor\laravel\framework\src\Illuminate\Foundation\Testing\TestCase.php:63
C:\projetos\sistema\backend\tests\Feature\EquipmentProfessionalTest.php:30</error>
        </testcase>
        <testcase name="test_upload_document_stores_file_correctly" file="C:\projetos\sistema\backend\tests\Feature\EquipmentProfessionalTest.php" line="231" class="Tests\Feature\EquipmentProfessionalTest" classname="Tests.Feature.EquipmentProfessionalTest" assertions="0" time="0.000000">
          <error type="PDOException">Tests\Feature\EquipmentProfessionalTest::test_upload_document_stores_file_correctly&#13;
PDOException: There is already an active transaction
&#13;
C:\projetos\sistema\backend\vendor\laravel\framework\src\Illuminate\Database\SQLiteConnection.php:38
C:\projetos\sistema\backend\vendor\laravel\framework\src\Illuminate\Database\Concerns\ManagesTransactions.php:154
C:\projetos\sistema\backend\vendor\laravel\framework\src\Illuminate\Database\Concerns\ManagesTransactions.php:130
C:\projetos\sistema\backend\vendor\laravel\framework\src\Illuminate\Foundation\Testing\RefreshDatabase.php:147
C:\projetos\sistema\backend\vendor\laravel\framework\src\Illuminate\Foundation\Testing\RefreshDatabase.php:93
C:\projetos\sistema\backend\vendor\laravel\framework\src\Illuminate\Foundation\Testing\RefreshDatabase.php:25
C:\projetos\sistema\backend\vendor\laravel\framework\src\Illuminate\Foundation\Testing\Concerns\InteractsWithTestCaseLifecycle.php:217
C:\projetos\sistema\backend\vendor\laravel\framework\src\Illuminate\Foundation\Testing\Concerns\InteractsWithTestCaseLifecycle.php:101
C:\projetos\sistema\backend\vendor\laravel\framework\src\Illuminate\Foundation\Testing\TestCase.php:63
C:\projetos\sistema\backend\tests\Feature\EquipmentProfessionalTest.php:30</error>
        </testcase>
        <testcase name="test_equipment_from_other_tenant_not_visible" file="C:\projetos\sistema\backend\tests\Feature\EquipmentProfessionalTest.php" line="254" class="Tests\Feature\EquipmentProfessionalTest" classname="Tests.Feature.EquipmentProfessionalTest" assertions="0" time="0.000000">
          <error type="PDOException">Tests\Feature\EquipmentProfessionalTest::test_equipment_from_other_tenant_not_visible&#13;
PDOException: There is already an active transaction
&#13;
C:\projetos\sistema\backend\vendor\laravel\framework\src\Illuminate\Database\SQLiteConnection.php:38
C:\projetos\sistema\backend\vendor\laravel\framework\src\Illuminate\Database\Concerns\ManagesTransactions.php:154
C:\projetos\sistema\backend\vendor\laravel\framework\src\Illuminate\Database\Concerns\ManagesTransactions.php:130
C:\projetos\sistema\backend\vendor\laravel\framework\src\Illuminate\Foundation\Testing\RefreshDatabase.php:147
C:\projetos\sistema\backend\vendor\laravel\framework\src\Illuminate\Foundation\Testing\RefreshDatabase.php:93
C:\projetos\sistema\backend\vendor\laravel\framework\src\Illuminate\Foundation\Testing\RefreshDatabase.php:25
C:\projetos\sistema\backend\vendor\laravel\framework\src\Illuminate\Foundation\Testing\Concerns\InteractsWithTestCaseLifecycle.php:217
C:\projetos\sistema\backend\vendor\laravel\framework\src\Illuminate\Foundation\Testing\Concerns\InteractsWithTestCaseLifecycle.php:101
C:\projetos\sistema\backend\vendor\laravel\framework\src\Illuminate\Foundation\Testing\TestCase.php:63
C:\projetos\sistema\backend\tests\Feature\EquipmentProfessionalTest.php:30</error>
        </testcase>
        <testcase name="test_constants_returns_categories_and_statuses" file="C:\projetos\sistema\backend\tests\Feature\EquipmentProfessionalTest.php" line="279" class="Tests\Feature\EquipmentProfessionalTest" classname="Tests.Feature.EquipmentProfessionalTest" assertions="0" time="0.000000">
          <error type="PDOException">Tests\Feature\EquipmentProfessionalTest::test_constants_returns_categories_and_statuses&#13;
PDOException: There is already an active transaction
&#13;
C:\projetos\sistema\backend\vendor\laravel\framework\src\Illuminate\Database\SQLiteConnection.php:38
C:\projetos\sistema\backend\vendor\laravel\framework\src\Illuminate\Database\Concerns\ManagesTransactions.php:154
C:\projetos\sistema\backend\vendor\laravel\framework\src\Illuminate\Database\Concerns\ManagesTransactions.php:130
C:\projetos\sistema\backend\vendor\laravel\framework\src\Illuminate\Foundation\Testing\RefreshDatabase.php:147
C:\projetos\sistema\backend\vendor\laravel\framework\src\Illuminate\Foundation\Testing\RefreshDatabase.php:93
C:\projetos\sistema\backend\vendor\laravel\framework\src\Illuminate\Foundation\Testing\RefreshDatabase.php:25
C:\projetos\sistema\backend\vendor\laravel\framework\src\Illuminate\Foundation\Testing\Concerns\InteractsWithTestCaseLifecycle.php:217
C:\projetos\sistema\backend\vendor\laravel\framework\src\Illuminate\Foundation\Testing\Concerns\InteractsWithTestCaseLifecycle.php:101
C:\projetos\sistema\backend\vendor\laravel\framework\src\Illuminate\Foundation\Testing\TestCase.php:63
C:\projetos\sistema\backend\tests\Feature\EquipmentProfessionalTest.php:30</error>
        </testcase>
      </testsuite>
      <testsuite name="Tests\Feature\EquipmentTest" file="C:\projetos\sistema\backend\tests\Feature\EquipmentTest.php" tests="14" assertions="0" errors="14" failures="0" skipped="0" time="0.000000">
        <testcase name="test_equipment_code_generation_with_sequence" file="C:\projetos\sistema\backend\tests\Feature\EquipmentTest.php" line="46" class="Tests\Feature\EquipmentTest" classname="Tests.Feature.EquipmentTest" assertions="0" time="0.000000">
          <error type="PDOException">Tests\Feature\EquipmentTest::test_equipment_code_generation_with_sequence&#13;
PDOException: There is already an active transaction
&#13;
C:\projetos\sistema\backend\vendor\laravel\framework\src\Illuminate\Database\SQLiteConnection.php:38
C:\projetos\sistema\backend\vendor\laravel\framework\src\Illuminate\Database\Concerns\ManagesTransactions.php:154
C:\projetos\sistema\backend\vendor\laravel\framework\src\Illuminate\Database\Concerns\ManagesTransactions.php:130
C:\projetos\sistema\backend\vendor\laravel\framework\src\Illuminate\Foundation\Testing\RefreshDatabase.php:147
C:\projetos\sistema\backend\vendor\laravel\framework\src\Illuminate\Foundation\Testing\RefreshDatabase.php:93
C:\projetos\sistema\backend\vendor\laravel\framework\src\Illuminate\Foundation\Testing\RefreshDatabase.php:25
C:\projetos\sistema\backend\vendor\laravel\framework\src\Illuminate\Foundation\Testing\Concerns\InteractsWithTestCaseLifecycle.php:217
C:\projetos\sistema\backend\vendor\laravel\framework\src\Illuminate\Foundation\Testing\Concerns\InteractsWithTestCaseLifecycle.php:101
C:\projetos\sistema\backend\vendor\laravel\framework\src\Illuminate\Foundation\Testing\TestCase.php:63
C:\projetos\sistema\backend\tests\Feature\EquipmentTest.php:23</error>
        </testcase>
        <testcase name="test_can_add_calibration_to_equipment" file="C:\projetos\sistema\backend\tests\Feature\EquipmentTest.php" line="74" class="Tests\Feature\EquipmentTest" classname="Tests.Feature.EquipmentTest" assertions="0" time="0.000000">
          <error type="PDOException">Tests\Feature\EquipmentTest::test_can_add_calibration_to_equipment&#13;
PDOException: There is already an active transaction
&#13;
C:\projetos\sistema\backend\vendor\laravel\framework\src\Illuminate\Database\SQLiteConnection.php:38
C:\projetos\sistema\backend\vendor\laravel\framework\src\Illuminate\Database\Concerns\ManagesTransactions.php:154
C:\projetos\sistema\backend\vendor\laravel\framework\src\Illuminate\Database\Concerns\ManagesTransactions.php:130
C:\projetos\sistema\backend\vendor\laravel\framework\src\Illuminate\Foundation\Testing\RefreshDatabase.php:147
C:\projetos\sistema\backend\vendor\laravel\framework\src\Illuminate\Foundation\Testing\RefreshDatabase.php:93
C:\projetos\sistema\backend\vendor\laravel\framework\src\Illuminate\Foundation\Testing\RefreshDatabase.php:25
C:\projetos\sistema\backend\vendor\laravel\framework\src\Illuminate\Foundation\Testing\Concerns\InteractsWithTestCaseLifecycle.php:217
C:\projetos\sistema\backend\vendor\laravel\framework\src\Illuminate\Foundation\Testing\Concerns\InteractsWithTestCaseLifecycle.php:101
C:\projetos\sistema\backend\vendor\laravel\framework\src\Illuminate\Foundation\Testing\TestCase.php:63
C:\projetos\sistema\backend\tests\Feature\EquipmentTest.php:23</error>
        </testcase>
        <testcase name="test_can_add_maintenance_to_equipment" file="C:\projetos\sistema\backend\tests\Feature\EquipmentTest.php" line="97" class="Tests\Feature\EquipmentTest" classname="Tests.Feature.EquipmentTest" assertions="0" time="0.000000">
          <error type="PDOException">Tests\Feature\EquipmentTest::test_can_add_maintenance_to_equipment&#13;
PDOException: There is already an active transaction
&#13;
C:\projetos\sistema\backend\vendor\laravel\framework\src\Illuminate\Database\SQLiteConnection.php:38
C:\projetos\sistema\backend\vendor\laravel\framework\src\Illuminate\Database\Concerns\ManagesTransactions.php:154
C:\projetos\sistema\backend\vendor\laravel\framework\src\Illuminate\Database\Concerns\ManagesTransactions.php:130
C:\projetos\sistema\backend\vendor\laravel\framework\src\Illuminate\Foundation\Testing\RefreshDatabase.php:147
C:\projetos\sistema\backend\vendor\laravel\framework\src\Illuminate\Foundation\Testing\RefreshDatabase.php:93
C:\projetos\sistema\backend\vendor\laravel\framework\src\Illuminate\Foundation\Testing\RefreshDatabase.php:25
C:\projetos\sistema\backend\vendor\laravel\framework\src\Illuminate\Foundation\Testing\Concerns\InteractsWithTestCaseLifecycle.php:217
C:\projetos\sistema\backend\vendor\laravel\framework\src\Illuminate\Foundation\Testing\Concerns\InteractsWithTestCaseLifecycle.php:101
C:\projetos\sistema\backend\vendor\laravel\framework\src\Illuminate\Foundation\Testing\TestCase.php:63
C:\projetos\sistema\backend\tests\Feature\EquipmentTest.php:23</error>
        </testcase>
        <testcase name="test_can_upload_equipment_document" file="C:\projetos\sistema\backend\tests\Feature\EquipmentTest.php" line="118" class="Tests\Feature\EquipmentTest" classname="Tests.Feature.EquipmentTest" assertions="0" time="0.000000">
          <error type="PDOException">Tests\Feature\EquipmentTest::test_can_upload_equipment_document&#13;
PDOException: There is already an active transaction
&#13;
C:\projetos\sistema\backend\vendor\laravel\framework\src\Illuminate\Database\SQLiteConnection.php:38
C:\projetos\sistema\backend\vendor\laravel\framework\src\Illuminate\Database\Concerns\ManagesTransactions.php:154
C:\projetos\sistema\backend\vendor\laravel\framework\src\Illuminate\Database\Concerns\ManagesTransactions.php:130
C:\projetos\sistema\backend\vendor\laravel\framework\src\Illuminate\Foundation\Testing\RefreshDatabase.php:147
C:\projetos\sistema\backend\vendor\laravel\framework\src\Illuminate\Foundation\Testing\RefreshDatabase.php:93
C:\projetos\sistema\backend\vendor\laravel\framework\src\Illuminate\Foundation\Testing\RefreshDatabase.php:25
C:\projetos\sistema\backend\vendor\laravel\framework\src\Illuminate\Foundation\Testing\Concerns\InteractsWithTestCaseLifecycle.php:217
C:\projetos\sistema\backend\vendor\laravel\framework\src\Illuminate\Foundation\Testing\Concerns\InteractsWithTestCaseLifecycle.php:101
C:\projetos\sistema\backend\vendor\laravel\framework\src\Illuminate\Foundation\Testing\TestCase.php:63
C:\projetos\sistema\backend\tests\Feature\EquipmentTest.php:23</error>
        </testcase>
        <testcase name="test_create_equipment" file="C:\projetos\sistema\backend\tests\Feature\EquipmentTest.php" line="144" class="Tests\Feature\EquipmentTest" classname="Tests.Feature.EquipmentTest" assertions="0" time="0.000000">
          <error type="PDOException">Tests\Feature\EquipmentTest::test_create_equipment&#13;
PDOException: There is already an active transaction
&#13;
C:\projetos\sistema\backend\vendor\laravel\framework\src\Illuminate\Database\SQLiteConnection.php:38
C:\projetos\sistema\backend\vendor\laravel\framework\src\Illuminate\Database\Concerns\ManagesTransactions.php:154
C:\projetos\sistema\backend\vendor\laravel\framework\src\Illuminate\Database\Concerns\ManagesTransactions.php:130
C:\projetos\sistema\backend\vendor\laravel\framework\src\Illuminate\Foundation\Testing\RefreshDatabase.php:147
C:\projetos\sistema\backend\vendor\laravel\framework\src\Illuminate\Foundation\Testing\RefreshDatabase.php:93
C:\projetos\sistema\backend\vendor\laravel\framework\src\Illuminate\Foundation\Testing\RefreshDatabase.php:25
C:\projetos\sistema\backend\vendor\laravel\framework\src\Illuminate\Foundation\Testing\Concerns\InteractsWithTestCaseLifecycle.php:217
C:\projetos\sistema\backend\vendor\laravel\framework\src\Illuminate\Foundation\Testing\Concerns\InteractsWithTestCaseLifecycle.php:101
C:\projetos\sistema\backend\vendor\laravel\framework\src\Illuminate\Foundation\Testing\TestCase.php:63
C:\projetos\sistema\backend\tests\Feature\EquipmentTest.php:23</error>
        </testcase>
        <testcase name="test_create_equipment_calculates_next_calibration" file="C:\projetos\sistema\backend\tests\Feature\EquipmentTest.php" line="166" class="Tests\Feature\EquipmentTest" classname="Tests.Feature.EquipmentTest" assertions="0" time="0.000000">
          <error type="PDOException">Tests\Feature\EquipmentTest::test_create_equipment_calculates_next_calibration&#13;
PDOException: There is already an active transaction
&#13;
C:\projetos\sistema\backend\vendor\laravel\framework\src\Illuminate\Database\SQLiteConnection.php:38
C:\projetos\sistema\backend\vendor\laravel\framework\src\Illuminate\Database\Concerns\ManagesTransactions.php:154
C:\projetos\sistema\backend\vendor\laravel\framework\src\Illuminate\Database\Concerns\ManagesTransactions.php:130
C:\projetos\sistema\backend\vendor\laravel\framework\src\Illuminate\Foundation\Testing\RefreshDatabase.php:147
C:\projetos\sistema\backend\vendor\laravel\framework\src\Illuminate\Foundation\Testing\RefreshDatabase.php:93
C:\projetos\sistema\backend\vendor\laravel\framework\src\Illuminate\Foundation\Testing\RefreshDatabase.php:25
C:\projetos\sistema\backend\vendor\laravel\framework\src\Illuminate\Foundation\Testing\Concerns\InteractsWithTestCaseLifecycle.php:217
C:\projetos\sistema\backend\vendor\laravel\framework\src\Illuminate\Foundation\Testing\Concerns\InteractsWithTestCaseLifecycle.php:101
C:\projetos\sistema\backend\vendor\laravel\framework\src\Illuminate\Foundation\Testing\TestCase.php:63
C:\projetos\sistema\backend\tests\Feature\EquipmentTest.php:23</error>
        </testcase>
        <testcase name="test_list_equipments" file="C:\projetos\sistema\backend\tests\Feature\EquipmentTest.php" line="184" class="Tests\Feature\EquipmentTest" classname="Tests.Feature.EquipmentTest" assertions="0" time="0.000000">
          <error type="PDOException">Tests\Feature\EquipmentTest::test_list_equipments&#13;
PDOException: There is already an active transaction
&#13;
C:\projetos\sistema\backend\vendor\laravel\framework\src\Illuminate\Database\SQLiteConnection.php:38
C:\projetos\sistema\backend\vendor\laravel\framework\src\Illuminate\Database\Concerns\ManagesTransactions.php:154
C:\projetos\sistema\backend\vendor\laravel\framework\src\Illuminate\Database\Concerns\ManagesTransactions.php:130
C:\projetos\sistema\backend\vendor\laravel\framework\src\Illuminate\Foundation\Testing\RefreshDatabase.php:147
C:\projetos\sistema\backend\vendor\laravel\framework\src\Illuminate\Foundation\Testing\RefreshDatabase.php:93
C:\projetos\sistema\backend\vendor\laravel\framework\src\Illuminate\Foundation\Testing\RefreshDatabase.php:25
C:\projetos\sistema\backend\vendor\laravel\framework\src\Illuminate\Foundation\Testing\Concerns\InteractsWithTestCaseLifecycle.php:217
C:\projetos\sistema\backend\vendor\laravel\framework\src\Illuminate\Foundation\Testing\Concerns\InteractsWithTestCaseLifecycle.php:101
C:\projetos\sistema\backend\vendor\laravel\framework\src\Illuminate\Foundation\Testing\TestCase.php:63
C:\projetos\sistema\backend\tests\Feature\EquipmentTest.php:23</error>
        </testcase>
        <testcase name="test_show_equipment" file="C:\projetos\sistema\backend\tests\Feature\EquipmentTest.php" line="197" class="Tests\Feature\EquipmentTest" classname="Tests.Feature.EquipmentTest" assertions="0" time="0.000000">
          <error type="PDOException">Tests\Feature\EquipmentTest::test_show_equipment&#13;
PDOException: There is already an active transaction
&#13;
C:\projetos\sistema\backend\vendor\laravel\framework\src\Illuminate\Database\SQLiteConnection.php:38
C:\projetos\sistema\backend\vendor\laravel\framework\src\Illuminate\Database\Concerns\ManagesTransactions.php:154
C:\projetos\sistema\backend\vendor\laravel\framework\src\Illuminate\Database\Concerns\ManagesTransactions.php:130
C:\projetos\sistema\backend\vendor\laravel\framework\src\Illuminate\Foundation\Testing\RefreshDatabase.php:147
C:\projetos\sistema\backend\vendor\laravel\framework\src\Illuminate\Foundation\Testing\RefreshDatabase.php:93
C:\projetos\sistema\backend\vendor\laravel\framework\src\Illuminate\Foundation\Testing\RefreshDatabase.php:25
C:\projetos\sistema\backend\vendor\laravel\framework\src\Illuminate\Foundation\Testing\Concerns\InteractsWithTestCaseLifecycle.php:217
C:\projetos\sistema\backend\vendor\laravel\framework\src\Illuminate\Foundation\Testing\Concerns\InteractsWithTestCaseLifecycle.php:101
C:\projetos\sistema\backend\vendor\laravel\framework\src\Illuminate\Foundation\Testing\TestCase.php:63
C:\projetos\sistema\backend\tests\Feature\EquipmentTest.php:23</error>
        </testcase>
        <testcase name="test_update_equipment" file="C:\projetos\sistema\backend\tests\Feature\EquipmentTest.php" line="209" class="Tests\Feature\EquipmentTest" classname="Tests.Feature.EquipmentTest" assertions="0" time="0.000000">
          <error type="PDOException">Tests\Feature\EquipmentTest::test_update_equipment&#13;
PDOException: There is already an active transaction
&#13;
C:\projetos\sistema\backend\vendor\laravel\framework\src\Illuminate\Database\SQLiteConnection.php:38
C:\projetos\sistema\backend\vendor\laravel\framework\src\Illuminate\Database\Concerns\ManagesTransactions.php:154
C:\projetos\sistema\backend\vendor\laravel\framework\src\Illuminate\Database\Concerns\ManagesTransactions.php:130
C:\projetos\sistema\backend\vendor\laravel\framework\src\Illuminate\Foundation\Testing\RefreshDatabase.php:147
C:\projetos\sistema\backend\vendor\laravel\framework\src\Illuminate\Foundation\Testing\RefreshDatabase.php:93
C:\projetos\sistema\backend\vendor\laravel\framework\src\Illuminate\Foundation\Testing\RefreshDatabase.php:25
C:\projetos\sistema\backend\vendor\laravel\framework\src\Illuminate\Foundation\Testing\Concerns\InteractsWithTestCaseLifecycle.php:217
C:\projetos\sistema\backend\vendor\laravel\framework\src\Illuminate\Foundation\Testing\Concerns\InteractsWithTestCaseLifecycle.php:101
C:\projetos\sistema\backend\vendor\laravel\framework\src\Illuminate\Foundation\Testing\TestCase.php:63
C:\projetos\sistema\backend\tests\Feature\EquipmentTest.php:23</error>
        </testcase>
        <testcase name="test_delete_equipment" file="C:\projetos\sistema\backend\tests\Feature\EquipmentTest.php" line="231" class="Tests\Feature\EquipmentTest" classname="Tests.Feature.EquipmentTest" assertions="0" time="0.000000">
          <error type="PDOException">Tests\Feature\EquipmentTest::test_delete_equipment&#13;
PDOException: There is already an active transaction
&#13;
C:\projetos\sistema\backend\vendor\laravel\framework\src\Illuminate\Database\SQLiteConnection.php:38
C:\projetos\sistema\backend\vendor\laravel\framework\src\Illuminate\Database\Concerns\ManagesTransactions.php:154
C:\projetos\sistema\backend\vendor\laravel\framework\src\Illuminate\Database\Concerns\ManagesTransactions.php:130
C:\projetos\sistema\backend\vendor\laravel\framework\src\Illuminate\Foundation\Testing\RefreshDatabase.php:147
C:\projetos\sistema\backend\vendor\laravel\framework\src\Illuminate\Foundation\Testing\RefreshDatabase.php:93
C:\projetos\sistema\backend\vendor\laravel\framework\src\Illuminate\Foundation\Testing\RefreshDatabase.php:25
C:\projetos\sistema\backend\vendor\laravel\framework\src\Illuminate\Foundation\Testing\Concerns\InteractsWithTestCaseLifecycle.php:217
C:\projetos\sistema\backend\vendor\laravel\framework\src\Illuminate\Foundation\Testing\Concerns\InteractsWithTestCaseLifecycle.php:101
C:\projetos\sistema\backend\vendor\laravel\framework\src\Illuminate\Foundation\Testing\TestCase.php:63
C:\projetos\sistema\backend\tests\Feature\EquipmentTest.php:23</error>
        </testcase>
        <testcase name="test_search_equipment_by_serial" file="C:\projetos\sistema\backend\tests\Feature\EquipmentTest.php" line="246" class="Tests\Feature\EquipmentTest" classname="Tests.Feature.EquipmentTest" assertions="0" time="0.000000">
          <error type="PDOException">Tests\Feature\EquipmentTest::test_search_equipment_by_serial&#13;
PDOException: There is already an active transaction
&#13;
C:\projetos\sistema\backend\vendor\laravel\framework\src\Illuminate\Database\SQLiteConnection.php:38
C:\projetos\sistema\backend\vendor\laravel\framework\src\Illuminate\Database\Concerns\ManagesTransactions.php:154
C:\projetos\sistema\backend\vendor\laravel\framework\src\Illuminate\Database\Concerns\ManagesTransactions.php:130
C:\projetos\sistema\backend\vendor\laravel\framework\src\Illuminate\Foundation\Testing\RefreshDatabase.php:147
C:\projetos\sistema\backend\vendor\laravel\framework\src\Illuminate\Foundation\Testing\RefreshDatabase.php:93
C:\projetos\sistema\backend\vendor\laravel\framework\src\Illuminate\Foundation\Testing\RefreshDatabase.php:25
C:\projetos\sistema\backend\vendor\laravel\framework\src\Illuminate\Foundation\Testing\Concerns\InteractsWithTestCaseLifecycle.php:217
C:\projetos\sistema\backend\vendor\laravel\framework\src\Illuminate\Foundation\Testing\Concerns\InteractsWithTestCaseLifecycle.php:101
C:\projetos\sistema\backend\vendor\laravel\framework\src\Illuminate\Foundation\Testing\TestCase.php:63
C:\projetos\sistema\backend\tests\Feature\EquipmentTest.php:23</error>
        </testcase>
        <testcase name="test_filter_by_status" file="C:\projetos\sistema\backend\tests\Feature\EquipmentTest.php" line="266" class="Tests\Feature\EquipmentTest" classname="Tests.Feature.EquipmentTest" assertions="0" time="0.000000">
          <error type="PDOException">Tests\Feature\EquipmentTest::test_filter_by_status&#13;
PDOException: There is already an active transaction
&#13;
C:\projetos\sistema\backend\vendor\laravel\framework\src\Illuminate\Database\SQLiteConnection.php:38
C:\projetos\sistema\backend\vendor\laravel\framework\src\Illuminate\Database\Concerns\ManagesTransactions.php:154
C:\projetos\sistema\backend\vendor\laravel\framework\src\Illuminate\Database\Concerns\ManagesTransactions.php:130
C:\projetos\sistema\backend\vendor\laravel\framework\src\Illuminate\Foundation\Testing\RefreshDatabase.php:147
C:\projetos\sistema\backend\vendor\laravel\framework\src\Illuminate\Foundation\Testing\RefreshDatabase.php:93
C:\projetos\sistema\backend\vendor\laravel\framework\src\Illuminate\Foundation\Testing\RefreshDatabase.php:25
C:\projetos\sistema\backend\vendor\laravel\framework\src\Illuminate\Foundation\Testing\Concerns\InteractsWithTestCaseLifecycle.php:217
C:\projetos\sistema\backend\vendor\laravel\framework\src\Illuminate\Foundation\Testing\Concerns\InteractsWithTestCaseLifecycle.php:101
C:\projetos\sistema\backend\vendor\laravel\framework\src\Illuminate\Foundation\Testing\TestCase.php:63
C:\projetos\sistema\backend\tests\Feature\EquipmentTest.php:23</error>
        </testcase>
        <testcase name="test_constants_returns_categories_and_statuses" file="C:\projetos\sistema\backend\tests\Feature\EquipmentTest.php" line="288" class="Tests\Feature\EquipmentTest" classname="Tests.Feature.EquipmentTest" assertions="0" time="0.000000">
          <error type="PDOException">Tests\Feature\EquipmentTest::test_constants_returns_categories_and_statuses&#13;
PDOException: There is already an active transaction
&#13;
C:\projetos\sistema\backend\vendor\laravel\framework\src\Illuminate\Database\SQLiteConnection.php:38
C:\projetos\sistema\backend\vendor\laravel\framework\src\Illuminate\Database\Concerns\ManagesTransactions.php:154
C:\projetos\sistema\backend\vendor\laravel\framework\src\Illuminate\Database\Concerns\ManagesTransactions.php:130
C:\projetos\sistema\backend\vendor\laravel\framework\src\Illuminate\Foundation\Testing\RefreshDatabase.php:147
C:\projetos\sistema\backend\vendor\laravel\framework\src\Illuminate\Foundation\Testing\RefreshDatabase.php:93
C:\projetos\sistema\backend\vendor\laravel\framework\src\Illuminate\Foundation\Testing\RefreshDatabase.php:25
C:\projetos\sistema\backend\vendor\laravel\framework\src\Illuminate\Foundation\Testing\Concerns\InteractsWithTestCaseLifecycle.php:217
C:\projetos\sistema\backend\vendor\laravel\framework\src\Illuminate\Foundation\Testing\Concerns\InteractsWithTestCaseLifecycle.php:101
C:\projetos\sistema\backend\vendor\laravel\framework\src\Illuminate\Foundation\Testing\TestCase.php:63
C:\projetos\sistema\backend\tests\Feature\EquipmentTest.php:23</error>
        </testcase>
        <testcase name="test_equipments_isolated_by_tenant" file="C:\projetos\sistema\backend\tests\Feature\EquipmentTest.php" line="298" class="Tests\Feature\EquipmentTest" classname="Tests.Feature.EquipmentTest" assertions="0" time="0.000000">
          <error type="PDOException">Tests\Feature\EquipmentTest::test_equipments_isolated_by_tenant&#13;
PDOException: There is already an active transaction
&#13;
C:\projetos\sistema\backend\vendor\laravel\framework\src\Illuminate\Database\SQLiteConnection.php:38
C:\projetos\sistema\backend\vendor\laravel\framework\src\Illuminate\Database\Concerns\ManagesTransactions.php:154
C:\projetos\sistema\backend\vendor\laravel\framework\src\Illuminate\Database\Concerns\ManagesTransactions.php:130
C:\projetos\sistema\backend\vendor\laravel\framework\src\Illuminate\Foundation\Testing\RefreshDatabase.php:147
C:\projetos\sistema\backend\vendor\laravel\framework\src\Illuminate\Foundation\Testing\RefreshDatabase.php:93
C:\projetos\sistema\backend\vendor\laravel\framework\src\Illuminate\Foundation\Testing\RefreshDatabase.php:25
C:\projetos\sistema\backend\vendor\laravel\framework\src\Illuminate\Foundation\Testing\Concerns\InteractsWithTestCaseLifecycle.php:217
C:\projetos\sistema\backend\vendor\laravel\framework\src\Illuminate\Foundation\Testing\Concerns\InteractsWithTestCaseLifecycle.php:101
C:\projetos\sistema\backend\vendor\laravel\framework\src\Illuminate\Foundation\Testing\TestCase.php:63
C:\projetos\sistema\backend\tests\Feature\EquipmentTest.php:23</error>
        </testcase>
      </testsuite>
      <testsuite name="Tests\Feature\ExampleTest" file="C:\projetos\sistema\backend\tests\Feature\ExampleTest.php" tests="1" assertions="1" errors="0" failures="0" skipped="0" time="0.131200">
        <testcase name="test_the_application_returns_a_successful_response" file="C:\projetos\sistema\backend\tests\Feature\ExampleTest.php" line="13" class="Tests\Feature\ExampleTest" classname="Tests.Feature.ExampleTest" assertions="1" time="0.131200"/>
      </testsuite>
      <testsuite name="Tests\Feature\ExpenseFullCrudTest" file="C:\projetos\sistema\backend\tests\Feature\ExpenseFullCrudTest.php" tests="7" assertions="0" errors="7" failures="0" skipped="0" time="0.000000">
        <testcase name="test_list_expenses" file="C:\projetos\sistema\backend\tests\Feature\ExpenseFullCrudTest.php" line="41" class="Tests\Feature\ExpenseFullCrudTest" classname="Tests.Feature.ExpenseFullCrudTest" assertions="0" time="0.000000">
          <error type="PDOException">Tests\Feature\ExpenseFullCrudTest::test_list_expenses&#13;
PDOException: There is already an active transaction
&#13;
C:\projetos\sistema\backend\vendor\laravel\framework\src\Illuminate\Database\SQLiteConnection.php:38
C:\projetos\sistema\backend\vendor\laravel\framework\src\Illuminate\Database\Concerns\ManagesTransactions.php:154
C:\projetos\sistema\backend\vendor\laravel\framework\src\Illuminate\Database\Concerns\ManagesTransactions.php:130
C:\projetos\sistema\backend\vendor\laravel\framework\src\Illuminate\Foundation\Testing\RefreshDatabase.php:147
C:\projetos\sistema\backend\vendor\laravel\framework\src\Illuminate\Foundation\Testing\RefreshDatabase.php:93
C:\projetos\sistema\backend\vendor\laravel\framework\src\Illuminate\Foundation\Testing\RefreshDatabase.php:25
C:\projetos\sistema\backend\vendor\laravel\framework\src\Illuminate\Foundation\Testing\Concerns\InteractsWithTestCaseLifecycle.php:217
C:\projetos\sistema\backend\vendor\laravel\framework\src\Illuminate\Foundation\Testing\Concerns\InteractsWithTestCaseLifecycle.php:101
C:\projetos\sistema\backend\vendor\laravel\framework\src\Illuminate\Foundation\Testing\TestCase.php:63
C:\projetos\sistema\backend\tests\Feature\ExpenseFullCrudTest.php:25</error>
        </testcase>
        <testcase name="test_list_expense_categories" file="C:\projetos\sistema\backend\tests\Feature\ExpenseFullCrudTest.php" line="47" class="Tests\Feature\ExpenseFullCrudTest" classname="Tests.Feature.ExpenseFullCrudTest" assertions="0" time="0.000000">
          <error type="PDOException">Tests\Feature\ExpenseFullCrudTest::test_list_expense_categories&#13;
PDOException: There is already an active transaction
&#13;
C:\projetos\sistema\backend\vendor\laravel\framework\src\Illuminate\Database\SQLiteConnection.php:38
C:\projetos\sistema\backend\vendor\laravel\framework\src\Illuminate\Database\Concerns\ManagesTransactions.php:154
C:\projetos\sistema\backend\vendor\laravel\framework\src\Illuminate\Database\Concerns\ManagesTransactions.php:130
C:\projetos\sistema\backend\vendor\laravel\framework\src\Illuminate\Foundation\Testing\RefreshDatabase.php:147
C:\projetos\sistema\backend\vendor\laravel\framework\src\Illuminate\Foundation\Testing\RefreshDatabase.php:93
C:\projetos\sistema\backend\vendor\laravel\framework\src\Illuminate\Foundation\Testing\RefreshDatabase.php:25
C:\projetos\sistema\backend\vendor\laravel\framework\src\Illuminate\Foundation\Testing\Concerns\InteractsWithTestCaseLifecycle.php:217
C:\projetos\sistema\backend\vendor\laravel\framework\src\Illuminate\Foundation\Testing\Concerns\InteractsWithTestCaseLifecycle.php:101
C:\projetos\sistema\backend\vendor\laravel\framework\src\Illuminate\Foundation\Testing\TestCase.php:63
C:\projetos\sistema\backend\tests\Feature\ExpenseFullCrudTest.php:25</error>
        </testcase>
        <testcase name="test_create_expense_category" file="C:\projetos\sistema\backend\tests\Feature\ExpenseFullCrudTest.php" line="53" class="Tests\Feature\ExpenseFullCrudTest" classname="Tests.Feature.ExpenseFullCrudTest" assertions="0" time="0.000000">
          <error type="PDOException">Tests\Feature\ExpenseFullCrudTest::test_create_expense_category&#13;
PDOException: There is already an active transaction
&#13;
C:\projetos\sistema\backend\vendor\laravel\framework\src\Illuminate\Database\SQLiteConnection.php:38
C:\projetos\sistema\backend\vendor\laravel\framework\src\Illuminate\Database\Concerns\ManagesTransactions.php:154
C:\projetos\sistema\backend\vendor\laravel\framework\src\Illuminate\Database\Concerns\ManagesTransactions.php:130
C:\projetos\sistema\backend\vendor\laravel\framework\src\Illuminate\Foundation\Testing\RefreshDatabase.php:147
C:\projetos\sistema\backend\vendor\laravel\framework\src\Illuminate\Foundation\Testing\RefreshDatabase.php:93
C:\projetos\sistema\backend\vendor\laravel\framework\src\Illuminate\Foundation\Testing\RefreshDatabase.php:25
C:\projetos\sistema\backend\vendor\laravel\framework\src\Illuminate\Foundation\Testing\Concerns\InteractsWithTestCaseLifecycle.php:217
C:\projetos\sistema\backend\vendor\laravel\framework\src\Illuminate\Foundation\Testing\Concerns\InteractsWithTestCaseLifecycle.php:101
C:\projetos\sistema\backend\vendor\laravel\framework\src\Illuminate\Foundation\Testing\TestCase.php:63
C:\projetos\sistema\backend\tests\Feature\ExpenseFullCrudTest.php:25</error>
        </testcase>
        <testcase name="test_create_expense_with_valid_data" file="C:\projetos\sistema\backend\tests\Feature\ExpenseFullCrudTest.php" line="61" class="Tests\Feature\ExpenseFullCrudTest" classname="Tests.Feature.ExpenseFullCrudTest" assertions="0" time="0.000000">
          <error type="PDOException">Tests\Feature\ExpenseFullCrudTest::test_create_expense_with_valid_data&#13;
PDOException: There is already an active transaction
&#13;
C:\projetos\sistema\backend\vendor\laravel\framework\src\Illuminate\Database\SQLiteConnection.php:38
C:\projetos\sistema\backend\vendor\laravel\framework\src\Illuminate\Database\Concerns\ManagesTransactions.php:154
C:\projetos\sistema\backend\vendor\laravel\framework\src\Illuminate\Database\Concerns\ManagesTransactions.php:130
C:\projetos\sistema\backend\vendor\laravel\framework\src\Illuminate\Foundation\Testing\RefreshDatabase.php:147
C:\projetos\sistema\backend\vendor\laravel\framework\src\Illuminate\Foundation\Testing\RefreshDatabase.php:93
C:\projetos\sistema\backend\vendor\laravel\framework\src\Illuminate\Foundation\Testing\RefreshDatabase.php:25
C:\projetos\sistema\backend\vendor\laravel\framework\src\Illuminate\Foundation\Testing\Concerns\InteractsWithTestCaseLifecycle.php:217
C:\projetos\sistema\backend\vendor\laravel\framework\src\Illuminate\Foundation\Testing\Concerns\InteractsWithTestCaseLifecycle.php:101
C:\projetos\sistema\backend\vendor\laravel\framework\src\Illuminate\Foundation\Testing\TestCase.php:63
C:\projetos\sistema\backend\tests\Feature\ExpenseFullCrudTest.php:25</error>
        </testcase>
        <testcase name="test_expense_summary_returns_totals" file="C:\projetos\sistema\backend\tests\Feature\ExpenseFullCrudTest.php" line="72" class="Tests\Feature\ExpenseFullCrudTest" classname="Tests.Feature.ExpenseFullCrudTest" assertions="0" time="0.000000">
          <error type="PDOException">Tests\Feature\ExpenseFullCrudTest::test_expense_summary_returns_totals&#13;
PDOException: There is already an active transaction
&#13;
C:\projetos\sistema\backend\vendor\laravel\framework\src\Illuminate\Database\SQLiteConnection.php:38
C:\projetos\sistema\backend\vendor\laravel\framework\src\Illuminate\Database\Concerns\ManagesTransactions.php:154
C:\projetos\sistema\backend\vendor\laravel\framework\src\Illuminate\Database\Concerns\ManagesTransactions.php:130
C:\projetos\sistema\backend\vendor\laravel\framework\src\Illuminate\Foundation\Testing\RefreshDatabase.php:147
C:\projetos\sistema\backend\vendor\laravel\framework\src\Illuminate\Foundation\Testing\RefreshDatabase.php:93
C:\projetos\sistema\backend\vendor\laravel\framework\src\Illuminate\Foundation\Testing\RefreshDatabase.php:25
C:\projetos\sistema\backend\vendor\laravel\framework\src\Illuminate\Foundation\Testing\Concerns\InteractsWithTestCaseLifecycle.php:217
C:\projetos\sistema\backend\vendor\laravel\framework\src\Illuminate\Foundation\Testing\Concerns\InteractsWithTestCaseLifecycle.php:101
C:\projetos\sistema\backend\vendor\laravel\framework\src\Illuminate\Foundation\Testing\TestCase.php:63
C:\projetos\sistema\backend\tests\Feature\ExpenseFullCrudTest.php:25</error>
        </testcase>
        <testcase name="test_expense_analytics_endpoint" file="C:\projetos\sistema\backend\tests\Feature\ExpenseFullCrudTest.php" line="78" class="Tests\Feature\ExpenseFullCrudTest" classname="Tests.Feature.ExpenseFullCrudTest" assertions="0" time="0.000000">
          <error type="PDOException">Tests\Feature\ExpenseFullCrudTest::test_expense_analytics_endpoint&#13;
PDOException: There is already an active transaction
&#13;
C:\projetos\sistema\backend\vendor\laravel\framework\src\Illuminate\Database\SQLiteConnection.php:38
C:\projetos\sistema\backend\vendor\laravel\framework\src\Illuminate\Database\Concerns\ManagesTransactions.php:154
C:\projetos\sistema\backend\vendor\laravel\framework\src\Illuminate\Database\Concerns\ManagesTransactions.php:130
C:\projetos\sistema\backend\vendor\laravel\framework\src\Illuminate\Foundation\Testing\RefreshDatabase.php:147
C:\projetos\sistema\backend\vendor\laravel\framework\src\Illuminate\Foundation\Testing\RefreshDatabase.php:93
C:\projetos\sistema\backend\vendor\laravel\framework\src\Illuminate\Foundation\Testing\RefreshDatabase.php:25
C:\projetos\sistema\backend\vendor\laravel\framework\src\Illuminate\Foundation\Testing\Concerns\InteractsWithTestCaseLifecycle.php:217
C:\projetos\sistema\backend\vendor\laravel\framework\src\Illuminate\Foundation\Testing\Concerns\InteractsWithTestCaseLifecycle.php:101
C:\projetos\sistema\backend\vendor\laravel\framework\src\Illuminate\Foundation\Testing\TestCase.php:63
C:\projetos\sistema\backend\tests\Feature\ExpenseFullCrudTest.php:25</error>
        </testcase>
        <testcase name="test_expense_export_csv" file="C:\projetos\sistema\backend\tests\Feature\ExpenseFullCrudTest.php" line="84" class="Tests\Feature\ExpenseFullCrudTest" classname="Tests.Feature.ExpenseFullCrudTest" assertions="0" time="0.000000">
          <error type="PDOException">Tests\Feature\ExpenseFullCrudTest::test_expense_export_csv&#13;
PDOException: There is already an active transaction
&#13;
C:\projetos\sistema\backend\vendor\laravel\framework\src\Illuminate\Database\SQLiteConnection.php:38
C:\projetos\sistema\backend\vendor\laravel\framework\src\Illuminate\Database\Concerns\ManagesTransactions.php:154
C:\projetos\sistema\backend\vendor\laravel\framework\src\Illuminate\Database\Concerns\ManagesTransactions.php:130
C:\projetos\sistema\backend\vendor\laravel\framework\src\Illuminate\Foundation\Testing\RefreshDatabase.php:147
C:\projetos\sistema\backend\vendor\laravel\framework\src\Illuminate\Foundation\Testing\RefreshDatabase.php:93
C:\projetos\sistema\backend\vendor\laravel\framework\src\Illuminate\Foundation\Testing\RefreshDatabase.php:25
C:\projetos\sistema\backend\vendor\laravel\framework\src\Illuminate\Foundation\Testing\Concerns\InteractsWithTestCaseLifecycle.php:217
C:\projetos\sistema\backend\vendor\laravel\framework\src\Illuminate\Foundation\Testing\Concerns\InteractsWithTestCaseLifecycle.php:101
C:\projetos\sistema\backend\vendor\laravel\framework\src\Illuminate\Foundation\Testing\TestCase.php:63
C:\projetos\sistema\backend\tests\Feature\ExpenseFullCrudTest.php:25</error>
        </testcase>
      </testsuite>
      <testsuite name="Tests\Feature\ExpenseProfessionalTest" file="C:\projetos\sistema\backend\tests\Feature\ExpenseProfessionalTest.php" tests="16" assertions="0" errors="16" failures="0" skipped="0" time="0.000000">
        <testcase name="test_create_expense_sets_pending_and_persists_all_fields" file="C:\projetos\sistema\backend\tests\Feature\ExpenseProfessionalTest.php" line="49" class="Tests\Feature\ExpenseProfessionalTest" classname="Tests.Feature.ExpenseProfessionalTest" assertions="0" time="0.000000">
          <error type="PDOException">Tests\Feature\ExpenseProfessionalTest::test_create_expense_sets_pending_and_persists_all_fields&#13;
PDOException: There is already an active transaction
&#13;
C:\projetos\sistema\backend\vendor\laravel\framework\src\Illuminate\Database\SQLiteConnection.php:38
C:\projetos\sistema\backend\vendor\laravel\framework\src\Illuminate\Database\Concerns\ManagesTransactions.php:154
C:\projetos\sistema\backend\vendor\laravel\framework\src\Illuminate\Database\Concerns\ManagesTransactions.php:130
C:\projetos\sistema\backend\vendor\laravel\framework\src\Illuminate\Foundation\Testing\RefreshDatabase.php:147
C:\projetos\sistema\backend\vendor\laravel\framework\src\Illuminate\Foundation\Testing\RefreshDatabase.php:93
C:\projetos\sistema\backend\vendor\laravel\framework\src\Illuminate\Foundation\Testing\RefreshDatabase.php:25
C:\projetos\sistema\backend\vendor\laravel\framework\src\Illuminate\Foundation\Testing\Concerns\InteractsWithTestCaseLifecycle.php:217
C:\projetos\sistema\backend\vendor\laravel\framework\src\Illuminate\Foundation\Testing\Concerns\InteractsWithTestCaseLifecycle.php:101
C:\projetos\sistema\backend\vendor\laravel\framework\src\Illuminate\Foundation\Testing\TestCase.php:63
C:\projetos\sistema\backend\tests\Feature\ExpenseProfessionalTest.php:29</error>
        </testcase>
        <testcase name="test_create_expense_defaults_affects_net_value_to_true" file="C:\projetos\sistema\backend\tests\Feature\ExpenseProfessionalTest.php" line="79" class="Tests\Feature\ExpenseProfessionalTest" classname="Tests.Feature.ExpenseProfessionalTest" assertions="0" time="0.000000">
          <error type="PDOException">Tests\Feature\ExpenseProfessionalTest::test_create_expense_defaults_affects_net_value_to_true&#13;
PDOException: There is already an active transaction
&#13;
C:\projetos\sistema\backend\vendor\laravel\framework\src\Illuminate\Database\SQLiteConnection.php:38
C:\projetos\sistema\backend\vendor\laravel\framework\src\Illuminate\Database\Concerns\ManagesTransactions.php:154
C:\projetos\sistema\backend\vendor\laravel\framework\src\Illuminate\Database\Concerns\ManagesTransactions.php:130
C:\projetos\sistema\backend\vendor\laravel\framework\src\Illuminate\Foundation\Testing\RefreshDatabase.php:147
C:\projetos\sistema\backend\vendor\laravel\framework\src\Illuminate\Foundation\Testing\RefreshDatabase.php:93
C:\projetos\sistema\backend\vendor\laravel\framework\src\Illuminate\Foundation\Testing\RefreshDatabase.php:25
C:\projetos\sistema\backend\vendor\laravel\framework\src\Illuminate\Foundation\Testing\Concerns\InteractsWithTestCaseLifecycle.php:217
C:\projetos\sistema\backend\vendor\laravel\framework\src\Illuminate\Foundation\Testing\Concerns\InteractsWithTestCaseLifecycle.php:101
C:\projetos\sistema\backend\vendor\laravel\framework\src\Illuminate\Foundation\Testing\TestCase.php:63
C:\projetos\sistema\backend\tests\Feature\ExpenseProfessionalTest.php:29</error>
        </testcase>
        <testcase name="test_create_expense_with_affects_net_value_false" file="C:\projetos\sistema\backend\tests\Feature\ExpenseProfessionalTest.php" line="95" class="Tests\Feature\ExpenseProfessionalTest" classname="Tests.Feature.ExpenseProfessionalTest" assertions="0" time="0.000000">
          <error type="PDOException">Tests\Feature\ExpenseProfessionalTest::test_create_expense_with_affects_net_value_false&#13;
PDOException: There is already an active transaction
&#13;
C:\projetos\sistema\backend\vendor\laravel\framework\src\Illuminate\Database\SQLiteConnection.php:38
C:\projetos\sistema\backend\vendor\laravel\framework\src\Illuminate\Database\Concerns\ManagesTransactions.php:154
C:\projetos\sistema\backend\vendor\laravel\framework\src\Illuminate\Database\Concerns\ManagesTransactions.php:130
C:\projetos\sistema\backend\vendor\laravel\framework\src\Illuminate\Foundation\Testing\RefreshDatabase.php:147
C:\projetos\sistema\backend\vendor\laravel\framework\src\Illuminate\Foundation\Testing\RefreshDatabase.php:93
C:\projetos\sistema\backend\vendor\laravel\framework\src\Illuminate\Foundation\Testing\RefreshDatabase.php:25
C:\projetos\sistema\backend\vendor\laravel\framework\src\Illuminate\Foundation\Testing\Concerns\InteractsWithTestCaseLifecycle.php:217
C:\projetos\sistema\backend\vendor\laravel\framework\src\Illuminate\Foundation\Testing\Concerns\InteractsWithTestCaseLifecycle.php:101
C:\projetos\sistema\backend\vendor\laravel\framework\src\Illuminate\Foundation\Testing\TestCase.php:63
C:\projetos\sistema\backend\tests\Feature\ExpenseProfessionalTest.php:29</error>
        </testcase>
        <testcase name="test_create_rejects_category_from_other_tenant" file="C:\projetos\sistema\backend\tests\Feature\ExpenseProfessionalTest.php" line="114" class="Tests\Feature\ExpenseProfessionalTest" classname="Tests.Feature.ExpenseProfessionalTest" assertions="0" time="0.000000">
          <error type="PDOException">Tests\Feature\ExpenseProfessionalTest::test_create_rejects_category_from_other_tenant&#13;
PDOException: There is already an active transaction
&#13;
C:\projetos\sistema\backend\vendor\laravel\framework\src\Illuminate\Database\SQLiteConnection.php:38
C:\projetos\sistema\backend\vendor\laravel\framework\src\Illuminate\Database\Concerns\ManagesTransactions.php:154
C:\projetos\sistema\backend\vendor\laravel\framework\src\Illuminate\Database\Concerns\ManagesTransactions.php:130
C:\projetos\sistema\backend\vendor\laravel\framework\src\Illuminate\Foundation\Testing\RefreshDatabase.php:147
C:\projetos\sistema\backend\vendor\laravel\framework\src\Illuminate\Foundation\Testing\RefreshDatabase.php:93
C:\projetos\sistema\backend\vendor\laravel\framework\src\Illuminate\Foundation\Testing\RefreshDatabase.php:25
C:\projetos\sistema\backend\vendor\laravel\framework\src\Illuminate\Foundation\Testing\Concerns\InteractsWithTestCaseLifecycle.php:217
C:\projetos\sistema\backend\vendor\laravel\framework\src\Illuminate\Foundation\Testing\Concerns\InteractsWithTestCaseLifecycle.php:101
C:\projetos\sistema\backend\vendor\laravel\framework\src\Illuminate\Foundation\Testing\TestCase.php:63
C:\projetos\sistema\backend\tests\Feature\ExpenseProfessionalTest.php:29</error>
        </testcase>
        <testcase name="test_approve_expense_changes_status_and_sets_approver" file="C:\projetos\sistema\backend\tests\Feature\ExpenseProfessionalTest.php" line="137" class="Tests\Feature\ExpenseProfessionalTest" classname="Tests.Feature.ExpenseProfessionalTest" assertions="0" time="0.000000">
          <error type="PDOException">Tests\Feature\ExpenseProfessionalTest::test_approve_expense_changes_status_and_sets_approver&#13;
PDOException: There is already an active transaction
&#13;
C:\projetos\sistema\backend\vendor\laravel\framework\src\Illuminate\Database\SQLiteConnection.php:38
C:\projetos\sistema\backend\vendor\laravel\framework\src\Illuminate\Database\Concerns\ManagesTransactions.php:154
C:\projetos\sistema\backend\vendor\laravel\framework\src\Illuminate\Database\Concerns\ManagesTransactions.php:130
C:\projetos\sistema\backend\vendor\laravel\framework\src\Illuminate\Foundation\Testing\RefreshDatabase.php:147
C:\projetos\sistema\backend\vendor\laravel\framework\src\Illuminate\Foundation\Testing\RefreshDatabase.php:93
C:\projetos\sistema\backend\vendor\laravel\framework\src\Illuminate\Foundation\Testing\RefreshDatabase.php:25
C:\projetos\sistema\backend\vendor\laravel\framework\src\Illuminate\Foundation\Testing\Concerns\InteractsWithTestCaseLifecycle.php:217
C:\projetos\sistema\backend\vendor\laravel\framework\src\Illuminate\Foundation\Testing\Concerns\InteractsWithTestCaseLifecycle.php:101
C:\projetos\sistema\backend\vendor\laravel\framework\src\Illuminate\Foundation\Testing\TestCase.php:63
C:\projetos\sistema\backend\tests\Feature\ExpenseProfessionalTest.php:29</error>
        </testcase>
        <testcase name="test_reject_requires_reason" file="C:\projetos\sistema\backend\tests\Feature\ExpenseProfessionalTest.php" line="168" class="Tests\Feature\ExpenseProfessionalTest" classname="Tests.Feature.ExpenseProfessionalTest" assertions="0" time="0.000000">
          <error type="PDOException">Tests\Feature\ExpenseProfessionalTest::test_reject_requires_reason&#13;
PDOException: There is already an active transaction
&#13;
C:\projetos\sistema\backend\vendor\laravel\framework\src\Illuminate\Database\SQLiteConnection.php:38
C:\projetos\sistema\backend\vendor\laravel\framework\src\Illuminate\Database\Concerns\ManagesTransactions.php:154
C:\projetos\sistema\backend\vendor\laravel\framework\src\Illuminate\Database\Concerns\ManagesTransactions.php:130
C:\projetos\sistema\backend\vendor\laravel\framework\src\Illuminate\Foundation\Testing\RefreshDatabase.php:147
C:\projetos\sistema\backend\vendor\laravel\framework\src\Illuminate\Foundation\Testing\RefreshDatabase.php:93
C:\projetos\sistema\backend\vendor\laravel\framework\src\Illuminate\Foundation\Testing\RefreshDatabase.php:25
C:\projetos\sistema\backend\vendor\laravel\framework\src\Illuminate\Foundation\Testing\Concerns\InteractsWithTestCaseLifecycle.php:217
C:\projetos\sistema\backend\vendor\laravel\framework\src\Illuminate\Foundation\Testing\Concerns\InteractsWithTestCaseLifecycle.php:101
C:\projetos\sistema\backend\vendor\laravel\framework\src\Illuminate\Foundation\Testing\TestCase.php:63
C:\projetos\sistema\backend\tests\Feature\ExpenseProfessionalTest.php:29</error>
        </testcase>
        <testcase name="test_rejected_expense_can_be_resubmitted_and_clears_reason" file="C:\projetos\sistema\backend\tests\Feature\ExpenseProfessionalTest.php" line="205" class="Tests\Feature\ExpenseProfessionalTest" classname="Tests.Feature.ExpenseProfessionalTest" assertions="0" time="0.000000">
          <error type="PDOException">Tests\Feature\ExpenseProfessionalTest::test_rejected_expense_can_be_resubmitted_and_clears_reason&#13;
PDOException: There is already an active transaction
&#13;
C:\projetos\sistema\backend\vendor\laravel\framework\src\Illuminate\Database\SQLiteConnection.php:38
C:\projetos\sistema\backend\vendor\laravel\framework\src\Illuminate\Database\Concerns\ManagesTransactions.php:154
C:\projetos\sistema\backend\vendor\laravel\framework\src\Illuminate\Database\Concerns\ManagesTransactions.php:130
C:\projetos\sistema\backend\vendor\laravel\framework\src\Illuminate\Foundation\Testing\RefreshDatabase.php:147
C:\projetos\sistema\backend\vendor\laravel\framework\src\Illuminate\Foundation\Testing\RefreshDatabase.php:93
C:\projetos\sistema\backend\vendor\laravel\framework\src\Illuminate\Foundation\Testing\RefreshDatabase.php:25
C:\projetos\sistema\backend\vendor\laravel\framework\src\Illuminate\Foundation\Testing\Concerns\InteractsWithTestCaseLifecycle.php:217
C:\projetos\sistema\backend\vendor\laravel\framework\src\Illuminate\Foundation\Testing\Concerns\InteractsWithTestCaseLifecycle.php:101
C:\projetos\sistema\backend\vendor\laravel\framework\src\Illuminate\Foundation\Testing\TestCase.php:63
C:\projetos\sistema\backend\tests\Feature\ExpenseProfessionalTest.php:29</error>
        </testcase>
        <testcase name="test_approved_expense_with_cash_flag_debits_technician_fund" file="C:\projetos\sistema\backend\tests\Feature\ExpenseProfessionalTest.php" line="243" class="Tests\Feature\ExpenseProfessionalTest" classname="Tests.Feature.ExpenseProfessionalTest" assertions="0" time="0.000000">
          <error type="PDOException">Tests\Feature\ExpenseProfessionalTest::test_approved_expense_with_cash_flag_debits_technician_fund&#13;
PDOException: There is already an active transaction
&#13;
C:\projetos\sistema\backend\vendor\laravel\framework\src\Illuminate\Database\SQLiteConnection.php:38
C:\projetos\sistema\backend\vendor\laravel\framework\src\Illuminate\Database\Concerns\ManagesTransactions.php:154
C:\projetos\sistema\backend\vendor\laravel\framework\src\Illuminate\Database\Concerns\ManagesTransactions.php:130
C:\projetos\sistema\backend\vendor\laravel\framework\src\Illuminate\Foundation\Testing\RefreshDatabase.php:147
C:\projetos\sistema\backend\vendor\laravel\framework\src\Illuminate\Foundation\Testing\RefreshDatabase.php:93
C:\projetos\sistema\backend\vendor\laravel\framework\src\Illuminate\Foundation\Testing\RefreshDatabase.php:25
C:\projetos\sistema\backend\vendor\laravel\framework\src\Illuminate\Foundation\Testing\Concerns\InteractsWithTestCaseLifecycle.php:217
C:\projetos\sistema\backend\vendor\laravel\framework\src\Illuminate\Foundation\Testing\Concerns\InteractsWithTestCaseLifecycle.php:101
C:\projetos\sistema\backend\vendor\laravel\framework\src\Illuminate\Foundation\Testing\TestCase.php:63
C:\projetos\sistema\backend\tests\Feature\ExpenseProfessionalTest.php:29</error>
        </testcase>
        <testcase name="test_update_blocks_approved_expense" file="C:\projetos\sistema\backend\tests\Feature\ExpenseProfessionalTest.php" line="284" class="Tests\Feature\ExpenseProfessionalTest" classname="Tests.Feature.ExpenseProfessionalTest" assertions="0" time="0.000000">
          <error type="PDOException">Tests\Feature\ExpenseProfessionalTest::test_update_blocks_approved_expense&#13;
PDOException: There is already an active transaction
&#13;
C:\projetos\sistema\backend\vendor\laravel\framework\src\Illuminate\Database\SQLiteConnection.php:38
C:\projetos\sistema\backend\vendor\laravel\framework\src\Illuminate\Database\Concerns\ManagesTransactions.php:154
C:\projetos\sistema\backend\vendor\laravel\framework\src\Illuminate\Database\Concerns\ManagesTransactions.php:130
C:\projetos\sistema\backend\vendor\laravel\framework\src\Illuminate\Foundation\Testing\RefreshDatabase.php:147
C:\projetos\sistema\backend\vendor\laravel\framework\src\Illuminate\Foundation\Testing\RefreshDatabase.php:93
C:\projetos\sistema\backend\vendor\laravel\framework\src\Illuminate\Foundation\Testing\RefreshDatabase.php:25
C:\projetos\sistema\backend\vendor\laravel\framework\src\Illuminate\Foundation\Testing\Concerns\InteractsWithTestCaseLifecycle.php:217
C:\projetos\sistema\backend\vendor\laravel\framework\src\Illuminate\Foundation\Testing\Concerns\InteractsWithTestCaseLifecycle.php:101
C:\projetos\sistema\backend\vendor\laravel\framework\src\Illuminate\Foundation\Testing\TestCase.php:63
C:\projetos\sistema\backend\tests\Feature\ExpenseProfessionalTest.php:29</error>
        </testcase>
        <testcase name="test_delete_blocks_approved_expense" file="C:\projetos\sistema\backend\tests\Feature\ExpenseProfessionalTest.php" line="306" class="Tests\Feature\ExpenseProfessionalTest" classname="Tests.Feature.ExpenseProfessionalTest" assertions="0" time="0.000000">
          <error type="PDOException">Tests\Feature\ExpenseProfessionalTest::test_delete_blocks_approved_expense&#13;
PDOException: There is already an active transaction
&#13;
C:\projetos\sistema\backend\vendor\laravel\framework\src\Illuminate\Database\SQLiteConnection.php:38
C:\projetos\sistema\backend\vendor\laravel\framework\src\Illuminate\Database\Concerns\ManagesTransactions.php:154
C:\projetos\sistema\backend\vendor\laravel\framework\src\Illuminate\Database\Concerns\ManagesTransactions.php:130
C:\projetos\sistema\backend\vendor\laravel\framework\src\Illuminate\Foundation\Testing\RefreshDatabase.php:147
C:\projetos\sistema\backend\vendor\laravel\framework\src\Illuminate\Foundation\Testing\RefreshDatabase.php:93
C:\projetos\sistema\backend\vendor\laravel\framework\src\Illuminate\Foundation\Testing\RefreshDatabase.php:25
C:\projetos\sistema\backend\vendor\laravel\framework\src\Illuminate\Foundation\Testing\Concerns\InteractsWithTestCaseLifecycle.php:217
C:\projetos\sistema\backend\vendor\laravel\framework\src\Illuminate\Foundation\Testing\Concerns\InteractsWithTestCaseLifecycle.php:101
C:\projetos\sistema\backend\vendor\laravel\framework\src\Illuminate\Foundation\Testing\TestCase.php:63
C:\projetos\sistema\backend\tests\Feature\ExpenseProfessionalTest.php:29</error>
        </testcase>
        <testcase name="test_show_cross_tenant_expense_returns_404" file="C:\projetos\sistema\backend\tests\Feature\ExpenseProfessionalTest.php" line="325" class="Tests\Feature\ExpenseProfessionalTest" classname="Tests.Feature.ExpenseProfessionalTest" assertions="0" time="0.000000">
          <error type="PDOException">Tests\Feature\ExpenseProfessionalTest::test_show_cross_tenant_expense_returns_404&#13;
PDOException: There is already an active transaction
&#13;
C:\projetos\sistema\backend\vendor\laravel\framework\src\Illuminate\Database\SQLiteConnection.php:38
C:\projetos\sistema\backend\vendor\laravel\framework\src\Illuminate\Database\Concerns\ManagesTransactions.php:154
C:\projetos\sistema\backend\vendor\laravel\framework\src\Illuminate\Database\Concerns\ManagesTransactions.php:130
C:\projetos\sistema\backend\vendor\laravel\framework\src\Illuminate\Foundation\Testing\RefreshDatabase.php:147
C:\projetos\sistema\backend\vendor\laravel\framework\src\Illuminate\Foundation\Testing\RefreshDatabase.php:93
C:\projetos\sistema\backend\vendor\laravel\framework\src\Illuminate\Foundation\Testing\RefreshDatabase.php:25
C:\projetos\sistema\backend\vendor\laravel\framework\src\Illuminate\Foundation\Testing\Concerns\InteractsWithTestCaseLifecycle.php:217
C:\projetos\sistema\backend\vendor\laravel\framework\src\Illuminate\Foundation\Testing\Concerns\InteractsWithTestCaseLifecycle.php:101
C:\projetos\sistema\backend\vendor\laravel\framework\src\Illuminate\Foundation\Testing\TestCase.php:63
C:\projetos\sistema\backend\tests\Feature\ExpenseProfessionalTest.php:29</error>
        </testcase>
        <testcase name="test_delete_cross_tenant_expense_returns_404" file="C:\projetos\sistema\backend\tests\Feature\ExpenseProfessionalTest.php" line="343" class="Tests\Feature\ExpenseProfessionalTest" classname="Tests.Feature.ExpenseProfessionalTest" assertions="0" time="0.000000">
          <error type="PDOException">Tests\Feature\ExpenseProfessionalTest::test_delete_cross_tenant_expense_returns_404&#13;
PDOException: There is already an active transaction
&#13;
C:\projetos\sistema\backend\vendor\laravel\framework\src\Illuminate\Database\SQLiteConnection.php:38
C:\projetos\sistema\backend\vendor\laravel\framework\src\Illuminate\Database\Concerns\ManagesTransactions.php:154
C:\projetos\sistema\backend\vendor\laravel\framework\src\Illuminate\Database\Concerns\ManagesTransactions.php:130
C:\projetos\sistema\backend\vendor\laravel\framework\src\Illuminate\Foundation\Testing\RefreshDatabase.php:147
C:\projetos\sistema\backend\vendor\laravel\framework\src\Illuminate\Foundation\Testing\RefreshDatabase.php:93
C:\projetos\sistema\backend\vendor\laravel\framework\src\Illuminate\Foundation\Testing\RefreshDatabase.php:25
C:\projetos\sistema\backend\vendor\laravel\framework\src\Illuminate\Foundation\Testing\Concerns\InteractsWithTestCaseLifecycle.php:217
C:\projetos\sistema\backend\vendor\laravel\framework\src\Illuminate\Foundation\Testing\Concerns\InteractsWithTestCaseLifecycle.php:101
C:\projetos\sistema\backend\vendor\laravel\framework\src\Illuminate\Foundation\Testing\TestCase.php:63
C:\projetos\sistema\backend\tests\Feature\ExpenseProfessionalTest.php:29</error>
        </testcase>
        <testcase name="test_summary_returns_exact_totals" file="C:\projetos\sistema\backend\tests\Feature\ExpenseProfessionalTest.php" line="362" class="Tests\Feature\ExpenseProfessionalTest" classname="Tests.Feature.ExpenseProfessionalTest" assertions="0" time="0.000000">
          <error type="PDOException">Tests\Feature\ExpenseProfessionalTest::test_summary_returns_exact_totals&#13;
PDOException: There is already an active transaction
&#13;
C:\projetos\sistema\backend\vendor\laravel\framework\src\Illuminate\Database\SQLiteConnection.php:38
C:\projetos\sistema\backend\vendor\laravel\framework\src\Illuminate\Database\Concerns\ManagesTransactions.php:154
C:\projetos\sistema\backend\vendor\laravel\framework\src\Illuminate\Database\Concerns\ManagesTransactions.php:130
C:\projetos\sistema\backend\vendor\laravel\framework\src\Illuminate\Foundation\Testing\RefreshDatabase.php:147
C:\projetos\sistema\backend\vendor\laravel\framework\src\Illuminate\Foundation\Testing\RefreshDatabase.php:93
C:\projetos\sistema\backend\vendor\laravel\framework\src\Illuminate\Foundation\Testing\RefreshDatabase.php:25
C:\projetos\sistema\backend\vendor\laravel\framework\src\Illuminate\Foundation\Testing\Concerns\InteractsWithTestCaseLifecycle.php:217
C:\projetos\sistema\backend\vendor\laravel\framework\src\Illuminate\Foundation\Testing\Concerns\InteractsWithTestCaseLifecycle.php:101
C:\projetos\sistema\backend\vendor\laravel\framework\src\Illuminate\Foundation\Testing\TestCase.php:63
C:\projetos\sistema\backend\tests\Feature\ExpenseProfessionalTest.php:29</error>
        </testcase>
        <testcase name="test_destroy_category_blocked_when_has_linked_expenses" file="C:\projetos\sistema\backend\tests\Feature\ExpenseProfessionalTest.php" line="399" class="Tests\Feature\ExpenseProfessionalTest" classname="Tests.Feature.ExpenseProfessionalTest" assertions="0" time="0.000000">
          <error type="PDOException">Tests\Feature\ExpenseProfessionalTest::test_destroy_category_blocked_when_has_linked_expenses&#13;
PDOException: There is already an active transaction
&#13;
C:\projetos\sistema\backend\vendor\laravel\framework\src\Illuminate\Database\SQLiteConnection.php:38
C:\projetos\sistema\backend\vendor\laravel\framework\src\Illuminate\Database\Concerns\ManagesTransactions.php:154
C:\projetos\sistema\backend\vendor\laravel\framework\src\Illuminate\Database\Concerns\ManagesTransactions.php:130
C:\projetos\sistema\backend\vendor\laravel\framework\src\Illuminate\Foundation\Testing\RefreshDatabase.php:147
C:\projetos\sistema\backend\vendor\laravel\framework\src\Illuminate\Foundation\Testing\RefreshDatabase.php:93
C:\projetos\sistema\backend\vendor\laravel\framework\src\Illuminate\Foundation\Testing\RefreshDatabase.php:25
C:\projetos\sistema\backend\vendor\laravel\framework\src\Illuminate\Foundation\Testing\Concerns\InteractsWithTestCaseLifecycle.php:217
C:\projetos\sistema\backend\vendor\laravel\framework\src\Illuminate\Foundation\Testing\Concerns\InteractsWithTestCaseLifecycle.php:101
C:\projetos\sistema\backend\vendor\laravel\framework\src\Illuminate\Foundation\Testing\TestCase.php:63
C:\projetos\sistema\backend\tests\Feature\ExpenseProfessionalTest.php:29</error>
        </testcase>
        <testcase name="test_category_duplicate_name_rejected_same_tenant" file="C:\projetos\sistema\backend\tests\Feature\ExpenseProfessionalTest.php" line="425" class="Tests\Feature\ExpenseProfessionalTest" classname="Tests.Feature.ExpenseProfessionalTest" assertions="0" time="0.000000">
          <error type="PDOException">Tests\Feature\ExpenseProfessionalTest::test_category_duplicate_name_rejected_same_tenant&#13;
PDOException: There is already an active transaction
&#13;
C:\projetos\sistema\backend\vendor\laravel\framework\src\Illuminate\Database\SQLiteConnection.php:38
C:\projetos\sistema\backend\vendor\laravel\framework\src\Illuminate\Database\Concerns\ManagesTransactions.php:154
C:\projetos\sistema\backend\vendor\laravel\framework\src\Illuminate\Database\Concerns\ManagesTransactions.php:130
C:\projetos\sistema\backend\vendor\laravel\framework\src\Illuminate\Foundation\Testing\RefreshDatabase.php:147
C:\projetos\sistema\backend\vendor\laravel\framework\src\Illuminate\Foundation\Testing\RefreshDatabase.php:93
C:\projetos\sistema\backend\vendor\laravel\framework\src\Illuminate\Foundation\Testing\RefreshDatabase.php:25
C:\projetos\sistema\backend\vendor\laravel\framework\src\Illuminate\Foundation\Testing\Concerns\InteractsWithTestCaseLifecycle.php:217
C:\projetos\sistema\backend\vendor\laravel\framework\src\Illuminate\Foundation\Testing\Concerns\InteractsWithTestCaseLifecycle.php:101
C:\projetos\sistema\backend\vendor\laravel\framework\src\Illuminate\Foundation\Testing\TestCase.php:63
C:\projetos\sistema\backend\tests\Feature\ExpenseProfessionalTest.php:29</error>
        </testcase>
        <testcase name="test_expense_with_work_order_returns_os_identifier" file="C:\projetos\sistema\backend\tests\Feature\ExpenseProfessionalTest.php" line="443" class="Tests\Feature\ExpenseProfessionalTest" classname="Tests.Feature.ExpenseProfessionalTest" assertions="0" time="0.000000">
          <error type="PDOException">Tests\Feature\ExpenseProfessionalTest::test_expense_with_work_order_returns_os_identifier&#13;
PDOException: There is already an active transaction
&#13;
C:\projetos\sistema\backend\vendor\laravel\framework\src\Illuminate\Database\SQLiteConnection.php:38
C:\projetos\sistema\backend\vendor\laravel\framework\src\Illuminate\Database\Concerns\ManagesTransactions.php:154
C:\projetos\sistema\backend\vendor\laravel\framework\src\Illuminate\Database\Concerns\ManagesTransactions.php:130
C:\projetos\sistema\backend\vendor\laravel\framework\src\Illuminate\Foundation\Testing\RefreshDatabase.php:147
C:\projetos\sistema\backend\vendor\laravel\framework\src\Illuminate\Foundation\Testing\RefreshDatabase.php:93
C:\projetos\sistema\backend\vendor\laravel\framework\src\Illuminate\Foundation\Testing\RefreshDatabase.php:25
C:\projetos\sistema\backend\vendor\laravel\framework\src\Illuminate\Foundation\Testing\Concerns\InteractsWithTestCaseLifecycle.php:217
C:\projetos\sistema\backend\vendor\laravel\framework\src\Illuminate\Foundation\Testing\Concerns\InteractsWithTestCaseLifecycle.php:101
C:\projetos\sistema\backend\vendor\laravel\framework\src\Illuminate\Foundation\Testing\TestCase.php:63
C:\projetos\sistema\backend\tests\Feature\ExpenseProfessionalTest.php:29</error>
        </testcase>
      </testsuite>
      <testsuite name="Tests\Feature\ExpenseTest" file="C:\projetos\sistema\backend\tests\Feature\ExpenseTest.php" tests="20" assertions="0" errors="20" failures="0" skipped="0" time="0.000000">
        <testcase name="test_store_rejects_category_from_other_tenant" file="C:\projetos\sistema\backend\tests\Feature\ExpenseTest.php" line="43" class="Tests\Feature\ExpenseTest" classname="Tests.Feature.ExpenseTest" assertions="0" time="0.000000">
          <error type="PDOException">Tests\Feature\ExpenseTest::test_store_rejects_category_from_other_tenant&#13;
PDOException: There is already an active transaction
&#13;
C:\projetos\sistema\backend\vendor\laravel\framework\src\Illuminate\Database\SQLiteConnection.php:38
C:\projetos\sistema\backend\vendor\laravel\framework\src\Illuminate\Database\Concerns\ManagesTransactions.php:154
C:\projetos\sistema\backend\vendor\laravel\framework\src\Illuminate\Database\Concerns\ManagesTransactions.php:130
C:\projetos\sistema\backend\vendor\laravel\framework\src\Illuminate\Foundation\Testing\RefreshDatabase.php:147
C:\projetos\sistema\backend\vendor\laravel\framework\src\Illuminate\Foundation\Testing\RefreshDatabase.php:93
C:\projetos\sistema\backend\vendor\laravel\framework\src\Illuminate\Foundation\Testing\RefreshDatabase.php:25
C:\projetos\sistema\backend\vendor\laravel\framework\src\Illuminate\Foundation\Testing\Concerns\InteractsWithTestCaseLifecycle.php:217
C:\projetos\sistema\backend\vendor\laravel\framework\src\Illuminate\Foundation\Testing\Concerns\InteractsWithTestCaseLifecycle.php:101
C:\projetos\sistema\backend\vendor\laravel\framework\src\Illuminate\Foundation\Testing\TestCase.php:63
C:\projetos\sistema\backend\tests\Feature\ExpenseTest.php:25</error>
        </testcase>
        <testcase name="test_store_creates_with_pending_status" file="C:\projetos\sistema\backend\tests\Feature\ExpenseTest.php" line="63" class="Tests\Feature\ExpenseTest" classname="Tests.Feature.ExpenseTest" assertions="0" time="0.000000">
          <error type="PDOException">Tests\Feature\ExpenseTest::test_store_creates_with_pending_status&#13;
PDOException: There is already an active transaction
&#13;
C:\projetos\sistema\backend\vendor\laravel\framework\src\Illuminate\Database\SQLiteConnection.php:38
C:\projetos\sistema\backend\vendor\laravel\framework\src\Illuminate\Database\Concerns\ManagesTransactions.php:154
C:\projetos\sistema\backend\vendor\laravel\framework\src\Illuminate\Database\Concerns\ManagesTransactions.php:130
C:\projetos\sistema\backend\vendor\laravel\framework\src\Illuminate\Foundation\Testing\RefreshDatabase.php:147
C:\projetos\sistema\backend\vendor\laravel\framework\src\Illuminate\Foundation\Testing\RefreshDatabase.php:93
C:\projetos\sistema\backend\vendor\laravel\framework\src\Illuminate\Foundation\Testing\RefreshDatabase.php:25
C:\projetos\sistema\backend\vendor\laravel\framework\src\Illuminate\Foundation\Testing\Concerns\InteractsWithTestCaseLifecycle.php:217
C:\projetos\sistema\backend\vendor\laravel\framework\src\Illuminate\Foundation\Testing\Concerns\InteractsWithTestCaseLifecycle.php:101
C:\projetos\sistema\backend\vendor\laravel\framework\src\Illuminate\Foundation\Testing\TestCase.php:63
C:\projetos\sistema\backend\tests\Feature\ExpenseTest.php:25</error>
        </testcase>
        <testcase name="test_show_blocks_cross_tenant_expense" file="C:\projetos\sistema\backend\tests\Feature\ExpenseTest.php" line="80" class="Tests\Feature\ExpenseTest" classname="Tests.Feature.ExpenseTest" assertions="0" time="0.000000">
          <error type="PDOException">Tests\Feature\ExpenseTest::test_show_blocks_cross_tenant_expense&#13;
PDOException: There is already an active transaction
&#13;
C:\projetos\sistema\backend\vendor\laravel\framework\src\Illuminate\Database\SQLiteConnection.php:38
C:\projetos\sistema\backend\vendor\laravel\framework\src\Illuminate\Database\Concerns\ManagesTransactions.php:154
C:\projetos\sistema\backend\vendor\laravel\framework\src\Illuminate\Database\Concerns\ManagesTransactions.php:130
C:\projetos\sistema\backend\vendor\laravel\framework\src\Illuminate\Foundation\Testing\RefreshDatabase.php:147
C:\projetos\sistema\backend\vendor\laravel\framework\src\Illuminate\Foundation\Testing\RefreshDatabase.php:93
C:\projetos\sistema\backend\vendor\laravel\framework\src\Illuminate\Foundation\Testing\RefreshDatabase.php:25
C:\projetos\sistema\backend\vendor\laravel\framework\src\Illuminate\Foundation\Testing\Concerns\InteractsWithTestCaseLifecycle.php:217
C:\projetos\sistema\backend\vendor\laravel\framework\src\Illuminate\Foundation\Testing\Concerns\InteractsWithTestCaseLifecycle.php:101
C:\projetos\sistema\backend\vendor\laravel\framework\src\Illuminate\Foundation\Testing\TestCase.php:63
C:\projetos\sistema\backend\tests\Feature\ExpenseTest.php:25</error>
        </testcase>
        <testcase name="test_update_blocks_approved_expense" file="C:\projetos\sistema\backend\tests\Feature\ExpenseTest.php" line="96" class="Tests\Feature\ExpenseTest" classname="Tests.Feature.ExpenseTest" assertions="0" time="0.000000">
          <error type="PDOException">Tests\Feature\ExpenseTest::test_update_blocks_approved_expense&#13;
PDOException: There is already an active transaction
&#13;
C:\projetos\sistema\backend\vendor\laravel\framework\src\Illuminate\Database\SQLiteConnection.php:38
C:\projetos\sistema\backend\vendor\laravel\framework\src\Illuminate\Database\Concerns\ManagesTransactions.php:154
C:\projetos\sistema\backend\vendor\laravel\framework\src\Illuminate\Database\Concerns\ManagesTransactions.php:130
C:\projetos\sistema\backend\vendor\laravel\framework\src\Illuminate\Foundation\Testing\RefreshDatabase.php:147
C:\projetos\sistema\backend\vendor\laravel\framework\src\Illuminate\Foundation\Testing\RefreshDatabase.php:93
C:\projetos\sistema\backend\vendor\laravel\framework\src\Illuminate\Foundation\Testing\RefreshDatabase.php:25
C:\projetos\sistema\backend\vendor\laravel\framework\src\Illuminate\Foundation\Testing\Concerns\InteractsWithTestCaseLifecycle.php:217
C:\projetos\sistema\backend\vendor\laravel\framework\src\Illuminate\Foundation\Testing\Concerns\InteractsWithTestCaseLifecycle.php:101
C:\projetos\sistema\backend\vendor\laravel\framework\src\Illuminate\Foundation\Testing\TestCase.php:63
C:\projetos\sistema\backend\tests\Feature\ExpenseTest.php:25</error>
        </testcase>
        <testcase name="test_delete_blocks_cross_tenant_expense" file="C:\projetos\sistema\backend\tests\Feature\ExpenseTest.php" line="112" class="Tests\Feature\ExpenseTest" classname="Tests.Feature.ExpenseTest" assertions="0" time="0.000000">
          <error type="PDOException">Tests\Feature\ExpenseTest::test_delete_blocks_cross_tenant_expense&#13;
PDOException: There is already an active transaction
&#13;
C:\projetos\sistema\backend\vendor\laravel\framework\src\Illuminate\Database\SQLiteConnection.php:38
C:\projetos\sistema\backend\vendor\laravel\framework\src\Illuminate\Database\Concerns\ManagesTransactions.php:154
C:\projetos\sistema\backend\vendor\laravel\framework\src\Illuminate\Database\Concerns\ManagesTransactions.php:130
C:\projetos\sistema\backend\vendor\laravel\framework\src\Illuminate\Foundation\Testing\RefreshDatabase.php:147
C:\projetos\sistema\backend\vendor\laravel\framework\src\Illuminate\Foundation\Testing\RefreshDatabase.php:93
C:\projetos\sistema\backend\vendor\laravel\framework\src\Illuminate\Foundation\Testing\RefreshDatabase.php:25
C:\projetos\sistema\backend\vendor\laravel\framework\src\Illuminate\Foundation\Testing\Concerns\InteractsWithTestCaseLifecycle.php:217
C:\projetos\sistema\backend\vendor\laravel\framework\src\Illuminate\Foundation\Testing\Concerns\InteractsWithTestCaseLifecycle.php:101
C:\projetos\sistema\backend\vendor\laravel\framework\src\Illuminate\Foundation\Testing\TestCase.php:63
C:\projetos\sistema\backend\tests\Feature\ExpenseTest.php:25</error>
        </testcase>
        <testcase name="test_expense_returns_os_identifier_when_linked_to_work_order" file="C:\projetos\sistema\backend\tests\Feature\ExpenseTest.php" line="128" class="Tests\Feature\ExpenseTest" classname="Tests.Feature.ExpenseTest" assertions="0" time="0.000000">
          <error type="PDOException">Tests\Feature\ExpenseTest::test_expense_returns_os_identifier_when_linked_to_work_order&#13;
PDOException: There is already an active transaction
&#13;
C:\projetos\sistema\backend\vendor\laravel\framework\src\Illuminate\Database\SQLiteConnection.php:38
C:\projetos\sistema\backend\vendor\laravel\framework\src\Illuminate\Database\Concerns\ManagesTransactions.php:154
C:\projetos\sistema\backend\vendor\laravel\framework\src\Illuminate\Database\Concerns\ManagesTransactions.php:130
C:\projetos\sistema\backend\vendor\laravel\framework\src\Illuminate\Foundation\Testing\RefreshDatabase.php:147
C:\projetos\sistema\backend\vendor\laravel\framework\src\Illuminate\Foundation\Testing\RefreshDatabase.php:93
C:\projetos\sistema\backend\vendor\laravel\framework\src\Illuminate\Foundation\Testing\RefreshDatabase.php:25
C:\projetos\sistema\backend\vendor\laravel\framework\src\Illuminate\Foundation\Testing\Concerns\InteractsWithTestCaseLifecycle.php:217
C:\projetos\sistema\backend\vendor\laravel\framework\src\Illuminate\Foundation\Testing\Concerns\InteractsWithTestCaseLifecycle.php:101
C:\projetos\sistema\backend\vendor\laravel\framework\src\Illuminate\Foundation\Testing\TestCase.php:63
C:\projetos\sistema\backend\tests\Feature\ExpenseTest.php:25</error>
        </testcase>
        <testcase name="test_reimbursed_expense_returns_value_to_technician_cash" file="C:\projetos\sistema\backend\tests\Feature\ExpenseTest.php" line="158" class="Tests\Feature\ExpenseTest" classname="Tests.Feature.ExpenseTest" assertions="0" time="0.000000">
          <error type="PDOException">Tests\Feature\ExpenseTest::test_reimbursed_expense_returns_value_to_technician_cash&#13;
PDOException: There is already an active transaction
&#13;
C:\projetos\sistema\backend\vendor\laravel\framework\src\Illuminate\Database\SQLiteConnection.php:38
C:\projetos\sistema\backend\vendor\laravel\framework\src\Illuminate\Database\Concerns\ManagesTransactions.php:154
C:\projetos\sistema\backend\vendor\laravel\framework\src\Illuminate\Database\Concerns\ManagesTransactions.php:130
C:\projetos\sistema\backend\vendor\laravel\framework\src\Illuminate\Foundation\Testing\RefreshDatabase.php:147
C:\projetos\sistema\backend\vendor\laravel\framework\src\Illuminate\Foundation\Testing\RefreshDatabase.php:93
C:\projetos\sistema\backend\vendor\laravel\framework\src\Illuminate\Foundation\Testing\RefreshDatabase.php:25
C:\projetos\sistema\backend\vendor\laravel\framework\src\Illuminate\Foundation\Testing\Concerns\InteractsWithTestCaseLifecycle.php:217
C:\projetos\sistema\backend\vendor\laravel\framework\src\Illuminate\Foundation\Testing\Concerns\InteractsWithTestCaseLifecycle.php:101
C:\projetos\sistema\backend\vendor\laravel\framework\src\Illuminate\Foundation\Testing\TestCase.php:63
C:\projetos\sistema\backend\tests\Feature\ExpenseTest.php:25</error>
        </testcase>
        <testcase name="test_rejecting_expense_requires_and_persists_reason" file="C:\projetos\sistema\backend\tests\Feature\ExpenseTest.php" line="196" class="Tests\Feature\ExpenseTest" classname="Tests.Feature.ExpenseTest" assertions="0" time="0.000000">
          <error type="PDOException">Tests\Feature\ExpenseTest::test_rejecting_expense_requires_and_persists_reason&#13;
PDOException: There is already an active transaction
&#13;
C:\projetos\sistema\backend\vendor\laravel\framework\src\Illuminate\Database\SQLiteConnection.php:38
C:\projetos\sistema\backend\vendor\laravel\framework\src\Illuminate\Database\Concerns\ManagesTransactions.php:154
C:\projetos\sistema\backend\vendor\laravel\framework\src\Illuminate\Database\Concerns\ManagesTransactions.php:130
C:\projetos\sistema\backend\vendor\laravel\framework\src\Illuminate\Foundation\Testing\RefreshDatabase.php:147
C:\projetos\sistema\backend\vendor\laravel\framework\src\Illuminate\Foundation\Testing\RefreshDatabase.php:93
C:\projetos\sistema\backend\vendor\laravel\framework\src\Illuminate\Foundation\Testing\RefreshDatabase.php:25
C:\projetos\sistema\backend\vendor\laravel\framework\src\Illuminate\Foundation\Testing\Concerns\InteractsWithTestCaseLifecycle.php:217
C:\projetos\sistema\backend\vendor\laravel\framework\src\Illuminate\Foundation\Testing\Concerns\InteractsWithTestCaseLifecycle.php:101
C:\projetos\sistema\backend\vendor\laravel\framework\src\Illuminate\Foundation\Testing\TestCase.php:63
C:\projetos\sistema\backend\tests\Feature\ExpenseTest.php:25</error>
        </testcase>
        <testcase name="test_update_status_blocks_cross_tenant_expense" file="C:\projetos\sistema\backend\tests\Feature\ExpenseTest.php" line="228" class="Tests\Feature\ExpenseTest" classname="Tests.Feature.ExpenseTest" assertions="0" time="0.000000">
          <error type="PDOException">Tests\Feature\ExpenseTest::test_update_status_blocks_cross_tenant_expense&#13;
PDOException: There is already an active transaction
&#13;
C:\projetos\sistema\backend\vendor\laravel\framework\src\Illuminate\Database\SQLiteConnection.php:38
C:\projetos\sistema\backend\vendor\laravel\framework\src\Illuminate\Database\Concerns\ManagesTransactions.php:154
C:\projetos\sistema\backend\vendor\laravel\framework\src\Illuminate\Database\Concerns\ManagesTransactions.php:130
C:\projetos\sistema\backend\vendor\laravel\framework\src\Illuminate\Foundation\Testing\RefreshDatabase.php:147
C:\projetos\sistema\backend\vendor\laravel\framework\src\Illuminate\Foundation\Testing\RefreshDatabase.php:93
C:\projetos\sistema\backend\vendor\laravel\framework\src\Illuminate\Foundation\Testing\RefreshDatabase.php:25
C:\projetos\sistema\backend\vendor\laravel\framework\src\Illuminate\Foundation\Testing\Concerns\InteractsWithTestCaseLifecycle.php:217
C:\projetos\sistema\backend\vendor\laravel\framework\src\Illuminate\Foundation\Testing\Concerns\InteractsWithTestCaseLifecycle.php:101
C:\projetos\sistema\backend\vendor\laravel\framework\src\Illuminate\Foundation\Testing\TestCase.php:63
C:\projetos\sistema\backend\tests\Feature\ExpenseTest.php:25</error>
        </testcase>
        <testcase name="test_destroy_category_blocked_when_expenses_exist" file="C:\projetos\sistema\backend\tests\Feature\ExpenseTest.php" line="246" class="Tests\Feature\ExpenseTest" classname="Tests.Feature.ExpenseTest" assertions="0" time="0.000000">
          <error type="PDOException">Tests\Feature\ExpenseTest::test_destroy_category_blocked_when_expenses_exist&#13;
PDOException: There is already an active transaction
&#13;
C:\projetos\sistema\backend\vendor\laravel\framework\src\Illuminate\Database\SQLiteConnection.php:38
C:\projetos\sistema\backend\vendor\laravel\framework\src\Illuminate\Database\Concerns\ManagesTransactions.php:154
C:\projetos\sistema\backend\vendor\laravel\framework\src\Illuminate\Database\Concerns\ManagesTransactions.php:130
C:\projetos\sistema\backend\vendor\laravel\framework\src\Illuminate\Foundation\Testing\RefreshDatabase.php:147
C:\projetos\sistema\backend\vendor\laravel\framework\src\Illuminate\Foundation\Testing\RefreshDatabase.php:93
C:\projetos\sistema\backend\vendor\laravel\framework\src\Illuminate\Foundation\Testing\RefreshDatabase.php:25
C:\projetos\sistema\backend\vendor\laravel\framework\src\Illuminate\Foundation\Testing\Concerns\InteractsWithTestCaseLifecycle.php:217
C:\projetos\sistema\backend\vendor\laravel\framework\src\Illuminate\Foundation\Testing\Concerns\InteractsWithTestCaseLifecycle.php:101
C:\projetos\sistema\backend\vendor\laravel\framework\src\Illuminate\Foundation\Testing\TestCase.php:63
C:\projetos\sistema\backend\tests\Feature\ExpenseTest.php:25</error>
        </testcase>
        <testcase name="test_store_category_rejects_duplicate_name_same_tenant" file="C:\projetos\sistema\backend\tests\Feature\ExpenseTest.php" line="270" class="Tests\Feature\ExpenseTest" classname="Tests.Feature.ExpenseTest" assertions="0" time="0.000000">
          <error type="PDOException">Tests\Feature\ExpenseTest::test_store_category_rejects_duplicate_name_same_tenant&#13;
PDOException: There is already an active transaction
&#13;
C:\projetos\sistema\backend\vendor\laravel\framework\src\Illuminate\Database\SQLiteConnection.php:38
C:\projetos\sistema\backend\vendor\laravel\framework\src\Illuminate\Database\Concerns\ManagesTransactions.php:154
C:\projetos\sistema\backend\vendor\laravel\framework\src\Illuminate\Database\Concerns\ManagesTransactions.php:130
C:\projetos\sistema\backend\vendor\laravel\framework\src\Illuminate\Foundation\Testing\RefreshDatabase.php:147
C:\projetos\sistema\backend\vendor\laravel\framework\src\Illuminate\Foundation\Testing\RefreshDatabase.php:93
C:\projetos\sistema\backend\vendor\laravel\framework\src\Illuminate\Foundation\Testing\RefreshDatabase.php:25
C:\projetos\sistema\backend\vendor\laravel\framework\src\Illuminate\Foundation\Testing\Concerns\InteractsWithTestCaseLifecycle.php:217
C:\projetos\sistema\backend\vendor\laravel\framework\src\Illuminate\Foundation\Testing\Concerns\InteractsWithTestCaseLifecycle.php:101
C:\projetos\sistema\backend\vendor\laravel\framework\src\Illuminate\Foundation\Testing\TestCase.php:63
C:\projetos\sistema\backend\tests\Feature\ExpenseTest.php:25</error>
        </testcase>
        <testcase name="test_update_category_rejects_duplicate_name_same_tenant" file="C:\projetos\sistema\backend\tests\Feature\ExpenseTest.php" line="286" class="Tests\Feature\ExpenseTest" classname="Tests.Feature.ExpenseTest" assertions="0" time="0.000000">
          <error type="PDOException">Tests\Feature\ExpenseTest::test_update_category_rejects_duplicate_name_same_tenant&#13;
PDOException: There is already an active transaction
&#13;
C:\projetos\sistema\backend\vendor\laravel\framework\src\Illuminate\Database\SQLiteConnection.php:38
C:\projetos\sistema\backend\vendor\laravel\framework\src\Illuminate\Database\Concerns\ManagesTransactions.php:154
C:\projetos\sistema\backend\vendor\laravel\framework\src\Illuminate\Database\Concerns\ManagesTransactions.php:130
C:\projetos\sistema\backend\vendor\laravel\framework\src\Illuminate\Foundation\Testing\RefreshDatabase.php:147
C:\projetos\sistema\backend\vendor\laravel\framework\src\Illuminate\Foundation\Testing\RefreshDatabase.php:93
C:\projetos\sistema\backend\vendor\laravel\framework\src\Illuminate\Foundation\Testing\RefreshDatabase.php:25
C:\projetos\sistema\backend\vendor\laravel\framework\src\Illuminate\Foundation\Testing\Concerns\InteractsWithTestCaseLifecycle.php:217
C:\projetos\sistema\backend\vendor\laravel\framework\src\Illuminate\Foundation\Testing\Concerns\InteractsWithTestCaseLifecycle.php:101
C:\projetos\sistema\backend\vendor\laravel\framework\src\Illuminate\Foundation\Testing\TestCase.php:63
C:\projetos\sistema\backend\tests\Feature\ExpenseTest.php:25</error>
        </testcase>
        <testcase name="test_update_category_blocks_cross_tenant" file="C:\projetos\sistema\backend\tests\Feature\ExpenseTest.php" line="313" class="Tests\Feature\ExpenseTest" classname="Tests.Feature.ExpenseTest" assertions="0" time="0.000000">
          <error type="PDOException">Tests\Feature\ExpenseTest::test_update_category_blocks_cross_tenant&#13;
PDOException: There is already an active transaction
&#13;
C:\projetos\sistema\backend\vendor\laravel\framework\src\Illuminate\Database\SQLiteConnection.php:38
C:\projetos\sistema\backend\vendor\laravel\framework\src\Illuminate\Database\Concerns\ManagesTransactions.php:154
C:\projetos\sistema\backend\vendor\laravel\framework\src\Illuminate\Database\Concerns\ManagesTransactions.php:130
C:\projetos\sistema\backend\vendor\laravel\framework\src\Illuminate\Foundation\Testing\RefreshDatabase.php:147
C:\projetos\sistema\backend\vendor\laravel\framework\src\Illuminate\Foundation\Testing\RefreshDatabase.php:93
C:\projetos\sistema\backend\vendor\laravel\framework\src\Illuminate\Foundation\Testing\RefreshDatabase.php:25
C:\projetos\sistema\backend\vendor\laravel\framework\src\Illuminate\Foundation\Testing\Concerns\InteractsWithTestCaseLifecycle.php:217
C:\projetos\sistema\backend\vendor\laravel\framework\src\Illuminate\Foundation\Testing\Concerns\InteractsWithTestCaseLifecycle.php:101
C:\projetos\sistema\backend\vendor\laravel\framework\src\Illuminate\Foundation\Testing\TestCase.php:63
C:\projetos\sistema\backend\tests\Feature\ExpenseTest.php:25</error>
        </testcase>
        <testcase name="test_summary_returns_correct_totals" file="C:\projetos\sistema\backend\tests\Feature\ExpenseTest.php" line="329" class="Tests\Feature\ExpenseTest" classname="Tests.Feature.ExpenseTest" assertions="0" time="0.000000">
          <error type="PDOException">Tests\Feature\ExpenseTest::test_summary_returns_correct_totals&#13;
PDOException: There is already an active transaction
&#13;
C:\projetos\sistema\backend\vendor\laravel\framework\src\Illuminate\Database\SQLiteConnection.php:38
C:\projetos\sistema\backend\vendor\laravel\framework\src\Illuminate\Database\Concerns\ManagesTransactions.php:154
C:\projetos\sistema\backend\vendor\laravel\framework\src\Illuminate\Database\Concerns\ManagesTransactions.php:130
C:\projetos\sistema\backend\vendor\laravel\framework\src\Illuminate\Foundation\Testing\RefreshDatabase.php:147
C:\projetos\sistema\backend\vendor\laravel\framework\src\Illuminate\Foundation\Testing\RefreshDatabase.php:93
C:\projetos\sistema\backend\vendor\laravel\framework\src\Illuminate\Foundation\Testing\RefreshDatabase.php:25
C:\projetos\sistema\backend\vendor\laravel\framework\src\Illuminate\Foundation\Testing\Concerns\InteractsWithTestCaseLifecycle.php:217
C:\projetos\sistema\backend\vendor\laravel\framework\src\Illuminate\Foundation\Testing\Concerns\InteractsWithTestCaseLifecycle.php:101
C:\projetos\sistema\backend\vendor\laravel\framework\src\Illuminate\Foundation\Testing\TestCase.php:63
C:\projetos\sistema\backend\tests\Feature\ExpenseTest.php:25</error>
        </testcase>
        <testcase name="test_delete_blocked_for_approved_expense" file="C:\projetos\sistema\backend\tests\Feature\ExpenseTest.php" line="365" class="Tests\Feature\ExpenseTest" classname="Tests.Feature.ExpenseTest" assertions="0" time="0.000000">
          <error type="PDOException">Tests\Feature\ExpenseTest::test_delete_blocked_for_approved_expense&#13;
PDOException: There is already an active transaction
&#13;
C:\projetos\sistema\backend\vendor\laravel\framework\src\Illuminate\Database\SQLiteConnection.php:38
C:\projetos\sistema\backend\vendor\laravel\framework\src\Illuminate\Database\Concerns\ManagesTransactions.php:154
C:\projetos\sistema\backend\vendor\laravel\framework\src\Illuminate\Database\Concerns\ManagesTransactions.php:130
C:\projetos\sistema\backend\vendor\laravel\framework\src\Illuminate\Foundation\Testing\RefreshDatabase.php:147
C:\projetos\sistema\backend\vendor\laravel\framework\src\Illuminate\Foundation\Testing\RefreshDatabase.php:93
C:\projetos\sistema\backend\vendor\laravel\framework\src\Illuminate\Foundation\Testing\RefreshDatabase.php:25
C:\projetos\sistema\backend\vendor\laravel\framework\src\Illuminate\Foundation\Testing\Concerns\InteractsWithTestCaseLifecycle.php:217
C:\projetos\sistema\backend\vendor\laravel\framework\src\Illuminate\Foundation\Testing\Concerns\InteractsWithTestCaseLifecycle.php:101
C:\projetos\sistema\backend\vendor\laravel\framework\src\Illuminate\Foundation\Testing\TestCase.php:63
C:\projetos\sistema\backend\tests\Feature\ExpenseTest.php:25</error>
        </testcase>
        <testcase name="test_rejected_expense_clears_approved_by" file="C:\projetos\sistema\backend\tests\Feature\ExpenseTest.php" line="380" class="Tests\Feature\ExpenseTest" classname="Tests.Feature.ExpenseTest" assertions="0" time="0.000000">
          <error type="PDOException">Tests\Feature\ExpenseTest::test_rejected_expense_clears_approved_by&#13;
PDOException: There is already an active transaction
&#13;
C:\projetos\sistema\backend\vendor\laravel\framework\src\Illuminate\Database\SQLiteConnection.php:38
C:\projetos\sistema\backend\vendor\laravel\framework\src\Illuminate\Database\Concerns\ManagesTransactions.php:154
C:\projetos\sistema\backend\vendor\laravel\framework\src\Illuminate\Database\Concerns\ManagesTransactions.php:130
C:\projetos\sistema\backend\vendor\laravel\framework\src\Illuminate\Foundation\Testing\RefreshDatabase.php:147
C:\projetos\sistema\backend\vendor\laravel\framework\src\Illuminate\Foundation\Testing\RefreshDatabase.php:93
C:\projetos\sistema\backend\vendor\laravel\framework\src\Illuminate\Foundation\Testing\RefreshDatabase.php:25
C:\projetos\sistema\backend\vendor\laravel\framework\src\Illuminate\Foundation\Testing\Concerns\InteractsWithTestCaseLifecycle.php:217
C:\projetos\sistema\backend\vendor\laravel\framework\src\Illuminate\Foundation\Testing\Concerns\InteractsWithTestCaseLifecycle.php:101
C:\projetos\sistema\backend\vendor\laravel\framework\src\Illuminate\Foundation\Testing\TestCase.php:63
C:\projetos\sistema\backend\tests\Feature\ExpenseTest.php:25</error>
        </testcase>
        <testcase name="test_rejected_expense_can_be_resubmitted_as_pending" file="C:\projetos\sistema\backend\tests\Feature\ExpenseTest.php" line="407" class="Tests\Feature\ExpenseTest" classname="Tests.Feature.ExpenseTest" assertions="0" time="0.000000">
          <error type="PDOException">Tests\Feature\ExpenseTest::test_rejected_expense_can_be_resubmitted_as_pending&#13;
PDOException: There is already an active transaction
&#13;
C:\projetos\sistema\backend\vendor\laravel\framework\src\Illuminate\Database\SQLiteConnection.php:38
C:\projetos\sistema\backend\vendor\laravel\framework\src\Illuminate\Database\Concerns\ManagesTransactions.php:154
C:\projetos\sistema\backend\vendor\laravel\framework\src\Illuminate\Database\Concerns\ManagesTransactions.php:130
C:\projetos\sistema\backend\vendor\laravel\framework\src\Illuminate\Foundation\Testing\RefreshDatabase.php:147
C:\projetos\sistema\backend\vendor\laravel\framework\src\Illuminate\Foundation\Testing\RefreshDatabase.php:93
C:\projetos\sistema\backend\vendor\laravel\framework\src\Illuminate\Foundation\Testing\RefreshDatabase.php:25
C:\projetos\sistema\backend\vendor\laravel\framework\src\Illuminate\Foundation\Testing\Concerns\InteractsWithTestCaseLifecycle.php:217
C:\projetos\sistema\backend\vendor\laravel\framework\src\Illuminate\Foundation\Testing\Concerns\InteractsWithTestCaseLifecycle.php:101
C:\projetos\sistema\backend\vendor\laravel\framework\src\Illuminate\Foundation\Testing\TestCase.php:63
C:\projetos\sistema\backend\tests\Feature\ExpenseTest.php:25</error>
        </testcase>
        <testcase name="test_store_defaults_affects_net_value_to_true" file="C:\projetos\sistema\backend\tests\Feature\ExpenseTest.php" line="442" class="Tests\Feature\ExpenseTest" classname="Tests.Feature.ExpenseTest" assertions="0" time="0.000000">
          <error type="PDOException">Tests\Feature\ExpenseTest::test_store_defaults_affects_net_value_to_true&#13;
PDOException: There is already an active transaction
&#13;
C:\projetos\sistema\backend\vendor\laravel\framework\src\Illuminate\Database\SQLiteConnection.php:38
C:\projetos\sistema\backend\vendor\laravel\framework\src\Illuminate\Database\Concerns\ManagesTransactions.php:154
C:\projetos\sistema\backend\vendor\laravel\framework\src\Illuminate\Database\Concerns\ManagesTransactions.php:130
C:\projetos\sistema\backend\vendor\laravel\framework\src\Illuminate\Foundation\Testing\RefreshDatabase.php:147
C:\projetos\sistema\backend\vendor\laravel\framework\src\Illuminate\Foundation\Testing\RefreshDatabase.php:93
C:\projetos\sistema\backend\vendor\laravel\framework\src\Illuminate\Foundation\Testing\RefreshDatabase.php:25
C:\projetos\sistema\backend\vendor\laravel\framework\src\Illuminate\Foundation\Testing\Concerns\InteractsWithTestCaseLifecycle.php:217
C:\projetos\sistema\backend\vendor\laravel\framework\src\Illuminate\Foundation\Testing\Concerns\InteractsWithTestCaseLifecycle.php:101
C:\projetos\sistema\backend\vendor\laravel\framework\src\Illuminate\Foundation\Testing\TestCase.php:63
C:\projetos\sistema\backend\tests\Feature\ExpenseTest.php:25</error>
        </testcase>
        <testcase name="test_store_persists_affects_net_value_false" file="C:\projetos\sistema\backend\tests\Feature\ExpenseTest.php" line="458" class="Tests\Feature\ExpenseTest" classname="Tests.Feature.ExpenseTest" assertions="0" time="0.000000">
          <error type="PDOException">Tests\Feature\ExpenseTest::test_store_persists_affects_net_value_false&#13;
PDOException: There is already an active transaction
&#13;
C:\projetos\sistema\backend\vendor\laravel\framework\src\Illuminate\Database\SQLiteConnection.php:38
C:\projetos\sistema\backend\vendor\laravel\framework\src\Illuminate\Database\Concerns\ManagesTransactions.php:154
C:\projetos\sistema\backend\vendor\laravel\framework\src\Illuminate\Database\Concerns\ManagesTransactions.php:130
C:\projetos\sistema\backend\vendor\laravel\framework\src\Illuminate\Foundation\Testing\RefreshDatabase.php:147
C:\projetos\sistema\backend\vendor\laravel\framework\src\Illuminate\Foundation\Testing\RefreshDatabase.php:93
C:\projetos\sistema\backend\vendor\laravel\framework\src\Illuminate\Foundation\Testing\RefreshDatabase.php:25
C:\projetos\sistema\backend\vendor\laravel\framework\src\Illuminate\Foundation\Testing\Concerns\InteractsWithTestCaseLifecycle.php:217
C:\projetos\sistema\backend\vendor\laravel\framework\src\Illuminate\Foundation\Testing\Concerns\InteractsWithTestCaseLifecycle.php:101
C:\projetos\sistema\backend\vendor\laravel\framework\src\Illuminate\Foundation\Testing\TestCase.php:63
C:\projetos\sistema\backend\tests\Feature\ExpenseTest.php:25</error>
        </testcase>
        <testcase name="test_update_toggles_affects_net_value" file="C:\projetos\sistema\backend\tests\Feature\ExpenseTest.php" line="475" class="Tests\Feature\ExpenseTest" classname="Tests.Feature.ExpenseTest" assertions="0" time="0.000000">
          <error type="PDOException">Tests\Feature\ExpenseTest::test_update_toggles_affects_net_value&#13;
PDOException: There is already an active transaction
&#13;
C:\projetos\sistema\backend\vendor\laravel\framework\src\Illuminate\Database\SQLiteConnection.php:38
C:\projetos\sistema\backend\vendor\laravel\framework\src\Illuminate\Database\Concerns\ManagesTransactions.php:154
C:\projetos\sistema\backend\vendor\laravel\framework\src\Illuminate\Database\Concerns\ManagesTransactions.php:130
C:\projetos\sistema\backend\vendor\laravel\framework\src\Illuminate\Foundation\Testing\RefreshDatabase.php:147
C:\projetos\sistema\backend\vendor\laravel\framework\src\Illuminate\Foundation\Testing\RefreshDatabase.php:93
C:\projetos\sistema\backend\vendor\laravel\framework\src\Illuminate\Foundation\Testing\RefreshDatabase.php:25
C:\projetos\sistema\backend\vendor\laravel\framework\src\Illuminate\Foundation\Testing\Concerns\InteractsWithTestCaseLifecycle.php:217
C:\projetos\sistema\backend\vendor\laravel\framework\src\Illuminate\Foundation\Testing\Concerns\InteractsWithTestCaseLifecycle.php:101
C:\projetos\sistema\backend\vendor\laravel\framework\src\Illuminate\Foundation\Testing\TestCase.php:63
C:\projetos\sistema\backend\tests\Feature\ExpenseTest.php:25</error>
        </testcase>
      </testsuite>
      <testsuite name="Tests\Feature\ExpenseUploadTest" file="C:\projetos\sistema\backend\tests\Feature\ExpenseUploadTest.php" tests="3" assertions="0" errors="3" failures="0" skipped="0" time="0.000000">
        <testcase name="test_can_create_expense_with_receipt" file="C:\projetos\sistema\backend\tests\Feature\ExpenseUploadTest.php" line="40" class="Tests\Feature\ExpenseUploadTest" classname="Tests.Feature.ExpenseUploadTest" assertions="0" time="0.000000">
          <error type="PDOException">Tests\Feature\ExpenseUploadTest::test_can_create_expense_with_receipt&#13;
PDOException: There is already an active transaction
&#13;
C:\projetos\sistema\backend\vendor\laravel\framework\src\Illuminate\Database\SQLiteConnection.php:38
C:\projetos\sistema\backend\vendor\laravel\framework\src\Illuminate\Database\Concerns\ManagesTransactions.php:154
C:\projetos\sistema\backend\vendor\laravel\framework\src\Illuminate\Database\Concerns\ManagesTransactions.php:130
C:\projetos\sistema\backend\vendor\laravel\framework\src\Illuminate\Foundation\Testing\RefreshDatabase.php:147
C:\projetos\sistema\backend\vendor\laravel\framework\src\Illuminate\Foundation\Testing\RefreshDatabase.php:93
C:\projetos\sistema\backend\vendor\laravel\framework\src\Illuminate\Foundation\Testing\RefreshDatabase.php:25
C:\projetos\sistema\backend\vendor\laravel\framework\src\Illuminate\Foundation\Testing\Concerns\InteractsWithTestCaseLifecycle.php:217
C:\projetos\sistema\backend\vendor\laravel\framework\src\Illuminate\Foundation\Testing\Concerns\InteractsWithTestCaseLifecycle.php:101
C:\projetos\sistema\backend\vendor\laravel\framework\src\Illuminate\Foundation\Testing\TestCase.php:63
C:\projetos\sistema\backend\tests\Feature\ExpenseUploadTest.php:22</error>
        </testcase>
        <testcase name="test_can_update_expense_replacing_receipt" file="C:\projetos\sistema\backend\tests\Feature\ExpenseUploadTest.php" line="65" class="Tests\Feature\ExpenseUploadTest" classname="Tests.Feature.ExpenseUploadTest" assertions="0" time="0.000000">
          <error type="PDOException">Tests\Feature\ExpenseUploadTest::test_can_update_expense_replacing_receipt&#13;
PDOException: There is already an active transaction
&#13;
C:\projetos\sistema\backend\vendor\laravel\framework\src\Illuminate\Database\SQLiteConnection.php:38
C:\projetos\sistema\backend\vendor\laravel\framework\src\Illuminate\Database\Concerns\ManagesTransactions.php:154
C:\projetos\sistema\backend\vendor\laravel\framework\src\Illuminate\Database\Concerns\ManagesTransactions.php:130
C:\projetos\sistema\backend\vendor\laravel\framework\src\Illuminate\Foundation\Testing\RefreshDatabase.php:147
C:\projetos\sistema\backend\vendor\laravel\framework\src\Illuminate\Foundation\Testing\RefreshDatabase.php:93
C:\projetos\sistema\backend\vendor\laravel\framework\src\Illuminate\Foundation\Testing\RefreshDatabase.php:25
C:\projetos\sistema\backend\vendor\laravel\framework\src\Illuminate\Foundation\Testing\Concerns\InteractsWithTestCaseLifecycle.php:217
C:\projetos\sistema\backend\vendor\laravel\framework\src\Illuminate\Foundation\Testing\Concerns\InteractsWithTestCaseLifecycle.php:101
C:\projetos\sistema\backend\vendor\laravel\framework\src\Illuminate\Foundation\Testing\TestCase.php:63
C:\projetos\sistema\backend\tests\Feature\ExpenseUploadTest.php:22</error>
        </testcase>
        <testcase name="test_deleting_expense_deletes_receipt" file="C:\projetos\sistema\backend\tests\Feature\ExpenseUploadTest.php" line="98" class="Tests\Feature\ExpenseUploadTest" classname="Tests.Feature.ExpenseUploadTest" assertions="0" time="0.000000">
          <error type="PDOException">Tests\Feature\ExpenseUploadTest::test_deleting_expense_deletes_receipt&#13;
PDOException: There is already an active transaction
&#13;
C:\projetos\sistema\backend\vendor\laravel\framework\src\Illuminate\Database\SQLiteConnection.php:38
C:\projetos\sistema\backend\vendor\laravel\framework\src\Illuminate\Database\Concerns\ManagesTransactions.php:154
C:\projetos\sistema\backend\vendor\laravel\framework\src\Illuminate\Database\Concerns\ManagesTransactions.php:130
C:\projetos\sistema\backend\vendor\laravel\framework\src\Illuminate\Foundation\Testing\RefreshDatabase.php:147
C:\projetos\sistema\backend\vendor\laravel\framework\src\Illuminate\Foundation\Testing\RefreshDatabase.php:93
C:\projetos\sistema\backend\vendor\laravel\framework\src\Illuminate\Foundation\Testing\RefreshDatabase.php:25
C:\projetos\sistema\backend\vendor\laravel\framework\src\Illuminate\Foundation\Testing\Concerns\InteractsWithTestCaseLifecycle.php:217
C:\projetos\sistema\backend\vendor\laravel\framework\src\Illuminate\Foundation\Testing\Concerns\InteractsWithTestCaseLifecycle.php:101
C:\projetos\sistema\backend\vendor\laravel\framework\src\Illuminate\Foundation\Testing\TestCase.php:63
C:\projetos\sistema\backend\tests\Feature\ExpenseUploadTest.php:22</error>
        </testcase>
      </testsuite>
      <testsuite name="Tests\Feature\ExternalApiTechSyncTest" file="C:\projetos\sistema\backend\tests\Feature\ExternalApiTechSyncTest.php" tests="8" assertions="0" errors="8" failures="0" skipped="0" time="0.000000">
        <testcase name="test_cep_lookup" file="C:\projetos\sistema\backend\tests\Feature\ExternalApiTechSyncTest.php" line="42" class="Tests\Feature\ExternalApiTechSyncTest" classname="Tests.Feature.ExternalApiTechSyncTest" assertions="0" time="0.000000">
          <error type="PDOException">Tests\Feature\ExternalApiTechSyncTest::test_cep_lookup&#13;
PDOException: There is already an active transaction
&#13;
C:\projetos\sistema\backend\vendor\laravel\framework\src\Illuminate\Database\SQLiteConnection.php:38
C:\projetos\sistema\backend\vendor\laravel\framework\src\Illuminate\Database\Concerns\ManagesTransactions.php:154
C:\projetos\sistema\backend\vendor\laravel\framework\src\Illuminate\Database\Concerns\ManagesTransactions.php:130
C:\projetos\sistema\backend\vendor\laravel\framework\src\Illuminate\Foundation\Testing\RefreshDatabase.php:147
C:\projetos\sistema\backend\vendor\laravel\framework\src\Illuminate\Foundation\Testing\RefreshDatabase.php:93
C:\projetos\sistema\backend\vendor\laravel\framework\src\Illuminate\Foundation\Testing\RefreshDatabase.php:25
C:\projetos\sistema\backend\vendor\laravel\framework\src\Illuminate\Foundation\Testing\Concerns\InteractsWithTestCaseLifecycle.php:217
C:\projetos\sistema\backend\vendor\laravel\framework\src\Illuminate\Foundation\Testing\Concerns\InteractsWithTestCaseLifecycle.php:101
C:\projetos\sistema\backend\vendor\laravel\framework\src\Illuminate\Foundation\Testing\TestCase.php:63
C:\projetos\sistema\backend\tests\Feature\ExternalApiTechSyncTest.php:24</error>
        </testcase>
        <testcase name="test_cnpj_lookup" file="C:\projetos\sistema\backend\tests\Feature\ExternalApiTechSyncTest.php" line="48" class="Tests\Feature\ExternalApiTechSyncTest" classname="Tests.Feature.ExternalApiTechSyncTest" assertions="0" time="0.000000">
          <error type="PDOException">Tests\Feature\ExternalApiTechSyncTest::test_cnpj_lookup&#13;
PDOException: There is already an active transaction
&#13;
C:\projetos\sistema\backend\vendor\laravel\framework\src\Illuminate\Database\SQLiteConnection.php:38
C:\projetos\sistema\backend\vendor\laravel\framework\src\Illuminate\Database\Concerns\ManagesTransactions.php:154
C:\projetos\sistema\backend\vendor\laravel\framework\src\Illuminate\Database\Concerns\ManagesTransactions.php:130
C:\projetos\sistema\backend\vendor\laravel\framework\src\Illuminate\Foundation\Testing\RefreshDatabase.php:147
C:\projetos\sistema\backend\vendor\laravel\framework\src\Illuminate\Foundation\Testing\RefreshDatabase.php:93
C:\projetos\sistema\backend\vendor\laravel\framework\src\Illuminate\Foundation\Testing\RefreshDatabase.php:25
C:\projetos\sistema\backend\vendor\laravel\framework\src\Illuminate\Foundation\Testing\Concerns\InteractsWithTestCaseLifecycle.php:217
C:\projetos\sistema\backend\vendor\laravel\framework\src\Illuminate\Foundation\Testing\Concerns\InteractsWithTestCaseLifecycle.php:101
C:\projetos\sistema\backend\vendor\laravel\framework\src\Illuminate\Foundation\Testing\TestCase.php:63
C:\projetos\sistema\backend\tests\Feature\ExternalApiTechSyncTest.php:24</error>
        </testcase>
        <testcase name="test_holidays_for_year" file="C:\projetos\sistema\backend\tests\Feature\ExternalApiTechSyncTest.php" line="54" class="Tests\Feature\ExternalApiTechSyncTest" classname="Tests.Feature.ExternalApiTechSyncTest" assertions="0" time="0.000000">
          <error type="PDOException">Tests\Feature\ExternalApiTechSyncTest::test_holidays_for_year&#13;
PDOException: There is already an active transaction
&#13;
C:\projetos\sistema\backend\vendor\laravel\framework\src\Illuminate\Database\SQLiteConnection.php:38
C:\projetos\sistema\backend\vendor\laravel\framework\src\Illuminate\Database\Concerns\ManagesTransactions.php:154
C:\projetos\sistema\backend\vendor\laravel\framework\src\Illuminate\Database\Concerns\ManagesTransactions.php:130
C:\projetos\sistema\backend\vendor\laravel\framework\src\Illuminate\Foundation\Testing\RefreshDatabase.php:147
C:\projetos\sistema\backend\vendor\laravel\framework\src\Illuminate\Foundation\Testing\RefreshDatabase.php:93
C:\projetos\sistema\backend\vendor\laravel\framework\src\Illuminate\Foundation\Testing\RefreshDatabase.php:25
C:\projetos\sistema\backend\vendor\laravel\framework\src\Illuminate\Foundation\Testing\Concerns\InteractsWithTestCaseLifecycle.php:217
C:\projetos\sistema\backend\vendor\laravel\framework\src\Illuminate\Foundation\Testing\Concerns\InteractsWithTestCaseLifecycle.php:101
C:\projetos\sistema\backend\vendor\laravel\framework\src\Illuminate\Foundation\Testing\TestCase.php:63
C:\projetos\sistema\backend\tests\Feature\ExternalApiTechSyncTest.php:24</error>
        </testcase>
        <testcase name="test_banks_list" file="C:\projetos\sistema\backend\tests\Feature\ExternalApiTechSyncTest.php" line="60" class="Tests\Feature\ExternalApiTechSyncTest" classname="Tests.Feature.ExternalApiTechSyncTest" assertions="0" time="0.000000">
          <error type="PDOException">Tests\Feature\ExternalApiTechSyncTest::test_banks_list&#13;
PDOException: There is already an active transaction
&#13;
C:\projetos\sistema\backend\vendor\laravel\framework\src\Illuminate\Database\SQLiteConnection.php:38
C:\projetos\sistema\backend\vendor\laravel\framework\src\Illuminate\Database\Concerns\ManagesTransactions.php:154
C:\projetos\sistema\backend\vendor\laravel\framework\src\Illuminate\Database\Concerns\ManagesTransactions.php:130
C:\projetos\sistema\backend\vendor\laravel\framework\src\Illuminate\Foundation\Testing\RefreshDatabase.php:147
C:\projetos\sistema\backend\vendor\laravel\framework\src\Illuminate\Foundation\Testing\RefreshDatabase.php:93
C:\projetos\sistema\backend\vendor\laravel\framework\src\Illuminate\Foundation\Testing\RefreshDatabase.php:25
C:\projetos\sistema\backend\vendor\laravel\framework\src\Illuminate\Foundation\Testing\Concerns\InteractsWithTestCaseLifecycle.php:217
C:\projetos\sistema\backend\vendor\laravel\framework\src\Illuminate\Foundation\Testing\Concerns\InteractsWithTestCaseLifecycle.php:101
C:\projetos\sistema\backend\vendor\laravel\framework\src\Illuminate\Foundation\Testing\TestCase.php:63
C:\projetos\sistema\backend\tests\Feature\ExternalApiTechSyncTest.php:24</error>
        </testcase>
        <testcase name="test_states_list" file="C:\projetos\sistema\backend\tests\Feature\ExternalApiTechSyncTest.php" line="66" class="Tests\Feature\ExternalApiTechSyncTest" classname="Tests.Feature.ExternalApiTechSyncTest" assertions="0" time="0.000000">
          <error type="PDOException">Tests\Feature\ExternalApiTechSyncTest::test_states_list&#13;
PDOException: There is already an active transaction
&#13;
C:\projetos\sistema\backend\vendor\laravel\framework\src\Illuminate\Database\SQLiteConnection.php:38
C:\projetos\sistema\backend\vendor\laravel\framework\src\Illuminate\Database\Concerns\ManagesTransactions.php:154
C:\projetos\sistema\backend\vendor\laravel\framework\src\Illuminate\Database\Concerns\ManagesTransactions.php:130
C:\projetos\sistema\backend\vendor\laravel\framework\src\Illuminate\Foundation\Testing\RefreshDatabase.php:147
C:\projetos\sistema\backend\vendor\laravel\framework\src\Illuminate\Foundation\Testing\RefreshDatabase.php:93
C:\projetos\sistema\backend\vendor\laravel\framework\src\Illuminate\Foundation\Testing\RefreshDatabase.php:25
C:\projetos\sistema\backend\vendor\laravel\framework\src\Illuminate\Foundation\Testing\Concerns\InteractsWithTestCaseLifecycle.php:217
C:\projetos\sistema\backend\vendor\laravel\framework\src\Illuminate\Foundation\Testing\Concerns\InteractsWithTestCaseLifecycle.php:101
C:\projetos\sistema\backend\vendor\laravel\framework\src\Illuminate\Foundation\Testing\TestCase.php:63
C:\projetos\sistema\backend\tests\Feature\ExternalApiTechSyncTest.php:24</error>
        </testcase>
        <testcase name="test_cities_by_state" file="C:\projetos\sistema\backend\tests\Feature\ExternalApiTechSyncTest.php" line="72" class="Tests\Feature\ExternalApiTechSyncTest" classname="Tests.Feature.ExternalApiTechSyncTest" assertions="0" time="0.000000">
          <error type="PDOException">Tests\Feature\ExternalApiTechSyncTest::test_cities_by_state&#13;
PDOException: There is already an active transaction
&#13;
C:\projetos\sistema\backend\vendor\laravel\framework\src\Illuminate\Database\SQLiteConnection.php:38
C:\projetos\sistema\backend\vendor\laravel\framework\src\Illuminate\Database\Concerns\ManagesTransactions.php:154
C:\projetos\sistema\backend\vendor\laravel\framework\src\Illuminate\Database\Concerns\ManagesTransactions.php:130
C:\projetos\sistema\backend\vendor\laravel\framework\src\Illuminate\Foundation\Testing\RefreshDatabase.php:147
C:\projetos\sistema\backend\vendor\laravel\framework\src\Illuminate\Foundation\Testing\RefreshDatabase.php:93
C:\projetos\sistema\backend\vendor\laravel\framework\src\Illuminate\Foundation\Testing\RefreshDatabase.php:25
C:\projetos\sistema\backend\vendor\laravel\framework\src\Illuminate\Foundation\Testing\Concerns\InteractsWithTestCaseLifecycle.php:217
C:\projetos\sistema\backend\vendor\laravel\framework\src\Illuminate\Foundation\Testing\Concerns\InteractsWithTestCaseLifecycle.php:101
C:\projetos\sistema\backend\vendor\laravel\framework\src\Illuminate\Foundation\Testing\TestCase.php:63
C:\projetos\sistema\backend\tests\Feature\ExternalApiTechSyncTest.php:24</error>
        </testcase>
        <testcase name="test_tech_sync_pull" file="C:\projetos\sistema\backend\tests\Feature\ExternalApiTechSyncTest.php" line="80" class="Tests\Feature\ExternalApiTechSyncTest" classname="Tests.Feature.ExternalApiTechSyncTest" assertions="0" time="0.000000">
          <error type="PDOException">Tests\Feature\ExternalApiTechSyncTest::test_tech_sync_pull&#13;
PDOException: There is already an active transaction
&#13;
C:\projetos\sistema\backend\vendor\laravel\framework\src\Illuminate\Database\SQLiteConnection.php:38
C:\projetos\sistema\backend\vendor\laravel\framework\src\Illuminate\Database\Concerns\ManagesTransactions.php:154
C:\projetos\sistema\backend\vendor\laravel\framework\src\Illuminate\Database\Concerns\ManagesTransactions.php:130
C:\projetos\sistema\backend\vendor\laravel\framework\src\Illuminate\Foundation\Testing\RefreshDatabase.php:147
C:\projetos\sistema\backend\vendor\laravel\framework\src\Illuminate\Foundation\Testing\RefreshDatabase.php:93
C:\projetos\sistema\backend\vendor\laravel\framework\src\Illuminate\Foundation\Testing\RefreshDatabase.php:25
C:\projetos\sistema\backend\vendor\laravel\framework\src\Illuminate\Foundation\Testing\Concerns\InteractsWithTestCaseLifecycle.php:217
C:\projetos\sistema\backend\vendor\laravel\framework\src\Illuminate\Foundation\Testing\Concerns\InteractsWithTestCaseLifecycle.php:101
C:\projetos\sistema\backend\vendor\laravel\framework\src\Illuminate\Foundation\Testing\TestCase.php:63
C:\projetos\sistema\backend\tests\Feature\ExternalApiTechSyncTest.php:24</error>
        </testcase>
        <testcase name="test_tech_sync_batch_push" file="C:\projetos\sistema\backend\tests\Feature\ExternalApiTechSyncTest.php" line="86" class="Tests\Feature\ExternalApiTechSyncTest" classname="Tests.Feature.ExternalApiTechSyncTest" assertions="0" time="0.000000">
          <error type="PDOException">Tests\Feature\ExternalApiTechSyncTest::test_tech_sync_batch_push&#13;
PDOException: There is already an active transaction
&#13;
C:\projetos\sistema\backend\vendor\laravel\framework\src\Illuminate\Database\SQLiteConnection.php:38
C:\projetos\sistema\backend\vendor\laravel\framework\src\Illuminate\Database\Concerns\ManagesTransactions.php:154
C:\projetos\sistema\backend\vendor\laravel\framework\src\Illuminate\Database\Concerns\ManagesTransactions.php:130
C:\projetos\sistema\backend\vendor\laravel\framework\src\Illuminate\Foundation\Testing\RefreshDatabase.php:147
C:\projetos\sistema\backend\vendor\laravel\framework\src\Illuminate\Foundation\Testing\RefreshDatabase.php:93
C:\projetos\sistema\backend\vendor\laravel\framework\src\Illuminate\Foundation\Testing\RefreshDatabase.php:25
C:\projetos\sistema\backend\vendor\laravel\framework\src\Illuminate\Foundation\Testing\Concerns\InteractsWithTestCaseLifecycle.php:217
C:\projetos\sistema\backend\vendor\laravel\framework\src\Illuminate\Foundation\Testing\Concerns\InteractsWithTestCaseLifecycle.php:101
C:\projetos\sistema\backend\vendor\laravel\framework\src\Illuminate\Foundation\Testing\TestCase.php:63
C:\projetos\sistema\backend\tests\Feature\ExternalApiTechSyncTest.php:24</error>
        </testcase>
      </testsuite>
      <testsuite name="Tests\Feature\ExternalApiTest" file="C:\projetos\sistema\backend\tests\Feature\ExternalApiTest.php" tests="8" assertions="0" errors="8" failures="0" skipped="0" time="0.000000">
        <testcase name="test_cep_lookup_returns_address" file="C:\projetos\sistema\backend\tests\Feature\ExternalApiTest.php" line="31" class="Tests\Feature\ExternalApiTest" classname="Tests.Feature.ExternalApiTest" assertions="0" time="0.000000">
          <error type="PDOException">Tests\Feature\ExternalApiTest::test_cep_lookup_returns_address&#13;
PDOException: There is already an active transaction
&#13;
C:\projetos\sistema\backend\vendor\laravel\framework\src\Illuminate\Database\SQLiteConnection.php:38
C:\projetos\sistema\backend\vendor\laravel\framework\src\Illuminate\Database\Concerns\ManagesTransactions.php:154
C:\projetos\sistema\backend\vendor\laravel\framework\src\Illuminate\Database\Concerns\ManagesTransactions.php:130
C:\projetos\sistema\backend\vendor\laravel\framework\src\Illuminate\Foundation\Testing\RefreshDatabase.php:147
C:\projetos\sistema\backend\vendor\laravel\framework\src\Illuminate\Foundation\Testing\RefreshDatabase.php:93
C:\projetos\sistema\backend\vendor\laravel\framework\src\Illuminate\Foundation\Testing\RefreshDatabase.php:25
C:\projetos\sistema\backend\vendor\laravel\framework\src\Illuminate\Foundation\Testing\LazilyRefreshDatabase.php:33
C:\projetos\sistema\backend\vendor\laravel\framework\src\Illuminate\Database\Connection.php:783
C:\projetos\sistema\backend\vendor\laravel\framework\src\Illuminate\Database\Connection.php:573
C:\projetos\sistema\backend\vendor\laravel\framework\src\Illuminate\Database\Connection.php:537
C:\projetos\sistema\backend\vendor\laravel\framework\src\Illuminate\Database\Query\Processors\Processor.php:32
C:\projetos\sistema\backend\vendor\laravel\framework\src\Illuminate\Database\Query\Builder.php:4054
C:\projetos\sistema\backend\vendor\laravel\framework\src\Illuminate\Database\Eloquent\Builder.php:2235
C:\projetos\sistema\backend\vendor\laravel\framework\src\Illuminate\Database\Eloquent\Model.php:1436
C:\projetos\sistema\backend\vendor\laravel\framework\src\Illuminate\Database\Eloquent\Model.php:1401
C:\projetos\sistema\backend\vendor\laravel\framework\src\Illuminate\Database\Eloquent\Model.php:1240
C:\projetos\sistema\backend\vendor\laravel\framework\src\Illuminate\Database\Eloquent\Factories\Factory.php:370
C:\projetos\sistema\backend\vendor\laravel\framework\src\Illuminate\Collections\Traits\EnumeratesValues.php:275
C:\projetos\sistema\backend\vendor\laravel\framework\src\Illuminate\Database\Eloquent\Factories\Factory.php:365
C:\projetos\sistema\backend\vendor\laravel\framework\src\Illuminate\Database\Eloquent\Factories\Factory.php:321
C:\projetos\sistema\backend\tests\Feature\ExternalApiTest.php:26</error>
        </testcase>
        <testcase name="test_cep_not_found_returns_404" file="C:\projetos\sistema\backend\tests\Feature\ExternalApiTest.php" line="53" class="Tests\Feature\ExternalApiTest" classname="Tests.Feature.ExternalApiTest" assertions="0" time="0.000000">
          <error type="PDOException">Tests\Feature\ExternalApiTest::test_cep_not_found_returns_404&#13;
PDOException: There is already an active transaction
&#13;
C:\projetos\sistema\backend\vendor\laravel\framework\src\Illuminate\Database\SQLiteConnection.php:38
C:\projetos\sistema\backend\vendor\laravel\framework\src\Illuminate\Database\Concerns\ManagesTransactions.php:154
C:\projetos\sistema\backend\vendor\laravel\framework\src\Illuminate\Database\Concerns\ManagesTransactions.php:130
C:\projetos\sistema\backend\vendor\laravel\framework\src\Illuminate\Foundation\Testing\RefreshDatabase.php:147
C:\projetos\sistema\backend\vendor\laravel\framework\src\Illuminate\Foundation\Testing\RefreshDatabase.php:93
C:\projetos\sistema\backend\vendor\laravel\framework\src\Illuminate\Foundation\Testing\RefreshDatabase.php:25
C:\projetos\sistema\backend\vendor\laravel\framework\src\Illuminate\Foundation\Testing\LazilyRefreshDatabase.php:33
C:\projetos\sistema\backend\vendor\laravel\framework\src\Illuminate\Database\Connection.php:783
C:\projetos\sistema\backend\vendor\laravel\framework\src\Illuminate\Database\Connection.php:573
C:\projetos\sistema\backend\vendor\laravel\framework\src\Illuminate\Database\Connection.php:537
C:\projetos\sistema\backend\vendor\laravel\framework\src\Illuminate\Database\Query\Processors\Processor.php:32
C:\projetos\sistema\backend\vendor\laravel\framework\src\Illuminate\Database\Query\Builder.php:4054
C:\projetos\sistema\backend\vendor\laravel\framework\src\Illuminate\Database\Eloquent\Builder.php:2235
C:\projetos\sistema\backend\vendor\laravel\framework\src\Illuminate\Database\Eloquent\Model.php:1436
C:\projetos\sistema\backend\vendor\laravel\framework\src\Illuminate\Database\Eloquent\Model.php:1401
C:\projetos\sistema\backend\vendor\laravel\framework\src\Illuminate\Database\Eloquent\Model.php:1240
C:\projetos\sistema\backend\vendor\laravel\framework\src\Illuminate\Database\Eloquent\Factories\Factory.php:370
C:\projetos\sistema\backend\vendor\laravel\framework\src\Illuminate\Collections\Traits\EnumeratesValues.php:275
C:\projetos\sistema\backend\vendor\laravel\framework\src\Illuminate\Database\Eloquent\Factories\Factory.php:365
C:\projetos\sistema\backend\vendor\laravel\framework\src\Illuminate\Database\Eloquent\Factories\Factory.php:321
C:\projetos\sistema\backend\tests\Feature\ExternalApiTest.php:26</error>
        </testcase>
        <testcase name="test_cnpj_lookup_returns_company_data" file="C:\projetos\sistema\backend\tests\Feature\ExternalApiTest.php" line="63" class="Tests\Feature\ExternalApiTest" classname="Tests.Feature.ExternalApiTest" assertions="0" time="0.000000">
          <error type="PDOException">Tests\Feature\ExternalApiTest::test_cnpj_lookup_returns_company_data&#13;
PDOException: There is already an active transaction
&#13;
C:\projetos\sistema\backend\vendor\laravel\framework\src\Illuminate\Database\SQLiteConnection.php:38
C:\projetos\sistema\backend\vendor\laravel\framework\src\Illuminate\Database\Concerns\ManagesTransactions.php:154
C:\projetos\sistema\backend\vendor\laravel\framework\src\Illuminate\Database\Concerns\ManagesTransactions.php:130
C:\projetos\sistema\backend\vendor\laravel\framework\src\Illuminate\Foundation\Testing\RefreshDatabase.php:147
C:\projetos\sistema\backend\vendor\laravel\framework\src\Illuminate\Foundation\Testing\RefreshDatabase.php:93
C:\projetos\sistema\backend\vendor\laravel\framework\src\Illuminate\Foundation\Testing\RefreshDatabase.php:25
C:\projetos\sistema\backend\vendor\laravel\framework\src\Illuminate\Foundation\Testing\LazilyRefreshDatabase.php:33
C:\projetos\sistema\backend\vendor\laravel\framework\src\Illuminate\Database\Connection.php:783
C:\projetos\sistema\backend\vendor\laravel\framework\src\Illuminate\Database\Connection.php:573
C:\projetos\sistema\backend\vendor\laravel\framework\src\Illuminate\Database\Connection.php:537
C:\projetos\sistema\backend\vendor\laravel\framework\src\Illuminate\Database\Query\Processors\Processor.php:32
C:\projetos\sistema\backend\vendor\laravel\framework\src\Illuminate\Database\Query\Builder.php:4054
C:\projetos\sistema\backend\vendor\laravel\framework\src\Illuminate\Database\Eloquent\Builder.php:2235
C:\projetos\sistema\backend\vendor\laravel\framework\src\Illuminate\Database\Eloquent\Model.php:1436
C:\projetos\sistema\backend\vendor\laravel\framework\src\Illuminate\Database\Eloquent\Model.php:1401
C:\projetos\sistema\backend\vendor\laravel\framework\src\Illuminate\Database\Eloquent\Model.php:1240
C:\projetos\sistema\backend\vendor\laravel\framework\src\Illuminate\Database\Eloquent\Factories\Factory.php:370
C:\projetos\sistema\backend\vendor\laravel\framework\src\Illuminate\Collections\Traits\EnumeratesValues.php:275
C:\projetos\sistema\backend\vendor\laravel\framework\src\Illuminate\Database\Eloquent\Factories\Factory.php:365
C:\projetos\sistema\backend\vendor\laravel\framework\src\Illuminate\Database\Eloquent\Factories\Factory.php:321
C:\projetos\sistema\backend\tests\Feature\ExternalApiTest.php:26</error>
        </testcase>
        <testcase name="test_cnpj_not_found_returns_404" file="C:\projetos\sistema\backend\tests\Feature\ExternalApiTest.php" line="94" class="Tests\Feature\ExternalApiTest" classname="Tests.Feature.ExternalApiTest" assertions="0" time="0.000000">
          <error type="PDOException">Tests\Feature\ExternalApiTest::test_cnpj_not_found_returns_404&#13;
PDOException: There is already an active transaction
&#13;
C:\projetos\sistema\backend\vendor\laravel\framework\src\Illuminate\Database\SQLiteConnection.php:38
C:\projetos\sistema\backend\vendor\laravel\framework\src\Illuminate\Database\Concerns\ManagesTransactions.php:154
C:\projetos\sistema\backend\vendor\laravel\framework\src\Illuminate\Database\Concerns\ManagesTransactions.php:130
C:\projetos\sistema\backend\vendor\laravel\framework\src\Illuminate\Foundation\Testing\RefreshDatabase.php:147
C:\projetos\sistema\backend\vendor\laravel\framework\src\Illuminate\Foundation\Testing\RefreshDatabase.php:93
C:\projetos\sistema\backend\vendor\laravel\framework\src\Illuminate\Foundation\Testing\RefreshDatabase.php:25
C:\projetos\sistema\backend\vendor\laravel\framework\src\Illuminate\Foundation\Testing\LazilyRefreshDatabase.php:33
C:\projetos\sistema\backend\vendor\laravel\framework\src\Illuminate\Database\Connection.php:783
C:\projetos\sistema\backend\vendor\laravel\framework\src\Illuminate\Database\Connection.php:573
C:\projetos\sistema\backend\vendor\laravel\framework\src\Illuminate\Database\Connection.php:537
C:\projetos\sistema\backend\vendor\laravel\framework\src\Illuminate\Database\Query\Processors\Processor.php:32
C:\projetos\sistema\backend\vendor\laravel\framework\src\Illuminate\Database\Query\Builder.php:4054
C:\projetos\sistema\backend\vendor\laravel\framework\src\Illuminate\Database\Eloquent\Builder.php:2235
C:\projetos\sistema\backend\vendor\laravel\framework\src\Illuminate\Database\Eloquent\Model.php:1436
C:\projetos\sistema\backend\vendor\laravel\framework\src\Illuminate\Database\Eloquent\Model.php:1401
C:\projetos\sistema\backend\vendor\laravel\framework\src\Illuminate\Database\Eloquent\Model.php:1240
C:\projetos\sistema\backend\vendor\laravel\framework\src\Illuminate\Database\Eloquent\Factories\Factory.php:370
C:\projetos\sistema\backend\vendor\laravel\framework\src\Illuminate\Collections\Traits\EnumeratesValues.php:275
C:\projetos\sistema\backend\vendor\laravel\framework\src\Illuminate\Database\Eloquent\Factories\Factory.php:365
C:\projetos\sistema\backend\vendor\laravel\framework\src\Illuminate\Database\Eloquent\Factories\Factory.php:321
C:\projetos\sistema\backend\tests\Feature\ExternalApiTest.php:26</error>
        </testcase>
        <testcase name="test_ibge_states_returns_list" file="C:\projetos\sistema\backend\tests\Feature\ExternalApiTest.php" line="104" class="Tests\Feature\ExternalApiTest" classname="Tests.Feature.ExternalApiTest" assertions="0" time="0.000000">
          <error type="PDOException">Tests\Feature\ExternalApiTest::test_ibge_states_returns_list&#13;
PDOException: There is already an active transaction
&#13;
C:\projetos\sistema\backend\vendor\laravel\framework\src\Illuminate\Database\SQLiteConnection.php:38
C:\projetos\sistema\backend\vendor\laravel\framework\src\Illuminate\Database\Concerns\ManagesTransactions.php:154
C:\projetos\sistema\backend\vendor\laravel\framework\src\Illuminate\Database\Concerns\ManagesTransactions.php:130
C:\projetos\sistema\backend\vendor\laravel\framework\src\Illuminate\Foundation\Testing\RefreshDatabase.php:147
C:\projetos\sistema\backend\vendor\laravel\framework\src\Illuminate\Foundation\Testing\RefreshDatabase.php:93
C:\projetos\sistema\backend\vendor\laravel\framework\src\Illuminate\Foundation\Testing\RefreshDatabase.php:25
C:\projetos\sistema\backend\vendor\laravel\framework\src\Illuminate\Foundation\Testing\LazilyRefreshDatabase.php:33
C:\projetos\sistema\backend\vendor\laravel\framework\src\Illuminate\Database\Connection.php:783
C:\projetos\sistema\backend\vendor\laravel\framework\src\Illuminate\Database\Connection.php:573
C:\projetos\sistema\backend\vendor\laravel\framework\src\Illuminate\Database\Connection.php:537
C:\projetos\sistema\backend\vendor\laravel\framework\src\Illuminate\Database\Query\Processors\Processor.php:32
C:\projetos\sistema\backend\vendor\laravel\framework\src\Illuminate\Database\Query\Builder.php:4054
C:\projetos\sistema\backend\vendor\laravel\framework\src\Illuminate\Database\Eloquent\Builder.php:2235
C:\projetos\sistema\backend\vendor\laravel\framework\src\Illuminate\Database\Eloquent\Model.php:1436
C:\projetos\sistema\backend\vendor\laravel\framework\src\Illuminate\Database\Eloquent\Model.php:1401
C:\projetos\sistema\backend\vendor\laravel\framework\src\Illuminate\Database\Eloquent\Model.php:1240
C:\projetos\sistema\backend\vendor\laravel\framework\src\Illuminate\Database\Eloquent\Factories\Factory.php:370
C:\projetos\sistema\backend\vendor\laravel\framework\src\Illuminate\Collections\Traits\EnumeratesValues.php:275
C:\projetos\sistema\backend\vendor\laravel\framework\src\Illuminate\Database\Eloquent\Factories\Factory.php:365
C:\projetos\sistema\backend\vendor\laravel\framework\src\Illuminate\Database\Eloquent\Factories\Factory.php:321
C:\projetos\sistema\backend\tests\Feature\ExternalApiTest.php:26</error>
        </testcase>
        <testcase name="test_ibge_cities_returns_list" file="C:\projetos\sistema\backend\tests\Feature\ExternalApiTest.php" line="119" class="Tests\Feature\ExternalApiTest" classname="Tests.Feature.ExternalApiTest" assertions="0" time="0.000000">
          <error type="PDOException">Tests\Feature\ExternalApiTest::test_ibge_cities_returns_list&#13;
PDOException: There is already an active transaction
&#13;
C:\projetos\sistema\backend\vendor\laravel\framework\src\Illuminate\Database\SQLiteConnection.php:38
C:\projetos\sistema\backend\vendor\laravel\framework\src\Illuminate\Database\Concerns\ManagesTransactions.php:154
C:\projetos\sistema\backend\vendor\laravel\framework\src\Illuminate\Database\Concerns\ManagesTransactions.php:130
C:\projetos\sistema\backend\vendor\laravel\framework\src\Illuminate\Foundation\Testing\RefreshDatabase.php:147
C:\projetos\sistema\backend\vendor\laravel\framework\src\Illuminate\Foundation\Testing\RefreshDatabase.php:93
C:\projetos\sistema\backend\vendor\laravel\framework\src\Illuminate\Foundation\Testing\RefreshDatabase.php:25
C:\projetos\sistema\backend\vendor\laravel\framework\src\Illuminate\Foundation\Testing\LazilyRefreshDatabase.php:33
C:\projetos\sistema\backend\vendor\laravel\framework\src\Illuminate\Database\Connection.php:783
C:\projetos\sistema\backend\vendor\laravel\framework\src\Illuminate\Database\Connection.php:573
C:\projetos\sistema\backend\vendor\laravel\framework\src\Illuminate\Database\Connection.php:537
C:\projetos\sistema\backend\vendor\laravel\framework\src\Illuminate\Database\Query\Processors\Processor.php:32
C:\projetos\sistema\backend\vendor\laravel\framework\src\Illuminate\Database\Query\Builder.php:4054
C:\projetos\sistema\backend\vendor\laravel\framework\src\Illuminate\Database\Eloquent\Builder.php:2235
C:\projetos\sistema\backend\vendor\laravel\framework\src\Illuminate\Database\Eloquent\Model.php:1436
C:\projetos\sistema\backend\vendor\laravel\framework\src\Illuminate\Database\Eloquent\Model.php:1401
C:\projetos\sistema\backend\vendor\laravel\framework\src\Illuminate\Database\Eloquent\Model.php:1240
C:\projetos\sistema\backend\vendor\laravel\framework\src\Illuminate\Database\Eloquent\Factories\Factory.php:370
C:\projetos\sistema\backend\vendor\laravel\framework\src\Illuminate\Collections\Traits\EnumeratesValues.php:275
C:\projetos\sistema\backend\vendor\laravel\framework\src\Illuminate\Database\Eloquent\Factories\Factory.php:365
C:\projetos\sistema\backend\vendor\laravel\framework\src\Illuminate\Database\Eloquent\Factories\Factory.php:321
C:\projetos\sistema\backend\tests\Feature\ExternalApiTest.php:26</error>
        </testcase>
        <testcase name="test_holidays_returns_list" file="C:\projetos\sistema\backend\tests\Feature\ExternalApiTest.php" line="134" class="Tests\Feature\ExternalApiTest" classname="Tests.Feature.ExternalApiTest" assertions="0" time="0.000000">
          <error type="PDOException">Tests\Feature\ExternalApiTest::test_holidays_returns_list&#13;
PDOException: There is already an active transaction
&#13;
C:\projetos\sistema\backend\vendor\laravel\framework\src\Illuminate\Database\SQLiteConnection.php:38
C:\projetos\sistema\backend\vendor\laravel\framework\src\Illuminate\Database\Concerns\ManagesTransactions.php:154
C:\projetos\sistema\backend\vendor\laravel\framework\src\Illuminate\Database\Concerns\ManagesTransactions.php:130
C:\projetos\sistema\backend\vendor\laravel\framework\src\Illuminate\Foundation\Testing\RefreshDatabase.php:147
C:\projetos\sistema\backend\vendor\laravel\framework\src\Illuminate\Foundation\Testing\RefreshDatabase.php:93
C:\projetos\sistema\backend\vendor\laravel\framework\src\Illuminate\Foundation\Testing\RefreshDatabase.php:25
C:\projetos\sistema\backend\vendor\laravel\framework\src\Illuminate\Foundation\Testing\LazilyRefreshDatabase.php:33
C:\projetos\sistema\backend\vendor\laravel\framework\src\Illuminate\Database\Connection.php:783
C:\projetos\sistema\backend\vendor\laravel\framework\src\Illuminate\Database\Connection.php:573
C:\projetos\sistema\backend\vendor\laravel\framework\src\Illuminate\Database\Connection.php:537
C:\projetos\sistema\backend\vendor\laravel\framework\src\Illuminate\Database\Query\Processors\Processor.php:32
C:\projetos\sistema\backend\vendor\laravel\framework\src\Illuminate\Database\Query\Builder.php:4054
C:\projetos\sistema\backend\vendor\laravel\framework\src\Illuminate\Database\Eloquent\Builder.php:2235
C:\projetos\sistema\backend\vendor\laravel\framework\src\Illuminate\Database\Eloquent\Model.php:1436
C:\projetos\sistema\backend\vendor\laravel\framework\src\Illuminate\Database\Eloquent\Model.php:1401
C:\projetos\sistema\backend\vendor\laravel\framework\src\Illuminate\Database\Eloquent\Model.php:1240
C:\projetos\sistema\backend\vendor\laravel\framework\src\Illuminate\Database\Eloquent\Factories\Factory.php:370
C:\projetos\sistema\backend\vendor\laravel\framework\src\Illuminate\Collections\Traits\EnumeratesValues.php:275
C:\projetos\sistema\backend\vendor\laravel\framework\src\Illuminate\Database\Eloquent\Factories\Factory.php:365
C:\projetos\sistema\backend\vendor\laravel\framework\src\Illuminate\Database\Eloquent\Factories\Factory.php:321
C:\projetos\sistema\backend\tests\Feature\ExternalApiTest.php:26</error>
        </testcase>
        <testcase name="test_holiday_service_business_days" file="C:\projetos\sistema\backend\tests\Feature\ExternalApiTest.php" line="149" class="Tests\Feature\ExternalApiTest" classname="Tests.Feature.ExternalApiTest" assertions="0" time="0.000000">
          <error type="PDOException">Tests\Feature\ExternalApiTest::test_holiday_service_business_days&#13;
PDOException: There is already an active transaction
&#13;
C:\projetos\sistema\backend\vendor\laravel\framework\src\Illuminate\Database\SQLiteConnection.php:38
C:\projetos\sistema\backend\vendor\laravel\framework\src\Illuminate\Database\Concerns\ManagesTransactions.php:154
C:\projetos\sistema\backend\vendor\laravel\framework\src\Illuminate\Database\Concerns\ManagesTransactions.php:130
C:\projetos\sistema\backend\vendor\laravel\framework\src\Illuminate\Foundation\Testing\RefreshDatabase.php:147
C:\projetos\sistema\backend\vendor\laravel\framework\src\Illuminate\Foundation\Testing\RefreshDatabase.php:93
C:\projetos\sistema\backend\vendor\laravel\framework\src\Illuminate\Foundation\Testing\RefreshDatabase.php:25
C:\projetos\sistema\backend\vendor\laravel\framework\src\Illuminate\Foundation\Testing\LazilyRefreshDatabase.php:33
C:\projetos\sistema\backend\vendor\laravel\framework\src\Illuminate\Database\Connection.php:783
C:\projetos\sistema\backend\vendor\laravel\framework\src\Illuminate\Database\Connection.php:573
C:\projetos\sistema\backend\vendor\laravel\framework\src\Illuminate\Database\Connection.php:537
C:\projetos\sistema\backend\vendor\laravel\framework\src\Illuminate\Database\Query\Processors\Processor.php:32
C:\projetos\sistema\backend\vendor\laravel\framework\src\Illuminate\Database\Query\Builder.php:4054
C:\projetos\sistema\backend\vendor\laravel\framework\src\Illuminate\Database\Eloquent\Builder.php:2235
C:\projetos\sistema\backend\vendor\laravel\framework\src\Illuminate\Database\Eloquent\Model.php:1436
C:\projetos\sistema\backend\vendor\laravel\framework\src\Illuminate\Database\Eloquent\Model.php:1401
C:\projetos\sistema\backend\vendor\laravel\framework\src\Illuminate\Database\Eloquent\Model.php:1240
C:\projetos\sistema\backend\vendor\laravel\framework\src\Illuminate\Database\Eloquent\Factories\Factory.php:370
C:\projetos\sistema\backend\vendor\laravel\framework\src\Illuminate\Collections\Traits\EnumeratesValues.php:275
C:\projetos\sistema\backend\vendor\laravel\framework\src\Illuminate\Database\Eloquent\Factories\Factory.php:365
C:\projetos\sistema\backend\vendor\laravel\framework\src\Illuminate\Database\Eloquent\Factories\Factory.php:321
C:\projetos\sistema\backend\tests\Feature\ExternalApiTest.php:26</error>
        </testcase>
      </testsuite>
      <testsuite name="Tests\Feature\FinanceTest" file="C:\projetos\sistema\backend\tests\Feature\FinanceTest.php" tests="38" assertions="0" errors="38" failures="0" skipped="0" time="0.000000">
        <testcase name="test_create_invoice" file="C:\projetos\sistema\backend\tests\Feature\FinanceTest.php" line="53" class="Tests\Feature\FinanceTest" classname="Tests.Feature.FinanceTest" assertions="0" time="0.000000">
          <error type="PDOException">Tests\Feature\FinanceTest::test_create_invoice&#13;
PDOException: There is already an active transaction
&#13;
C:\projetos\sistema\backend\vendor\laravel\framework\src\Illuminate\Database\SQLiteConnection.php:38
C:\projetos\sistema\backend\vendor\laravel\framework\src\Illuminate\Database\Concerns\ManagesTransactions.php:154
C:\projetos\sistema\backend\vendor\laravel\framework\src\Illuminate\Database\Concerns\ManagesTransactions.php:130
C:\projetos\sistema\backend\vendor\laravel\framework\src\Illuminate\Foundation\Testing\RefreshDatabase.php:147
C:\projetos\sistema\backend\vendor\laravel\framework\src\Illuminate\Foundation\Testing\RefreshDatabase.php:93
C:\projetos\sistema\backend\vendor\laravel\framework\src\Illuminate\Foundation\Testing\RefreshDatabase.php:25
C:\projetos\sistema\backend\vendor\laravel\framework\src\Illuminate\Foundation\Testing\Concerns\InteractsWithTestCaseLifecycle.php:217
C:\projetos\sistema\backend\vendor\laravel\framework\src\Illuminate\Foundation\Testing\Concerns\InteractsWithTestCaseLifecycle.php:101
C:\projetos\sistema\backend\vendor\laravel\framework\src\Illuminate\Foundation\Testing\TestCase.php:63
C:\projetos\sistema\backend\tests\Feature\FinanceTest.php:30</error>
        </testcase>
        <testcase name="test_create_invoice_accepts_notes_alias_and_maps_to_observations" file="C:\projetos\sistema\backend\tests\Feature\FinanceTest.php" line="68" class="Tests\Feature\FinanceTest" classname="Tests.Feature.FinanceTest" assertions="0" time="0.000000">
          <error type="PDOException">Tests\Feature\FinanceTest::test_create_invoice_accepts_notes_alias_and_maps_to_observations&#13;
PDOException: There is already an active transaction
&#13;
C:\projetos\sistema\backend\vendor\laravel\framework\src\Illuminate\Database\SQLiteConnection.php:38
C:\projetos\sistema\backend\vendor\laravel\framework\src\Illuminate\Database\Concerns\ManagesTransactions.php:154
C:\projetos\sistema\backend\vendor\laravel\framework\src\Illuminate\Database\Concerns\ManagesTransactions.php:130
C:\projetos\sistema\backend\vendor\laravel\framework\src\Illuminate\Foundation\Testing\RefreshDatabase.php:147
C:\projetos\sistema\backend\vendor\laravel\framework\src\Illuminate\Foundation\Testing\RefreshDatabase.php:93
C:\projetos\sistema\backend\vendor\laravel\framework\src\Illuminate\Foundation\Testing\RefreshDatabase.php:25
C:\projetos\sistema\backend\vendor\laravel\framework\src\Illuminate\Foundation\Testing\Concerns\InteractsWithTestCaseLifecycle.php:217
C:\projetos\sistema\backend\vendor\laravel\framework\src\Illuminate\Foundation\Testing\Concerns\InteractsWithTestCaseLifecycle.php:101
C:\projetos\sistema\backend\vendor\laravel\framework\src\Illuminate\Foundation\Testing\TestCase.php:63
C:\projetos\sistema\backend\tests\Feature\FinanceTest.php:30</error>
        </testcase>
        <testcase name="test_create_invoice_rejects_foreign_tenant_customer_and_work_order" file="C:\projetos\sistema\backend\tests\Feature\FinanceTest.php" line="79" class="Tests\Feature\FinanceTest" classname="Tests.Feature.FinanceTest" assertions="0" time="0.000000">
          <error type="PDOException">Tests\Feature\FinanceTest::test_create_invoice_rejects_foreign_tenant_customer_and_work_order&#13;
PDOException: There is already an active transaction
&#13;
C:\projetos\sistema\backend\vendor\laravel\framework\src\Illuminate\Database\SQLiteConnection.php:38
C:\projetos\sistema\backend\vendor\laravel\framework\src\Illuminate\Database\Concerns\ManagesTransactions.php:154
C:\projetos\sistema\backend\vendor\laravel\framework\src\Illuminate\Database\Concerns\ManagesTransactions.php:130
C:\projetos\sistema\backend\vendor\laravel\framework\src\Illuminate\Foundation\Testing\RefreshDatabase.php:147
C:\projetos\sistema\backend\vendor\laravel\framework\src\Illuminate\Foundation\Testing\RefreshDatabase.php:93
C:\projetos\sistema\backend\vendor\laravel\framework\src\Illuminate\Foundation\Testing\RefreshDatabase.php:25
C:\projetos\sistema\backend\vendor\laravel\framework\src\Illuminate\Foundation\Testing\Concerns\InteractsWithTestCaseLifecycle.php:217
C:\projetos\sistema\backend\vendor\laravel\framework\src\Illuminate\Foundation\Testing\Concerns\InteractsWithTestCaseLifecycle.php:101
C:\projetos\sistema\backend\vendor\laravel\framework\src\Illuminate\Foundation\Testing\TestCase.php:63
C:\projetos\sistema\backend\tests\Feature\FinanceTest.php:30</error>
        </testcase>
        <testcase name="test_list_invoices" file="C:\projetos\sistema\backend\tests\Feature\FinanceTest.php" line="101" class="Tests\Feature\FinanceTest" classname="Tests.Feature.FinanceTest" assertions="0" time="0.000000">
          <error type="PDOException">Tests\Feature\FinanceTest::test_list_invoices&#13;
PDOException: There is already an active transaction
&#13;
C:\projetos\sistema\backend\vendor\laravel\framework\src\Illuminate\Database\SQLiteConnection.php:38
C:\projetos\sistema\backend\vendor\laravel\framework\src\Illuminate\Database\Concerns\ManagesTransactions.php:154
C:\projetos\sistema\backend\vendor\laravel\framework\src\Illuminate\Database\Concerns\ManagesTransactions.php:130
C:\projetos\sistema\backend\vendor\laravel\framework\src\Illuminate\Foundation\Testing\RefreshDatabase.php:147
C:\projetos\sistema\backend\vendor\laravel\framework\src\Illuminate\Foundation\Testing\RefreshDatabase.php:93
C:\projetos\sistema\backend\vendor\laravel\framework\src\Illuminate\Foundation\Testing\RefreshDatabase.php:25
C:\projetos\sistema\backend\vendor\laravel\framework\src\Illuminate\Foundation\Testing\Concerns\InteractsWithTestCaseLifecycle.php:217
C:\projetos\sistema\backend\vendor\laravel\framework\src\Illuminate\Foundation\Testing\Concerns\InteractsWithTestCaseLifecycle.php:101
C:\projetos\sistema\backend\vendor\laravel\framework\src\Illuminate\Foundation\Testing\TestCase.php:63
C:\projetos\sistema\backend\tests\Feature\FinanceTest.php:30</error>
        </testcase>
        <testcase name="test_show_invoice" file="C:\projetos\sistema\backend\tests\Feature\FinanceTest.php" line="115" class="Tests\Feature\FinanceTest" classname="Tests.Feature.FinanceTest" assertions="0" time="0.000000">
          <error type="PDOException">Tests\Feature\FinanceTest::test_show_invoice&#13;
PDOException: There is already an active transaction
&#13;
C:\projetos\sistema\backend\vendor\laravel\framework\src\Illuminate\Database\SQLiteConnection.php:38
C:\projetos\sistema\backend\vendor\laravel\framework\src\Illuminate\Database\Concerns\ManagesTransactions.php:154
C:\projetos\sistema\backend\vendor\laravel\framework\src\Illuminate\Database\Concerns\ManagesTransactions.php:130
C:\projetos\sistema\backend\vendor\laravel\framework\src\Illuminate\Foundation\Testing\RefreshDatabase.php:147
C:\projetos\sistema\backend\vendor\laravel\framework\src\Illuminate\Foundation\Testing\RefreshDatabase.php:93
C:\projetos\sistema\backend\vendor\laravel\framework\src\Illuminate\Foundation\Testing\RefreshDatabase.php:25
C:\projetos\sistema\backend\vendor\laravel\framework\src\Illuminate\Foundation\Testing\Concerns\InteractsWithTestCaseLifecycle.php:217
C:\projetos\sistema\backend\vendor\laravel\framework\src\Illuminate\Foundation\Testing\Concerns\InteractsWithTestCaseLifecycle.php:101
C:\projetos\sistema\backend\vendor\laravel\framework\src\Illuminate\Foundation\Testing\TestCase.php:63
C:\projetos\sistema\backend\tests\Feature\FinanceTest.php:30</error>
        </testcase>
        <testcase name="test_update_invoice_status_to_issued" file="C:\projetos\sistema\backend\tests\Feature\FinanceTest.php" line="129" class="Tests\Feature\FinanceTest" classname="Tests.Feature.FinanceTest" assertions="0" time="0.000000">
          <error type="PDOException">Tests\Feature\FinanceTest::test_update_invoice_status_to_issued&#13;
PDOException: There is already an active transaction
&#13;
C:\projetos\sistema\backend\vendor\laravel\framework\src\Illuminate\Database\SQLiteConnection.php:38
C:\projetos\sistema\backend\vendor\laravel\framework\src\Illuminate\Database\Concerns\ManagesTransactions.php:154
C:\projetos\sistema\backend\vendor\laravel\framework\src\Illuminate\Database\Concerns\ManagesTransactions.php:130
C:\projetos\sistema\backend\vendor\laravel\framework\src\Illuminate\Foundation\Testing\RefreshDatabase.php:147
C:\projetos\sistema\backend\vendor\laravel\framework\src\Illuminate\Foundation\Testing\RefreshDatabase.php:93
C:\projetos\sistema\backend\vendor\laravel\framework\src\Illuminate\Foundation\Testing\RefreshDatabase.php:25
C:\projetos\sistema\backend\vendor\laravel\framework\src\Illuminate\Foundation\Testing\Concerns\InteractsWithTestCaseLifecycle.php:217
C:\projetos\sistema\backend\vendor\laravel\framework\src\Illuminate\Foundation\Testing\Concerns\InteractsWithTestCaseLifecycle.php:101
C:\projetos\sistema\backend\vendor\laravel\framework\src\Illuminate\Foundation\Testing\TestCase.php:63
C:\projetos\sistema\backend\tests\Feature\FinanceTest.php:30</error>
        </testcase>
        <testcase name="test_invoice_invalid_status_transition_is_rejected" file="C:\projetos\sistema\backend\tests\Feature\FinanceTest.php" line="151" class="Tests\Feature\FinanceTest" classname="Tests.Feature.FinanceTest" assertions="0" time="0.000000">
          <error type="PDOException">Tests\Feature\FinanceTest::test_invoice_invalid_status_transition_is_rejected&#13;
PDOException: There is already an active transaction
&#13;
C:\projetos\sistema\backend\vendor\laravel\framework\src\Illuminate\Database\SQLiteConnection.php:38
C:\projetos\sistema\backend\vendor\laravel\framework\src\Illuminate\Database\Concerns\ManagesTransactions.php:154
C:\projetos\sistema\backend\vendor\laravel\framework\src\Illuminate\Database\Concerns\ManagesTransactions.php:130
C:\projetos\sistema\backend\vendor\laravel\framework\src\Illuminate\Foundation\Testing\RefreshDatabase.php:147
C:\projetos\sistema\backend\vendor\laravel\framework\src\Illuminate\Foundation\Testing\RefreshDatabase.php:93
C:\projetos\sistema\backend\vendor\laravel\framework\src\Illuminate\Foundation\Testing\RefreshDatabase.php:25
C:\projetos\sistema\backend\vendor\laravel\framework\src\Illuminate\Foundation\Testing\Concerns\InteractsWithTestCaseLifecycle.php:217
C:\projetos\sistema\backend\vendor\laravel\framework\src\Illuminate\Foundation\Testing\Concerns\InteractsWithTestCaseLifecycle.php:101
C:\projetos\sistema\backend\vendor\laravel\framework\src\Illuminate\Foundation\Testing\TestCase.php:63
C:\projetos\sistema\backend\tests\Feature\FinanceTest.php:30</error>
        </testcase>
        <testcase name="test_cancelled_invoice_cannot_be_edited" file="C:\projetos\sistema\backend\tests\Feature\FinanceTest.php" line="167" class="Tests\Feature\FinanceTest" classname="Tests.Feature.FinanceTest" assertions="0" time="0.000000">
          <error type="PDOException">Tests\Feature\FinanceTest::test_cancelled_invoice_cannot_be_edited&#13;
PDOException: There is already an active transaction
&#13;
C:\projetos\sistema\backend\vendor\laravel\framework\src\Illuminate\Database\SQLiteConnection.php:38
C:\projetos\sistema\backend\vendor\laravel\framework\src\Illuminate\Database\Concerns\ManagesTransactions.php:154
C:\projetos\sistema\backend\vendor\laravel\framework\src\Illuminate\Database\Concerns\ManagesTransactions.php:130
C:\projetos\sistema\backend\vendor\laravel\framework\src\Illuminate\Foundation\Testing\RefreshDatabase.php:147
C:\projetos\sistema\backend\vendor\laravel\framework\src\Illuminate\Foundation\Testing\RefreshDatabase.php:93
C:\projetos\sistema\backend\vendor\laravel\framework\src\Illuminate\Foundation\Testing\RefreshDatabase.php:25
C:\projetos\sistema\backend\vendor\laravel\framework\src\Illuminate\Foundation\Testing\Concerns\InteractsWithTestCaseLifecycle.php:217
C:\projetos\sistema\backend\vendor\laravel\framework\src\Illuminate\Foundation\Testing\Concerns\InteractsWithTestCaseLifecycle.php:101
C:\projetos\sistema\backend\vendor\laravel\framework\src\Illuminate\Foundation\Testing\TestCase.php:63
C:\projetos\sistema\backend\tests\Feature\FinanceTest.php:30</error>
        </testcase>
        <testcase name="test_delete_invoice" file="C:\projetos\sistema\backend\tests\Feature\FinanceTest.php" line="182" class="Tests\Feature\FinanceTest" classname="Tests.Feature.FinanceTest" assertions="0" time="0.000000">
          <error type="PDOException">Tests\Feature\FinanceTest::test_delete_invoice&#13;
PDOException: There is already an active transaction
&#13;
C:\projetos\sistema\backend\vendor\laravel\framework\src\Illuminate\Database\SQLiteConnection.php:38
C:\projetos\sistema\backend\vendor\laravel\framework\src\Illuminate\Database\Concerns\ManagesTransactions.php:154
C:\projetos\sistema\backend\vendor\laravel\framework\src\Illuminate\Database\Concerns\ManagesTransactions.php:130
C:\projetos\sistema\backend\vendor\laravel\framework\src\Illuminate\Foundation\Testing\RefreshDatabase.php:147
C:\projetos\sistema\backend\vendor\laravel\framework\src\Illuminate\Foundation\Testing\RefreshDatabase.php:93
C:\projetos\sistema\backend\vendor\laravel\framework\src\Illuminate\Foundation\Testing\RefreshDatabase.php:25
C:\projetos\sistema\backend\vendor\laravel\framework\src\Illuminate\Foundation\Testing\Concerns\InteractsWithTestCaseLifecycle.php:217
C:\projetos\sistema\backend\vendor\laravel\framework\src\Illuminate\Foundation\Testing\Concerns\InteractsWithTestCaseLifecycle.php:101
C:\projetos\sistema\backend\vendor\laravel\framework\src\Illuminate\Foundation\Testing\TestCase.php:63
C:\projetos\sistema\backend\tests\Feature\FinanceTest.php:30</error>
        </testcase>
        <testcase name="test_create_invoice_from_work_order" file="C:\projetos\sistema\backend\tests\Feature\FinanceTest.php" line="197" class="Tests\Feature\FinanceTest" classname="Tests.Feature.FinanceTest" assertions="0" time="0.000000">
          <error type="PDOException">Tests\Feature\FinanceTest::test_create_invoice_from_work_order&#13;
PDOException: There is already an active transaction
&#13;
C:\projetos\sistema\backend\vendor\laravel\framework\src\Illuminate\Database\SQLiteConnection.php:38
C:\projetos\sistema\backend\vendor\laravel\framework\src\Illuminate\Database\Concerns\ManagesTransactions.php:154
C:\projetos\sistema\backend\vendor\laravel\framework\src\Illuminate\Database\Concerns\ManagesTransactions.php:130
C:\projetos\sistema\backend\vendor\laravel\framework\src\Illuminate\Foundation\Testing\RefreshDatabase.php:147
C:\projetos\sistema\backend\vendor\laravel\framework\src\Illuminate\Foundation\Testing\RefreshDatabase.php:93
C:\projetos\sistema\backend\vendor\laravel\framework\src\Illuminate\Foundation\Testing\RefreshDatabase.php:25
C:\projetos\sistema\backend\vendor\laravel\framework\src\Illuminate\Foundation\Testing\Concerns\InteractsWithTestCaseLifecycle.php:217
C:\projetos\sistema\backend\vendor\laravel\framework\src\Illuminate\Foundation\Testing\Concerns\InteractsWithTestCaseLifecycle.php:101
C:\projetos\sistema\backend\vendor\laravel\framework\src\Illuminate\Foundation\Testing\TestCase.php:63
C:\projetos\sistema\backend\tests\Feature\FinanceTest.php:30</error>
        </testcase>
        <testcase name="test_cancel_last_invoice_reverts_work_order_status_to_delivered" file="C:\projetos\sistema\backend\tests\Feature\FinanceTest.php" line="220" class="Tests\Feature\FinanceTest" classname="Tests.Feature.FinanceTest" assertions="0" time="0.000000">
          <error type="PDOException">Tests\Feature\FinanceTest::test_cancel_last_invoice_reverts_work_order_status_to_delivered&#13;
PDOException: There is already an active transaction
&#13;
C:\projetos\sistema\backend\vendor\laravel\framework\src\Illuminate\Database\SQLiteConnection.php:38
C:\projetos\sistema\backend\vendor\laravel\framework\src\Illuminate\Database\Concerns\ManagesTransactions.php:154
C:\projetos\sistema\backend\vendor\laravel\framework\src\Illuminate\Database\Concerns\ManagesTransactions.php:130
C:\projetos\sistema\backend\vendor\laravel\framework\src\Illuminate\Foundation\Testing\RefreshDatabase.php:147
C:\projetos\sistema\backend\vendor\laravel\framework\src\Illuminate\Foundation\Testing\RefreshDatabase.php:93
C:\projetos\sistema\backend\vendor\laravel\framework\src\Illuminate\Foundation\Testing\RefreshDatabase.php:25
C:\projetos\sistema\backend\vendor\laravel\framework\src\Illuminate\Foundation\Testing\Concerns\InteractsWithTestCaseLifecycle.php:217
C:\projetos\sistema\backend\vendor\laravel\framework\src\Illuminate\Foundation\Testing\Concerns\InteractsWithTestCaseLifecycle.php:101
C:\projetos\sistema\backend\vendor\laravel\framework\src\Illuminate\Foundation\Testing\TestCase.php:63
C:\projetos\sistema\backend\tests\Feature\FinanceTest.php:30</error>
        </testcase>
        <testcase name="test_invoice_auto_generates_number" file="C:\projetos\sistema\backend\tests\Feature\FinanceTest.php" line="246" class="Tests\Feature\FinanceTest" classname="Tests.Feature.FinanceTest" assertions="0" time="0.000000">
          <error type="PDOException">Tests\Feature\FinanceTest::test_invoice_auto_generates_number&#13;
PDOException: There is already an active transaction
&#13;
C:\projetos\sistema\backend\vendor\laravel\framework\src\Illuminate\Database\SQLiteConnection.php:38
C:\projetos\sistema\backend\vendor\laravel\framework\src\Illuminate\Database\Concerns\ManagesTransactions.php:154
C:\projetos\sistema\backend\vendor\laravel\framework\src\Illuminate\Database\Concerns\ManagesTransactions.php:130
C:\projetos\sistema\backend\vendor\laravel\framework\src\Illuminate\Foundation\Testing\RefreshDatabase.php:147
C:\projetos\sistema\backend\vendor\laravel\framework\src\Illuminate\Foundation\Testing\RefreshDatabase.php:93
C:\projetos\sistema\backend\vendor\laravel\framework\src\Illuminate\Foundation\Testing\RefreshDatabase.php:25
C:\projetos\sistema\backend\vendor\laravel\framework\src\Illuminate\Foundation\Testing\Concerns\InteractsWithTestCaseLifecycle.php:217
C:\projetos\sistema\backend\vendor\laravel\framework\src\Illuminate\Foundation\Testing\Concerns\InteractsWithTestCaseLifecycle.php:101
C:\projetos\sistema\backend\vendor\laravel\framework\src\Illuminate\Foundation\Testing\TestCase.php:63
C:\projetos\sistema\backend\tests\Feature\FinanceTest.php:30</error>
        </testcase>
        <testcase name="test_invoices_isolated_by_tenant" file="C:\projetos\sistema\backend\tests\Feature\FinanceTest.php" line="260" class="Tests\Feature\FinanceTest" classname="Tests.Feature.FinanceTest" assertions="0" time="0.000000">
          <error type="PDOException">Tests\Feature\FinanceTest::test_invoices_isolated_by_tenant&#13;
PDOException: There is already an active transaction
&#13;
C:\projetos\sistema\backend\vendor\laravel\framework\src\Illuminate\Database\SQLiteConnection.php:38
C:\projetos\sistema\backend\vendor\laravel\framework\src\Illuminate\Database\Concerns\ManagesTransactions.php:154
C:\projetos\sistema\backend\vendor\laravel\framework\src\Illuminate\Database\Concerns\ManagesTransactions.php:130
C:\projetos\sistema\backend\vendor\laravel\framework\src\Illuminate\Foundation\Testing\RefreshDatabase.php:147
C:\projetos\sistema\backend\vendor\laravel\framework\src\Illuminate\Foundation\Testing\RefreshDatabase.php:93
C:\projetos\sistema\backend\vendor\laravel\framework\src\Illuminate\Foundation\Testing\RefreshDatabase.php:25
C:\projetos\sistema\backend\vendor\laravel\framework\src\Illuminate\Foundation\Testing\Concerns\InteractsWithTestCaseLifecycle.php:217
C:\projetos\sistema\backend\vendor\laravel\framework\src\Illuminate\Foundation\Testing\Concerns\InteractsWithTestCaseLifecycle.php:101
C:\projetos\sistema\backend\vendor\laravel\framework\src\Illuminate\Foundation\Testing\TestCase.php:63
C:\projetos\sistema\backend\tests\Feature\FinanceTest.php:30</error>
        </testcase>
        <testcase name="test_filter_invoices_by_status" file="C:\projetos\sistema\backend\tests\Feature\FinanceTest.php" line="285" class="Tests\Feature\FinanceTest" classname="Tests.Feature.FinanceTest" assertions="0" time="0.000000">
          <error type="PDOException">Tests\Feature\FinanceTest::test_filter_invoices_by_status&#13;
PDOException: There is already an active transaction
&#13;
C:\projetos\sistema\backend\vendor\laravel\framework\src\Illuminate\Database\SQLiteConnection.php:38
C:\projetos\sistema\backend\vendor\laravel\framework\src\Illuminate\Database\Concerns\ManagesTransactions.php:154
C:\projetos\sistema\backend\vendor\laravel\framework\src\Illuminate\Database\Concerns\ManagesTransactions.php:130
C:\projetos\sistema\backend\vendor\laravel\framework\src\Illuminate\Foundation\Testing\RefreshDatabase.php:147
C:\projetos\sistema\backend\vendor\laravel\framework\src\Illuminate\Foundation\Testing\RefreshDatabase.php:93
C:\projetos\sistema\backend\vendor\laravel\framework\src\Illuminate\Foundation\Testing\RefreshDatabase.php:25
C:\projetos\sistema\backend\vendor\laravel\framework\src\Illuminate\Foundation\Testing\Concerns\InteractsWithTestCaseLifecycle.php:217
C:\projetos\sistema\backend\vendor\laravel\framework\src\Illuminate\Foundation\Testing\Concerns\InteractsWithTestCaseLifecycle.php:101
C:\projetos\sistema\backend\vendor\laravel\framework\src\Illuminate\Foundation\Testing\TestCase.php:63
C:\projetos\sistema\backend\tests\Feature\FinanceTest.php:30</error>
        </testcase>
        <testcase name="test_invoice_metadata_is_tenant_scoped_and_excludes_work_orders_with_active_invoice" file="C:\projetos\sistema\backend\tests\Feature\FinanceTest.php" line="306" class="Tests\Feature\FinanceTest" classname="Tests.Feature.FinanceTest" assertions="0" time="0.000000">
          <error type="PDOException">Tests\Feature\FinanceTest::test_invoice_metadata_is_tenant_scoped_and_excludes_work_orders_with_active_invoice&#13;
PDOException: There is already an active transaction
&#13;
C:\projetos\sistema\backend\vendor\laravel\framework\src\Illuminate\Database\SQLiteConnection.php:38
C:\projetos\sistema\backend\vendor\laravel\framework\src\Illuminate\Database\Concerns\ManagesTransactions.php:154
C:\projetos\sistema\backend\vendor\laravel\framework\src\Illuminate\Database\Concerns\ManagesTransactions.php:130
C:\projetos\sistema\backend\vendor\laravel\framework\src\Illuminate\Foundation\Testing\RefreshDatabase.php:147
C:\projetos\sistema\backend\vendor\laravel\framework\src\Illuminate\Foundation\Testing\RefreshDatabase.php:93
C:\projetos\sistema\backend\vendor\laravel\framework\src\Illuminate\Foundation\Testing\RefreshDatabase.php:25
C:\projetos\sistema\backend\vendor\laravel\framework\src\Illuminate\Foundation\Testing\Concerns\InteractsWithTestCaseLifecycle.php:217
C:\projetos\sistema\backend\vendor\laravel\framework\src\Illuminate\Foundation\Testing\Concerns\InteractsWithTestCaseLifecycle.php:101
C:\projetos\sistema\backend\vendor\laravel\framework\src\Illuminate\Foundation\Testing\TestCase.php:63
C:\projetos\sistema\backend\tests\Feature\FinanceTest.php:30</error>
        </testcase>
        <testcase name="test_invoice_search_and_payload_use_business_os_identifier" file="C:\projetos\sistema\backend\tests\Feature\FinanceTest.php" line="357" class="Tests\Feature\FinanceTest" classname="Tests.Feature.FinanceTest" assertions="0" time="0.000000">
          <error type="PDOException">Tests\Feature\FinanceTest::test_invoice_search_and_payload_use_business_os_identifier&#13;
PDOException: There is already an active transaction
&#13;
C:\projetos\sistema\backend\vendor\laravel\framework\src\Illuminate\Database\SQLiteConnection.php:38
C:\projetos\sistema\backend\vendor\laravel\framework\src\Illuminate\Database\Concerns\ManagesTransactions.php:154
C:\projetos\sistema\backend\vendor\laravel\framework\src\Illuminate\Database\Concerns\ManagesTransactions.php:130
C:\projetos\sistema\backend\vendor\laravel\framework\src\Illuminate\Foundation\Testing\RefreshDatabase.php:147
C:\projetos\sistema\backend\vendor\laravel\framework\src\Illuminate\Foundation\Testing\RefreshDatabase.php:93
C:\projetos\sistema\backend\vendor\laravel\framework\src\Illuminate\Foundation\Testing\RefreshDatabase.php:25
C:\projetos\sistema\backend\vendor\laravel\framework\src\Illuminate\Foundation\Testing\Concerns\InteractsWithTestCaseLifecycle.php:217
C:\projetos\sistema\backend\vendor\laravel\framework\src\Illuminate\Foundation\Testing\Concerns\InteractsWithTestCaseLifecycle.php:101
C:\projetos\sistema\backend\vendor\laravel\framework\src\Illuminate\Foundation\Testing\TestCase.php:63
C:\projetos\sistema\backend\tests\Feature\FinanceTest.php:30</error>
        </testcase>
        <testcase name="test_generate_account_receivable_from_work_order_uses_business_identifier" file="C:\projetos\sistema\backend\tests\Feature\FinanceTest.php" line="382" class="Tests\Feature\FinanceTest" classname="Tests.Feature.FinanceTest" assertions="0" time="0.000000">
          <error type="PDOException">Tests\Feature\FinanceTest::test_generate_account_receivable_from_work_order_uses_business_identifier&#13;
PDOException: There is already an active transaction
&#13;
C:\projetos\sistema\backend\vendor\laravel\framework\src\Illuminate\Database\SQLiteConnection.php:38
C:\projetos\sistema\backend\vendor\laravel\framework\src\Illuminate\Database\Concerns\ManagesTransactions.php:154
C:\projetos\sistema\backend\vendor\laravel\framework\src\Illuminate\Database\Concerns\ManagesTransactions.php:130
C:\projetos\sistema\backend\vendor\laravel\framework\src\Illuminate\Foundation\Testing\RefreshDatabase.php:147
C:\projetos\sistema\backend\vendor\laravel\framework\src\Illuminate\Foundation\Testing\RefreshDatabase.php:93
C:\projetos\sistema\backend\vendor\laravel\framework\src\Illuminate\Foundation\Testing\RefreshDatabase.php:25
C:\projetos\sistema\backend\vendor\laravel\framework\src\Illuminate\Foundation\Testing\Concerns\InteractsWithTestCaseLifecycle.php:217
C:\projetos\sistema\backend\vendor\laravel\framework\src\Illuminate\Foundation\Testing\Concerns\InteractsWithTestCaseLifecycle.php:101
C:\projetos\sistema\backend\vendor\laravel\framework\src\Illuminate\Foundation\Testing\TestCase.php:63
C:\projetos\sistema\backend\tests\Feature\FinanceTest.php:30</error>
        </testcase>
        <testcase name="test_create_account_receivable_rejects_foreign_tenant_customer_and_work_order" file="C:\projetos\sistema\backend\tests\Feature\FinanceTest.php" line="404" class="Tests\Feature\FinanceTest" classname="Tests.Feature.FinanceTest" assertions="0" time="0.000000">
          <error type="PDOException">Tests\Feature\FinanceTest::test_create_account_receivable_rejects_foreign_tenant_customer_and_work_order&#13;
PDOException: There is already an active transaction
&#13;
C:\projetos\sistema\backend\vendor\laravel\framework\src\Illuminate\Database\SQLiteConnection.php:38
C:\projetos\sistema\backend\vendor\laravel\framework\src\Illuminate\Database\Concerns\ManagesTransactions.php:154
C:\projetos\sistema\backend\vendor\laravel\framework\src\Illuminate\Database\Concerns\ManagesTransactions.php:130
C:\projetos\sistema\backend\vendor\laravel\framework\src\Illuminate\Foundation\Testing\RefreshDatabase.php:147
C:\projetos\sistema\backend\vendor\laravel\framework\src\Illuminate\Foundation\Testing\RefreshDatabase.php:93
C:\projetos\sistema\backend\vendor\laravel\framework\src\Illuminate\Foundation\Testing\RefreshDatabase.php:25
C:\projetos\sistema\backend\vendor\laravel\framework\src\Illuminate\Foundation\Testing\Concerns\InteractsWithTestCaseLifecycle.php:217
C:\projetos\sistema\backend\vendor\laravel\framework\src\Illuminate\Foundation\Testing\Concerns\InteractsWithTestCaseLifecycle.php:101
C:\projetos\sistema\backend\vendor\laravel\framework\src\Illuminate\Foundation\Testing\TestCase.php:63
C:\projetos\sistema\backend\tests\Feature\FinanceTest.php:30</error>
        </testcase>
        <testcase name="test_create_account_receivable_accepts_chart_of_account" file="C:\projetos\sistema\backend\tests\Feature\FinanceTest.php" line="429" class="Tests\Feature\FinanceTest" classname="Tests.Feature.FinanceTest" assertions="0" time="0.000000">
          <error type="PDOException">Tests\Feature\FinanceTest::test_create_account_receivable_accepts_chart_of_account&#13;
PDOException: There is already an active transaction
&#13;
C:\projetos\sistema\backend\vendor\laravel\framework\src\Illuminate\Database\SQLiteConnection.php:38
C:\projetos\sistema\backend\vendor\laravel\framework\src\Illuminate\Database\Concerns\ManagesTransactions.php:154
C:\projetos\sistema\backend\vendor\laravel\framework\src\Illuminate\Database\Concerns\ManagesTransactions.php:130
C:\projetos\sistema\backend\vendor\laravel\framework\src\Illuminate\Foundation\Testing\RefreshDatabase.php:147
C:\projetos\sistema\backend\vendor\laravel\framework\src\Illuminate\Foundation\Testing\RefreshDatabase.php:93
C:\projetos\sistema\backend\vendor\laravel\framework\src\Illuminate\Foundation\Testing\RefreshDatabase.php:25
C:\projetos\sistema\backend\vendor\laravel\framework\src\Illuminate\Foundation\Testing\Concerns\InteractsWithTestCaseLifecycle.php:217
C:\projetos\sistema\backend\vendor\laravel\framework\src\Illuminate\Foundation\Testing\Concerns\InteractsWithTestCaseLifecycle.php:101
C:\projetos\sistema\backend\vendor\laravel\framework\src\Illuminate\Foundation\Testing\TestCase.php:63
C:\projetos\sistema\backend\tests\Feature\FinanceTest.php:30</error>
        </testcase>
        <testcase name="test_legacy_accounts_payable_categories_routes" file="C:\projetos\sistema\backend\tests\Feature\FinanceTest.php" line="457" class="Tests\Feature\FinanceTest" classname="Tests.Feature.FinanceTest" assertions="0" time="0.000000">
          <error type="PDOException">Tests\Feature\FinanceTest::test_legacy_accounts_payable_categories_routes&#13;
PDOException: There is already an active transaction
&#13;
C:\projetos\sistema\backend\vendor\laravel\framework\src\Illuminate\Database\SQLiteConnection.php:38
C:\projetos\sistema\backend\vendor\laravel\framework\src\Illuminate\Database\Concerns\ManagesTransactions.php:154
C:\projetos\sistema\backend\vendor\laravel\framework\src\Illuminate\Database\Concerns\ManagesTransactions.php:130
C:\projetos\sistema\backend\vendor\laravel\framework\src\Illuminate\Foundation\Testing\RefreshDatabase.php:147
C:\projetos\sistema\backend\vendor\laravel\framework\src\Illuminate\Foundation\Testing\RefreshDatabase.php:93
C:\projetos\sistema\backend\vendor\laravel\framework\src\Illuminate\Foundation\Testing\RefreshDatabase.php:25
C:\projetos\sistema\backend\vendor\laravel\framework\src\Illuminate\Foundation\Testing\Concerns\InteractsWithTestCaseLifecycle.php:217
C:\projetos\sistema\backend\vendor\laravel\framework\src\Illuminate\Foundation\Testing\Concerns\InteractsWithTestCaseLifecycle.php:101
C:\projetos\sistema\backend\vendor\laravel\framework\src\Illuminate\Foundation\Testing\TestCase.php:63
C:\projetos\sistema\backend\tests\Feature\FinanceTest.php:30</error>
        </testcase>
        <testcase name="test_account_payable_categories_are_tenant_scoped" file="C:\projetos\sistema\backend\tests\Feature\FinanceTest.php" line="481" class="Tests\Feature\FinanceTest" classname="Tests.Feature.FinanceTest" assertions="0" time="0.000000">
          <error type="PDOException">Tests\Feature\FinanceTest::test_account_payable_categories_are_tenant_scoped&#13;
PDOException: There is already an active transaction
&#13;
C:\projetos\sistema\backend\vendor\laravel\framework\src\Illuminate\Database\SQLiteConnection.php:38
C:\projetos\sistema\backend\vendor\laravel\framework\src\Illuminate\Database\Concerns\ManagesTransactions.php:154
C:\projetos\sistema\backend\vendor\laravel\framework\src\Illuminate\Database\Concerns\ManagesTransactions.php:130
C:\projetos\sistema\backend\vendor\laravel\framework\src\Illuminate\Foundation\Testing\RefreshDatabase.php:147
C:\projetos\sistema\backend\vendor\laravel\framework\src\Illuminate\Foundation\Testing\RefreshDatabase.php:93
C:\projetos\sistema\backend\vendor\laravel\framework\src\Illuminate\Foundation\Testing\RefreshDatabase.php:25
C:\projetos\sistema\backend\vendor\laravel\framework\src\Illuminate\Foundation\Testing\Concerns\InteractsWithTestCaseLifecycle.php:217
C:\projetos\sistema\backend\vendor\laravel\framework\src\Illuminate\Foundation\Testing\Concerns\InteractsWithTestCaseLifecycle.php:101
C:\projetos\sistema\backend\vendor\laravel\framework\src\Illuminate\Foundation\Testing\TestCase.php:63
C:\projetos\sistema\backend\tests\Feature\FinanceTest.php:30</error>
        </testcase>
        <testcase name="test_create_account_payable_rejects_foreign_tenant_supplier_and_category" file="C:\projetos\sistema\backend\tests\Feature\FinanceTest.php" line="504" class="Tests\Feature\FinanceTest" classname="Tests.Feature.FinanceTest" assertions="0" time="0.000000">
          <error type="PDOException">Tests\Feature\FinanceTest::test_create_account_payable_rejects_foreign_tenant_supplier_and_category&#13;
PDOException: There is already an active transaction
&#13;
C:\projetos\sistema\backend\vendor\laravel\framework\src\Illuminate\Database\SQLiteConnection.php:38
C:\projetos\sistema\backend\vendor\laravel\framework\src\Illuminate\Database\Concerns\ManagesTransactions.php:154
C:\projetos\sistema\backend\vendor\laravel\framework\src\Illuminate\Database\Concerns\ManagesTransactions.php:130
C:\projetos\sistema\backend\vendor\laravel\framework\src\Illuminate\Foundation\Testing\RefreshDatabase.php:147
C:\projetos\sistema\backend\vendor\laravel\framework\src\Illuminate\Foundation\Testing\RefreshDatabase.php:93
C:\projetos\sistema\backend\vendor\laravel\framework\src\Illuminate\Foundation\Testing\RefreshDatabase.php:25
C:\projetos\sistema\backend\vendor\laravel\framework\src\Illuminate\Foundation\Testing\Concerns\InteractsWithTestCaseLifecycle.php:217
C:\projetos\sistema\backend\vendor\laravel\framework\src\Illuminate\Foundation\Testing\Concerns\InteractsWithTestCaseLifecycle.php:101
C:\projetos\sistema\backend\vendor\laravel\framework\src\Illuminate\Foundation\Testing\TestCase.php:63
C:\projetos\sistema\backend\tests\Feature\FinanceTest.php:30</error>
        </testcase>
        <testcase name="test_create_account_payable_rejects_foreign_tenant_chart_of_account" file="C:\projetos\sistema\backend\tests\Feature\FinanceTest.php" line="526" class="Tests\Feature\FinanceTest" classname="Tests.Feature.FinanceTest" assertions="0" time="0.000000">
          <error type="PDOException">Tests\Feature\FinanceTest::test_create_account_payable_rejects_foreign_tenant_chart_of_account&#13;
PDOException: There is already an active transaction
&#13;
C:\projetos\sistema\backend\vendor\laravel\framework\src\Illuminate\Database\SQLiteConnection.php:38
C:\projetos\sistema\backend\vendor\laravel\framework\src\Illuminate\Database\Concerns\ManagesTransactions.php:154
C:\projetos\sistema\backend\vendor\laravel\framework\src\Illuminate\Database\Concerns\ManagesTransactions.php:130
C:\projetos\sistema\backend\vendor\laravel\framework\src\Illuminate\Foundation\Testing\RefreshDatabase.php:147
C:\projetos\sistema\backend\vendor\laravel\framework\src\Illuminate\Foundation\Testing\RefreshDatabase.php:93
C:\projetos\sistema\backend\vendor\laravel\framework\src\Illuminate\Foundation\Testing\RefreshDatabase.php:25
C:\projetos\sistema\backend\vendor\laravel\framework\src\Illuminate\Foundation\Testing\Concerns\InteractsWithTestCaseLifecycle.php:217
C:\projetos\sistema\backend\vendor\laravel\framework\src\Illuminate\Foundation\Testing\Concerns\InteractsWithTestCaseLifecycle.php:101
C:\projetos\sistema\backend\vendor\laravel\framework\src\Illuminate\Foundation\Testing\TestCase.php:63
C:\projetos\sistema\backend\tests\Feature\FinanceTest.php:30</error>
        </testcase>
        <testcase name="test_financial_export_csv_payable_returns_supplier_name" file="C:\projetos\sistema\backend\tests\Feature\FinanceTest.php" line="548" class="Tests\Feature\FinanceTest" classname="Tests.Feature.FinanceTest" assertions="0" time="0.000000">
          <error type="PDOException">Tests\Feature\FinanceTest::test_financial_export_csv_payable_returns_supplier_name&#13;
PDOException: There is already an active transaction
&#13;
C:\projetos\sistema\backend\vendor\laravel\framework\src\Illuminate\Database\SQLiteConnection.php:38
C:\projetos\sistema\backend\vendor\laravel\framework\src\Illuminate\Database\Concerns\ManagesTransactions.php:154
C:\projetos\sistema\backend\vendor\laravel\framework\src\Illuminate\Database\Concerns\ManagesTransactions.php:130
C:\projetos\sistema\backend\vendor\laravel\framework\src\Illuminate\Foundation\Testing\RefreshDatabase.php:147
C:\projetos\sistema\backend\vendor\laravel\framework\src\Illuminate\Foundation\Testing\RefreshDatabase.php:93
C:\projetos\sistema\backend\vendor\laravel\framework\src\Illuminate\Foundation\Testing\RefreshDatabase.php:25
C:\projetos\sistema\backend\vendor\laravel\framework\src\Illuminate\Foundation\Testing\Concerns\InteractsWithTestCaseLifecycle.php:217
C:\projetos\sistema\backend\vendor\laravel\framework\src\Illuminate\Foundation\Testing\Concerns\InteractsWithTestCaseLifecycle.php:101
C:\projetos\sistema\backend\vendor\laravel\framework\src\Illuminate\Foundation\Testing\TestCase.php:63
C:\projetos\sistema\backend\tests\Feature\FinanceTest.php:30</error>
        </testcase>
        <testcase name="test_financial_export_csv_receivable_accepts_os_number_filter" file="C:\projetos\sistema\backend\tests\Feature\FinanceTest.php" line="573" class="Tests\Feature\FinanceTest" classname="Tests.Feature.FinanceTest" assertions="0" time="0.000000">
          <error type="PDOException">Tests\Feature\FinanceTest::test_financial_export_csv_receivable_accepts_os_number_filter&#13;
PDOException: There is already an active transaction
&#13;
C:\projetos\sistema\backend\vendor\laravel\framework\src\Illuminate\Database\SQLiteConnection.php:38
C:\projetos\sistema\backend\vendor\laravel\framework\src\Illuminate\Database\Concerns\ManagesTransactions.php:154
C:\projetos\sistema\backend\vendor\laravel\framework\src\Illuminate\Database\Concerns\ManagesTransactions.php:130
C:\projetos\sistema\backend\vendor\laravel\framework\src\Illuminate\Foundation\Testing\RefreshDatabase.php:147
C:\projetos\sistema\backend\vendor\laravel\framework\src\Illuminate\Foundation\Testing\RefreshDatabase.php:93
C:\projetos\sistema\backend\vendor\laravel\framework\src\Illuminate\Foundation\Testing\RefreshDatabase.php:25
C:\projetos\sistema\backend\vendor\laravel\framework\src\Illuminate\Foundation\Testing\Concerns\InteractsWithTestCaseLifecycle.php:217
C:\projetos\sistema\backend\vendor\laravel\framework\src\Illuminate\Foundation\Testing\Concerns\InteractsWithTestCaseLifecycle.php:101
C:\projetos\sistema\backend\vendor\laravel\framework\src\Illuminate\Foundation\Testing\TestCase.php:63
C:\projetos\sistema\backend\tests\Feature\FinanceTest.php:30</error>
        </testcase>
        <testcase name="test_receivable_summary_uses_open_balance_and_monthly_payments" file="C:\projetos\sistema\backend\tests\Feature\FinanceTest.php" line="621" class="Tests\Feature\FinanceTest" classname="Tests.Feature.FinanceTest" assertions="0" time="0.000000">
          <error type="PDOException">Tests\Feature\FinanceTest::test_receivable_summary_uses_open_balance_and_monthly_payments&#13;
PDOException: There is already an active transaction
&#13;
C:\projetos\sistema\backend\vendor\laravel\framework\src\Illuminate\Database\SQLiteConnection.php:38
C:\projetos\sistema\backend\vendor\laravel\framework\src\Illuminate\Database\Concerns\ManagesTransactions.php:154
C:\projetos\sistema\backend\vendor\laravel\framework\src\Illuminate\Database\Concerns\ManagesTransactions.php:130
C:\projetos\sistema\backend\vendor\laravel\framework\src\Illuminate\Foundation\Testing\RefreshDatabase.php:147
C:\projetos\sistema\backend\vendor\laravel\framework\src\Illuminate\Foundation\Testing\RefreshDatabase.php:93
C:\projetos\sistema\backend\vendor\laravel\framework\src\Illuminate\Foundation\Testing\RefreshDatabase.php:25
C:\projetos\sistema\backend\vendor\laravel\framework\src\Illuminate\Foundation\Testing\Concerns\InteractsWithTestCaseLifecycle.php:217
C:\projetos\sistema\backend\vendor\laravel\framework\src\Illuminate\Foundation\Testing\Concerns\InteractsWithTestCaseLifecycle.php:101
C:\projetos\sistema\backend\vendor\laravel\framework\src\Illuminate\Foundation\Testing\TestCase.php:63
C:\projetos\sistema\backend\tests\Feature\FinanceTest.php:30</error>
        </testcase>
        <testcase name="test_pay_partial_on_past_due_receivable_keeps_status_overdue" file="C:\projetos\sistema\backend\tests\Feature\FinanceTest.php" line="676" class="Tests\Feature\FinanceTest" classname="Tests.Feature.FinanceTest" assertions="0" time="0.000000">
          <error type="PDOException">Tests\Feature\FinanceTest::test_pay_partial_on_past_due_receivable_keeps_status_overdue&#13;
PDOException: There is already an active transaction
&#13;
C:\projetos\sistema\backend\vendor\laravel\framework\src\Illuminate\Database\SQLiteConnection.php:38
C:\projetos\sistema\backend\vendor\laravel\framework\src\Illuminate\Database\Concerns\ManagesTransactions.php:154
C:\projetos\sistema\backend\vendor\laravel\framework\src\Illuminate\Database\Concerns\ManagesTransactions.php:130
C:\projetos\sistema\backend\vendor\laravel\framework\src\Illuminate\Foundation\Testing\RefreshDatabase.php:147
C:\projetos\sistema\backend\vendor\laravel\framework\src\Illuminate\Foundation\Testing\RefreshDatabase.php:93
C:\projetos\sistema\backend\vendor\laravel\framework\src\Illuminate\Foundation\Testing\RefreshDatabase.php:25
C:\projetos\sistema\backend\vendor\laravel\framework\src\Illuminate\Foundation\Testing\Concerns\InteractsWithTestCaseLifecycle.php:217
C:\projetos\sistema\backend\vendor\laravel\framework\src\Illuminate\Foundation\Testing\Concerns\InteractsWithTestCaseLifecycle.php:101
C:\projetos\sistema\backend\vendor\laravel\framework\src\Illuminate\Foundation\Testing\TestCase.php:63
C:\projetos\sistema\backend\tests\Feature\FinanceTest.php:30</error>
        </testcase>
        <testcase name="test_payable_summary_uses_open_balance_and_monthly_payments" file="C:\projetos\sistema\backend\tests\Feature\FinanceTest.php" line="701" class="Tests\Feature\FinanceTest" classname="Tests.Feature.FinanceTest" assertions="0" time="0.000000">
          <error type="PDOException">Tests\Feature\FinanceTest::test_payable_summary_uses_open_balance_and_monthly_payments&#13;
PDOException: There is already an active transaction
&#13;
C:\projetos\sistema\backend\vendor\laravel\framework\src\Illuminate\Database\SQLiteConnection.php:38
C:\projetos\sistema\backend\vendor\laravel\framework\src\Illuminate\Database\Concerns\ManagesTransactions.php:154
C:\projetos\sistema\backend\vendor\laravel\framework\src\Illuminate\Database\Concerns\ManagesTransactions.php:130
C:\projetos\sistema\backend\vendor\laravel\framework\src\Illuminate\Foundation\Testing\RefreshDatabase.php:147
C:\projetos\sistema\backend\vendor\laravel\framework\src\Illuminate\Foundation\Testing\RefreshDatabase.php:93
C:\projetos\sistema\backend\vendor\laravel\framework\src\Illuminate\Foundation\Testing\RefreshDatabase.php:25
C:\projetos\sistema\backend\vendor\laravel\framework\src\Illuminate\Foundation\Testing\Concerns\InteractsWithTestCaseLifecycle.php:217
C:\projetos\sistema\backend\vendor\laravel\framework\src\Illuminate\Foundation\Testing\Concerns\InteractsWithTestCaseLifecycle.php:101
C:\projetos\sistema\backend\vendor\laravel\framework\src\Illuminate\Foundation\Testing\TestCase.php:63
C:\projetos\sistema\backend\tests\Feature\FinanceTest.php:30</error>
        </testcase>
        <testcase name="test_payments_index_filters_by_type_alias_and_method" file="C:\projetos\sistema\backend\tests\Feature\FinanceTest.php" line="753" class="Tests\Feature\FinanceTest" classname="Tests.Feature.FinanceTest" assertions="0" time="0.000000">
          <error type="PDOException">Tests\Feature\FinanceTest::test_payments_index_filters_by_type_alias_and_method&#13;
PDOException: There is already an active transaction
&#13;
C:\projetos\sistema\backend\vendor\laravel\framework\src\Illuminate\Database\SQLiteConnection.php:38
C:\projetos\sistema\backend\vendor\laravel\framework\src\Illuminate\Database\Concerns\ManagesTransactions.php:154
C:\projetos\sistema\backend\vendor\laravel\framework\src\Illuminate\Database\Concerns\ManagesTransactions.php:130
C:\projetos\sistema\backend\vendor\laravel\framework\src\Illuminate\Foundation\Testing\RefreshDatabase.php:147
C:\projetos\sistema\backend\vendor\laravel\framework\src\Illuminate\Foundation\Testing\RefreshDatabase.php:93
C:\projetos\sistema\backend\vendor\laravel\framework\src\Illuminate\Foundation\Testing\RefreshDatabase.php:25
C:\projetos\sistema\backend\vendor\laravel\framework\src\Illuminate\Foundation\Testing\Concerns\InteractsWithTestCaseLifecycle.php:217
C:\projetos\sistema\backend\vendor\laravel\framework\src\Illuminate\Foundation\Testing\Concerns\InteractsWithTestCaseLifecycle.php:101
C:\projetos\sistema\backend\vendor\laravel\framework\src\Illuminate\Foundation\Testing\TestCase.php:63
C:\projetos\sistema\backend\tests\Feature\FinanceTest.php:30</error>
        </testcase>
        <testcase name="test_payments_endpoints_reject_invalid_filters" file="C:\projetos\sistema\backend\tests\Feature\FinanceTest.php" line="804" class="Tests\Feature\FinanceTest" classname="Tests.Feature.FinanceTest" assertions="0" time="0.000000">
          <error type="PDOException">Tests\Feature\FinanceTest::test_payments_endpoints_reject_invalid_filters&#13;
PDOException: There is already an active transaction
&#13;
C:\projetos\sistema\backend\vendor\laravel\framework\src\Illuminate\Database\SQLiteConnection.php:38
C:\projetos\sistema\backend\vendor\laravel\framework\src\Illuminate\Database\Concerns\ManagesTransactions.php:154
C:\projetos\sistema\backend\vendor\laravel\framework\src\Illuminate\Database\Concerns\ManagesTransactions.php:130
C:\projetos\sistema\backend\vendor\laravel\framework\src\Illuminate\Foundation\Testing\RefreshDatabase.php:147
C:\projetos\sistema\backend\vendor\laravel\framework\src\Illuminate\Foundation\Testing\RefreshDatabase.php:93
C:\projetos\sistema\backend\vendor\laravel\framework\src\Illuminate\Foundation\Testing\RefreshDatabase.php:25
C:\projetos\sistema\backend\vendor\laravel\framework\src\Illuminate\Foundation\Testing\Concerns\InteractsWithTestCaseLifecycle.php:217
C:\projetos\sistema\backend\vendor\laravel\framework\src\Illuminate\Foundation\Testing\Concerns\InteractsWithTestCaseLifecycle.php:101
C:\projetos\sistema\backend\vendor\laravel\framework\src\Illuminate\Foundation\Testing\TestCase.php:63
C:\projetos\sistema\backend\tests\Feature\FinanceTest.php:30</error>
        </testcase>
        <testcase name="test_payment_can_be_reversed" file="C:\projetos\sistema\backend\tests\Feature\FinanceTest.php" line="820" class="Tests\Feature\FinanceTest" classname="Tests.Feature.FinanceTest" assertions="0" time="0.000000">
          <error type="PDOException">Tests\Feature\FinanceTest::test_payment_can_be_reversed&#13;
PDOException: There is already an active transaction
&#13;
C:\projetos\sistema\backend\vendor\laravel\framework\src\Illuminate\Database\SQLiteConnection.php:38
C:\projetos\sistema\backend\vendor\laravel\framework\src\Illuminate\Database\Concerns\ManagesTransactions.php:154
C:\projetos\sistema\backend\vendor\laravel\framework\src\Illuminate\Database\Concerns\ManagesTransactions.php:130
C:\projetos\sistema\backend\vendor\laravel\framework\src\Illuminate\Foundation\Testing\RefreshDatabase.php:147
C:\projetos\sistema\backend\vendor\laravel\framework\src\Illuminate\Foundation\Testing\RefreshDatabase.php:93
C:\projetos\sistema\backend\vendor\laravel\framework\src\Illuminate\Foundation\Testing\RefreshDatabase.php:25
C:\projetos\sistema\backend\vendor\laravel\framework\src\Illuminate\Foundation\Testing\Concerns\InteractsWithTestCaseLifecycle.php:217
C:\projetos\sistema\backend\vendor\laravel\framework\src\Illuminate\Foundation\Testing\Concerns\InteractsWithTestCaseLifecycle.php:101
C:\projetos\sistema\backend\vendor\laravel\framework\src\Illuminate\Foundation\Testing\TestCase.php:63
C:\projetos\sistema\backend\tests\Feature\FinanceTest.php:30</error>
        </testcase>
        <testcase name="test_payment_reversal_recalculates_status_to_pending" file="C:\projetos\sistema\backend\tests\Feature\FinanceTest.php" line="851" class="Tests\Feature\FinanceTest" classname="Tests.Feature.FinanceTest" assertions="0" time="0.000000">
          <error type="PDOException">Tests\Feature\FinanceTest::test_payment_reversal_recalculates_status_to_pending&#13;
PDOException: There is already an active transaction
&#13;
C:\projetos\sistema\backend\vendor\laravel\framework\src\Illuminate\Database\SQLiteConnection.php:38
C:\projetos\sistema\backend\vendor\laravel\framework\src\Illuminate\Database\Concerns\ManagesTransactions.php:154
C:\projetos\sistema\backend\vendor\laravel\framework\src\Illuminate\Database\Concerns\ManagesTransactions.php:130
C:\projetos\sistema\backend\vendor\laravel\framework\src\Illuminate\Foundation\Testing\RefreshDatabase.php:147
C:\projetos\sistema\backend\vendor\laravel\framework\src\Illuminate\Foundation\Testing\RefreshDatabase.php:93
C:\projetos\sistema\backend\vendor\laravel\framework\src\Illuminate\Foundation\Testing\RefreshDatabase.php:25
C:\projetos\sistema\backend\vendor\laravel\framework\src\Illuminate\Foundation\Testing\Concerns\InteractsWithTestCaseLifecycle.php:217
C:\projetos\sistema\backend\vendor\laravel\framework\src\Illuminate\Foundation\Testing\Concerns\InteractsWithTestCaseLifecycle.php:101
C:\projetos\sistema\backend\vendor\laravel\framework\src\Illuminate\Foundation\Testing\TestCase.php:63
C:\projetos\sistema\backend\tests\Feature\FinanceTest.php:30</error>
        </testcase>
        <testcase name="test_installments_use_bcmath_precision" file="C:\projetos\sistema\backend\tests\Feature\FinanceTest.php" line="892" class="Tests\Feature\FinanceTest" classname="Tests.Feature.FinanceTest" assertions="0" time="0.000000">
          <error type="PDOException">Tests\Feature\FinanceTest::test_installments_use_bcmath_precision&#13;
PDOException: There is already an active transaction
&#13;
C:\projetos\sistema\backend\vendor\laravel\framework\src\Illuminate\Database\SQLiteConnection.php:38
C:\projetos\sistema\backend\vendor\laravel\framework\src\Illuminate\Database\Concerns\ManagesTransactions.php:154
C:\projetos\sistema\backend\vendor\laravel\framework\src\Illuminate\Database\Concerns\ManagesTransactions.php:130
C:\projetos\sistema\backend\vendor\laravel\framework\src\Illuminate\Foundation\Testing\RefreshDatabase.php:147
C:\projetos\sistema\backend\vendor\laravel\framework\src\Illuminate\Foundation\Testing\RefreshDatabase.php:93
C:\projetos\sistema\backend\vendor\laravel\framework\src\Illuminate\Foundation\Testing\RefreshDatabase.php:25
C:\projetos\sistema\backend\vendor\laravel\framework\src\Illuminate\Foundation\Testing\Concerns\InteractsWithTestCaseLifecycle.php:217
C:\projetos\sistema\backend\vendor\laravel\framework\src\Illuminate\Foundation\Testing\Concerns\InteractsWithTestCaseLifecycle.php:101
C:\projetos\sistema\backend\vendor\laravel\framework\src\Illuminate\Foundation\Testing\TestCase.php:63
C:\projetos\sistema\backend\tests\Feature\FinanceTest.php:30</error>
        </testcase>
        <testcase name="test_receivable_cannot_be_deleted_with_payments" file="C:\projetos\sistema\backend\tests\Feature\FinanceTest.php" line="923" class="Tests\Feature\FinanceTest" classname="Tests.Feature.FinanceTest" assertions="0" time="0.000000">
          <error type="PDOException">Tests\Feature\FinanceTest::test_receivable_cannot_be_deleted_with_payments&#13;
PDOException: There is already an active transaction
&#13;
C:\projetos\sistema\backend\vendor\laravel\framework\src\Illuminate\Database\SQLiteConnection.php:38
C:\projetos\sistema\backend\vendor\laravel\framework\src\Illuminate\Database\Concerns\ManagesTransactions.php:154
C:\projetos\sistema\backend\vendor\laravel\framework\src\Illuminate\Database\Concerns\ManagesTransactions.php:130
C:\projetos\sistema\backend\vendor\laravel\framework\src\Illuminate\Foundation\Testing\RefreshDatabase.php:147
C:\projetos\sistema\backend\vendor\laravel\framework\src\Illuminate\Foundation\Testing\RefreshDatabase.php:93
C:\projetos\sistema\backend\vendor\laravel\framework\src\Illuminate\Foundation\Testing\RefreshDatabase.php:25
C:\projetos\sistema\backend\vendor\laravel\framework\src\Illuminate\Foundation\Testing\Concerns\InteractsWithTestCaseLifecycle.php:217
C:\projetos\sistema\backend\vendor\laravel\framework\src\Illuminate\Foundation\Testing\Concerns\InteractsWithTestCaseLifecycle.php:101
C:\projetos\sistema\backend\vendor\laravel\framework\src\Illuminate\Foundation\Testing\TestCase.php:63
C:\projetos\sistema\backend\tests\Feature\FinanceTest.php:30</error>
        </testcase>
        <testcase name="test_payable_cannot_be_deleted_with_payments" file="C:\projetos\sistema\backend\tests\Feature\FinanceTest.php" line="947" class="Tests\Feature\FinanceTest" classname="Tests.Feature.FinanceTest" assertions="0" time="0.000000">
          <error type="PDOException">Tests\Feature\FinanceTest::test_payable_cannot_be_deleted_with_payments&#13;
PDOException: There is already an active transaction
&#13;
C:\projetos\sistema\backend\vendor\laravel\framework\src\Illuminate\Database\SQLiteConnection.php:38
C:\projetos\sistema\backend\vendor\laravel\framework\src\Illuminate\Database\Concerns\ManagesTransactions.php:154
C:\projetos\sistema\backend\vendor\laravel\framework\src\Illuminate\Database\Concerns\ManagesTransactions.php:130
C:\projetos\sistema\backend\vendor\laravel\framework\src\Illuminate\Foundation\Testing\RefreshDatabase.php:147
C:\projetos\sistema\backend\vendor\laravel\framework\src\Illuminate\Foundation\Testing\RefreshDatabase.php:93
C:\projetos\sistema\backend\vendor\laravel\framework\src\Illuminate\Foundation\Testing\RefreshDatabase.php:25
C:\projetos\sistema\backend\vendor\laravel\framework\src\Illuminate\Foundation\Testing\Concerns\InteractsWithTestCaseLifecycle.php:217
C:\projetos\sistema\backend\vendor\laravel\framework\src\Illuminate\Foundation\Testing\Concerns\InteractsWithTestCaseLifecycle.php:101
C:\projetos\sistema\backend\vendor\laravel\framework\src\Illuminate\Foundation\Testing\TestCase.php:63
C:\projetos\sistema\backend\tests\Feature\FinanceTest.php:30</error>
        </testcase>
        <testcase name="test_issued_invoice_cannot_be_deleted" file="C:\projetos\sistema\backend\tests\Feature\FinanceTest.php" line="970" class="Tests\Feature\FinanceTest" classname="Tests.Feature.FinanceTest" assertions="0" time="0.000000">
          <error type="PDOException">Tests\Feature\FinanceTest::test_issued_invoice_cannot_be_deleted&#13;
PDOException: There is already an active transaction
&#13;
C:\projetos\sistema\backend\vendor\laravel\framework\src\Illuminate\Database\SQLiteConnection.php:38
C:\projetos\sistema\backend\vendor\laravel\framework\src\Illuminate\Database\Concerns\ManagesTransactions.php:154
C:\projetos\sistema\backend\vendor\laravel\framework\src\Illuminate\Database\Concerns\ManagesTransactions.php:130
C:\projetos\sistema\backend\vendor\laravel\framework\src\Illuminate\Foundation\Testing\RefreshDatabase.php:147
C:\projetos\sistema\backend\vendor\laravel\framework\src\Illuminate\Foundation\Testing\RefreshDatabase.php:93
C:\projetos\sistema\backend\vendor\laravel\framework\src\Illuminate\Foundation\Testing\RefreshDatabase.php:25
C:\projetos\sistema\backend\vendor\laravel\framework\src\Illuminate\Foundation\Testing\Concerns\InteractsWithTestCaseLifecycle.php:217
C:\projetos\sistema\backend\vendor\laravel\framework\src\Illuminate\Foundation\Testing\Concerns\InteractsWithTestCaseLifecycle.php:101
C:\projetos\sistema\backend\vendor\laravel\framework\src\Illuminate\Foundation\Testing\TestCase.php:63
C:\projetos\sistema\backend\tests\Feature\FinanceTest.php:30</error>
        </testcase>
        <testcase name="test_sent_invoice_cannot_be_deleted" file="C:\projetos\sistema\backend\tests\Feature\FinanceTest.php" line="983" class="Tests\Feature\FinanceTest" classname="Tests.Feature.FinanceTest" assertions="0" time="0.000000">
          <error type="PDOException">Tests\Feature\FinanceTest::test_sent_invoice_cannot_be_deleted&#13;
PDOException: There is already an active transaction
&#13;
C:\projetos\sistema\backend\vendor\laravel\framework\src\Illuminate\Database\SQLiteConnection.php:38
C:\projetos\sistema\backend\vendor\laravel\framework\src\Illuminate\Database\Concerns\ManagesTransactions.php:154
C:\projetos\sistema\backend\vendor\laravel\framework\src\Illuminate\Database\Concerns\ManagesTransactions.php:130
C:\projetos\sistema\backend\vendor\laravel\framework\src\Illuminate\Foundation\Testing\RefreshDatabase.php:147
C:\projetos\sistema\backend\vendor\laravel\framework\src\Illuminate\Foundation\Testing\RefreshDatabase.php:93
C:\projetos\sistema\backend\vendor\laravel\framework\src\Illuminate\Foundation\Testing\RefreshDatabase.php:25
C:\projetos\sistema\backend\vendor\laravel\framework\src\Illuminate\Foundation\Testing\Concerns\InteractsWithTestCaseLifecycle.php:217
C:\projetos\sistema\backend\vendor\laravel\framework\src\Illuminate\Foundation\Testing\Concerns\InteractsWithTestCaseLifecycle.php:101
C:\projetos\sistema\backend\vendor\laravel\framework\src\Illuminate\Foundation\Testing\TestCase.php:63
C:\projetos\sistema\backend\tests\Feature\FinanceTest.php:30</error>
        </testcase>
        <testcase name="test_receivable_cannot_be_edited_when_paid" file="C:\projetos\sistema\backend\tests\Feature\FinanceTest.php" line="999" class="Tests\Feature\FinanceTest" classname="Tests.Feature.FinanceTest" assertions="0" time="0.000000">
          <error type="PDOException">Tests\Feature\FinanceTest::test_receivable_cannot_be_edited_when_paid&#13;
PDOException: There is already an active transaction
&#13;
C:\projetos\sistema\backend\vendor\laravel\framework\src\Illuminate\Database\SQLiteConnection.php:38
C:\projetos\sistema\backend\vendor\laravel\framework\src\Illuminate\Database\Concerns\ManagesTransactions.php:154
C:\projetos\sistema\backend\vendor\laravel\framework\src\Illuminate\Database\Concerns\ManagesTransactions.php:130
C:\projetos\sistema\backend\vendor\laravel\framework\src\Illuminate\Foundation\Testing\RefreshDatabase.php:147
C:\projetos\sistema\backend\vendor\laravel\framework\src\Illuminate\Foundation\Testing\RefreshDatabase.php:93
C:\projetos\sistema\backend\vendor\laravel\framework\src\Illuminate\Foundation\Testing\RefreshDatabase.php:25
C:\projetos\sistema\backend\vendor\laravel\framework\src\Illuminate\Foundation\Testing\Concerns\InteractsWithTestCaseLifecycle.php:217
C:\projetos\sistema\backend\vendor\laravel\framework\src\Illuminate\Foundation\Testing\Concerns\InteractsWithTestCaseLifecycle.php:101
C:\projetos\sistema\backend\vendor\laravel\framework\src\Illuminate\Foundation\Testing\TestCase.php:63
C:\projetos\sistema\backend\tests\Feature\FinanceTest.php:30</error>
        </testcase>
      </testsuite>
      <testsuite name="Tests\Feature\FinancialEdgeCasesProfessionalTest" file="C:\projetos\sistema\backend\tests\Feature\FinancialEdgeCasesProfessionalTest.php" tests="9" assertions="0" errors="9" failures="0" skipped="0" time="0.000000">
        <testcase name="test_partial_payment_sets_status_to_partial" file="C:\projetos\sistema\backend\tests\Feature\FinancialEdgeCasesProfessionalTest.php" line="54" class="Tests\Feature\FinancialEdgeCasesProfessionalTest" classname="Tests.Feature.FinancialEdgeCasesProfessionalTest" assertions="0" time="0.000000">
          <error type="PDOException">Tests\Feature\FinancialEdgeCasesProfessionalTest::test_partial_payment_sets_status_to_partial&#13;
PDOException: There is already an active transaction
&#13;
C:\projetos\sistema\backend\vendor\laravel\framework\src\Illuminate\Database\SQLiteConnection.php:38
C:\projetos\sistema\backend\vendor\laravel\framework\src\Illuminate\Database\Concerns\ManagesTransactions.php:154
C:\projetos\sistema\backend\vendor\laravel\framework\src\Illuminate\Database\Concerns\ManagesTransactions.php:130
C:\projetos\sistema\backend\vendor\laravel\framework\src\Illuminate\Foundation\Testing\RefreshDatabase.php:147
C:\projetos\sistema\backend\vendor\laravel\framework\src\Illuminate\Foundation\Testing\RefreshDatabase.php:93
C:\projetos\sistema\backend\vendor\laravel\framework\src\Illuminate\Foundation\Testing\RefreshDatabase.php:25
C:\projetos\sistema\backend\vendor\laravel\framework\src\Illuminate\Foundation\Testing\Concerns\InteractsWithTestCaseLifecycle.php:217
C:\projetos\sistema\backend\vendor\laravel\framework\src\Illuminate\Foundation\Testing\Concerns\InteractsWithTestCaseLifecycle.php:101
C:\projetos\sistema\backend\vendor\laravel\framework\src\Illuminate\Foundation\Testing\TestCase.php:63
C:\projetos\sistema\backend\tests\Feature\FinancialEdgeCasesProfessionalTest.php:29</error>
        </testcase>
        <testcase name="test_full_payment_sets_status_to_paid" file="C:\projetos\sistema\backend\tests\Feature\FinancialEdgeCasesProfessionalTest.php" line="78" class="Tests\Feature\FinancialEdgeCasesProfessionalTest" classname="Tests.Feature.FinancialEdgeCasesProfessionalTest" assertions="0" time="0.000000">
          <error type="PDOException">Tests\Feature\FinancialEdgeCasesProfessionalTest::test_full_payment_sets_status_to_paid&#13;
PDOException: There is already an active transaction
&#13;
C:\projetos\sistema\backend\vendor\laravel\framework\src\Illuminate\Database\SQLiteConnection.php:38
C:\projetos\sistema\backend\vendor\laravel\framework\src\Illuminate\Database\Concerns\ManagesTransactions.php:154
C:\projetos\sistema\backend\vendor\laravel\framework\src\Illuminate\Database\Concerns\ManagesTransactions.php:130
C:\projetos\sistema\backend\vendor\laravel\framework\src\Illuminate\Foundation\Testing\RefreshDatabase.php:147
C:\projetos\sistema\backend\vendor\laravel\framework\src\Illuminate\Foundation\Testing\RefreshDatabase.php:93
C:\projetos\sistema\backend\vendor\laravel\framework\src\Illuminate\Foundation\Testing\RefreshDatabase.php:25
C:\projetos\sistema\backend\vendor\laravel\framework\src\Illuminate\Foundation\Testing\Concerns\InteractsWithTestCaseLifecycle.php:217
C:\projetos\sistema\backend\vendor\laravel\framework\src\Illuminate\Foundation\Testing\Concerns\InteractsWithTestCaseLifecycle.php:101
C:\projetos\sistema\backend\vendor\laravel\framework\src\Illuminate\Foundation\Testing\TestCase.php:63
C:\projetos\sistema\backend\tests\Feature\FinancialEdgeCasesProfessionalTest.php:29</error>
        </testcase>
        <testcase name="test_create_payable_persists_with_all_fields" file="C:\projetos\sistema\backend\tests\Feature\FinancialEdgeCasesProfessionalTest.php" line="104" class="Tests\Feature\FinancialEdgeCasesProfessionalTest" classname="Tests.Feature.FinancialEdgeCasesProfessionalTest" assertions="0" time="0.000000">
          <error type="PDOException">Tests\Feature\FinancialEdgeCasesProfessionalTest::test_create_payable_persists_with_all_fields&#13;
PDOException: There is already an active transaction
&#13;
C:\projetos\sistema\backend\vendor\laravel\framework\src\Illuminate\Database\SQLiteConnection.php:38
C:\projetos\sistema\backend\vendor\laravel\framework\src\Illuminate\Database\Concerns\ManagesTransactions.php:154
C:\projetos\sistema\backend\vendor\laravel\framework\src\Illuminate\Database\Concerns\ManagesTransactions.php:130
C:\projetos\sistema\backend\vendor\laravel\framework\src\Illuminate\Foundation\Testing\RefreshDatabase.php:147
C:\projetos\sistema\backend\vendor\laravel\framework\src\Illuminate\Foundation\Testing\RefreshDatabase.php:93
C:\projetos\sistema\backend\vendor\laravel\framework\src\Illuminate\Foundation\Testing\RefreshDatabase.php:25
C:\projetos\sistema\backend\vendor\laravel\framework\src\Illuminate\Foundation\Testing\Concerns\InteractsWithTestCaseLifecycle.php:217
C:\projetos\sistema\backend\vendor\laravel\framework\src\Illuminate\Foundation\Testing\Concerns\InteractsWithTestCaseLifecycle.php:101
C:\projetos\sistema\backend\vendor\laravel\framework\src\Illuminate\Foundation\Testing\TestCase.php:63
C:\projetos\sistema\backend\tests\Feature\FinancialEdgeCasesProfessionalTest.php:29</error>
        </testcase>
        <testcase name="test_payable_summary_returns_totals" file="C:\projetos\sistema\backend\tests\Feature\FinancialEdgeCasesProfessionalTest.php" line="122" class="Tests\Feature\FinancialEdgeCasesProfessionalTest" classname="Tests.Feature.FinancialEdgeCasesProfessionalTest" assertions="0" time="0.000000">
          <error type="PDOException">Tests\Feature\FinancialEdgeCasesProfessionalTest::test_payable_summary_returns_totals&#13;
PDOException: There is already an active transaction
&#13;
C:\projetos\sistema\backend\vendor\laravel\framework\src\Illuminate\Database\SQLiteConnection.php:38
C:\projetos\sistema\backend\vendor\laravel\framework\src\Illuminate\Database\Concerns\ManagesTransactions.php:154
C:\projetos\sistema\backend\vendor\laravel\framework\src\Illuminate\Database\Concerns\ManagesTransactions.php:130
C:\projetos\sistema\backend\vendor\laravel\framework\src\Illuminate\Foundation\Testing\RefreshDatabase.php:147
C:\projetos\sistema\backend\vendor\laravel\framework\src\Illuminate\Foundation\Testing\RefreshDatabase.php:93
C:\projetos\sistema\backend\vendor\laravel\framework\src\Illuminate\Foundation\Testing\RefreshDatabase.php:25
C:\projetos\sistema\backend\vendor\laravel\framework\src\Illuminate\Foundation\Testing\Concerns\InteractsWithTestCaseLifecycle.php:217
C:\projetos\sistema\backend\vendor\laravel\framework\src\Illuminate\Foundation\Testing\Concerns\InteractsWithTestCaseLifecycle.php:101
C:\projetos\sistema\backend\vendor\laravel\framework\src\Illuminate\Foundation\Testing\TestCase.php:63
C:\projetos\sistema\backend\tests\Feature\FinancialEdgeCasesProfessionalTest.php:29</error>
        </testcase>
        <testcase name="test_cash_flow_returns_data" file="C:\projetos\sistema\backend\tests\Feature\FinancialEdgeCasesProfessionalTest.php" line="142" class="Tests\Feature\FinancialEdgeCasesProfessionalTest" classname="Tests.Feature.FinancialEdgeCasesProfessionalTest" assertions="0" time="0.000000">
          <error type="PDOException">Tests\Feature\FinancialEdgeCasesProfessionalTest::test_cash_flow_returns_data&#13;
PDOException: There is already an active transaction
&#13;
C:\projetos\sistema\backend\vendor\laravel\framework\src\Illuminate\Database\SQLiteConnection.php:38
C:\projetos\sistema\backend\vendor\laravel\framework\src\Illuminate\Database\Concerns\ManagesTransactions.php:154
C:\projetos\sistema\backend\vendor\laravel\framework\src\Illuminate\Database\Concerns\ManagesTransactions.php:130
C:\projetos\sistema\backend\vendor\laravel\framework\src\Illuminate\Foundation\Testing\RefreshDatabase.php:147
C:\projetos\sistema\backend\vendor\laravel\framework\src\Illuminate\Foundation\Testing\RefreshDatabase.php:93
C:\projetos\sistema\backend\vendor\laravel\framework\src\Illuminate\Foundation\Testing\RefreshDatabase.php:25
C:\projetos\sistema\backend\vendor\laravel\framework\src\Illuminate\Foundation\Testing\Concerns\InteractsWithTestCaseLifecycle.php:217
C:\projetos\sistema\backend\vendor\laravel\framework\src\Illuminate\Foundation\Testing\Concerns\InteractsWithTestCaseLifecycle.php:101
C:\projetos\sistema\backend\vendor\laravel\framework\src\Illuminate\Foundation\Testing\TestCase.php:63
C:\projetos\sistema\backend\tests\Feature\FinancialEdgeCasesProfessionalTest.php:29</error>
        </testcase>
        <testcase name="test_dre_returns_data" file="C:\projetos\sistema\backend\tests\Feature\FinancialEdgeCasesProfessionalTest.php" line="148" class="Tests\Feature\FinancialEdgeCasesProfessionalTest" classname="Tests.Feature.FinancialEdgeCasesProfessionalTest" assertions="0" time="0.000000">
          <error type="PDOException">Tests\Feature\FinancialEdgeCasesProfessionalTest::test_dre_returns_data&#13;
PDOException: There is already an active transaction
&#13;
C:\projetos\sistema\backend\vendor\laravel\framework\src\Illuminate\Database\SQLiteConnection.php:38
C:\projetos\sistema\backend\vendor\laravel\framework\src\Illuminate\Database\Concerns\ManagesTransactions.php:154
C:\projetos\sistema\backend\vendor\laravel\framework\src\Illuminate\Database\Concerns\ManagesTransactions.php:130
C:\projetos\sistema\backend\vendor\laravel\framework\src\Illuminate\Foundation\Testing\RefreshDatabase.php:147
C:\projetos\sistema\backend\vendor\laravel\framework\src\Illuminate\Foundation\Testing\RefreshDatabase.php:93
C:\projetos\sistema\backend\vendor\laravel\framework\src\Illuminate\Foundation\Testing\RefreshDatabase.php:25
C:\projetos\sistema\backend\vendor\laravel\framework\src\Illuminate\Foundation\Testing\Concerns\InteractsWithTestCaseLifecycle.php:217
C:\projetos\sistema\backend\vendor\laravel\framework\src\Illuminate\Foundation\Testing\Concerns\InteractsWithTestCaseLifecycle.php:101
C:\projetos\sistema\backend\vendor\laravel\framework\src\Illuminate\Foundation\Testing\TestCase.php:63
C:\projetos\sistema\backend\tests\Feature\FinancialEdgeCasesProfessionalTest.php:29</error>
        </testcase>
        <testcase name="test_cash_flow_accepts_date_range" file="C:\projetos\sistema\backend\tests\Feature\FinancialEdgeCasesProfessionalTest.php" line="154" class="Tests\Feature\FinancialEdgeCasesProfessionalTest" classname="Tests.Feature.FinancialEdgeCasesProfessionalTest" assertions="0" time="0.000000">
          <error type="PDOException">Tests\Feature\FinancialEdgeCasesProfessionalTest::test_cash_flow_accepts_date_range&#13;
PDOException: There is already an active transaction
&#13;
C:\projetos\sistema\backend\vendor\laravel\framework\src\Illuminate\Database\SQLiteConnection.php:38
C:\projetos\sistema\backend\vendor\laravel\framework\src\Illuminate\Database\Concerns\ManagesTransactions.php:154
C:\projetos\sistema\backend\vendor\laravel\framework\src\Illuminate\Database\Concerns\ManagesTransactions.php:130
C:\projetos\sistema\backend\vendor\laravel\framework\src\Illuminate\Foundation\Testing\RefreshDatabase.php:147
C:\projetos\sistema\backend\vendor\laravel\framework\src\Illuminate\Foundation\Testing\RefreshDatabase.php:93
C:\projetos\sistema\backend\vendor\laravel\framework\src\Illuminate\Foundation\Testing\RefreshDatabase.php:25
C:\projetos\sistema\backend\vendor\laravel\framework\src\Illuminate\Foundation\Testing\Concerns\InteractsWithTestCaseLifecycle.php:217
C:\projetos\sistema\backend\vendor\laravel\framework\src\Illuminate\Foundation\Testing\Concerns\InteractsWithTestCaseLifecycle.php:101
C:\projetos\sistema\backend\vendor\laravel\framework\src\Illuminate\Foundation\Testing\TestCase.php:63
C:\projetos\sistema\backend\tests\Feature\FinancialEdgeCasesProfessionalTest.php:29</error>
        </testcase>
        <testcase name="test_overdue_receivable_shows_in_summary" file="C:\projetos\sistema\backend\tests\Feature\FinancialEdgeCasesProfessionalTest.php" line="162" class="Tests\Feature\FinancialEdgeCasesProfessionalTest" classname="Tests.Feature.FinancialEdgeCasesProfessionalTest" assertions="0" time="0.000000">
          <error type="PDOException">Tests\Feature\FinancialEdgeCasesProfessionalTest::test_overdue_receivable_shows_in_summary&#13;
PDOException: There is already an active transaction
&#13;
C:\projetos\sistema\backend\vendor\laravel\framework\src\Illuminate\Database\SQLiteConnection.php:38
C:\projetos\sistema\backend\vendor\laravel\framework\src\Illuminate\Database\Concerns\ManagesTransactions.php:154
C:\projetos\sistema\backend\vendor\laravel\framework\src\Illuminate\Database\Concerns\ManagesTransactions.php:130
C:\projetos\sistema\backend\vendor\laravel\framework\src\Illuminate\Foundation\Testing\RefreshDatabase.php:147
C:\projetos\sistema\backend\vendor\laravel\framework\src\Illuminate\Foundation\Testing\RefreshDatabase.php:93
C:\projetos\sistema\backend\vendor\laravel\framework\src\Illuminate\Foundation\Testing\RefreshDatabase.php:25
C:\projetos\sistema\backend\vendor\laravel\framework\src\Illuminate\Foundation\Testing\Concerns\InteractsWithTestCaseLifecycle.php:217
C:\projetos\sistema\backend\vendor\laravel\framework\src\Illuminate\Foundation\Testing\Concerns\InteractsWithTestCaseLifecycle.php:101
C:\projetos\sistema\backend\vendor\laravel\framework\src\Illuminate\Foundation\Testing\TestCase.php:63
C:\projetos\sistema\backend\tests\Feature\FinancialEdgeCasesProfessionalTest.php:29</error>
        </testcase>
        <testcase name="test_installment_generation_creates_multiple_records" file="C:\projetos\sistema\backend\tests\Feature\FinancialEdgeCasesProfessionalTest.php" line="181" class="Tests\Feature\FinancialEdgeCasesProfessionalTest" classname="Tests.Feature.FinancialEdgeCasesProfessionalTest" assertions="0" time="0.000000">
          <error type="PDOException">Tests\Feature\FinancialEdgeCasesProfessionalTest::test_installment_generation_creates_multiple_records&#13;
PDOException: There is already an active transaction
&#13;
C:\projetos\sistema\backend\vendor\laravel\framework\src\Illuminate\Database\SQLiteConnection.php:38
C:\projetos\sistema\backend\vendor\laravel\framework\src\Illuminate\Database\Concerns\ManagesTransactions.php:154
C:\projetos\sistema\backend\vendor\laravel\framework\src\Illuminate\Database\Concerns\ManagesTransactions.php:130
C:\projetos\sistema\backend\vendor\laravel\framework\src\Illuminate\Foundation\Testing\RefreshDatabase.php:147
C:\projetos\sistema\backend\vendor\laravel\framework\src\Illuminate\Foundation\Testing\RefreshDatabase.php:93
C:\projetos\sistema\backend\vendor\laravel\framework\src\Illuminate\Foundation\Testing\RefreshDatabase.php:25
C:\projetos\sistema\backend\vendor\laravel\framework\src\Illuminate\Foundation\Testing\Concerns\InteractsWithTestCaseLifecycle.php:217
C:\projetos\sistema\backend\vendor\laravel\framework\src\Illuminate\Foundation\Testing\Concerns\InteractsWithTestCaseLifecycle.php:101
C:\projetos\sistema\backend\vendor\laravel\framework\src\Illuminate\Foundation\Testing\TestCase.php:63
C:\projetos\sistema\backend\tests\Feature\FinancialEdgeCasesProfessionalTest.php:29</error>
        </testcase>
      </testsuite>
      <testsuite name="Tests\Feature\FinancialEdgeCasesTest" file="C:\projetos\sistema\backend\tests\Feature\FinancialEdgeCasesTest.php" tests="10" assertions="0" errors="10" failures="0" skipped="0" time="0.000000">
        <testcase name="test_partial_payment_changes_status_to_partial" file="C:\projetos\sistema\backend\tests\Feature\FinancialEdgeCasesTest.php" line="53" class="Tests\Feature\FinancialEdgeCasesTest" classname="Tests.Feature.FinancialEdgeCasesTest" assertions="0" time="0.000000">
          <error type="PDOException">Tests\Feature\FinancialEdgeCasesTest::test_partial_payment_changes_status_to_partial&#13;
PDOException: There is already an active transaction
&#13;
C:\projetos\sistema\backend\vendor\laravel\framework\src\Illuminate\Database\SQLiteConnection.php:38
C:\projetos\sistema\backend\vendor\laravel\framework\src\Illuminate\Database\Concerns\ManagesTransactions.php:154
C:\projetos\sistema\backend\vendor\laravel\framework\src\Illuminate\Database\Concerns\ManagesTransactions.php:130
C:\projetos\sistema\backend\vendor\laravel\framework\src\Illuminate\Foundation\Testing\RefreshDatabase.php:147
C:\projetos\sistema\backend\vendor\laravel\framework\src\Illuminate\Foundation\Testing\RefreshDatabase.php:93
C:\projetos\sistema\backend\vendor\laravel\framework\src\Illuminate\Foundation\Testing\RefreshDatabase.php:25
C:\projetos\sistema\backend\vendor\laravel\framework\src\Illuminate\Foundation\Testing\Concerns\InteractsWithTestCaseLifecycle.php:217
C:\projetos\sistema\backend\vendor\laravel\framework\src\Illuminate\Foundation\Testing\Concerns\InteractsWithTestCaseLifecycle.php:101
C:\projetos\sistema\backend\vendor\laravel\framework\src\Illuminate\Foundation\Testing\TestCase.php:63
C:\projetos\sistema\backend\tests\Feature\FinancialEdgeCasesTest.php:29</error>
        </testcase>
        <testcase name="test_full_payment_changes_status_to_paid" file="C:\projetos\sistema\backend\tests\Feature\FinancialEdgeCasesTest.php" line="77" class="Tests\Feature\FinancialEdgeCasesTest" classname="Tests.Feature.FinancialEdgeCasesTest" assertions="0" time="0.000000">
          <error type="PDOException">Tests\Feature\FinancialEdgeCasesTest::test_full_payment_changes_status_to_paid&#13;
PDOException: There is already an active transaction
&#13;
C:\projetos\sistema\backend\vendor\laravel\framework\src\Illuminate\Database\SQLiteConnection.php:38
C:\projetos\sistema\backend\vendor\laravel\framework\src\Illuminate\Database\Concerns\ManagesTransactions.php:154
C:\projetos\sistema\backend\vendor\laravel\framework\src\Illuminate\Database\Concerns\ManagesTransactions.php:130
C:\projetos\sistema\backend\vendor\laravel\framework\src\Illuminate\Foundation\Testing\RefreshDatabase.php:147
C:\projetos\sistema\backend\vendor\laravel\framework\src\Illuminate\Foundation\Testing\RefreshDatabase.php:93
C:\projetos\sistema\backend\vendor\laravel\framework\src\Illuminate\Foundation\Testing\RefreshDatabase.php:25
C:\projetos\sistema\backend\vendor\laravel\framework\src\Illuminate\Foundation\Testing\Concerns\InteractsWithTestCaseLifecycle.php:217
C:\projetos\sistema\backend\vendor\laravel\framework\src\Illuminate\Foundation\Testing\Concerns\InteractsWithTestCaseLifecycle.php:101
C:\projetos\sistema\backend\vendor\laravel\framework\src\Illuminate\Foundation\Testing\TestCase.php:63
C:\projetos\sistema\backend\tests\Feature\FinancialEdgeCasesTest.php:29</error>
        </testcase>
        <testcase name="test_create_payable_with_all_fields" file="C:\projetos\sistema\backend\tests\Feature\FinancialEdgeCasesTest.php" line="102" class="Tests\Feature\FinancialEdgeCasesTest" classname="Tests.Feature.FinancialEdgeCasesTest" assertions="0" time="0.000000">
          <error type="PDOException">Tests\Feature\FinancialEdgeCasesTest::test_create_payable_with_all_fields&#13;
PDOException: There is already an active transaction
&#13;
C:\projetos\sistema\backend\vendor\laravel\framework\src\Illuminate\Database\SQLiteConnection.php:38
C:\projetos\sistema\backend\vendor\laravel\framework\src\Illuminate\Database\Concerns\ManagesTransactions.php:154
C:\projetos\sistema\backend\vendor\laravel\framework\src\Illuminate\Database\Concerns\ManagesTransactions.php:130
C:\projetos\sistema\backend\vendor\laravel\framework\src\Illuminate\Foundation\Testing\RefreshDatabase.php:147
C:\projetos\sistema\backend\vendor\laravel\framework\src\Illuminate\Foundation\Testing\RefreshDatabase.php:93
C:\projetos\sistema\backend\vendor\laravel\framework\src\Illuminate\Foundation\Testing\RefreshDatabase.php:25
C:\projetos\sistema\backend\vendor\laravel\framework\src\Illuminate\Foundation\Testing\Concerns\InteractsWithTestCaseLifecycle.php:217
C:\projetos\sistema\backend\vendor\laravel\framework\src\Illuminate\Foundation\Testing\Concerns\InteractsWithTestCaseLifecycle.php:101
C:\projetos\sistema\backend\vendor\laravel\framework\src\Illuminate\Foundation\Testing\TestCase.php:63
C:\projetos\sistema\backend\tests\Feature\FinancialEdgeCasesTest.php:29</error>
        </testcase>
        <testcase name="test_payable_summary_returns_correct_totals" file="C:\projetos\sistema\backend\tests\Feature\FinancialEdgeCasesTest.php" line="114" class="Tests\Feature\FinancialEdgeCasesTest" classname="Tests.Feature.FinancialEdgeCasesTest" assertions="0" time="0.000000">
          <error type="PDOException">Tests\Feature\FinancialEdgeCasesTest::test_payable_summary_returns_correct_totals&#13;
PDOException: There is already an active transaction
&#13;
C:\projetos\sistema\backend\vendor\laravel\framework\src\Illuminate\Database\SQLiteConnection.php:38
C:\projetos\sistema\backend\vendor\laravel\framework\src\Illuminate\Database\Concerns\ManagesTransactions.php:154
C:\projetos\sistema\backend\vendor\laravel\framework\src\Illuminate\Database\Concerns\ManagesTransactions.php:130
C:\projetos\sistema\backend\vendor\laravel\framework\src\Illuminate\Foundation\Testing\RefreshDatabase.php:147
C:\projetos\sistema\backend\vendor\laravel\framework\src\Illuminate\Foundation\Testing\RefreshDatabase.php:93
C:\projetos\sistema\backend\vendor\laravel\framework\src\Illuminate\Foundation\Testing\RefreshDatabase.php:25
C:\projetos\sistema\backend\vendor\laravel\framework\src\Illuminate\Foundation\Testing\Concerns\InteractsWithTestCaseLifecycle.php:217
C:\projetos\sistema\backend\vendor\laravel\framework\src\Illuminate\Foundation\Testing\Concerns\InteractsWithTestCaseLifecycle.php:101
C:\projetos\sistema\backend\vendor\laravel\framework\src\Illuminate\Foundation\Testing\TestCase.php:63
C:\projetos\sistema\backend\tests\Feature\FinancialEdgeCasesTest.php:29</error>
        </testcase>
        <testcase name="test_cash_flow_endpoint_returns_data" file="C:\projetos\sistema\backend\tests\Feature\FinancialEdgeCasesTest.php" line="135" class="Tests\Feature\FinancialEdgeCasesTest" classname="Tests.Feature.FinancialEdgeCasesTest" assertions="0" time="0.000000">
          <error type="PDOException">Tests\Feature\FinancialEdgeCasesTest::test_cash_flow_endpoint_returns_data&#13;
PDOException: There is already an active transaction
&#13;
C:\projetos\sistema\backend\vendor\laravel\framework\src\Illuminate\Database\SQLiteConnection.php:38
C:\projetos\sistema\backend\vendor\laravel\framework\src\Illuminate\Database\Concerns\ManagesTransactions.php:154
C:\projetos\sistema\backend\vendor\laravel\framework\src\Illuminate\Database\Concerns\ManagesTransactions.php:130
C:\projetos\sistema\backend\vendor\laravel\framework\src\Illuminate\Foundation\Testing\RefreshDatabase.php:147
C:\projetos\sistema\backend\vendor\laravel\framework\src\Illuminate\Foundation\Testing\RefreshDatabase.php:93
C:\projetos\sistema\backend\vendor\laravel\framework\src\Illuminate\Foundation\Testing\RefreshDatabase.php:25
C:\projetos\sistema\backend\vendor\laravel\framework\src\Illuminate\Foundation\Testing\Concerns\InteractsWithTestCaseLifecycle.php:217
C:\projetos\sistema\backend\vendor\laravel\framework\src\Illuminate\Foundation\Testing\Concerns\InteractsWithTestCaseLifecycle.php:101
C:\projetos\sistema\backend\vendor\laravel\framework\src\Illuminate\Foundation\Testing\TestCase.php:63
C:\projetos\sistema\backend\tests\Feature\FinancialEdgeCasesTest.php:29</error>
        </testcase>
        <testcase name="test_dre_endpoint_returns_data" file="C:\projetos\sistema\backend\tests\Feature\FinancialEdgeCasesTest.php" line="141" class="Tests\Feature\FinancialEdgeCasesTest" classname="Tests.Feature.FinancialEdgeCasesTest" assertions="0" time="0.000000">
          <error type="PDOException">Tests\Feature\FinancialEdgeCasesTest::test_dre_endpoint_returns_data&#13;
PDOException: There is already an active transaction
&#13;
C:\projetos\sistema\backend\vendor\laravel\framework\src\Illuminate\Database\SQLiteConnection.php:38
C:\projetos\sistema\backend\vendor\laravel\framework\src\Illuminate\Database\Concerns\ManagesTransactions.php:154
C:\projetos\sistema\backend\vendor\laravel\framework\src\Illuminate\Database\Concerns\ManagesTransactions.php:130
C:\projetos\sistema\backend\vendor\laravel\framework\src\Illuminate\Foundation\Testing\RefreshDatabase.php:147
C:\projetos\sistema\backend\vendor\laravel\framework\src\Illuminate\Foundation\Testing\RefreshDatabase.php:93
C:\projetos\sistema\backend\vendor\laravel\framework\src\Illuminate\Foundation\Testing\RefreshDatabase.php:25
C:\projetos\sistema\backend\vendor\laravel\framework\src\Illuminate\Foundation\Testing\Concerns\InteractsWithTestCaseLifecycle.php:217
C:\projetos\sistema\backend\vendor\laravel\framework\src\Illuminate\Foundation\Testing\Concerns\InteractsWithTestCaseLifecycle.php:101
C:\projetos\sistema\backend\vendor\laravel\framework\src\Illuminate\Foundation\Testing\TestCase.php:63
C:\projetos\sistema\backend\tests\Feature\FinancialEdgeCasesTest.php:29</error>
        </testcase>
        <testcase name="test_cash_flow_accepts_date_range" file="C:\projetos\sistema\backend\tests\Feature\FinancialEdgeCasesTest.php" line="147" class="Tests\Feature\FinancialEdgeCasesTest" classname="Tests.Feature.FinancialEdgeCasesTest" assertions="0" time="0.000000">
          <error type="PDOException">Tests\Feature\FinancialEdgeCasesTest::test_cash_flow_accepts_date_range&#13;
PDOException: There is already an active transaction
&#13;
C:\projetos\sistema\backend\vendor\laravel\framework\src\Illuminate\Database\SQLiteConnection.php:38
C:\projetos\sistema\backend\vendor\laravel\framework\src\Illuminate\Database\Concerns\ManagesTransactions.php:154
C:\projetos\sistema\backend\vendor\laravel\framework\src\Illuminate\Database\Concerns\ManagesTransactions.php:130
C:\projetos\sistema\backend\vendor\laravel\framework\src\Illuminate\Foundation\Testing\RefreshDatabase.php:147
C:\projetos\sistema\backend\vendor\laravel\framework\src\Illuminate\Foundation\Testing\RefreshDatabase.php:93
C:\projetos\sistema\backend\vendor\laravel\framework\src\Illuminate\Foundation\Testing\RefreshDatabase.php:25
C:\projetos\sistema\backend\vendor\laravel\framework\src\Illuminate\Foundation\Testing\Concerns\InteractsWithTestCaseLifecycle.php:217
C:\projetos\sistema\backend\vendor\laravel\framework\src\Illuminate\Foundation\Testing\Concerns\InteractsWithTestCaseLifecycle.php:101
C:\projetos\sistema\backend\vendor\laravel\framework\src\Illuminate\Foundation\Testing\TestCase.php:63
C:\projetos\sistema\backend\tests\Feature\FinancialEdgeCasesTest.php:29</error>
        </testcase>
        <testcase name="test_overdue_receivable_identified_correctly" file="C:\projetos\sistema\backend\tests\Feature\FinancialEdgeCasesTest.php" line="155" class="Tests\Feature\FinancialEdgeCasesTest" classname="Tests.Feature.FinancialEdgeCasesTest" assertions="0" time="0.000000">
          <error type="PDOException">Tests\Feature\FinancialEdgeCasesTest::test_overdue_receivable_identified_correctly&#13;
PDOException: There is already an active transaction
&#13;
C:\projetos\sistema\backend\vendor\laravel\framework\src\Illuminate\Database\SQLiteConnection.php:38
C:\projetos\sistema\backend\vendor\laravel\framework\src\Illuminate\Database\Concerns\ManagesTransactions.php:154
C:\projetos\sistema\backend\vendor\laravel\framework\src\Illuminate\Database\Concerns\ManagesTransactions.php:130
C:\projetos\sistema\backend\vendor\laravel\framework\src\Illuminate\Foundation\Testing\RefreshDatabase.php:147
C:\projetos\sistema\backend\vendor\laravel\framework\src\Illuminate\Foundation\Testing\RefreshDatabase.php:93
C:\projetos\sistema\backend\vendor\laravel\framework\src\Illuminate\Foundation\Testing\RefreshDatabase.php:25
C:\projetos\sistema\backend\vendor\laravel\framework\src\Illuminate\Foundation\Testing\Concerns\InteractsWithTestCaseLifecycle.php:217
C:\projetos\sistema\backend\vendor\laravel\framework\src\Illuminate\Foundation\Testing\Concerns\InteractsWithTestCaseLifecycle.php:101
C:\projetos\sistema\backend\vendor\laravel\framework\src\Illuminate\Foundation\Testing\TestCase.php:63
C:\projetos\sistema\backend\tests\Feature\FinancialEdgeCasesTest.php:29</error>
        </testcase>
        <testcase name="test_installment_generation_endpoint" file="C:\projetos\sistema\backend\tests\Feature\FinancialEdgeCasesTest.php" line="175" class="Tests\Feature\FinancialEdgeCasesTest" classname="Tests.Feature.FinancialEdgeCasesTest" assertions="0" time="0.000000">
          <error type="PDOException">Tests\Feature\FinancialEdgeCasesTest::test_installment_generation_endpoint&#13;
PDOException: There is already an active transaction
&#13;
C:\projetos\sistema\backend\vendor\laravel\framework\src\Illuminate\Database\SQLiteConnection.php:38
C:\projetos\sistema\backend\vendor\laravel\framework\src\Illuminate\Database\Concerns\ManagesTransactions.php:154
C:\projetos\sistema\backend\vendor\laravel\framework\src\Illuminate\Database\Concerns\ManagesTransactions.php:130
C:\projetos\sistema\backend\vendor\laravel\framework\src\Illuminate\Foundation\Testing\RefreshDatabase.php:147
C:\projetos\sistema\backend\vendor\laravel\framework\src\Illuminate\Foundation\Testing\RefreshDatabase.php:93
C:\projetos\sistema\backend\vendor\laravel\framework\src\Illuminate\Foundation\Testing\RefreshDatabase.php:25
C:\projetos\sistema\backend\vendor\laravel\framework\src\Illuminate\Foundation\Testing\Concerns\InteractsWithTestCaseLifecycle.php:217
C:\projetos\sistema\backend\vendor\laravel\framework\src\Illuminate\Foundation\Testing\Concerns\InteractsWithTestCaseLifecycle.php:101
C:\projetos\sistema\backend\vendor\laravel\framework\src\Illuminate\Foundation\Testing\TestCase.php:63
C:\projetos\sistema\backend\tests\Feature\FinancialEdgeCasesTest.php:29</error>
        </testcase>
        <testcase name="test_invoice_metadata_endpoint_returns_options" file="C:\projetos\sistema\backend\tests\Feature\FinancialEdgeCasesTest.php" line="190" class="Tests\Feature\FinancialEdgeCasesTest" classname="Tests.Feature.FinancialEdgeCasesTest" assertions="0" time="0.000000">
          <error type="PDOException">Tests\Feature\FinancialEdgeCasesTest::test_invoice_metadata_endpoint_returns_options&#13;
PDOException: There is already an active transaction
&#13;
C:\projetos\sistema\backend\vendor\laravel\framework\src\Illuminate\Database\SQLiteConnection.php:38
C:\projetos\sistema\backend\vendor\laravel\framework\src\Illuminate\Database\Concerns\ManagesTransactions.php:154
C:\projetos\sistema\backend\vendor\laravel\framework\src\Illuminate\Database\Concerns\ManagesTransactions.php:130
C:\projetos\sistema\backend\vendor\laravel\framework\src\Illuminate\Foundation\Testing\RefreshDatabase.php:147
C:\projetos\sistema\backend\vendor\laravel\framework\src\Illuminate\Foundation\Testing\RefreshDatabase.php:93
C:\projetos\sistema\backend\vendor\laravel\framework\src\Illuminate\Foundation\Testing\RefreshDatabase.php:25
C:\projetos\sistema\backend\vendor\laravel\framework\src\Illuminate\Foundation\Testing\Concerns\InteractsWithTestCaseLifecycle.php:217
C:\projetos\sistema\backend\vendor\laravel\framework\src\Illuminate\Foundation\Testing\Concerns\InteractsWithTestCaseLifecycle.php:101
C:\projetos\sistema\backend\vendor\laravel\framework\src\Illuminate\Foundation\Testing\TestCase.php:63
C:\projetos\sistema\backend\tests\Feature\FinancialEdgeCasesTest.php:29</error>
        </testcase>
      </testsuite>
      <testsuite name="Tests\Feature\FinancialFlowProfessionalTest" file="C:\projetos\sistema\backend\tests\Feature\FinancialFlowProfessionalTest.php" tests="11" assertions="0" errors="11" failures="0" skipped="0" time="0.000000">
        <testcase name="test_partial_payment_updates_amount_paid_and_keeps_pending" file="C:\projetos\sistema\backend\tests\Feature\FinancialFlowProfessionalTest.php" line="55" class="Tests\Feature\FinancialFlowProfessionalTest" classname="Tests.Feature.FinancialFlowProfessionalTest" assertions="0" time="0.000000">
          <error type="PDOException">Tests\Feature\FinancialFlowProfessionalTest::test_partial_payment_updates_amount_paid_and_keeps_pending&#13;
PDOException: There is already an active transaction
&#13;
C:\projetos\sistema\backend\vendor\laravel\framework\src\Illuminate\Database\SQLiteConnection.php:38
C:\projetos\sistema\backend\vendor\laravel\framework\src\Illuminate\Database\Concerns\ManagesTransactions.php:154
C:\projetos\sistema\backend\vendor\laravel\framework\src\Illuminate\Database\Concerns\ManagesTransactions.php:130
C:\projetos\sistema\backend\vendor\laravel\framework\src\Illuminate\Foundation\Testing\RefreshDatabase.php:147
C:\projetos\sistema\backend\vendor\laravel\framework\src\Illuminate\Foundation\Testing\RefreshDatabase.php:93
C:\projetos\sistema\backend\vendor\laravel\framework\src\Illuminate\Foundation\Testing\RefreshDatabase.php:25
C:\projetos\sistema\backend\vendor\laravel\framework\src\Illuminate\Foundation\Testing\Concerns\InteractsWithTestCaseLifecycle.php:217
C:\projetos\sistema\backend\vendor\laravel\framework\src\Illuminate\Foundation\Testing\Concerns\InteractsWithTestCaseLifecycle.php:101
C:\projetos\sistema\backend\vendor\laravel\framework\src\Illuminate\Foundation\Testing\TestCase.php:63
C:\projetos\sistema\backend\tests\Feature\FinancialFlowProfessionalTest.php:32</error>
        </testcase>
        <testcase name="test_full_payment_sets_status_paid_and_paid_at" file="C:\projetos\sistema\backend\tests\Feature\FinancialFlowProfessionalTest.php" line="89" class="Tests\Feature\FinancialFlowProfessionalTest" classname="Tests.Feature.FinancialFlowProfessionalTest" assertions="0" time="0.000000">
          <error type="PDOException">Tests\Feature\FinancialFlowProfessionalTest::test_full_payment_sets_status_paid_and_paid_at&#13;
PDOException: There is already an active transaction
&#13;
C:\projetos\sistema\backend\vendor\laravel\framework\src\Illuminate\Database\SQLiteConnection.php:38
C:\projetos\sistema\backend\vendor\laravel\framework\src\Illuminate\Database\Concerns\ManagesTransactions.php:154
C:\projetos\sistema\backend\vendor\laravel\framework\src\Illuminate\Database\Concerns\ManagesTransactions.php:130
C:\projetos\sistema\backend\vendor\laravel\framework\src\Illuminate\Foundation\Testing\RefreshDatabase.php:147
C:\projetos\sistema\backend\vendor\laravel\framework\src\Illuminate\Foundation\Testing\RefreshDatabase.php:93
C:\projetos\sistema\backend\vendor\laravel\framework\src\Illuminate\Foundation\Testing\RefreshDatabase.php:25
C:\projetos\sistema\backend\vendor\laravel\framework\src\Illuminate\Foundation\Testing\Concerns\InteractsWithTestCaseLifecycle.php:217
C:\projetos\sistema\backend\vendor\laravel\framework\src\Illuminate\Foundation\Testing\Concerns\InteractsWithTestCaseLifecycle.php:101
C:\projetos\sistema\backend\vendor\laravel\framework\src\Illuminate\Foundation\Testing\TestCase.php:63
C:\projetos\sistema\backend\tests\Feature\FinancialFlowProfessionalTest.php:32</error>
        </testcase>
        <testcase name="test_partial_payment_on_overdue_keeps_overdue_status" file="C:\projetos\sistema\backend\tests\Feature\FinancialFlowProfessionalTest.php" line="114" class="Tests\Feature\FinancialFlowProfessionalTest" classname="Tests.Feature.FinancialFlowProfessionalTest" assertions="0" time="0.000000">
          <error type="PDOException">Tests\Feature\FinancialFlowProfessionalTest::test_partial_payment_on_overdue_keeps_overdue_status&#13;
PDOException: There is already an active transaction
&#13;
C:\projetos\sistema\backend\vendor\laravel\framework\src\Illuminate\Database\SQLiteConnection.php:38
C:\projetos\sistema\backend\vendor\laravel\framework\src\Illuminate\Database\Concerns\ManagesTransactions.php:154
C:\projetos\sistema\backend\vendor\laravel\framework\src\Illuminate\Database\Concerns\ManagesTransactions.php:130
C:\projetos\sistema\backend\vendor\laravel\framework\src\Illuminate\Foundation\Testing\RefreshDatabase.php:147
C:\projetos\sistema\backend\vendor\laravel\framework\src\Illuminate\Foundation\Testing\RefreshDatabase.php:93
C:\projetos\sistema\backend\vendor\laravel\framework\src\Illuminate\Foundation\Testing\RefreshDatabase.php:25
C:\projetos\sistema\backend\vendor\laravel\framework\src\Illuminate\Foundation\Testing\Concerns\InteractsWithTestCaseLifecycle.php:217
C:\projetos\sistema\backend\vendor\laravel\framework\src\Illuminate\Foundation\Testing\Concerns\InteractsWithTestCaseLifecycle.php:101
C:\projetos\sistema\backend\vendor\laravel\framework\src\Illuminate\Foundation\Testing\TestCase.php:63
C:\projetos\sistema\backend\tests\Feature\FinancialFlowProfessionalTest.php:32</error>
        </testcase>
        <testcase name="test_create_account_payable_with_supplier" file="C:\projetos\sistema\backend\tests\Feature\FinancialFlowProfessionalTest.php" line="141" class="Tests\Feature\FinancialFlowProfessionalTest" classname="Tests.Feature.FinancialFlowProfessionalTest" assertions="0" time="0.000000">
          <error type="PDOException">Tests\Feature\FinancialFlowProfessionalTest::test_create_account_payable_with_supplier&#13;
PDOException: There is already an active transaction
&#13;
C:\projetos\sistema\backend\vendor\laravel\framework\src\Illuminate\Database\SQLiteConnection.php:38
C:\projetos\sistema\backend\vendor\laravel\framework\src\Illuminate\Database\Concerns\ManagesTransactions.php:154
C:\projetos\sistema\backend\vendor\laravel\framework\src\Illuminate\Database\Concerns\ManagesTransactions.php:130
C:\projetos\sistema\backend\vendor\laravel\framework\src\Illuminate\Foundation\Testing\RefreshDatabase.php:147
C:\projetos\sistema\backend\vendor\laravel\framework\src\Illuminate\Foundation\Testing\RefreshDatabase.php:93
C:\projetos\sistema\backend\vendor\laravel\framework\src\Illuminate\Foundation\Testing\RefreshDatabase.php:25
C:\projetos\sistema\backend\vendor\laravel\framework\src\Illuminate\Foundation\Testing\Concerns\InteractsWithTestCaseLifecycle.php:217
C:\projetos\sistema\backend\vendor\laravel\framework\src\Illuminate\Foundation\Testing\Concerns\InteractsWithTestCaseLifecycle.php:101
C:\projetos\sistema\backend\vendor\laravel\framework\src\Illuminate\Foundation\Testing\TestCase.php:63
C:\projetos\sistema\backend\tests\Feature\FinancialFlowProfessionalTest.php:32</error>
        </testcase>
        <testcase name="test_invoice_from_work_order_transitions_wo_to_invoiced" file="C:\projetos\sistema\backend\tests\Feature\FinancialFlowProfessionalTest.php" line="167" class="Tests\Feature\FinancialFlowProfessionalTest" classname="Tests.Feature.FinancialFlowProfessionalTest" assertions="0" time="0.000000">
          <error type="PDOException">Tests\Feature\FinancialFlowProfessionalTest::test_invoice_from_work_order_transitions_wo_to_invoiced&#13;
PDOException: There is already an active transaction
&#13;
C:\projetos\sistema\backend\vendor\laravel\framework\src\Illuminate\Database\SQLiteConnection.php:38
C:\projetos\sistema\backend\vendor\laravel\framework\src\Illuminate\Database\Concerns\ManagesTransactions.php:154
C:\projetos\sistema\backend\vendor\laravel\framework\src\Illuminate\Database\Concerns\ManagesTransactions.php:130
C:\projetos\sistema\backend\vendor\laravel\framework\src\Illuminate\Foundation\Testing\RefreshDatabase.php:147
C:\projetos\sistema\backend\vendor\laravel\framework\src\Illuminate\Foundation\Testing\RefreshDatabase.php:93
C:\projetos\sistema\backend\vendor\laravel\framework\src\Illuminate\Foundation\Testing\RefreshDatabase.php:25
C:\projetos\sistema\backend\vendor\laravel\framework\src\Illuminate\Foundation\Testing\Concerns\InteractsWithTestCaseLifecycle.php:217
C:\projetos\sistema\backend\vendor\laravel\framework\src\Illuminate\Foundation\Testing\Concerns\InteractsWithTestCaseLifecycle.php:101
C:\projetos\sistema\backend\vendor\laravel\framework\src\Illuminate\Foundation\Testing\TestCase.php:63
C:\projetos\sistema\backend\tests\Feature\FinancialFlowProfessionalTest.php:32</error>
        </testcase>
        <testcase name="test_cancel_invoice_reverts_work_order_to_delivered" file="C:\projetos\sistema\backend\tests\Feature\FinancialFlowProfessionalTest.php" line="197" class="Tests\Feature\FinancialFlowProfessionalTest" classname="Tests.Feature.FinancialFlowProfessionalTest" assertions="0" time="0.000000">
          <error type="PDOException">Tests\Feature\FinancialFlowProfessionalTest::test_cancel_invoice_reverts_work_order_to_delivered&#13;
PDOException: There is already an active transaction
&#13;
C:\projetos\sistema\backend\vendor\laravel\framework\src\Illuminate\Database\SQLiteConnection.php:38
C:\projetos\sistema\backend\vendor\laravel\framework\src\Illuminate\Database\Concerns\ManagesTransactions.php:154
C:\projetos\sistema\backend\vendor\laravel\framework\src\Illuminate\Database\Concerns\ManagesTransactions.php:130
C:\projetos\sistema\backend\vendor\laravel\framework\src\Illuminate\Foundation\Testing\RefreshDatabase.php:147
C:\projetos\sistema\backend\vendor\laravel\framework\src\Illuminate\Foundation\Testing\RefreshDatabase.php:93
C:\projetos\sistema\backend\vendor\laravel\framework\src\Illuminate\Foundation\Testing\RefreshDatabase.php:25
C:\projetos\sistema\backend\vendor\laravel\framework\src\Illuminate\Foundation\Testing\Concerns\InteractsWithTestCaseLifecycle.php:217
C:\projetos\sistema\backend\vendor\laravel\framework\src\Illuminate\Foundation\Testing\Concerns\InteractsWithTestCaseLifecycle.php:101
C:\projetos\sistema\backend\vendor\laravel\framework\src\Illuminate\Foundation\Testing\TestCase.php:63
C:\projetos\sistema\backend\tests\Feature\FinancialFlowProfessionalTest.php:32</error>
        </testcase>
        <testcase name="test_invoice_invalid_status_transition_blocked" file="C:\projetos\sistema\backend\tests\Feature\FinancialFlowProfessionalTest.php" line="221" class="Tests\Feature\FinancialFlowProfessionalTest" classname="Tests.Feature.FinancialFlowProfessionalTest" assertions="0" time="0.000000">
          <error type="PDOException">Tests\Feature\FinancialFlowProfessionalTest::test_invoice_invalid_status_transition_blocked&#13;
PDOException: There is already an active transaction
&#13;
C:\projetos\sistema\backend\vendor\laravel\framework\src\Illuminate\Database\SQLiteConnection.php:38
C:\projetos\sistema\backend\vendor\laravel\framework\src\Illuminate\Database\Concerns\ManagesTransactions.php:154
C:\projetos\sistema\backend\vendor\laravel\framework\src\Illuminate\Database\Concerns\ManagesTransactions.php:130
C:\projetos\sistema\backend\vendor\laravel\framework\src\Illuminate\Foundation\Testing\RefreshDatabase.php:147
C:\projetos\sistema\backend\vendor\laravel\framework\src\Illuminate\Foundation\Testing\RefreshDatabase.php:93
C:\projetos\sistema\backend\vendor\laravel\framework\src\Illuminate\Foundation\Testing\RefreshDatabase.php:25
C:\projetos\sistema\backend\vendor\laravel\framework\src\Illuminate\Foundation\Testing\Concerns\InteractsWithTestCaseLifecycle.php:217
C:\projetos\sistema\backend\vendor\laravel\framework\src\Illuminate\Foundation\Testing\Concerns\InteractsWithTestCaseLifecycle.php:101
C:\projetos\sistema\backend\vendor\laravel\framework\src\Illuminate\Foundation\Testing\TestCase.php:63
C:\projetos\sistema\backend\tests\Feature\FinancialFlowProfessionalTest.php:32</error>
        </testcase>
        <testcase name="test_cancelled_invoice_cannot_be_edited" file="C:\projetos\sistema\backend\tests\Feature\FinancialFlowProfessionalTest.php" line="235" class="Tests\Feature\FinancialFlowProfessionalTest" classname="Tests.Feature.FinancialFlowProfessionalTest" assertions="0" time="0.000000">
          <error type="PDOException">Tests\Feature\FinancialFlowProfessionalTest::test_cancelled_invoice_cannot_be_edited&#13;
PDOException: There is already an active transaction
&#13;
C:\projetos\sistema\backend\vendor\laravel\framework\src\Illuminate\Database\SQLiteConnection.php:38
C:\projetos\sistema\backend\vendor\laravel\framework\src\Illuminate\Database\Concerns\ManagesTransactions.php:154
C:\projetos\sistema\backend\vendor\laravel\framework\src\Illuminate\Database\Concerns\ManagesTransactions.php:130
C:\projetos\sistema\backend\vendor\laravel\framework\src\Illuminate\Foundation\Testing\RefreshDatabase.php:147
C:\projetos\sistema\backend\vendor\laravel\framework\src\Illuminate\Foundation\Testing\RefreshDatabase.php:93
C:\projetos\sistema\backend\vendor\laravel\framework\src\Illuminate\Foundation\Testing\RefreshDatabase.php:25
C:\projetos\sistema\backend\vendor\laravel\framework\src\Illuminate\Foundation\Testing\Concerns\InteractsWithTestCaseLifecycle.php:217
C:\projetos\sistema\backend\vendor\laravel\framework\src\Illuminate\Foundation\Testing\Concerns\InteractsWithTestCaseLifecycle.php:101
C:\projetos\sistema\backend\vendor\laravel\framework\src\Illuminate\Foundation\Testing\TestCase.php:63
C:\projetos\sistema\backend\tests\Feature\FinancialFlowProfessionalTest.php:32</error>
        </testcase>
        <testcase name="test_receivable_summary_calculates_exact_open_balance" file="C:\projetos\sistema\backend\tests\Feature\FinancialFlowProfessionalTest.php" line="250" class="Tests\Feature\FinancialFlowProfessionalTest" classname="Tests.Feature.FinancialFlowProfessionalTest" assertions="0" time="0.000000">
          <error type="PDOException">Tests\Feature\FinancialFlowProfessionalTest::test_receivable_summary_calculates_exact_open_balance&#13;
PDOException: There is already an active transaction
&#13;
C:\projetos\sistema\backend\vendor\laravel\framework\src\Illuminate\Database\SQLiteConnection.php:38
C:\projetos\sistema\backend\vendor\laravel\framework\src\Illuminate\Database\Concerns\ManagesTransactions.php:154
C:\projetos\sistema\backend\vendor\laravel\framework\src\Illuminate\Database\Concerns\ManagesTransactions.php:130
C:\projetos\sistema\backend\vendor\laravel\framework\src\Illuminate\Foundation\Testing\RefreshDatabase.php:147
C:\projetos\sistema\backend\vendor\laravel\framework\src\Illuminate\Foundation\Testing\RefreshDatabase.php:93
C:\projetos\sistema\backend\vendor\laravel\framework\src\Illuminate\Foundation\Testing\RefreshDatabase.php:25
C:\projetos\sistema\backend\vendor\laravel\framework\src\Illuminate\Foundation\Testing\Concerns\InteractsWithTestCaseLifecycle.php:217
C:\projetos\sistema\backend\vendor\laravel\framework\src\Illuminate\Foundation\Testing\Concerns\InteractsWithTestCaseLifecycle.php:101
C:\projetos\sistema\backend\vendor\laravel\framework\src\Illuminate\Foundation\Testing\TestCase.php:63
C:\projetos\sistema\backend\tests\Feature\FinancialFlowProfessionalTest.php:32</error>
        </testcase>
        <testcase name="test_create_receivable_rejects_foreign_tenant_customer" file="C:\projetos\sistema\backend\tests\Feature\FinancialFlowProfessionalTest.php" line="283" class="Tests\Feature\FinancialFlowProfessionalTest" classname="Tests.Feature.FinancialFlowProfessionalTest" assertions="0" time="0.000000">
          <error type="PDOException">Tests\Feature\FinancialFlowProfessionalTest::test_create_receivable_rejects_foreign_tenant_customer&#13;
PDOException: There is already an active transaction
&#13;
C:\projetos\sistema\backend\vendor\laravel\framework\src\Illuminate\Database\SQLiteConnection.php:38
C:\projetos\sistema\backend\vendor\laravel\framework\src\Illuminate\Database\Concerns\ManagesTransactions.php:154
C:\projetos\sistema\backend\vendor\laravel\framework\src\Illuminate\Database\Concerns\ManagesTransactions.php:130
C:\projetos\sistema\backend\vendor\laravel\framework\src\Illuminate\Foundation\Testing\RefreshDatabase.php:147
C:\projetos\sistema\backend\vendor\laravel\framework\src\Illuminate\Foundation\Testing\RefreshDatabase.php:93
C:\projetos\sistema\backend\vendor\laravel\framework\src\Illuminate\Foundation\Testing\RefreshDatabase.php:25
C:\projetos\sistema\backend\vendor\laravel\framework\src\Illuminate\Foundation\Testing\Concerns\InteractsWithTestCaseLifecycle.php:217
C:\projetos\sistema\backend\vendor\laravel\framework\src\Illuminate\Foundation\Testing\Concerns\InteractsWithTestCaseLifecycle.php:101
C:\projetos\sistema\backend\vendor\laravel\framework\src\Illuminate\Foundation\Testing\TestCase.php:63
C:\projetos\sistema\backend\tests\Feature\FinancialFlowProfessionalTest.php:32</error>
        </testcase>
        <testcase name="test_create_payable_rejects_foreign_tenant_supplier" file="C:\projetos\sistema\backend\tests\Feature\FinancialFlowProfessionalTest.php" line="299" class="Tests\Feature\FinancialFlowProfessionalTest" classname="Tests.Feature.FinancialFlowProfessionalTest" assertions="0" time="0.000000">
          <error type="PDOException">Tests\Feature\FinancialFlowProfessionalTest::test_create_payable_rejects_foreign_tenant_supplier&#13;
PDOException: There is already an active transaction
&#13;
C:\projetos\sistema\backend\vendor\laravel\framework\src\Illuminate\Database\SQLiteConnection.php:38
C:\projetos\sistema\backend\vendor\laravel\framework\src\Illuminate\Database\Concerns\ManagesTransactions.php:154
C:\projetos\sistema\backend\vendor\laravel\framework\src\Illuminate\Database\Concerns\ManagesTransactions.php:130
C:\projetos\sistema\backend\vendor\laravel\framework\src\Illuminate\Foundation\Testing\RefreshDatabase.php:147
C:\projetos\sistema\backend\vendor\laravel\framework\src\Illuminate\Foundation\Testing\RefreshDatabase.php:93
C:\projetos\sistema\backend\vendor\laravel\framework\src\Illuminate\Foundation\Testing\RefreshDatabase.php:25
C:\projetos\sistema\backend\vendor\laravel\framework\src\Illuminate\Foundation\Testing\Concerns\InteractsWithTestCaseLifecycle.php:217
C:\projetos\sistema\backend\vendor\laravel\framework\src\Illuminate\Foundation\Testing\Concerns\InteractsWithTestCaseLifecycle.php:101
C:\projetos\sistema\backend\vendor\laravel\framework\src\Illuminate\Foundation\Testing\TestCase.php:63
C:\projetos\sistema\backend\tests\Feature\FinancialFlowProfessionalTest.php:32</error>
        </testcase>
      </testsuite>
      <testsuite name="Tests\Feature\Financial\BankAccountTest" file="C:\projetos\sistema\backend\tests\Feature\Financial\BankAccountTest.php" tests="7" assertions="0" errors="7" failures="0" skipped="0" time="0.000000">
        <testcase name="test_can_list_bank_accounts" file="C:\projetos\sistema\backend\tests\Feature\Financial\BankAccountTest.php" line="25" class="Tests\Feature\Financial\BankAccountTest" classname="Tests.Feature.Financial.BankAccountTest" assertions="0" time="0.000000">
          <error type="PDOException">Tests\Feature\Financial\BankAccountTest::test_can_list_bank_accounts&#13;
PDOException: There is already an active transaction
&#13;
C:\projetos\sistema\backend\vendor\laravel\framework\src\Illuminate\Database\SQLiteConnection.php:38
C:\projetos\sistema\backend\vendor\laravel\framework\src\Illuminate\Database\Concerns\ManagesTransactions.php:154
C:\projetos\sistema\backend\vendor\laravel\framework\src\Illuminate\Database\Concerns\ManagesTransactions.php:130
C:\projetos\sistema\backend\vendor\laravel\framework\src\Illuminate\Foundation\Testing\RefreshDatabase.php:147
C:\projetos\sistema\backend\vendor\laravel\framework\src\Illuminate\Foundation\Testing\RefreshDatabase.php:93
C:\projetos\sistema\backend\vendor\laravel\framework\src\Illuminate\Foundation\Testing\RefreshDatabase.php:25
C:\projetos\sistema\backend\vendor\laravel\framework\src\Illuminate\Foundation\Testing\Concerns\InteractsWithTestCaseLifecycle.php:217
C:\projetos\sistema\backend\vendor\laravel\framework\src\Illuminate\Foundation\Testing\Concerns\InteractsWithTestCaseLifecycle.php:101
C:\projetos\sistema\backend\vendor\laravel\framework\src\Illuminate\Foundation\Testing\TestCase.php:63
C:\projetos\sistema\backend\tests\Feature\Financial\BankAccountTest.php:20</error>
        </testcase>
        <testcase name="test_can_create_bank_account" file="C:\projetos\sistema\backend\tests\Feature\Financial\BankAccountTest.php" line="35" class="Tests\Feature\Financial\BankAccountTest" classname="Tests.Feature.Financial.BankAccountTest" assertions="0" time="0.000000">
          <error type="PDOException">Tests\Feature\Financial\BankAccountTest::test_can_create_bank_account&#13;
PDOException: There is already an active transaction
&#13;
C:\projetos\sistema\backend\vendor\laravel\framework\src\Illuminate\Database\SQLiteConnection.php:38
C:\projetos\sistema\backend\vendor\laravel\framework\src\Illuminate\Database\Concerns\ManagesTransactions.php:154
C:\projetos\sistema\backend\vendor\laravel\framework\src\Illuminate\Database\Concerns\ManagesTransactions.php:130
C:\projetos\sistema\backend\vendor\laravel\framework\src\Illuminate\Foundation\Testing\RefreshDatabase.php:147
C:\projetos\sistema\backend\vendor\laravel\framework\src\Illuminate\Foundation\Testing\RefreshDatabase.php:93
C:\projetos\sistema\backend\vendor\laravel\framework\src\Illuminate\Foundation\Testing\RefreshDatabase.php:25
C:\projetos\sistema\backend\vendor\laravel\framework\src\Illuminate\Foundation\Testing\Concerns\InteractsWithTestCaseLifecycle.php:217
C:\projetos\sistema\backend\vendor\laravel\framework\src\Illuminate\Foundation\Testing\Concerns\InteractsWithTestCaseLifecycle.php:101
C:\projetos\sistema\backend\vendor\laravel\framework\src\Illuminate\Foundation\Testing\TestCase.php:63
C:\projetos\sistema\backend\tests\Feature\Financial\BankAccountTest.php:20</error>
        </testcase>
        <testcase name="test_cannot_create_bank_account_without_permission" file="C:\projetos\sistema\backend\tests\Feature\Financial\BankAccountTest.php" line="59" class="Tests\Feature\Financial\BankAccountTest" classname="Tests.Feature.Financial.BankAccountTest" assertions="0" time="0.000000">
          <error type="PDOException">Tests\Feature\Financial\BankAccountTest::test_cannot_create_bank_account_without_permission&#13;
PDOException: There is already an active transaction
&#13;
C:\projetos\sistema\backend\vendor\laravel\framework\src\Illuminate\Database\SQLiteConnection.php:38
C:\projetos\sistema\backend\vendor\laravel\framework\src\Illuminate\Database\Concerns\ManagesTransactions.php:154
C:\projetos\sistema\backend\vendor\laravel\framework\src\Illuminate\Database\Concerns\ManagesTransactions.php:130
C:\projetos\sistema\backend\vendor\laravel\framework\src\Illuminate\Foundation\Testing\RefreshDatabase.php:147
C:\projetos\sistema\backend\vendor\laravel\framework\src\Illuminate\Foundation\Testing\RefreshDatabase.php:93
C:\projetos\sistema\backend\vendor\laravel\framework\src\Illuminate\Foundation\Testing\RefreshDatabase.php:25
C:\projetos\sistema\backend\vendor\laravel\framework\src\Illuminate\Foundation\Testing\Concerns\InteractsWithTestCaseLifecycle.php:217
C:\projetos\sistema\backend\vendor\laravel\framework\src\Illuminate\Foundation\Testing\Concerns\InteractsWithTestCaseLifecycle.php:101
C:\projetos\sistema\backend\vendor\laravel\framework\src\Illuminate\Foundation\Testing\TestCase.php:63
C:\projetos\sistema\backend\tests\Feature\Financial\BankAccountTest.php:20</error>
        </testcase>
        <testcase name="test_can_update_bank_account" file="C:\projetos\sistema\backend\tests\Feature\Financial\BankAccountTest.php" line="73" class="Tests\Feature\Financial\BankAccountTest" classname="Tests.Feature.Financial.BankAccountTest" assertions="0" time="0.000000">
          <error type="PDOException">Tests\Feature\Financial\BankAccountTest::test_can_update_bank_account&#13;
PDOException: There is already an active transaction
&#13;
C:\projetos\sistema\backend\vendor\laravel\framework\src\Illuminate\Database\SQLiteConnection.php:38
C:\projetos\sistema\backend\vendor\laravel\framework\src\Illuminate\Database\Concerns\ManagesTransactions.php:154
C:\projetos\sistema\backend\vendor\laravel\framework\src\Illuminate\Database\Concerns\ManagesTransactions.php:130
C:\projetos\sistema\backend\vendor\laravel\framework\src\Illuminate\Foundation\Testing\RefreshDatabase.php:147
C:\projetos\sistema\backend\vendor\laravel\framework\src\Illuminate\Foundation\Testing\RefreshDatabase.php:93
C:\projetos\sistema\backend\vendor\laravel\framework\src\Illuminate\Foundation\Testing\RefreshDatabase.php:25
C:\projetos\sistema\backend\vendor\laravel\framework\src\Illuminate\Foundation\Testing\Concerns\InteractsWithTestCaseLifecycle.php:217
C:\projetos\sistema\backend\vendor\laravel\framework\src\Illuminate\Foundation\Testing\Concerns\InteractsWithTestCaseLifecycle.php:101
C:\projetos\sistema\backend\vendor\laravel\framework\src\Illuminate\Foundation\Testing\TestCase.php:63
C:\projetos\sistema\backend\tests\Feature\Financial\BankAccountTest.php:20</error>
        </testcase>
        <testcase name="test_can_delete_unused_bank_account" file="C:\projetos\sistema\backend\tests\Feature\Financial\BankAccountTest.php" line="92" class="Tests\Feature\Financial\BankAccountTest" classname="Tests.Feature.Financial.BankAccountTest" assertions="0" time="0.000000">
          <error type="PDOException">Tests\Feature\Financial\BankAccountTest::test_can_delete_unused_bank_account&#13;
PDOException: There is already an active transaction
&#13;
C:\projetos\sistema\backend\vendor\laravel\framework\src\Illuminate\Database\SQLiteConnection.php:38
C:\projetos\sistema\backend\vendor\laravel\framework\src\Illuminate\Database\Concerns\ManagesTransactions.php:154
C:\projetos\sistema\backend\vendor\laravel\framework\src\Illuminate\Database\Concerns\ManagesTransactions.php:130
C:\projetos\sistema\backend\vendor\laravel\framework\src\Illuminate\Foundation\Testing\RefreshDatabase.php:147
C:\projetos\sistema\backend\vendor\laravel\framework\src\Illuminate\Foundation\Testing\RefreshDatabase.php:93
C:\projetos\sistema\backend\vendor\laravel\framework\src\Illuminate\Foundation\Testing\RefreshDatabase.php:25
C:\projetos\sistema\backend\vendor\laravel\framework\src\Illuminate\Foundation\Testing\Concerns\InteractsWithTestCaseLifecycle.php:217
C:\projetos\sistema\backend\vendor\laravel\framework\src\Illuminate\Foundation\Testing\Concerns\InteractsWithTestCaseLifecycle.php:101
C:\projetos\sistema\backend\vendor\laravel\framework\src\Illuminate\Foundation\Testing\TestCase.php:63
C:\projetos\sistema\backend\tests\Feature\Financial\BankAccountTest.php:20</error>
        </testcase>
        <testcase name="test_cannot_delete_bank_account_with_transfers" file="C:\projetos\sistema\backend\tests\Feature\Financial\BankAccountTest.php" line="103" class="Tests\Feature\Financial\BankAccountTest" classname="Tests.Feature.Financial.BankAccountTest" assertions="0" time="0.000000">
          <error type="PDOException">Tests\Feature\Financial\BankAccountTest::test_cannot_delete_bank_account_with_transfers&#13;
PDOException: There is already an active transaction
&#13;
C:\projetos\sistema\backend\vendor\laravel\framework\src\Illuminate\Database\SQLiteConnection.php:38
C:\projetos\sistema\backend\vendor\laravel\framework\src\Illuminate\Database\Concerns\ManagesTransactions.php:154
C:\projetos\sistema\backend\vendor\laravel\framework\src\Illuminate\Database\Concerns\ManagesTransactions.php:130
C:\projetos\sistema\backend\vendor\laravel\framework\src\Illuminate\Foundation\Testing\RefreshDatabase.php:147
C:\projetos\sistema\backend\vendor\laravel\framework\src\Illuminate\Foundation\Testing\RefreshDatabase.php:93
C:\projetos\sistema\backend\vendor\laravel\framework\src\Illuminate\Foundation\Testing\RefreshDatabase.php:25
C:\projetos\sistema\backend\vendor\laravel\framework\src\Illuminate\Foundation\Testing\Concerns\InteractsWithTestCaseLifecycle.php:217
C:\projetos\sistema\backend\vendor\laravel\framework\src\Illuminate\Foundation\Testing\Concerns\InteractsWithTestCaseLifecycle.php:101
C:\projetos\sistema\backend\vendor\laravel\framework\src\Illuminate\Foundation\Testing\TestCase.php:63
C:\projetos\sistema\backend\tests\Feature\Financial\BankAccountTest.php:20</error>
        </testcase>
        <testcase name="test_search_bank_accounts" file="C:\projetos\sistema\backend\tests\Feature\Financial\BankAccountTest.php" line="119" class="Tests\Feature\Financial\BankAccountTest" classname="Tests.Feature.Financial.BankAccountTest" assertions="0" time="0.000000">
          <error type="PDOException">Tests\Feature\Financial\BankAccountTest::test_search_bank_accounts&#13;
PDOException: There is already an active transaction
&#13;
C:\projetos\sistema\backend\vendor\laravel\framework\src\Illuminate\Database\SQLiteConnection.php:38
C:\projetos\sistema\backend\vendor\laravel\framework\src\Illuminate\Database\Concerns\ManagesTransactions.php:154
C:\projetos\sistema\backend\vendor\laravel\framework\src\Illuminate\Database\Concerns\ManagesTransactions.php:130
C:\projetos\sistema\backend\vendor\laravel\framework\src\Illuminate\Foundation\Testing\RefreshDatabase.php:147
C:\projetos\sistema\backend\vendor\laravel\framework\src\Illuminate\Foundation\Testing\RefreshDatabase.php:93
C:\projetos\sistema\backend\vendor\laravel\framework\src\Illuminate\Foundation\Testing\RefreshDatabase.php:25
C:\projetos\sistema\backend\vendor\laravel\framework\src\Illuminate\Foundation\Testing\Concerns\InteractsWithTestCaseLifecycle.php:217
C:\projetos\sistema\backend\vendor\laravel\framework\src\Illuminate\Foundation\Testing\Concerns\InteractsWithTestCaseLifecycle.php:101
C:\projetos\sistema\backend\vendor\laravel\framework\src\Illuminate\Foundation\Testing\TestCase.php:63
C:\projetos\sistema\backend\tests\Feature\Financial\BankAccountTest.php:20</error>
        </testcase>
      </testsuite>
      <testsuite name="Tests\Feature\Financial\FundTransferTest" file="C:\projetos\sistema\backend\tests\Feature\Financial\FundTransferTest.php" tests="5" assertions="0" errors="5" failures="0" skipped="0" time="0.000000">
        <testcase name="test_can_create_fund_transfer" file="C:\projetos\sistema\backend\tests\Feature\Financial\FundTransferTest.php" line="33" class="Tests\Feature\Financial\FundTransferTest" classname="Tests.Feature.Financial.FundTransferTest" assertions="0" time="0.000000">
          <error type="PDOException">Tests\Feature\Financial\FundTransferTest::test_can_create_fund_transfer&#13;
PDOException: There is already an active transaction
&#13;
C:\projetos\sistema\backend\vendor\laravel\framework\src\Illuminate\Database\SQLiteConnection.php:38
C:\projetos\sistema\backend\vendor\laravel\framework\src\Illuminate\Database\Concerns\ManagesTransactions.php:154
C:\projetos\sistema\backend\vendor\laravel\framework\src\Illuminate\Database\Concerns\ManagesTransactions.php:130
C:\projetos\sistema\backend\vendor\laravel\framework\src\Illuminate\Foundation\Testing\RefreshDatabase.php:147
C:\projetos\sistema\backend\vendor\laravel\framework\src\Illuminate\Foundation\Testing\RefreshDatabase.php:93
C:\projetos\sistema\backend\vendor\laravel\framework\src\Illuminate\Foundation\Testing\RefreshDatabase.php:25
C:\projetos\sistema\backend\vendor\laravel\framework\src\Illuminate\Foundation\Testing\Concerns\InteractsWithTestCaseLifecycle.php:217
C:\projetos\sistema\backend\vendor\laravel\framework\src\Illuminate\Foundation\Testing\Concerns\InteractsWithTestCaseLifecycle.php:101
C:\projetos\sistema\backend\vendor\laravel\framework\src\Illuminate\Foundation\Testing\TestCase.php:63
C:\projetos\sistema\backend\tests\Feature\Financial\FundTransferTest.php:23</error>
        </testcase>
        <testcase name="test_cannot_transfer_with_insufficient_funds" file="C:\projetos\sistema\backend\tests\Feature\Financial\FundTransferTest.php" line="86" class="Tests\Feature\Financial\FundTransferTest" classname="Tests.Feature.Financial.FundTransferTest" assertions="0" time="0.000000">
          <error type="PDOException">Tests\Feature\Financial\FundTransferTest::test_cannot_transfer_with_insufficient_funds&#13;
PDOException: There is already an active transaction
&#13;
C:\projetos\sistema\backend\vendor\laravel\framework\src\Illuminate\Database\SQLiteConnection.php:38
C:\projetos\sistema\backend\vendor\laravel\framework\src\Illuminate\Database\Concerns\ManagesTransactions.php:154
C:\projetos\sistema\backend\vendor\laravel\framework\src\Illuminate\Database\Concerns\ManagesTransactions.php:130
C:\projetos\sistema\backend\vendor\laravel\framework\src\Illuminate\Foundation\Testing\RefreshDatabase.php:147
C:\projetos\sistema\backend\vendor\laravel\framework\src\Illuminate\Foundation\Testing\RefreshDatabase.php:93
C:\projetos\sistema\backend\vendor\laravel\framework\src\Illuminate\Foundation\Testing\RefreshDatabase.php:25
C:\projetos\sistema\backend\vendor\laravel\framework\src\Illuminate\Foundation\Testing\Concerns\InteractsWithTestCaseLifecycle.php:217
C:\projetos\sistema\backend\vendor\laravel\framework\src\Illuminate\Foundation\Testing\Concerns\InteractsWithTestCaseLifecycle.php:101
C:\projetos\sistema\backend\vendor\laravel\framework\src\Illuminate\Foundation\Testing\TestCase.php:63
C:\projetos\sistema\backend\tests\Feature\Financial\FundTransferTest.php:23</error>
        </testcase>
        <testcase name="test_can_cancel_fund_transfer" file="C:\projetos\sistema\backend\tests\Feature\Financial\FundTransferTest.php" line="109" class="Tests\Feature\Financial\FundTransferTest" classname="Tests.Feature.Financial.FundTransferTest" assertions="0" time="0.000000">
          <error type="PDOException">Tests\Feature\Financial\FundTransferTest::test_can_cancel_fund_transfer&#13;
PDOException: There is already an active transaction
&#13;
C:\projetos\sistema\backend\vendor\laravel\framework\src\Illuminate\Database\SQLiteConnection.php:38
C:\projetos\sistema\backend\vendor\laravel\framework\src\Illuminate\Database\Concerns\ManagesTransactions.php:154
C:\projetos\sistema\backend\vendor\laravel\framework\src\Illuminate\Database\Concerns\ManagesTransactions.php:130
C:\projetos\sistema\backend\vendor\laravel\framework\src\Illuminate\Foundation\Testing\RefreshDatabase.php:147
C:\projetos\sistema\backend\vendor\laravel\framework\src\Illuminate\Foundation\Testing\RefreshDatabase.php:93
C:\projetos\sistema\backend\vendor\laravel\framework\src\Illuminate\Foundation\Testing\RefreshDatabase.php:25
C:\projetos\sistema\backend\vendor\laravel\framework\src\Illuminate\Foundation\Testing\Concerns\InteractsWithTestCaseLifecycle.php:217
C:\projetos\sistema\backend\vendor\laravel\framework\src\Illuminate\Foundation\Testing\Concerns\InteractsWithTestCaseLifecycle.php:101
C:\projetos\sistema\backend\vendor\laravel\framework\src\Illuminate\Foundation\Testing\TestCase.php:63
C:\projetos\sistema\backend\tests\Feature\Financial\FundTransferTest.php:23</error>
        </testcase>
        <testcase name="test_can_list_transfers" file="C:\projetos\sistema\backend\tests\Feature\Financial\FundTransferTest.php" line="183" class="Tests\Feature\Financial\FundTransferTest" classname="Tests.Feature.Financial.FundTransferTest" assertions="0" time="0.000000">
          <error type="PDOException">Tests\Feature\Financial\FundTransferTest::test_can_list_transfers&#13;
PDOException: There is already an active transaction
&#13;
C:\projetos\sistema\backend\vendor\laravel\framework\src\Illuminate\Database\SQLiteConnection.php:38
C:\projetos\sistema\backend\vendor\laravel\framework\src\Illuminate\Database\Concerns\ManagesTransactions.php:154
C:\projetos\sistema\backend\vendor\laravel\framework\src\Illuminate\Database\Concerns\ManagesTransactions.php:130
C:\projetos\sistema\backend\vendor\laravel\framework\src\Illuminate\Foundation\Testing\RefreshDatabase.php:147
C:\projetos\sistema\backend\vendor\laravel\framework\src\Illuminate\Foundation\Testing\RefreshDatabase.php:93
C:\projetos\sistema\backend\vendor\laravel\framework\src\Illuminate\Foundation\Testing\RefreshDatabase.php:25
C:\projetos\sistema\backend\vendor\laravel\framework\src\Illuminate\Foundation\Testing\Concerns\InteractsWithTestCaseLifecycle.php:217
C:\projetos\sistema\backend\vendor\laravel\framework\src\Illuminate\Foundation\Testing\Concerns\InteractsWithTestCaseLifecycle.php:101
C:\projetos\sistema\backend\vendor\laravel\framework\src\Illuminate\Foundation\Testing\TestCase.php:63
C:\projetos\sistema\backend\tests\Feature\Financial\FundTransferTest.php:23</error>
        </testcase>
        <testcase name="test_summary_calculation" file="C:\projetos\sistema\backend\tests\Feature\Financial\FundTransferTest.php" line="193" class="Tests\Feature\Financial\FundTransferTest" classname="Tests.Feature.Financial.FundTransferTest" assertions="0" time="0.000000">
          <error type="PDOException">Tests\Feature\Financial\FundTransferTest::test_summary_calculation&#13;
PDOException: There is already an active transaction
&#13;
C:\projetos\sistema\backend\vendor\laravel\framework\src\Illuminate\Database\SQLiteConnection.php:38
C:\projetos\sistema\backend\vendor\laravel\framework\src\Illuminate\Database\Concerns\ManagesTransactions.php:154
C:\projetos\sistema\backend\vendor\laravel\framework\src\Illuminate\Database\Concerns\ManagesTransactions.php:130
C:\projetos\sistema\backend\vendor\laravel\framework\src\Illuminate\Foundation\Testing\RefreshDatabase.php:147
C:\projetos\sistema\backend\vendor\laravel\framework\src\Illuminate\Foundation\Testing\RefreshDatabase.php:93
C:\projetos\sistema\backend\vendor\laravel\framework\src\Illuminate\Foundation\Testing\RefreshDatabase.php:25
C:\projetos\sistema\backend\vendor\laravel\framework\src\Illuminate\Foundation\Testing\Concerns\InteractsWithTestCaseLifecycle.php:217
C:\projetos\sistema\backend\vendor\laravel\framework\src\Illuminate\Foundation\Testing\Concerns\InteractsWithTestCaseLifecycle.php:101
C:\projetos\sistema\backend\vendor\laravel\framework\src\Illuminate\Foundation\Testing\TestCase.php:63
C:\projetos\sistema\backend\tests\Feature\Financial\FundTransferTest.php:23</error>
        </testcase>
      </testsuite>
      <testsuite name="Tests\Feature\FiscalTest" file="C:\projetos\sistema\backend\tests\Feature\FiscalTest.php" tests="8" assertions="0" errors="8" failures="0" skipped="0" time="0.000000">
        <testcase name="test_list_fiscal_notes_paginates" file="C:\projetos\sistema\backend\tests\Feature\FiscalTest.php" line="53" class="Tests\Feature\FiscalTest" classname="Tests.Feature.FiscalTest" assertions="0" time="0.000000">
          <error type="PDOException">Tests\Feature\FiscalTest::test_list_fiscal_notes_paginates&#13;
PDOException: There is already an active transaction
&#13;
C:\projetos\sistema\backend\vendor\laravel\framework\src\Illuminate\Database\SQLiteConnection.php:38
C:\projetos\sistema\backend\vendor\laravel\framework\src\Illuminate\Database\Concerns\ManagesTransactions.php:154
C:\projetos\sistema\backend\vendor\laravel\framework\src\Illuminate\Database\Concerns\ManagesTransactions.php:130
C:\projetos\sistema\backend\vendor\laravel\framework\src\Illuminate\Foundation\Testing\RefreshDatabase.php:147
C:\projetos\sistema\backend\vendor\laravel\framework\src\Illuminate\Foundation\Testing\RefreshDatabase.php:93
C:\projetos\sistema\backend\vendor\laravel\framework\src\Illuminate\Foundation\Testing\RefreshDatabase.php:25
C:\projetos\sistema\backend\vendor\laravel\framework\src\Illuminate\Foundation\Testing\Concerns\InteractsWithTestCaseLifecycle.php:217
C:\projetos\sistema\backend\vendor\laravel\framework\src\Illuminate\Foundation\Testing\Concerns\InteractsWithTestCaseLifecycle.php:101
C:\projetos\sistema\backend\vendor\laravel\framework\src\Illuminate\Foundation\Testing\TestCase.php:63
C:\projetos\sistema\backend\tests\Feature\FiscalTest.php:23</error>
        </testcase>
        <testcase name="test_list_fiscal_notes_filters_by_type" file="C:\projetos\sistema\backend\tests\Feature\FiscalTest.php" line="66" class="Tests\Feature\FiscalTest" classname="Tests.Feature.FiscalTest" assertions="0" time="0.000000">
          <error type="PDOException">Tests\Feature\FiscalTest::test_list_fiscal_notes_filters_by_type&#13;
PDOException: There is already an active transaction
&#13;
C:\projetos\sistema\backend\vendor\laravel\framework\src\Illuminate\Database\SQLiteConnection.php:38
C:\projetos\sistema\backend\vendor\laravel\framework\src\Illuminate\Database\Concerns\ManagesTransactions.php:154
C:\projetos\sistema\backend\vendor\laravel\framework\src\Illuminate\Database\Concerns\ManagesTransactions.php:130
C:\projetos\sistema\backend\vendor\laravel\framework\src\Illuminate\Foundation\Testing\RefreshDatabase.php:147
C:\projetos\sistema\backend\vendor\laravel\framework\src\Illuminate\Foundation\Testing\RefreshDatabase.php:93
C:\projetos\sistema\backend\vendor\laravel\framework\src\Illuminate\Foundation\Testing\RefreshDatabase.php:25
C:\projetos\sistema\backend\vendor\laravel\framework\src\Illuminate\Foundation\Testing\Concerns\InteractsWithTestCaseLifecycle.php:217
C:\projetos\sistema\backend\vendor\laravel\framework\src\Illuminate\Foundation\Testing\Concerns\InteractsWithTestCaseLifecycle.php:101
C:\projetos\sistema\backend\vendor\laravel\framework\src\Illuminate\Foundation\Testing\TestCase.php:63
C:\projetos\sistema\backend\tests\Feature\FiscalTest.php:23</error>
        </testcase>
        <testcase name="test_list_fiscal_notes_filters_by_status" file="C:\projetos\sistema\backend\tests\Feature\FiscalTest.php" line="85" class="Tests\Feature\FiscalTest" classname="Tests.Feature.FiscalTest" assertions="0" time="0.000000">
          <error type="PDOException">Tests\Feature\FiscalTest::test_list_fiscal_notes_filters_by_status&#13;
PDOException: There is already an active transaction
&#13;
C:\projetos\sistema\backend\vendor\laravel\framework\src\Illuminate\Database\SQLiteConnection.php:38
C:\projetos\sistema\backend\vendor\laravel\framework\src\Illuminate\Database\Concerns\ManagesTransactions.php:154
C:\projetos\sistema\backend\vendor\laravel\framework\src\Illuminate\Database\Concerns\ManagesTransactions.php:130
C:\projetos\sistema\backend\vendor\laravel\framework\src\Illuminate\Foundation\Testing\RefreshDatabase.php:147
C:\projetos\sistema\backend\vendor\laravel\framework\src\Illuminate\Foundation\Testing\RefreshDatabase.php:93
C:\projetos\sistema\backend\vendor\laravel\framework\src\Illuminate\Foundation\Testing\RefreshDatabase.php:25
C:\projetos\sistema\backend\vendor\laravel\framework\src\Illuminate\Foundation\Testing\Concerns\InteractsWithTestCaseLifecycle.php:217
C:\projetos\sistema\backend\vendor\laravel\framework\src\Illuminate\Foundation\Testing\Concerns\InteractsWithTestCaseLifecycle.php:101
C:\projetos\sistema\backend\vendor\laravel\framework\src\Illuminate\Foundation\Testing\TestCase.php:63
C:\projetos\sistema\backend\tests\Feature\FiscalTest.php:23</error>
        </testcase>
        <testcase name="test_show_fiscal_note" file="C:\projetos\sistema\backend\tests\Feature\FiscalTest.php" line="106" class="Tests\Feature\FiscalTest" classname="Tests.Feature.FiscalTest" assertions="0" time="0.000000">
          <error type="PDOException">Tests\Feature\FiscalTest::test_show_fiscal_note&#13;
PDOException: There is already an active transaction
&#13;
C:\projetos\sistema\backend\vendor\laravel\framework\src\Illuminate\Database\SQLiteConnection.php:38
C:\projetos\sistema\backend\vendor\laravel\framework\src\Illuminate\Database\Concerns\ManagesTransactions.php:154
C:\projetos\sistema\backend\vendor\laravel\framework\src\Illuminate\Database\Concerns\ManagesTransactions.php:130
C:\projetos\sistema\backend\vendor\laravel\framework\src\Illuminate\Foundation\Testing\RefreshDatabase.php:147
C:\projetos\sistema\backend\vendor\laravel\framework\src\Illuminate\Foundation\Testing\RefreshDatabase.php:93
C:\projetos\sistema\backend\vendor\laravel\framework\src\Illuminate\Foundation\Testing\RefreshDatabase.php:25
C:\projetos\sistema\backend\vendor\laravel\framework\src\Illuminate\Foundation\Testing\Concerns\InteractsWithTestCaseLifecycle.php:217
C:\projetos\sistema\backend\vendor\laravel\framework\src\Illuminate\Foundation\Testing\Concerns\InteractsWithTestCaseLifecycle.php:101
C:\projetos\sistema\backend\vendor\laravel\framework\src\Illuminate\Foundation\Testing\TestCase.php:63
C:\projetos\sistema\backend\tests\Feature\FiscalTest.php:23</error>
        </testcase>
        <testcase name="test_show_fiscal_note_not_found" file="C:\projetos\sistema\backend\tests\Feature\FiscalTest.php" line="122" class="Tests\Feature\FiscalTest" classname="Tests.Feature.FiscalTest" assertions="0" time="0.000000">
          <error type="PDOException">Tests\Feature\FiscalTest::test_show_fiscal_note_not_found&#13;
PDOException: There is already an active transaction
&#13;
C:\projetos\sistema\backend\vendor\laravel\framework\src\Illuminate\Database\SQLiteConnection.php:38
C:\projetos\sistema\backend\vendor\laravel\framework\src\Illuminate\Database\Concerns\ManagesTransactions.php:154
C:\projetos\sistema\backend\vendor\laravel\framework\src\Illuminate\Database\Concerns\ManagesTransactions.php:130
C:\projetos\sistema\backend\vendor\laravel\framework\src\Illuminate\Foundation\Testing\RefreshDatabase.php:147
C:\projetos\sistema\backend\vendor\laravel\framework\src\Illuminate\Foundation\Testing\RefreshDatabase.php:93
C:\projetos\sistema\backend\vendor\laravel\framework\src\Illuminate\Foundation\Testing\RefreshDatabase.php:25
C:\projetos\sistema\backend\vendor\laravel\framework\src\Illuminate\Foundation\Testing\Concerns\InteractsWithTestCaseLifecycle.php:217
C:\projetos\sistema\backend\vendor\laravel\framework\src\Illuminate\Foundation\Testing\Concerns\InteractsWithTestCaseLifecycle.php:101
C:\projetos\sistema\backend\vendor\laravel\framework\src\Illuminate\Foundation\Testing\TestCase.php:63
C:\projetos\sistema\backend\tests\Feature\FiscalTest.php:23</error>
        </testcase>
        <testcase name="test_cannot_see_other_tenant_fiscal_notes" file="C:\projetos\sistema\backend\tests\Feature\FiscalTest.php" line="131" class="Tests\Feature\FiscalTest" classname="Tests.Feature.FiscalTest" assertions="0" time="0.000000">
          <error type="PDOException">Tests\Feature\FiscalTest::test_cannot_see_other_tenant_fiscal_notes&#13;
PDOException: There is already an active transaction
&#13;
C:\projetos\sistema\backend\vendor\laravel\framework\src\Illuminate\Database\SQLiteConnection.php:38
C:\projetos\sistema\backend\vendor\laravel\framework\src\Illuminate\Database\Concerns\ManagesTransactions.php:154
C:\projetos\sistema\backend\vendor\laravel\framework\src\Illuminate\Database\Concerns\ManagesTransactions.php:130
C:\projetos\sistema\backend\vendor\laravel\framework\src\Illuminate\Foundation\Testing\RefreshDatabase.php:147
C:\projetos\sistema\backend\vendor\laravel\framework\src\Illuminate\Foundation\Testing\RefreshDatabase.php:93
C:\projetos\sistema\backend\vendor\laravel\framework\src\Illuminate\Foundation\Testing\RefreshDatabase.php:25
C:\projetos\sistema\backend\vendor\laravel\framework\src\Illuminate\Foundation\Testing\Concerns\InteractsWithTestCaseLifecycle.php:217
C:\projetos\sistema\backend\vendor\laravel\framework\src\Illuminate\Foundation\Testing\Concerns\InteractsWithTestCaseLifecycle.php:101
C:\projetos\sistema\backend\vendor\laravel\framework\src\Illuminate\Foundation\Testing\TestCase.php:63
C:\projetos\sistema\backend\tests\Feature\FiscalTest.php:23</error>
        </testcase>
        <testcase name="test_emit_nfe_requires_customer_id" file="C:\projetos\sistema\backend\tests\Feature\FiscalTest.php" line="149" class="Tests\Feature\FiscalTest" classname="Tests.Feature.FiscalTest" assertions="0" time="0.000000">
          <error type="PDOException">Tests\Feature\FiscalTest::test_emit_nfe_requires_customer_id&#13;
PDOException: There is already an active transaction
&#13;
C:\projetos\sistema\backend\vendor\laravel\framework\src\Illuminate\Database\SQLiteConnection.php:38
C:\projetos\sistema\backend\vendor\laravel\framework\src\Illuminate\Database\Concerns\ManagesTransactions.php:154
C:\projetos\sistema\backend\vendor\laravel\framework\src\Illuminate\Database\Concerns\ManagesTransactions.php:130
C:\projetos\sistema\backend\vendor\laravel\framework\src\Illuminate\Foundation\Testing\RefreshDatabase.php:147
C:\projetos\sistema\backend\vendor\laravel\framework\src\Illuminate\Foundation\Testing\RefreshDatabase.php:93
C:\projetos\sistema\backend\vendor\laravel\framework\src\Illuminate\Foundation\Testing\RefreshDatabase.php:25
C:\projetos\sistema\backend\vendor\laravel\framework\src\Illuminate\Foundation\Testing\Concerns\InteractsWithTestCaseLifecycle.php:217
C:\projetos\sistema\backend\vendor\laravel\framework\src\Illuminate\Foundation\Testing\Concerns\InteractsWithTestCaseLifecycle.php:101
C:\projetos\sistema\backend\vendor\laravel\framework\src\Illuminate\Foundation\Testing\TestCase.php:63
C:\projetos\sistema\backend\tests\Feature\FiscalTest.php:23</error>
        </testcase>
        <testcase name="test_emit_nfse_requires_customer_id" file="C:\projetos\sistema\backend\tests\Feature\FiscalTest.php" line="158" class="Tests\Feature\FiscalTest" classname="Tests.Feature.FiscalTest" assertions="0" time="0.000000">
          <error type="PDOException">Tests\Feature\FiscalTest::test_emit_nfse_requires_customer_id&#13;
PDOException: There is already an active transaction
&#13;
C:\projetos\sistema\backend\vendor\laravel\framework\src\Illuminate\Database\SQLiteConnection.php:38
C:\projetos\sistema\backend\vendor\laravel\framework\src\Illuminate\Database\Concerns\ManagesTransactions.php:154
C:\projetos\sistema\backend\vendor\laravel\framework\src\Illuminate\Database\Concerns\ManagesTransactions.php:130
C:\projetos\sistema\backend\vendor\laravel\framework\src\Illuminate\Foundation\Testing\RefreshDatabase.php:147
C:\projetos\sistema\backend\vendor\laravel\framework\src\Illuminate\Foundation\Testing\RefreshDatabase.php:93
C:\projetos\sistema\backend\vendor\laravel\framework\src\Illuminate\Foundation\Testing\RefreshDatabase.php:25
C:\projetos\sistema\backend\vendor\laravel\framework\src\Illuminate\Foundation\Testing\Concerns\InteractsWithTestCaseLifecycle.php:217
C:\projetos\sistema\backend\vendor\laravel\framework\src\Illuminate\Foundation\Testing\Concerns\InteractsWithTestCaseLifecycle.php:101
C:\projetos\sistema\backend\vendor\laravel\framework\src\Illuminate\Foundation\Testing\TestCase.php:63
C:\projetos\sistema\backend\tests\Feature\FiscalTest.php:23</error>
        </testcase>
      </testsuite>
      <testsuite name="Tests\Feature\IamDependencyTest" file="C:\projetos\sistema\backend\tests\Feature\IamDependencyTest.php" tests="5" assertions="0" errors="5" failures="0" skipped="0" time="0.000000">
        <testcase name="test_cannot_delete_user_with_work_orders" file="C:\projetos\sistema\backend\tests\Feature\IamDependencyTest.php" line="53" class="Tests\Feature\IamDependencyTest" classname="Tests.Feature.IamDependencyTest" assertions="0" time="0.000000">
          <error type="PDOException">Tests\Feature\IamDependencyTest::test_cannot_delete_user_with_work_orders&#13;
PDOException: There is already an active transaction
&#13;
C:\projetos\sistema\backend\vendor\laravel\framework\src\Illuminate\Database\SQLiteConnection.php:38
C:\projetos\sistema\backend\vendor\laravel\framework\src\Illuminate\Database\Concerns\ManagesTransactions.php:154
C:\projetos\sistema\backend\vendor\laravel\framework\src\Illuminate\Database\Concerns\ManagesTransactions.php:130
C:\projetos\sistema\backend\vendor\laravel\framework\src\Illuminate\Foundation\Testing\RefreshDatabase.php:147
C:\projetos\sistema\backend\vendor\laravel\framework\src\Illuminate\Foundation\Testing\RefreshDatabase.php:93
C:\projetos\sistema\backend\vendor\laravel\framework\src\Illuminate\Foundation\Testing\RefreshDatabase.php:25
C:\projetos\sistema\backend\vendor\laravel\framework\src\Illuminate\Foundation\Testing\Concerns\InteractsWithTestCaseLifecycle.php:217
C:\projetos\sistema\backend\vendor\laravel\framework\src\Illuminate\Foundation\Testing\Concerns\InteractsWithTestCaseLifecycle.php:101
C:\projetos\sistema\backend\vendor\laravel\framework\src\Illuminate\Foundation\Testing\TestCase.php:63
C:\projetos\sistema\backend\tests\Feature\IamDependencyTest.php:29</error>
        </testcase>
        <testcase name="test_cannot_delete_user_with_central_items" file="C:\projetos\sistema\backend\tests\Feature\IamDependencyTest.php" line="67" class="Tests\Feature\IamDependencyTest" classname="Tests.Feature.IamDependencyTest" assertions="0" time="0.000000">
          <error type="PDOException">Tests\Feature\IamDependencyTest::test_cannot_delete_user_with_central_items&#13;
PDOException: There is already an active transaction
&#13;
C:\projetos\sistema\backend\vendor\laravel\framework\src\Illuminate\Database\SQLiteConnection.php:38
C:\projetos\sistema\backend\vendor\laravel\framework\src\Illuminate\Database\Concerns\ManagesTransactions.php:154
C:\projetos\sistema\backend\vendor\laravel\framework\src\Illuminate\Database\Concerns\ManagesTransactions.php:130
C:\projetos\sistema\backend\vendor\laravel\framework\src\Illuminate\Foundation\Testing\RefreshDatabase.php:147
C:\projetos\sistema\backend\vendor\laravel\framework\src\Illuminate\Foundation\Testing\RefreshDatabase.php:93
C:\projetos\sistema\backend\vendor\laravel\framework\src\Illuminate\Foundation\Testing\RefreshDatabase.php:25
C:\projetos\sistema\backend\vendor\laravel\framework\src\Illuminate\Foundation\Testing\Concerns\InteractsWithTestCaseLifecycle.php:217
C:\projetos\sistema\backend\vendor\laravel\framework\src\Illuminate\Foundation\Testing\Concerns\InteractsWithTestCaseLifecycle.php:101
C:\projetos\sistema\backend\vendor\laravel\framework\src\Illuminate\Foundation\Testing\TestCase.php:63
C:\projetos\sistema\backend\tests\Feature\IamDependencyTest.php:29</error>
        </testcase>
        <testcase name="test_cannot_delete_user_with_crm_deals" file="C:\projetos\sistema\backend\tests\Feature\IamDependencyTest.php" line="90" class="Tests\Feature\IamDependencyTest" classname="Tests.Feature.IamDependencyTest" assertions="0" time="0.000000">
          <error type="PDOException">Tests\Feature\IamDependencyTest::test_cannot_delete_user_with_crm_deals&#13;
PDOException: There is already an active transaction
&#13;
C:\projetos\sistema\backend\vendor\laravel\framework\src\Illuminate\Database\SQLiteConnection.php:38
C:\projetos\sistema\backend\vendor\laravel\framework\src\Illuminate\Database\Concerns\ManagesTransactions.php:154
C:\projetos\sistema\backend\vendor\laravel\framework\src\Illuminate\Database\Concerns\ManagesTransactions.php:130
C:\projetos\sistema\backend\vendor\laravel\framework\src\Illuminate\Foundation\Testing\RefreshDatabase.php:147
C:\projetos\sistema\backend\vendor\laravel\framework\src\Illuminate\Foundation\Testing\RefreshDatabase.php:93
C:\projetos\sistema\backend\vendor\laravel\framework\src\Illuminate\Foundation\Testing\RefreshDatabase.php:25
C:\projetos\sistema\backend\vendor\laravel\framework\src\Illuminate\Foundation\Testing\Concerns\InteractsWithTestCaseLifecycle.php:217
C:\projetos\sistema\backend\vendor\laravel\framework\src\Illuminate\Foundation\Testing\Concerns\InteractsWithTestCaseLifecycle.php:101
C:\projetos\sistema\backend\vendor\laravel\framework\src\Illuminate\Foundation\Testing\TestCase.php:63
C:\projetos\sistema\backend\tests\Feature\IamDependencyTest.php:29</error>
        </testcase>
        <testcase name="test_cannot_delete_user_with_cash_transactions" file="C:\projetos\sistema\backend\tests\Feature\IamDependencyTest.php" line="112" class="Tests\Feature\IamDependencyTest" classname="Tests.Feature.IamDependencyTest" assertions="0" time="0.000000">
          <error type="PDOException">Tests\Feature\IamDependencyTest::test_cannot_delete_user_with_cash_transactions&#13;
PDOException: There is already an active transaction
&#13;
C:\projetos\sistema\backend\vendor\laravel\framework\src\Illuminate\Database\SQLiteConnection.php:38
C:\projetos\sistema\backend\vendor\laravel\framework\src\Illuminate\Database\Concerns\ManagesTransactions.php:154
C:\projetos\sistema\backend\vendor\laravel\framework\src\Illuminate\Database\Concerns\ManagesTransactions.php:130
C:\projetos\sistema\backend\vendor\laravel\framework\src\Illuminate\Foundation\Testing\RefreshDatabase.php:147
C:\projetos\sistema\backend\vendor\laravel\framework\src\Illuminate\Foundation\Testing\RefreshDatabase.php:93
C:\projetos\sistema\backend\vendor\laravel\framework\src\Illuminate\Foundation\Testing\RefreshDatabase.php:25
C:\projetos\sistema\backend\vendor\laravel\framework\src\Illuminate\Foundation\Testing\Concerns\InteractsWithTestCaseLifecycle.php:217
C:\projetos\sistema\backend\vendor\laravel\framework\src\Illuminate\Foundation\Testing\Concerns\InteractsWithTestCaseLifecycle.php:101
C:\projetos\sistema\backend\vendor\laravel\framework\src\Illuminate\Foundation\Testing\TestCase.php:63
C:\projetos\sistema\backend\tests\Feature\IamDependencyTest.php:29</error>
        </testcase>
        <testcase name="test_can_delete_user_without_dependencies" file="C:\projetos\sistema\backend\tests\Feature\IamDependencyTest.php" line="138" class="Tests\Feature\IamDependencyTest" classname="Tests.Feature.IamDependencyTest" assertions="0" time="0.000000">
          <error type="PDOException">Tests\Feature\IamDependencyTest::test_can_delete_user_without_dependencies&#13;
PDOException: There is already an active transaction
&#13;
C:\projetos\sistema\backend\vendor\laravel\framework\src\Illuminate\Database\SQLiteConnection.php:38
C:\projetos\sistema\backend\vendor\laravel\framework\src\Illuminate\Database\Concerns\ManagesTransactions.php:154
C:\projetos\sistema\backend\vendor\laravel\framework\src\Illuminate\Database\Concerns\ManagesTransactions.php:130
C:\projetos\sistema\backend\vendor\laravel\framework\src\Illuminate\Foundation\Testing\RefreshDatabase.php:147
C:\projetos\sistema\backend\vendor\laravel\framework\src\Illuminate\Foundation\Testing\RefreshDatabase.php:93
C:\projetos\sistema\backend\vendor\laravel\framework\src\Illuminate\Foundation\Testing\RefreshDatabase.php:25
C:\projetos\sistema\backend\vendor\laravel\framework\src\Illuminate\Foundation\Testing\Concerns\InteractsWithTestCaseLifecycle.php:217
C:\projetos\sistema\backend\vendor\laravel\framework\src\Illuminate\Foundation\Testing\Concerns\InteractsWithTestCaseLifecycle.php:101
C:\projetos\sistema\backend\vendor\laravel\framework\src\Illuminate\Foundation\Testing\TestCase.php:63
C:\projetos\sistema\backend\tests\Feature\IamDependencyTest.php:29</error>
        </testcase>
      </testsuite>
      <testsuite name="Tests\Feature\IamProfessionalTest" file="C:\projetos\sistema\backend\tests\Feature\IamProfessionalTest.php" tests="12" assertions="0" errors="12" failures="0" skipped="0" time="0.000000">
        <testcase name="test_create_user_with_valid_data_persists" file="C:\projetos\sistema\backend\tests\Feature\IamProfessionalTest.php" line="48" class="Tests\Feature\IamProfessionalTest" classname="Tests.Feature.IamProfessionalTest" assertions="0" time="0.000000">
          <error type="PDOException">Tests\Feature\IamProfessionalTest::test_create_user_with_valid_data_persists&#13;
PDOException: There is already an active transaction
&#13;
C:\projetos\sistema\backend\vendor\laravel\framework\src\Illuminate\Database\SQLiteConnection.php:38
C:\projetos\sistema\backend\vendor\laravel\framework\src\Illuminate\Database\Concerns\ManagesTransactions.php:154
C:\projetos\sistema\backend\vendor\laravel\framework\src\Illuminate\Database\Concerns\ManagesTransactions.php:130
C:\projetos\sistema\backend\vendor\laravel\framework\src\Illuminate\Foundation\Testing\RefreshDatabase.php:147
C:\projetos\sistema\backend\vendor\laravel\framework\src\Illuminate\Foundation\Testing\RefreshDatabase.php:93
C:\projetos\sistema\backend\vendor\laravel\framework\src\Illuminate\Foundation\Testing\RefreshDatabase.php:25
C:\projetos\sistema\backend\vendor\laravel\framework\src\Illuminate\Foundation\Testing\Concerns\InteractsWithTestCaseLifecycle.php:217
C:\projetos\sistema\backend\vendor\laravel\framework\src\Illuminate\Foundation\Testing\Concerns\InteractsWithTestCaseLifecycle.php:101
C:\projetos\sistema\backend\vendor\laravel\framework\src\Illuminate\Foundation\Testing\TestCase.php:63
C:\projetos\sistema\backend\tests\Feature\IamProfessionalTest.php:26</error>
        </testcase>
        <testcase name="test_create_user_rejects_duplicate_email_same_tenant" file="C:\projetos\sistema\backend\tests\Feature\IamProfessionalTest.php" line="71" class="Tests\Feature\IamProfessionalTest" classname="Tests.Feature.IamProfessionalTest" assertions="0" time="0.000000">
          <error type="PDOException">Tests\Feature\IamProfessionalTest::test_create_user_rejects_duplicate_email_same_tenant&#13;
PDOException: There is already an active transaction
&#13;
C:\projetos\sistema\backend\vendor\laravel\framework\src\Illuminate\Database\SQLiteConnection.php:38
C:\projetos\sistema\backend\vendor\laravel\framework\src\Illuminate\Database\Concerns\ManagesTransactions.php:154
C:\projetos\sistema\backend\vendor\laravel\framework\src\Illuminate\Database\Concerns\ManagesTransactions.php:130
C:\projetos\sistema\backend\vendor\laravel\framework\src\Illuminate\Foundation\Testing\RefreshDatabase.php:147
C:\projetos\sistema\backend\vendor\laravel\framework\src\Illuminate\Foundation\Testing\RefreshDatabase.php:93
C:\projetos\sistema\backend\vendor\laravel\framework\src\Illuminate\Foundation\Testing\RefreshDatabase.php:25
C:\projetos\sistema\backend\vendor\laravel\framework\src\Illuminate\Foundation\Testing\Concerns\InteractsWithTestCaseLifecycle.php:217
C:\projetos\sistema\backend\vendor\laravel\framework\src\Illuminate\Foundation\Testing\Concerns\InteractsWithTestCaseLifecycle.php:101
C:\projetos\sistema\backend\vendor\laravel\framework\src\Illuminate\Foundation\Testing\TestCase.php:63
C:\projetos\sistema\backend\tests\Feature\IamProfessionalTest.php:26</error>
        </testcase>
        <testcase name="test_list_users_returns_paginated" file="C:\projetos\sistema\backend\tests\Feature\IamProfessionalTest.php" line="89" class="Tests\Feature\IamProfessionalTest" classname="Tests.Feature.IamProfessionalTest" assertions="0" time="0.000000">
          <error type="PDOException">Tests\Feature\IamProfessionalTest::test_list_users_returns_paginated&#13;
PDOException: There is already an active transaction
&#13;
C:\projetos\sistema\backend\vendor\laravel\framework\src\Illuminate\Database\SQLiteConnection.php:38
C:\projetos\sistema\backend\vendor\laravel\framework\src\Illuminate\Database\Concerns\ManagesTransactions.php:154
C:\projetos\sistema\backend\vendor\laravel\framework\src\Illuminate\Database\Concerns\ManagesTransactions.php:130
C:\projetos\sistema\backend\vendor\laravel\framework\src\Illuminate\Foundation\Testing\RefreshDatabase.php:147
C:\projetos\sistema\backend\vendor\laravel\framework\src\Illuminate\Foundation\Testing\RefreshDatabase.php:93
C:\projetos\sistema\backend\vendor\laravel\framework\src\Illuminate\Foundation\Testing\RefreshDatabase.php:25
C:\projetos\sistema\backend\vendor\laravel\framework\src\Illuminate\Foundation\Testing\Concerns\InteractsWithTestCaseLifecycle.php:217
C:\projetos\sistema\backend\vendor\laravel\framework\src\Illuminate\Foundation\Testing\Concerns\InteractsWithTestCaseLifecycle.php:101
C:\projetos\sistema\backend\vendor\laravel\framework\src\Illuminate\Foundation\Testing\TestCase.php:63
C:\projetos\sistema\backend\tests\Feature\IamProfessionalTest.php:26</error>
        </testcase>
        <testcase name="test_update_user_persists_changes" file="C:\projetos\sistema\backend\tests\Feature\IamProfessionalTest.php" line="102" class="Tests\Feature\IamProfessionalTest" classname="Tests.Feature.IamProfessionalTest" assertions="0" time="0.000000">
          <error type="PDOException">Tests\Feature\IamProfessionalTest::test_update_user_persists_changes&#13;
PDOException: There is already an active transaction
&#13;
C:\projetos\sistema\backend\vendor\laravel\framework\src\Illuminate\Database\SQLiteConnection.php:38
C:\projetos\sistema\backend\vendor\laravel\framework\src\Illuminate\Database\Concerns\ManagesTransactions.php:154
C:\projetos\sistema\backend\vendor\laravel\framework\src\Illuminate\Database\Concerns\ManagesTransactions.php:130
C:\projetos\sistema\backend\vendor\laravel\framework\src\Illuminate\Foundation\Testing\RefreshDatabase.php:147
C:\projetos\sistema\backend\vendor\laravel\framework\src\Illuminate\Foundation\Testing\RefreshDatabase.php:93
C:\projetos\sistema\backend\vendor\laravel\framework\src\Illuminate\Foundation\Testing\RefreshDatabase.php:25
C:\projetos\sistema\backend\vendor\laravel\framework\src\Illuminate\Foundation\Testing\Concerns\InteractsWithTestCaseLifecycle.php:217
C:\projetos\sistema\backend\vendor\laravel\framework\src\Illuminate\Foundation\Testing\Concerns\InteractsWithTestCaseLifecycle.php:101
C:\projetos\sistema\backend\vendor\laravel\framework\src\Illuminate\Foundation\Testing\TestCase.php:63
C:\projetos\sistema\backend\tests\Feature\IamProfessionalTest.php:26</error>
        </testcase>
        <testcase name="test_deactivate_user_sets_is_active_false" file="C:\projetos\sistema\backend\tests\Feature\IamProfessionalTest.php" line="122" class="Tests\Feature\IamProfessionalTest" classname="Tests.Feature.IamProfessionalTest" assertions="0" time="0.000000">
          <error type="PDOException">Tests\Feature\IamProfessionalTest::test_deactivate_user_sets_is_active_false&#13;
PDOException: There is already an active transaction
&#13;
C:\projetos\sistema\backend\vendor\laravel\framework\src\Illuminate\Database\SQLiteConnection.php:38
C:\projetos\sistema\backend\vendor\laravel\framework\src\Illuminate\Database\Concerns\ManagesTransactions.php:154
C:\projetos\sistema\backend\vendor\laravel\framework\src\Illuminate\Database\Concerns\ManagesTransactions.php:130
C:\projetos\sistema\backend\vendor\laravel\framework\src\Illuminate\Foundation\Testing\RefreshDatabase.php:147
C:\projetos\sistema\backend\vendor\laravel\framework\src\Illuminate\Foundation\Testing\RefreshDatabase.php:93
C:\projetos\sistema\backend\vendor\laravel\framework\src\Illuminate\Foundation\Testing\RefreshDatabase.php:25
C:\projetos\sistema\backend\vendor\laravel\framework\src\Illuminate\Foundation\Testing\Concerns\InteractsWithTestCaseLifecycle.php:217
C:\projetos\sistema\backend\vendor\laravel\framework\src\Illuminate\Foundation\Testing\Concerns\InteractsWithTestCaseLifecycle.php:101
C:\projetos\sistema\backend\vendor\laravel\framework\src\Illuminate\Foundation\Testing\TestCase.php:63
C:\projetos\sistema\backend\tests\Feature\IamProfessionalTest.php:26</error>
        </testcase>
        <testcase name="test_create_role_with_permissions" file="C:\projetos\sistema\backend\tests\Feature\IamProfessionalTest.php" line="144" class="Tests\Feature\IamProfessionalTest" classname="Tests.Feature.IamProfessionalTest" assertions="0" time="0.000000">
          <error type="PDOException">Tests\Feature\IamProfessionalTest::test_create_role_with_permissions&#13;
PDOException: There is already an active transaction
&#13;
C:\projetos\sistema\backend\vendor\laravel\framework\src\Illuminate\Database\SQLiteConnection.php:38
C:\projetos\sistema\backend\vendor\laravel\framework\src\Illuminate\Database\Concerns\ManagesTransactions.php:154
C:\projetos\sistema\backend\vendor\laravel\framework\src\Illuminate\Database\Concerns\ManagesTransactions.php:130
C:\projetos\sistema\backend\vendor\laravel\framework\src\Illuminate\Foundation\Testing\RefreshDatabase.php:147
C:\projetos\sistema\backend\vendor\laravel\framework\src\Illuminate\Foundation\Testing\RefreshDatabase.php:93
C:\projetos\sistema\backend\vendor\laravel\framework\src\Illuminate\Foundation\Testing\RefreshDatabase.php:25
C:\projetos\sistema\backend\vendor\laravel\framework\src\Illuminate\Foundation\Testing\Concerns\InteractsWithTestCaseLifecycle.php:217
C:\projetos\sistema\backend\vendor\laravel\framework\src\Illuminate\Foundation\Testing\Concerns\InteractsWithTestCaseLifecycle.php:101
C:\projetos\sistema\backend\vendor\laravel\framework\src\Illuminate\Foundation\Testing\TestCase.php:63
C:\projetos\sistema\backend\tests\Feature\IamProfessionalTest.php:26</error>
        </testcase>
        <testcase name="test_update_role_updates_description" file="C:\projetos\sistema\backend\tests\Feature\IamProfessionalTest.php" line="164" class="Tests\Feature\IamProfessionalTest" classname="Tests.Feature.IamProfessionalTest" assertions="0" time="0.000000">
          <error type="PDOException">Tests\Feature\IamProfessionalTest::test_update_role_updates_description&#13;
PDOException: There is already an active transaction
&#13;
C:\projetos\sistema\backend\vendor\laravel\framework\src\Illuminate\Database\SQLiteConnection.php:38
C:\projetos\sistema\backend\vendor\laravel\framework\src\Illuminate\Database\Concerns\ManagesTransactions.php:154
C:\projetos\sistema\backend\vendor\laravel\framework\src\Illuminate\Database\Concerns\ManagesTransactions.php:130
C:\projetos\sistema\backend\vendor\laravel\framework\src\Illuminate\Foundation\Testing\RefreshDatabase.php:147
C:\projetos\sistema\backend\vendor\laravel\framework\src\Illuminate\Foundation\Testing\RefreshDatabase.php:93
C:\projetos\sistema\backend\vendor\laravel\framework\src\Illuminate\Foundation\Testing\RefreshDatabase.php:25
C:\projetos\sistema\backend\vendor\laravel\framework\src\Illuminate\Foundation\Testing\Concerns\InteractsWithTestCaseLifecycle.php:217
C:\projetos\sistema\backend\vendor\laravel\framework\src\Illuminate\Foundation\Testing\Concerns\InteractsWithTestCaseLifecycle.php:101
C:\projetos\sistema\backend\vendor\laravel\framework\src\Illuminate\Foundation\Testing\TestCase.php:63
C:\projetos\sistema\backend\tests\Feature\IamProfessionalTest.php:26</error>
        </testcase>
        <testcase name="test_list_roles_returns_all_for_tenant" file="C:\projetos\sistema\backend\tests\Feature\IamProfessionalTest.php" line="184" class="Tests\Feature\IamProfessionalTest" classname="Tests.Feature.IamProfessionalTest" assertions="0" time="0.000000">
          <error type="PDOException">Tests\Feature\IamProfessionalTest::test_list_roles_returns_all_for_tenant&#13;
PDOException: There is already an active transaction
&#13;
C:\projetos\sistema\backend\vendor\laravel\framework\src\Illuminate\Database\SQLiteConnection.php:38
C:\projetos\sistema\backend\vendor\laravel\framework\src\Illuminate\Database\Concerns\ManagesTransactions.php:154
C:\projetos\sistema\backend\vendor\laravel\framework\src\Illuminate\Database\Concerns\ManagesTransactions.php:130
C:\projetos\sistema\backend\vendor\laravel\framework\src\Illuminate\Foundation\Testing\RefreshDatabase.php:147
C:\projetos\sistema\backend\vendor\laravel\framework\src\Illuminate\Foundation\Testing\RefreshDatabase.php:93
C:\projetos\sistema\backend\vendor\laravel\framework\src\Illuminate\Foundation\Testing\RefreshDatabase.php:25
C:\projetos\sistema\backend\vendor\laravel\framework\src\Illuminate\Foundation\Testing\Concerns\InteractsWithTestCaseLifecycle.php:217
C:\projetos\sistema\backend\vendor\laravel\framework\src\Illuminate\Foundation\Testing\Concerns\InteractsWithTestCaseLifecycle.php:101
C:\projetos\sistema\backend\vendor\laravel\framework\src\Illuminate\Foundation\Testing\TestCase.php:63
C:\projetos\sistema\backend\tests\Feature\IamProfessionalTest.php:26</error>
        </testcase>
        <testcase name="test_assign_role_to_user" file="C:\projetos\sistema\backend\tests\Feature\IamProfessionalTest.php" line="196" class="Tests\Feature\IamProfessionalTest" classname="Tests.Feature.IamProfessionalTest" assertions="0" time="0.000000">
          <error type="PDOException">Tests\Feature\IamProfessionalTest::test_assign_role_to_user&#13;
PDOException: There is already an active transaction
&#13;
C:\projetos\sistema\backend\vendor\laravel\framework\src\Illuminate\Database\SQLiteConnection.php:38
C:\projetos\sistema\backend\vendor\laravel\framework\src\Illuminate\Database\Concerns\ManagesTransactions.php:154
C:\projetos\sistema\backend\vendor\laravel\framework\src\Illuminate\Database\Concerns\ManagesTransactions.php:130
C:\projetos\sistema\backend\vendor\laravel\framework\src\Illuminate\Foundation\Testing\RefreshDatabase.php:147
C:\projetos\sistema\backend\vendor\laravel\framework\src\Illuminate\Foundation\Testing\RefreshDatabase.php:93
C:\projetos\sistema\backend\vendor\laravel\framework\src\Illuminate\Foundation\Testing\RefreshDatabase.php:25
C:\projetos\sistema\backend\vendor\laravel\framework\src\Illuminate\Foundation\Testing\Concerns\InteractsWithTestCaseLifecycle.php:217
C:\projetos\sistema\backend\vendor\laravel\framework\src\Illuminate\Foundation\Testing\Concerns\InteractsWithTestCaseLifecycle.php:101
C:\projetos\sistema\backend\vendor\laravel\framework\src\Illuminate\Foundation\Testing\TestCase.php:63
C:\projetos\sistema\backend\tests\Feature\IamProfessionalTest.php:26</error>
        </testcase>
        <testcase name="test_list_permissions_returns_grouped" file="C:\projetos\sistema\backend\tests\Feature\IamProfessionalTest.php" line="217" class="Tests\Feature\IamProfessionalTest" classname="Tests.Feature.IamProfessionalTest" assertions="0" time="0.000000">
          <error type="PDOException">Tests\Feature\IamProfessionalTest::test_list_permissions_returns_grouped&#13;
PDOException: There is already an active transaction
&#13;
C:\projetos\sistema\backend\vendor\laravel\framework\src\Illuminate\Database\SQLiteConnection.php:38
C:\projetos\sistema\backend\vendor\laravel\framework\src\Illuminate\Database\Concerns\ManagesTransactions.php:154
C:\projetos\sistema\backend\vendor\laravel\framework\src\Illuminate\Database\Concerns\ManagesTransactions.php:130
C:\projetos\sistema\backend\vendor\laravel\framework\src\Illuminate\Foundation\Testing\RefreshDatabase.php:147
C:\projetos\sistema\backend\vendor\laravel\framework\src\Illuminate\Foundation\Testing\RefreshDatabase.php:93
C:\projetos\sistema\backend\vendor\laravel\framework\src\Illuminate\Foundation\Testing\RefreshDatabase.php:25
C:\projetos\sistema\backend\vendor\laravel\framework\src\Illuminate\Foundation\Testing\Concerns\InteractsWithTestCaseLifecycle.php:217
C:\projetos\sistema\backend\vendor\laravel\framework\src\Illuminate\Foundation\Testing\Concerns\InteractsWithTestCaseLifecycle.php:101
C:\projetos\sistema\backend\vendor\laravel\framework\src\Illuminate\Foundation\Testing\TestCase.php:63
C:\projetos\sistema\backend\tests\Feature\IamProfessionalTest.php:26</error>
        </testcase>
        <testcase name="test_user_response_never_exposes_password" file="C:\projetos\sistema\backend\tests\Feature\IamProfessionalTest.php" line="230" class="Tests\Feature\IamProfessionalTest" classname="Tests.Feature.IamProfessionalTest" assertions="0" time="0.000000">
          <error type="PDOException">Tests\Feature\IamProfessionalTest::test_user_response_never_exposes_password&#13;
PDOException: There is already an active transaction
&#13;
C:\projetos\sistema\backend\vendor\laravel\framework\src\Illuminate\Database\SQLiteConnection.php:38
C:\projetos\sistema\backend\vendor\laravel\framework\src\Illuminate\Database\Concerns\ManagesTransactions.php:154
C:\projetos\sistema\backend\vendor\laravel\framework\src\Illuminate\Database\Concerns\ManagesTransactions.php:130
C:\projetos\sistema\backend\vendor\laravel\framework\src\Illuminate\Foundation\Testing\RefreshDatabase.php:147
C:\projetos\sistema\backend\vendor\laravel\framework\src\Illuminate\Foundation\Testing\RefreshDatabase.php:93
C:\projetos\sistema\backend\vendor\laravel\framework\src\Illuminate\Foundation\Testing\RefreshDatabase.php:25
C:\projetos\sistema\backend\vendor\laravel\framework\src\Illuminate\Foundation\Testing\Concerns\InteractsWithTestCaseLifecycle.php:217
C:\projetos\sistema\backend\vendor\laravel\framework\src\Illuminate\Foundation\Testing\Concerns\InteractsWithTestCaseLifecycle.php:101
C:\projetos\sistema\backend\vendor\laravel\framework\src\Illuminate\Foundation\Testing\TestCase.php:63
C:\projetos\sistema\backend\tests\Feature\IamProfessionalTest.php:26</error>
        </testcase>
        <testcase name="test_users_from_other_tenant_not_visible" file="C:\projetos\sistema\backend\tests\Feature\IamProfessionalTest.php" line="246" class="Tests\Feature\IamProfessionalTest" classname="Tests.Feature.IamProfessionalTest" assertions="0" time="0.000000">
          <error type="PDOException">Tests\Feature\IamProfessionalTest::test_users_from_other_tenant_not_visible&#13;
PDOException: There is already an active transaction
&#13;
C:\projetos\sistema\backend\vendor\laravel\framework\src\Illuminate\Database\SQLiteConnection.php:38
C:\projetos\sistema\backend\vendor\laravel\framework\src\Illuminate\Database\Concerns\ManagesTransactions.php:154
C:\projetos\sistema\backend\vendor\laravel\framework\src\Illuminate\Database\Concerns\ManagesTransactions.php:130
C:\projetos\sistema\backend\vendor\laravel\framework\src\Illuminate\Foundation\Testing\RefreshDatabase.php:147
C:\projetos\sistema\backend\vendor\laravel\framework\src\Illuminate\Foundation\Testing\RefreshDatabase.php:93
C:\projetos\sistema\backend\vendor\laravel\framework\src\Illuminate\Foundation\Testing\RefreshDatabase.php:25
C:\projetos\sistema\backend\vendor\laravel\framework\src\Illuminate\Foundation\Testing\Concerns\InteractsWithTestCaseLifecycle.php:217
C:\projetos\sistema\backend\vendor\laravel\framework\src\Illuminate\Foundation\Testing\Concerns\InteractsWithTestCaseLifecycle.php:101
C:\projetos\sistema\backend\vendor\laravel\framework\src\Illuminate\Foundation\Testing\TestCase.php:63
C:\projetos\sistema\backend\tests\Feature\IamProfessionalTest.php:26</error>
        </testcase>
      </testsuite>
      <testsuite name="Tests\Feature\IamTest" file="C:\projetos\sistema\backend\tests\Feature\IamTest.php" tests="43" assertions="0" errors="43" failures="0" skipped="0" time="0.000000">
        <testcase name="test_create_user" file="C:\projetos\sistema\backend\tests\Feature\IamTest.php" line="62" class="Tests\Feature\IamTest" classname="Tests.Feature.IamTest" assertions="0" time="0.000000">
          <error type="PDOException">Tests\Feature\IamTest::test_create_user&#13;
PDOException: There is already an active transaction
&#13;
C:\projetos\sistema\backend\vendor\laravel\framework\src\Illuminate\Database\SQLiteConnection.php:38
C:\projetos\sistema\backend\vendor\laravel\framework\src\Illuminate\Database\Concerns\ManagesTransactions.php:154
C:\projetos\sistema\backend\vendor\laravel\framework\src\Illuminate\Database\Concerns\ManagesTransactions.php:130
C:\projetos\sistema\backend\vendor\laravel\framework\src\Illuminate\Foundation\Testing\RefreshDatabase.php:147
C:\projetos\sistema\backend\vendor\laravel\framework\src\Illuminate\Foundation\Testing\RefreshDatabase.php:93
C:\projetos\sistema\backend\vendor\laravel\framework\src\Illuminate\Foundation\Testing\RefreshDatabase.php:25
C:\projetos\sistema\backend\vendor\laravel\framework\src\Illuminate\Foundation\Testing\Concerns\InteractsWithTestCaseLifecycle.php:217
C:\projetos\sistema\backend\vendor\laravel\framework\src\Illuminate\Foundation\Testing\Concerns\InteractsWithTestCaseLifecycle.php:101
C:\projetos\sistema\backend\vendor\laravel\framework\src\Illuminate\Foundation\Testing\TestCase.php:63
C:\projetos\sistema\backend\tests\Feature\IamTest.php:23</error>
        </testcase>
        <testcase name="test_list_users" file="C:\projetos\sistema\backend\tests\Feature\IamTest.php" line="79" class="Tests\Feature\IamTest" classname="Tests.Feature.IamTest" assertions="0" time="0.000000">
          <error type="PDOException">Tests\Feature\IamTest::test_list_users&#13;
PDOException: There is already an active transaction
&#13;
C:\projetos\sistema\backend\vendor\laravel\framework\src\Illuminate\Database\SQLiteConnection.php:38
C:\projetos\sistema\backend\vendor\laravel\framework\src\Illuminate\Database\Concerns\ManagesTransactions.php:154
C:\projetos\sistema\backend\vendor\laravel\framework\src\Illuminate\Database\Concerns\ManagesTransactions.php:130
C:\projetos\sistema\backend\vendor\laravel\framework\src\Illuminate\Foundation\Testing\RefreshDatabase.php:147
C:\projetos\sistema\backend\vendor\laravel\framework\src\Illuminate\Foundation\Testing\RefreshDatabase.php:93
C:\projetos\sistema\backend\vendor\laravel\framework\src\Illuminate\Foundation\Testing\RefreshDatabase.php:25
C:\projetos\sistema\backend\vendor\laravel\framework\src\Illuminate\Foundation\Testing\Concerns\InteractsWithTestCaseLifecycle.php:217
C:\projetos\sistema\backend\vendor\laravel\framework\src\Illuminate\Foundation\Testing\Concerns\InteractsWithTestCaseLifecycle.php:101
C:\projetos\sistema\backend\vendor\laravel\framework\src\Illuminate\Foundation\Testing\TestCase.php:63
C:\projetos\sistema\backend\tests\Feature\IamTest.php:23</error>
        </testcase>
        <testcase name="test_show_user" file="C:\projetos\sistema\backend\tests\Feature\IamTest.php" line="89" class="Tests\Feature\IamTest" classname="Tests.Feature.IamTest" assertions="0" time="0.000000">
          <error type="PDOException">Tests\Feature\IamTest::test_show_user&#13;
PDOException: There is already an active transaction
&#13;
C:\projetos\sistema\backend\vendor\laravel\framework\src\Illuminate\Database\SQLiteConnection.php:38
C:\projetos\sistema\backend\vendor\laravel\framework\src\Illuminate\Database\Concerns\ManagesTransactions.php:154
C:\projetos\sistema\backend\vendor\laravel\framework\src\Illuminate\Database\Concerns\ManagesTransactions.php:130
C:\projetos\sistema\backend\vendor\laravel\framework\src\Illuminate\Foundation\Testing\RefreshDatabase.php:147
C:\projetos\sistema\backend\vendor\laravel\framework\src\Illuminate\Foundation\Testing\RefreshDatabase.php:93
C:\projetos\sistema\backend\vendor\laravel\framework\src\Illuminate\Foundation\Testing\RefreshDatabase.php:25
C:\projetos\sistema\backend\vendor\laravel\framework\src\Illuminate\Foundation\Testing\Concerns\InteractsWithTestCaseLifecycle.php:217
C:\projetos\sistema\backend\vendor\laravel\framework\src\Illuminate\Foundation\Testing\Concerns\InteractsWithTestCaseLifecycle.php:101
C:\projetos\sistema\backend\vendor\laravel\framework\src\Illuminate\Foundation\Testing\TestCase.php:63
C:\projetos\sistema\backend\tests\Feature\IamTest.php:23</error>
        </testcase>
        <testcase name="test_update_user" file="C:\projetos\sistema\backend\tests\Feature\IamTest.php" line="97" class="Tests\Feature\IamTest" classname="Tests.Feature.IamTest" assertions="0" time="0.000000">
          <error type="PDOException">Tests\Feature\IamTest::test_update_user&#13;
PDOException: There is already an active transaction
&#13;
C:\projetos\sistema\backend\vendor\laravel\framework\src\Illuminate\Database\SQLiteConnection.php:38
C:\projetos\sistema\backend\vendor\laravel\framework\src\Illuminate\Database\Concerns\ManagesTransactions.php:154
C:\projetos\sistema\backend\vendor\laravel\framework\src\Illuminate\Database\Concerns\ManagesTransactions.php:130
C:\projetos\sistema\backend\vendor\laravel\framework\src\Illuminate\Foundation\Testing\RefreshDatabase.php:147
C:\projetos\sistema\backend\vendor\laravel\framework\src\Illuminate\Foundation\Testing\RefreshDatabase.php:93
C:\projetos\sistema\backend\vendor\laravel\framework\src\Illuminate\Foundation\Testing\RefreshDatabase.php:25
C:\projetos\sistema\backend\vendor\laravel\framework\src\Illuminate\Foundation\Testing\Concerns\InteractsWithTestCaseLifecycle.php:217
C:\projetos\sistema\backend\vendor\laravel\framework\src\Illuminate\Foundation\Testing\Concerns\InteractsWithTestCaseLifecycle.php:101
C:\projetos\sistema\backend\vendor\laravel\framework\src\Illuminate\Foundation\Testing\TestCase.php:63
C:\projetos\sistema\backend\tests\Feature\IamTest.php:23</error>
        </testcase>
        <testcase name="test_cannot_access_user_from_other_tenant" file="C:\projetos\sistema\backend\tests\Feature\IamTest.php" line="110" class="Tests\Feature\IamTest" classname="Tests.Feature.IamTest" assertions="0" time="0.000000">
          <error type="PDOException">Tests\Feature\IamTest::test_cannot_access_user_from_other_tenant&#13;
PDOException: There is already an active transaction
&#13;
C:\projetos\sistema\backend\vendor\laravel\framework\src\Illuminate\Database\SQLiteConnection.php:38
C:\projetos\sistema\backend\vendor\laravel\framework\src\Illuminate\Database\Concerns\ManagesTransactions.php:154
C:\projetos\sistema\backend\vendor\laravel\framework\src\Illuminate\Database\Concerns\ManagesTransactions.php:130
C:\projetos\sistema\backend\vendor\laravel\framework\src\Illuminate\Foundation\Testing\RefreshDatabase.php:147
C:\projetos\sistema\backend\vendor\laravel\framework\src\Illuminate\Foundation\Testing\RefreshDatabase.php:93
C:\projetos\sistema\backend\vendor\laravel\framework\src\Illuminate\Foundation\Testing\RefreshDatabase.php:25
C:\projetos\sistema\backend\vendor\laravel\framework\src\Illuminate\Foundation\Testing\Concerns\InteractsWithTestCaseLifecycle.php:217
C:\projetos\sistema\backend\vendor\laravel\framework\src\Illuminate\Foundation\Testing\Concerns\InteractsWithTestCaseLifecycle.php:101
C:\projetos\sistema\backend\vendor\laravel\framework\src\Illuminate\Foundation\Testing\TestCase.php:63
C:\projetos\sistema\backend\tests\Feature\IamTest.php:23</error>
        </testcase>
        <testcase name="test_delete_user" file="C:\projetos\sistema\backend\tests\Feature\IamTest.php" line="124" class="Tests\Feature\IamTest" classname="Tests.Feature.IamTest" assertions="0" time="0.000000">
          <error type="PDOException">Tests\Feature\IamTest::test_delete_user&#13;
PDOException: There is already an active transaction
&#13;
C:\projetos\sistema\backend\vendor\laravel\framework\src\Illuminate\Database\SQLiteConnection.php:38
C:\projetos\sistema\backend\vendor\laravel\framework\src\Illuminate\Database\Concerns\ManagesTransactions.php:154
C:\projetos\sistema\backend\vendor\laravel\framework\src\Illuminate\Database\Concerns\ManagesTransactions.php:130
C:\projetos\sistema\backend\vendor\laravel\framework\src\Illuminate\Foundation\Testing\RefreshDatabase.php:147
C:\projetos\sistema\backend\vendor\laravel\framework\src\Illuminate\Foundation\Testing\RefreshDatabase.php:93
C:\projetos\sistema\backend\vendor\laravel\framework\src\Illuminate\Foundation\Testing\RefreshDatabase.php:25
C:\projetos\sistema\backend\vendor\laravel\framework\src\Illuminate\Foundation\Testing\Concerns\InteractsWithTestCaseLifecycle.php:217
C:\projetos\sistema\backend\vendor\laravel\framework\src\Illuminate\Foundation\Testing\Concerns\InteractsWithTestCaseLifecycle.php:101
C:\projetos\sistema\backend\vendor\laravel\framework\src\Illuminate\Foundation\Testing\TestCase.php:63
C:\projetos\sistema\backend\tests\Feature\IamTest.php:23</error>
        </testcase>
        <testcase name="test_cannot_delete_self" file="C:\projetos\sistema\backend\tests\Feature\IamTest.php" line="134" class="Tests\Feature\IamTest" classname="Tests.Feature.IamTest" assertions="0" time="0.000000">
          <error type="PDOException">Tests\Feature\IamTest::test_cannot_delete_self&#13;
PDOException: There is already an active transaction
&#13;
C:\projetos\sistema\backend\vendor\laravel\framework\src\Illuminate\Database\SQLiteConnection.php:38
C:\projetos\sistema\backend\vendor\laravel\framework\src\Illuminate\Database\Concerns\ManagesTransactions.php:154
C:\projetos\sistema\backend\vendor\laravel\framework\src\Illuminate\Database\Concerns\ManagesTransactions.php:130
C:\projetos\sistema\backend\vendor\laravel\framework\src\Illuminate\Foundation\Testing\RefreshDatabase.php:147
C:\projetos\sistema\backend\vendor\laravel\framework\src\Illuminate\Foundation\Testing\RefreshDatabase.php:93
C:\projetos\sistema\backend\vendor\laravel\framework\src\Illuminate\Foundation\Testing\RefreshDatabase.php:25
C:\projetos\sistema\backend\vendor\laravel\framework\src\Illuminate\Foundation\Testing\Concerns\InteractsWithTestCaseLifecycle.php:217
C:\projetos\sistema\backend\vendor\laravel\framework\src\Illuminate\Foundation\Testing\Concerns\InteractsWithTestCaseLifecycle.php:101
C:\projetos\sistema\backend\vendor\laravel\framework\src\Illuminate\Foundation\Testing\TestCase.php:63
C:\projetos\sistema\backend\tests\Feature\IamTest.php:23</error>
        </testcase>
        <testcase name="test_toggle_user_active" file="C:\projetos\sistema\backend\tests\Feature\IamTest.php" line="143" class="Tests\Feature\IamTest" classname="Tests.Feature.IamTest" assertions="0" time="0.000000">
          <error type="PDOException">Tests\Feature\IamTest::test_toggle_user_active&#13;
PDOException: There is already an active transaction
&#13;
C:\projetos\sistema\backend\vendor\laravel\framework\src\Illuminate\Database\SQLiteConnection.php:38
C:\projetos\sistema\backend\vendor\laravel\framework\src\Illuminate\Database\Concerns\ManagesTransactions.php:154
C:\projetos\sistema\backend\vendor\laravel\framework\src\Illuminate\Database\Concerns\ManagesTransactions.php:130
C:\projetos\sistema\backend\vendor\laravel\framework\src\Illuminate\Foundation\Testing\RefreshDatabase.php:147
C:\projetos\sistema\backend\vendor\laravel\framework\src\Illuminate\Foundation\Testing\RefreshDatabase.php:93
C:\projetos\sistema\backend\vendor\laravel\framework\src\Illuminate\Foundation\Testing\RefreshDatabase.php:25
C:\projetos\sistema\backend\vendor\laravel\framework\src\Illuminate\Foundation\Testing\Concerns\InteractsWithTestCaseLifecycle.php:217
C:\projetos\sistema\backend\vendor\laravel\framework\src\Illuminate\Foundation\Testing\Concerns\InteractsWithTestCaseLifecycle.php:101
C:\projetos\sistema\backend\vendor\laravel\framework\src\Illuminate\Foundation\Testing\TestCase.php:63
C:\projetos\sistema\backend\tests\Feature\IamTest.php:23</error>
        </testcase>
        <testcase name="test_cannot_toggle_self_active" file="C:\projetos\sistema\backend\tests\Feature\IamTest.php" line="153" class="Tests\Feature\IamTest" classname="Tests.Feature.IamTest" assertions="0" time="0.000000">
          <error type="PDOException">Tests\Feature\IamTest::test_cannot_toggle_self_active&#13;
PDOException: There is already an active transaction
&#13;
C:\projetos\sistema\backend\vendor\laravel\framework\src\Illuminate\Database\SQLiteConnection.php:38
C:\projetos\sistema\backend\vendor\laravel\framework\src\Illuminate\Database\Concerns\ManagesTransactions.php:154
C:\projetos\sistema\backend\vendor\laravel\framework\src\Illuminate\Database\Concerns\ManagesTransactions.php:130
C:\projetos\sistema\backend\vendor\laravel\framework\src\Illuminate\Foundation\Testing\RefreshDatabase.php:147
C:\projetos\sistema\backend\vendor\laravel\framework\src\Illuminate\Foundation\Testing\RefreshDatabase.php:93
C:\projetos\sistema\backend\vendor\laravel\framework\src\Illuminate\Foundation\Testing\RefreshDatabase.php:25
C:\projetos\sistema\backend\vendor\laravel\framework\src\Illuminate\Foundation\Testing\Concerns\InteractsWithTestCaseLifecycle.php:217
C:\projetos\sistema\backend\vendor\laravel\framework\src\Illuminate\Foundation\Testing\Concerns\InteractsWithTestCaseLifecycle.php:101
C:\projetos\sistema\backend\vendor\laravel\framework\src\Illuminate\Foundation\Testing\TestCase.php:63
C:\projetos\sistema\backend\tests\Feature\IamTest.php:23</error>
        </testcase>
        <testcase name="test_reset_password" file="C:\projetos\sistema\backend\tests\Feature\IamTest.php" line="162" class="Tests\Feature\IamTest" classname="Tests.Feature.IamTest" assertions="0" time="0.000000">
          <error type="PDOException">Tests\Feature\IamTest::test_reset_password&#13;
PDOException: There is already an active transaction
&#13;
C:\projetos\sistema\backend\vendor\laravel\framework\src\Illuminate\Database\SQLiteConnection.php:38
C:\projetos\sistema\backend\vendor\laravel\framework\src\Illuminate\Database\Concerns\ManagesTransactions.php:154
C:\projetos\sistema\backend\vendor\laravel\framework\src\Illuminate\Database\Concerns\ManagesTransactions.php:130
C:\projetos\sistema\backend\vendor\laravel\framework\src\Illuminate\Foundation\Testing\RefreshDatabase.php:147
C:\projetos\sistema\backend\vendor\laravel\framework\src\Illuminate\Foundation\Testing\RefreshDatabase.php:93
C:\projetos\sistema\backend\vendor\laravel\framework\src\Illuminate\Foundation\Testing\RefreshDatabase.php:25
C:\projetos\sistema\backend\vendor\laravel\framework\src\Illuminate\Foundation\Testing\Concerns\InteractsWithTestCaseLifecycle.php:217
C:\projetos\sistema\backend\vendor\laravel\framework\src\Illuminate\Foundation\Testing\Concerns\InteractsWithTestCaseLifecycle.php:101
C:\projetos\sistema\backend\vendor\laravel\framework\src\Illuminate\Foundation\Testing\TestCase.php:63
C:\projetos\sistema\backend\tests\Feature\IamTest.php:23</error>
        </testcase>
        <testcase name="test_change_own_password" file="C:\projetos\sistema\backend\tests\Feature\IamTest.php" line="181" class="Tests\Feature\IamTest" classname="Tests.Feature.IamTest" assertions="0" time="0.000000">
          <error type="PDOException">Tests\Feature\IamTest::test_change_own_password&#13;
PDOException: There is already an active transaction
&#13;
C:\projetos\sistema\backend\vendor\laravel\framework\src\Illuminate\Database\SQLiteConnection.php:38
C:\projetos\sistema\backend\vendor\laravel\framework\src\Illuminate\Database\Concerns\ManagesTransactions.php:154
C:\projetos\sistema\backend\vendor\laravel\framework\src\Illuminate\Database\Concerns\ManagesTransactions.php:130
C:\projetos\sistema\backend\vendor\laravel\framework\src\Illuminate\Foundation\Testing\RefreshDatabase.php:147
C:\projetos\sistema\backend\vendor\laravel\framework\src\Illuminate\Foundation\Testing\RefreshDatabase.php:93
C:\projetos\sistema\backend\vendor\laravel\framework\src\Illuminate\Foundation\Testing\RefreshDatabase.php:25
C:\projetos\sistema\backend\vendor\laravel\framework\src\Illuminate\Foundation\Testing\Concerns\InteractsWithTestCaseLifecycle.php:217
C:\projetos\sistema\backend\vendor\laravel\framework\src\Illuminate\Foundation\Testing\Concerns\InteractsWithTestCaseLifecycle.php:101
C:\projetos\sistema\backend\vendor\laravel\framework\src\Illuminate\Foundation\Testing\TestCase.php:63
C:\projetos\sistema\backend\tests\Feature\IamTest.php:23</error>
        </testcase>
        <testcase name="test_change_password_wrong_current" file="C:\projetos\sistema\backend\tests\Feature\IamTest.php" line="199" class="Tests\Feature\IamTest" classname="Tests.Feature.IamTest" assertions="0" time="0.000000">
          <error type="PDOException">Tests\Feature\IamTest::test_change_password_wrong_current&#13;
PDOException: There is already an active transaction
&#13;
C:\projetos\sistema\backend\vendor\laravel\framework\src\Illuminate\Database\SQLiteConnection.php:38
C:\projetos\sistema\backend\vendor\laravel\framework\src\Illuminate\Database\Concerns\ManagesTransactions.php:154
C:\projetos\sistema\backend\vendor\laravel\framework\src\Illuminate\Database\Concerns\ManagesTransactions.php:130
C:\projetos\sistema\backend\vendor\laravel\framework\src\Illuminate\Foundation\Testing\RefreshDatabase.php:147
C:\projetos\sistema\backend\vendor\laravel\framework\src\Illuminate\Foundation\Testing\RefreshDatabase.php:93
C:\projetos\sistema\backend\vendor\laravel\framework\src\Illuminate\Foundation\Testing\RefreshDatabase.php:25
C:\projetos\sistema\backend\vendor\laravel\framework\src\Illuminate\Foundation\Testing\Concerns\InteractsWithTestCaseLifecycle.php:217
C:\projetos\sistema\backend\vendor\laravel\framework\src\Illuminate\Foundation\Testing\Concerns\InteractsWithTestCaseLifecycle.php:101
C:\projetos\sistema\backend\vendor\laravel\framework\src\Illuminate\Foundation\Testing\TestCase.php:63
C:\projetos\sistema\backend\tests\Feature\IamTest.php:23</error>
        </testcase>
        <testcase name="test_create_role" file="C:\projetos\sistema\backend\tests\Feature\IamTest.php" line="214" class="Tests\Feature\IamTest" classname="Tests.Feature.IamTest" assertions="0" time="0.000000">
          <error type="PDOException">Tests\Feature\IamTest::test_create_role&#13;
PDOException: There is already an active transaction
&#13;
C:\projetos\sistema\backend\vendor\laravel\framework\src\Illuminate\Database\SQLiteConnection.php:38
C:\projetos\sistema\backend\vendor\laravel\framework\src\Illuminate\Database\Concerns\ManagesTransactions.php:154
C:\projetos\sistema\backend\vendor\laravel\framework\src\Illuminate\Database\Concerns\ManagesTransactions.php:130
C:\projetos\sistema\backend\vendor\laravel\framework\src\Illuminate\Foundation\Testing\RefreshDatabase.php:147
C:\projetos\sistema\backend\vendor\laravel\framework\src\Illuminate\Foundation\Testing\RefreshDatabase.php:93
C:\projetos\sistema\backend\vendor\laravel\framework\src\Illuminate\Foundation\Testing\RefreshDatabase.php:25
C:\projetos\sistema\backend\vendor\laravel\framework\src\Illuminate\Foundation\Testing\Concerns\InteractsWithTestCaseLifecycle.php:217
C:\projetos\sistema\backend\vendor\laravel\framework\src\Illuminate\Foundation\Testing\Concerns\InteractsWithTestCaseLifecycle.php:101
C:\projetos\sistema\backend\vendor\laravel\framework\src\Illuminate\Foundation\Testing\TestCase.php:63
C:\projetos\sistema\backend\tests\Feature\IamTest.php:23</error>
        </testcase>
        <testcase name="test_list_roles" file="C:\projetos\sistema\backend\tests\Feature\IamTest.php" line="224" class="Tests\Feature\IamTest" classname="Tests.Feature.IamTest" assertions="0" time="0.000000">
          <error type="PDOException">Tests\Feature\IamTest::test_list_roles&#13;
PDOException: There is already an active transaction
&#13;
C:\projetos\sistema\backend\vendor\laravel\framework\src\Illuminate\Database\SQLiteConnection.php:38
C:\projetos\sistema\backend\vendor\laravel\framework\src\Illuminate\Database\Concerns\ManagesTransactions.php:154
C:\projetos\sistema\backend\vendor\laravel\framework\src\Illuminate\Database\Concerns\ManagesTransactions.php:130
C:\projetos\sistema\backend\vendor\laravel\framework\src\Illuminate\Foundation\Testing\RefreshDatabase.php:147
C:\projetos\sistema\backend\vendor\laravel\framework\src\Illuminate\Foundation\Testing\RefreshDatabase.php:93
C:\projetos\sistema\backend\vendor\laravel\framework\src\Illuminate\Foundation\Testing\RefreshDatabase.php:25
C:\projetos\sistema\backend\vendor\laravel\framework\src\Illuminate\Foundation\Testing\Concerns\InteractsWithTestCaseLifecycle.php:217
C:\projetos\sistema\backend\vendor\laravel\framework\src\Illuminate\Foundation\Testing\Concerns\InteractsWithTestCaseLifecycle.php:101
C:\projetos\sistema\backend\vendor\laravel\framework\src\Illuminate\Foundation\Testing\TestCase.php:63
C:\projetos\sistema\backend\tests\Feature\IamTest.php:23</error>
        </testcase>
        <testcase name="test_show_role" file="C:\projetos\sistema\backend\tests\Feature\IamTest.php" line="234" class="Tests\Feature\IamTest" classname="Tests.Feature.IamTest" assertions="0" time="0.000000">
          <error type="PDOException">Tests\Feature\IamTest::test_show_role&#13;
PDOException: There is already an active transaction
&#13;
C:\projetos\sistema\backend\vendor\laravel\framework\src\Illuminate\Database\SQLiteConnection.php:38
C:\projetos\sistema\backend\vendor\laravel\framework\src\Illuminate\Database\Concerns\ManagesTransactions.php:154
C:\projetos\sistema\backend\vendor\laravel\framework\src\Illuminate\Database\Concerns\ManagesTransactions.php:130
C:\projetos\sistema\backend\vendor\laravel\framework\src\Illuminate\Foundation\Testing\RefreshDatabase.php:147
C:\projetos\sistema\backend\vendor\laravel\framework\src\Illuminate\Foundation\Testing\RefreshDatabase.php:93
C:\projetos\sistema\backend\vendor\laravel\framework\src\Illuminate\Foundation\Testing\RefreshDatabase.php:25
C:\projetos\sistema\backend\vendor\laravel\framework\src\Illuminate\Foundation\Testing\Concerns\InteractsWithTestCaseLifecycle.php:217
C:\projetos\sistema\backend\vendor\laravel\framework\src\Illuminate\Foundation\Testing\Concerns\InteractsWithTestCaseLifecycle.php:101
C:\projetos\sistema\backend\vendor\laravel\framework\src\Illuminate\Foundation\Testing\TestCase.php:63
C:\projetos\sistema\backend\tests\Feature\IamTest.php:23</error>
        </testcase>
        <testcase name="test_update_role" file="C:\projetos\sistema\backend\tests\Feature\IamTest.php" line="244" class="Tests\Feature\IamTest" classname="Tests.Feature.IamTest" assertions="0" time="0.000000">
          <error type="PDOException">Tests\Feature\IamTest::test_update_role&#13;
PDOException: There is already an active transaction
&#13;
C:\projetos\sistema\backend\vendor\laravel\framework\src\Illuminate\Database\SQLiteConnection.php:38
C:\projetos\sistema\backend\vendor\laravel\framework\src\Illuminate\Database\Concerns\ManagesTransactions.php:154
C:\projetos\sistema\backend\vendor\laravel\framework\src\Illuminate\Database\Concerns\ManagesTransactions.php:130
C:\projetos\sistema\backend\vendor\laravel\framework\src\Illuminate\Foundation\Testing\RefreshDatabase.php:147
C:\projetos\sistema\backend\vendor\laravel\framework\src\Illuminate\Foundation\Testing\RefreshDatabase.php:93
C:\projetos\sistema\backend\vendor\laravel\framework\src\Illuminate\Foundation\Testing\RefreshDatabase.php:25
C:\projetos\sistema\backend\vendor\laravel\framework\src\Illuminate\Foundation\Testing\Concerns\InteractsWithTestCaseLifecycle.php:217
C:\projetos\sistema\backend\vendor\laravel\framework\src\Illuminate\Foundation\Testing\Concerns\InteractsWithTestCaseLifecycle.php:101
C:\projetos\sistema\backend\vendor\laravel\framework\src\Illuminate\Foundation\Testing\TestCase.php:63
C:\projetos\sistema\backend\tests\Feature\IamTest.php:23</error>
        </testcase>
        <testcase name="test_delete_role" file="C:\projetos\sistema\backend\tests\Feature\IamTest.php" line="256" class="Tests\Feature\IamTest" classname="Tests.Feature.IamTest" assertions="0" time="0.000000">
          <error type="PDOException">Tests\Feature\IamTest::test_delete_role&#13;
PDOException: There is already an active transaction
&#13;
C:\projetos\sistema\backend\vendor\laravel\framework\src\Illuminate\Database\SQLiteConnection.php:38
C:\projetos\sistema\backend\vendor\laravel\framework\src\Illuminate\Database\Concerns\ManagesTransactions.php:154
C:\projetos\sistema\backend\vendor\laravel\framework\src\Illuminate\Database\Concerns\ManagesTransactions.php:130
C:\projetos\sistema\backend\vendor\laravel\framework\src\Illuminate\Foundation\Testing\RefreshDatabase.php:147
C:\projetos\sistema\backend\vendor\laravel\framework\src\Illuminate\Foundation\Testing\RefreshDatabase.php:93
C:\projetos\sistema\backend\vendor\laravel\framework\src\Illuminate\Foundation\Testing\RefreshDatabase.php:25
C:\projetos\sistema\backend\vendor\laravel\framework\src\Illuminate\Foundation\Testing\Concerns\InteractsWithTestCaseLifecycle.php:217
C:\projetos\sistema\backend\vendor\laravel\framework\src\Illuminate\Foundation\Testing\Concerns\InteractsWithTestCaseLifecycle.php:101
C:\projetos\sistema\backend\vendor\laravel\framework\src\Illuminate\Foundation\Testing\TestCase.php:63
C:\projetos\sistema\backend\tests\Feature\IamTest.php:23</error>
        </testcase>
        <testcase name="test_cannot_edit_super_admin" file="C:\projetos\sistema\backend\tests\Feature\IamTest.php" line="267" class="Tests\Feature\IamTest" classname="Tests.Feature.IamTest" assertions="0" time="0.000000">
          <error type="PDOException">Tests\Feature\IamTest::test_cannot_edit_super_admin&#13;
PDOException: There is already an active transaction
&#13;
C:\projetos\sistema\backend\vendor\laravel\framework\src\Illuminate\Database\SQLiteConnection.php:38
C:\projetos\sistema\backend\vendor\laravel\framework\src\Illuminate\Database\Concerns\ManagesTransactions.php:154
C:\projetos\sistema\backend\vendor\laravel\framework\src\Illuminate\Database\Concerns\ManagesTransactions.php:130
C:\projetos\sistema\backend\vendor\laravel\framework\src\Illuminate\Foundation\Testing\RefreshDatabase.php:147
C:\projetos\sistema\backend\vendor\laravel\framework\src\Illuminate\Foundation\Testing\RefreshDatabase.php:93
C:\projetos\sistema\backend\vendor\laravel\framework\src\Illuminate\Foundation\Testing\RefreshDatabase.php:25
C:\projetos\sistema\backend\vendor\laravel\framework\src\Illuminate\Foundation\Testing\Concerns\InteractsWithTestCaseLifecycle.php:217
C:\projetos\sistema\backend\vendor\laravel\framework\src\Illuminate\Foundation\Testing\Concerns\InteractsWithTestCaseLifecycle.php:101
C:\projetos\sistema\backend\vendor\laravel\framework\src\Illuminate\Foundation\Testing\TestCase.php:63
C:\projetos\sistema\backend\tests\Feature\IamTest.php:23</error>
        </testcase>
        <testcase name="test_cannot_delete_admin" file="C:\projetos\sistema\backend\tests\Feature\IamTest.php" line="278" class="Tests\Feature\IamTest" classname="Tests.Feature.IamTest" assertions="0" time="0.000000">
          <error type="PDOException">Tests\Feature\IamTest::test_cannot_delete_admin&#13;
PDOException: There is already an active transaction
&#13;
C:\projetos\sistema\backend\vendor\laravel\framework\src\Illuminate\Database\SQLiteConnection.php:38
C:\projetos\sistema\backend\vendor\laravel\framework\src\Illuminate\Database\Concerns\ManagesTransactions.php:154
C:\projetos\sistema\backend\vendor\laravel\framework\src\Illuminate\Database\Concerns\ManagesTransactions.php:130
C:\projetos\sistema\backend\vendor\laravel\framework\src\Illuminate\Foundation\Testing\RefreshDatabase.php:147
C:\projetos\sistema\backend\vendor\laravel\framework\src\Illuminate\Foundation\Testing\RefreshDatabase.php:93
C:\projetos\sistema\backend\vendor\laravel\framework\src\Illuminate\Foundation\Testing\RefreshDatabase.php:25
C:\projetos\sistema\backend\vendor\laravel\framework\src\Illuminate\Foundation\Testing\Concerns\InteractsWithTestCaseLifecycle.php:217
C:\projetos\sistema\backend\vendor\laravel\framework\src\Illuminate\Foundation\Testing\Concerns\InteractsWithTestCaseLifecycle.php:101
C:\projetos\sistema\backend\vendor\laravel\framework\src\Illuminate\Foundation\Testing\TestCase.php:63
C:\projetos\sistema\backend\tests\Feature\IamTest.php:23</error>
        </testcase>
        <testcase name="test_create_role_with_permissions" file="C:\projetos\sistema\backend\tests\Feature\IamTest.php" line="289" class="Tests\Feature\IamTest" classname="Tests.Feature.IamTest" assertions="0" time="0.000000">
          <error type="PDOException">Tests\Feature\IamTest::test_create_role_with_permissions&#13;
PDOException: There is already an active transaction
&#13;
C:\projetos\sistema\backend\vendor\laravel\framework\src\Illuminate\Database\SQLiteConnection.php:38
C:\projetos\sistema\backend\vendor\laravel\framework\src\Illuminate\Database\Concerns\ManagesTransactions.php:154
C:\projetos\sistema\backend\vendor\laravel\framework\src\Illuminate\Database\Concerns\ManagesTransactions.php:130
C:\projetos\sistema\backend\vendor\laravel\framework\src\Illuminate\Foundation\Testing\RefreshDatabase.php:147
C:\projetos\sistema\backend\vendor\laravel\framework\src\Illuminate\Foundation\Testing\RefreshDatabase.php:93
C:\projetos\sistema\backend\vendor\laravel\framework\src\Illuminate\Foundation\Testing\RefreshDatabase.php:25
C:\projetos\sistema\backend\vendor\laravel\framework\src\Illuminate\Foundation\Testing\Concerns\InteractsWithTestCaseLifecycle.php:217
C:\projetos\sistema\backend\vendor\laravel\framework\src\Illuminate\Foundation\Testing\Concerns\InteractsWithTestCaseLifecycle.php:101
C:\projetos\sistema\backend\vendor\laravel\framework\src\Illuminate\Foundation\Testing\TestCase.php:63
C:\projetos\sistema\backend\tests\Feature\IamTest.php:23</error>
        </testcase>
        <testcase name="test_list_users_by_role" file="C:\projetos\sistema\backend\tests\Feature\IamTest.php" line="307" class="Tests\Feature\IamTest" classname="Tests.Feature.IamTest" assertions="0" time="0.000000">
          <error type="PDOException">Tests\Feature\IamTest::test_list_users_by_role&#13;
PDOException: There is already an active transaction
&#13;
C:\projetos\sistema\backend\vendor\laravel\framework\src\Illuminate\Database\SQLiteConnection.php:38
C:\projetos\sistema\backend\vendor\laravel\framework\src\Illuminate\Database\Concerns\ManagesTransactions.php:154
C:\projetos\sistema\backend\vendor\laravel\framework\src\Illuminate\Database\Concerns\ManagesTransactions.php:130
C:\projetos\sistema\backend\vendor\laravel\framework\src\Illuminate\Foundation\Testing\RefreshDatabase.php:147
C:\projetos\sistema\backend\vendor\laravel\framework\src\Illuminate\Foundation\Testing\RefreshDatabase.php:93
C:\projetos\sistema\backend\vendor\laravel\framework\src\Illuminate\Foundation\Testing\RefreshDatabase.php:25
C:\projetos\sistema\backend\vendor\laravel\framework\src\Illuminate\Foundation\Testing\Concerns\InteractsWithTestCaseLifecycle.php:217
C:\projetos\sistema\backend\vendor\laravel\framework\src\Illuminate\Foundation\Testing\Concerns\InteractsWithTestCaseLifecycle.php:101
C:\projetos\sistema\backend\vendor\laravel\framework\src\Illuminate\Foundation\Testing\TestCase.php:63
C:\projetos\sistema\backend\tests\Feature\IamTest.php:23</error>
        </testcase>
        <testcase name="test_permissions_index" file="C:\projetos\sistema\backend\tests\Feature\IamTest.php" line="323" class="Tests\Feature\IamTest" classname="Tests.Feature.IamTest" assertions="0" time="0.000000">
          <error type="PDOException">Tests\Feature\IamTest::test_permissions_index&#13;
PDOException: There is already an active transaction
&#13;
C:\projetos\sistema\backend\vendor\laravel\framework\src\Illuminate\Database\SQLiteConnection.php:38
C:\projetos\sistema\backend\vendor\laravel\framework\src\Illuminate\Database\Concerns\ManagesTransactions.php:154
C:\projetos\sistema\backend\vendor\laravel\framework\src\Illuminate\Database\Concerns\ManagesTransactions.php:130
C:\projetos\sistema\backend\vendor\laravel\framework\src\Illuminate\Foundation\Testing\RefreshDatabase.php:147
C:\projetos\sistema\backend\vendor\laravel\framework\src\Illuminate\Foundation\Testing\RefreshDatabase.php:93
C:\projetos\sistema\backend\vendor\laravel\framework\src\Illuminate\Foundation\Testing\RefreshDatabase.php:25
C:\projetos\sistema\backend\vendor\laravel\framework\src\Illuminate\Foundation\Testing\Concerns\InteractsWithTestCaseLifecycle.php:217
C:\projetos\sistema\backend\vendor\laravel\framework\src\Illuminate\Foundation\Testing\Concerns\InteractsWithTestCaseLifecycle.php:101
C:\projetos\sistema\backend\vendor\laravel\framework\src\Illuminate\Foundation\Testing\TestCase.php:63
C:\projetos\sistema\backend\tests\Feature\IamTest.php:23</error>
        </testcase>
        <testcase name="test_permissions_matrix" file="C:\projetos\sistema\backend\tests\Feature\IamTest.php" line="330" class="Tests\Feature\IamTest" classname="Tests.Feature.IamTest" assertions="0" time="0.000000">
          <error type="PDOException">Tests\Feature\IamTest::test_permissions_matrix&#13;
PDOException: There is already an active transaction
&#13;
C:\projetos\sistema\backend\vendor\laravel\framework\src\Illuminate\Database\SQLiteConnection.php:38
C:\projetos\sistema\backend\vendor\laravel\framework\src\Illuminate\Database\Concerns\ManagesTransactions.php:154
C:\projetos\sistema\backend\vendor\laravel\framework\src\Illuminate\Database\Concerns\ManagesTransactions.php:130
C:\projetos\sistema\backend\vendor\laravel\framework\src\Illuminate\Foundation\Testing\RefreshDatabase.php:147
C:\projetos\sistema\backend\vendor\laravel\framework\src\Illuminate\Foundation\Testing\RefreshDatabase.php:93
C:\projetos\sistema\backend\vendor\laravel\framework\src\Illuminate\Foundation\Testing\RefreshDatabase.php:25
C:\projetos\sistema\backend\vendor\laravel\framework\src\Illuminate\Foundation\Testing\Concerns\InteractsWithTestCaseLifecycle.php:217
C:\projetos\sistema\backend\vendor\laravel\framework\src\Illuminate\Foundation\Testing\Concerns\InteractsWithTestCaseLifecycle.php:101
C:\projetos\sistema\backend\vendor\laravel\framework\src\Illuminate\Foundation\Testing\TestCase.php:63
C:\projetos\sistema\backend\tests\Feature\IamTest.php:23</error>
        </testcase>
        <testcase name="test_cannot_rename_admin_role" file="C:\projetos\sistema\backend\tests\Feature\IamTest.php" line="340" class="Tests\Feature\IamTest" classname="Tests.Feature.IamTest" assertions="0" time="0.000000">
          <error type="PDOException">Tests\Feature\IamTest::test_cannot_rename_admin_role&#13;
PDOException: There is already an active transaction
&#13;
C:\projetos\sistema\backend\vendor\laravel\framework\src\Illuminate\Database\SQLiteConnection.php:38
C:\projetos\sistema\backend\vendor\laravel\framework\src\Illuminate\Database\Concerns\ManagesTransactions.php:154
C:\projetos\sistema\backend\vendor\laravel\framework\src\Illuminate\Database\Concerns\ManagesTransactions.php:130
C:\projetos\sistema\backend\vendor\laravel\framework\src\Illuminate\Foundation\Testing\RefreshDatabase.php:147
C:\projetos\sistema\backend\vendor\laravel\framework\src\Illuminate\Foundation\Testing\RefreshDatabase.php:93
C:\projetos\sistema\backend\vendor\laravel\framework\src\Illuminate\Foundation\Testing\RefreshDatabase.php:25
C:\projetos\sistema\backend\vendor\laravel\framework\src\Illuminate\Foundation\Testing\Concerns\InteractsWithTestCaseLifecycle.php:217
C:\projetos\sistema\backend\vendor\laravel\framework\src\Illuminate\Foundation\Testing\Concerns\InteractsWithTestCaseLifecycle.php:101
C:\projetos\sistema\backend\vendor\laravel\framework\src\Illuminate\Foundation\Testing\TestCase.php:63
C:\projetos\sistema\backend\tests\Feature\IamTest.php:23</error>
        </testcase>
        <testcase name="test_cannot_delete_role_with_users" file="C:\projetos\sistema\backend\tests\Feature\IamTest.php" line="352" class="Tests\Feature\IamTest" classname="Tests.Feature.IamTest" assertions="0" time="0.000000">
          <error type="PDOException">Tests\Feature\IamTest::test_cannot_delete_role_with_users&#13;
PDOException: There is already an active transaction
&#13;
C:\projetos\sistema\backend\vendor\laravel\framework\src\Illuminate\Database\SQLiteConnection.php:38
C:\projetos\sistema\backend\vendor\laravel\framework\src\Illuminate\Database\Concerns\ManagesTransactions.php:154
C:\projetos\sistema\backend\vendor\laravel\framework\src\Illuminate\Database\Concerns\ManagesTransactions.php:130
C:\projetos\sistema\backend\vendor\laravel\framework\src\Illuminate\Foundation\Testing\RefreshDatabase.php:147
C:\projetos\sistema\backend\vendor\laravel\framework\src\Illuminate\Foundation\Testing\RefreshDatabase.php:93
C:\projetos\sistema\backend\vendor\laravel\framework\src\Illuminate\Foundation\Testing\RefreshDatabase.php:25
C:\projetos\sistema\backend\vendor\laravel\framework\src\Illuminate\Foundation\Testing\Concerns\InteractsWithTestCaseLifecycle.php:217
C:\projetos\sistema\backend\vendor\laravel\framework\src\Illuminate\Foundation\Testing\Concerns\InteractsWithTestCaseLifecycle.php:101
C:\projetos\sistema\backend\vendor\laravel\framework\src\Illuminate\Foundation\Testing\TestCase.php:63
C:\projetos\sistema\backend\tests\Feature\IamTest.php:23</error>
        </testcase>
        <testcase name="test_change_password_too_short" file="C:\projetos\sistema\backend\tests\Feature\IamTest.php" line="366" class="Tests\Feature\IamTest" classname="Tests.Feature.IamTest" assertions="0" time="0.000000">
          <error type="PDOException">Tests\Feature\IamTest::test_change_password_too_short&#13;
PDOException: There is already an active transaction
&#13;
C:\projetos\sistema\backend\vendor\laravel\framework\src\Illuminate\Database\SQLiteConnection.php:38
C:\projetos\sistema\backend\vendor\laravel\framework\src\Illuminate\Database\Concerns\ManagesTransactions.php:154
C:\projetos\sistema\backend\vendor\laravel\framework\src\Illuminate\Database\Concerns\ManagesTransactions.php:130
C:\projetos\sistema\backend\vendor\laravel\framework\src\Illuminate\Foundation\Testing\RefreshDatabase.php:147
C:\projetos\sistema\backend\vendor\laravel\framework\src\Illuminate\Foundation\Testing\RefreshDatabase.php:93
C:\projetos\sistema\backend\vendor\laravel\framework\src\Illuminate\Foundation\Testing\RefreshDatabase.php:25
C:\projetos\sistema\backend\vendor\laravel\framework\src\Illuminate\Foundation\Testing\Concerns\InteractsWithTestCaseLifecycle.php:217
C:\projetos\sistema\backend\vendor\laravel\framework\src\Illuminate\Foundation\Testing\Concerns\InteractsWithTestCaseLifecycle.php:101
C:\projetos\sistema\backend\vendor\laravel\framework\src\Illuminate\Foundation\Testing\TestCase.php:63
C:\projetos\sistema\backend\tests\Feature\IamTest.php:23</error>
        </testcase>
        <testcase name="test_cannot_create_user_with_duplicate_email" file="C:\projetos\sistema\backend\tests\Feature\IamTest.php" line="381" class="Tests\Feature\IamTest" classname="Tests.Feature.IamTest" assertions="0" time="0.000000">
          <error type="PDOException">Tests\Feature\IamTest::test_cannot_create_user_with_duplicate_email&#13;
PDOException: There is already an active transaction
&#13;
C:\projetos\sistema\backend\vendor\laravel\framework\src\Illuminate\Database\SQLiteConnection.php:38
C:\projetos\sistema\backend\vendor\laravel\framework\src\Illuminate\Database\Concerns\ManagesTransactions.php:154
C:\projetos\sistema\backend\vendor\laravel\framework\src\Illuminate\Database\Concerns\ManagesTransactions.php:130
C:\projetos\sistema\backend\vendor\laravel\framework\src\Illuminate\Foundation\Testing\RefreshDatabase.php:147
C:\projetos\sistema\backend\vendor\laravel\framework\src\Illuminate\Foundation\Testing\RefreshDatabase.php:93
C:\projetos\sistema\backend\vendor\laravel\framework\src\Illuminate\Foundation\Testing\RefreshDatabase.php:25
C:\projetos\sistema\backend\vendor\laravel\framework\src\Illuminate\Foundation\Testing\Concerns\InteractsWithTestCaseLifecycle.php:217
C:\projetos\sistema\backend\vendor\laravel\framework\src\Illuminate\Foundation\Testing\Concerns\InteractsWithTestCaseLifecycle.php:101
C:\projetos\sistema\backend\vendor\laravel\framework\src\Illuminate\Foundation\Testing\TestCase.php:63
C:\projetos\sistema\backend\tests\Feature\IamTest.php:23</error>
        </testcase>
        <testcase name="test_cannot_create_user_without_required_fields" file="C:\projetos\sistema\backend\tests\Feature\IamTest.php" line="397" class="Tests\Feature\IamTest" classname="Tests.Feature.IamTest" assertions="0" time="0.000000">
          <error type="PDOException">Tests\Feature\IamTest::test_cannot_create_user_without_required_fields&#13;
PDOException: There is already an active transaction
&#13;
C:\projetos\sistema\backend\vendor\laravel\framework\src\Illuminate\Database\SQLiteConnection.php:38
C:\projetos\sistema\backend\vendor\laravel\framework\src\Illuminate\Database\Concerns\ManagesTransactions.php:154
C:\projetos\sistema\backend\vendor\laravel\framework\src\Illuminate\Database\Concerns\ManagesTransactions.php:130
C:\projetos\sistema\backend\vendor\laravel\framework\src\Illuminate\Foundation\Testing\RefreshDatabase.php:147
C:\projetos\sistema\backend\vendor\laravel\framework\src\Illuminate\Foundation\Testing\RefreshDatabase.php:93
C:\projetos\sistema\backend\vendor\laravel\framework\src\Illuminate\Foundation\Testing\RefreshDatabase.php:25
C:\projetos\sistema\backend\vendor\laravel\framework\src\Illuminate\Foundation\Testing\Concerns\InteractsWithTestCaseLifecycle.php:217
C:\projetos\sistema\backend\vendor\laravel\framework\src\Illuminate\Foundation\Testing\Concerns\InteractsWithTestCaseLifecycle.php:101
C:\projetos\sistema\backend\vendor\laravel\framework\src\Illuminate\Foundation\Testing\TestCase.php:63
C:\projetos\sistema\backend\tests\Feature\IamTest.php:23</error>
        </testcase>
        <testcase name="test_login_with_valid_credentials" file="C:\projetos\sistema\backend\tests\Feature\IamTest.php" line="407" class="Tests\Feature\IamTest" classname="Tests.Feature.IamTest" assertions="0" time="0.000000">
          <error type="PDOException">Tests\Feature\IamTest::test_login_with_valid_credentials&#13;
PDOException: There is already an active transaction
&#13;
C:\projetos\sistema\backend\vendor\laravel\framework\src\Illuminate\Database\SQLiteConnection.php:38
C:\projetos\sistema\backend\vendor\laravel\framework\src\Illuminate\Database\Concerns\ManagesTransactions.php:154
C:\projetos\sistema\backend\vendor\laravel\framework\src\Illuminate\Database\Concerns\ManagesTransactions.php:130
C:\projetos\sistema\backend\vendor\laravel\framework\src\Illuminate\Foundation\Testing\RefreshDatabase.php:147
C:\projetos\sistema\backend\vendor\laravel\framework\src\Illuminate\Foundation\Testing\RefreshDatabase.php:93
C:\projetos\sistema\backend\vendor\laravel\framework\src\Illuminate\Foundation\Testing\RefreshDatabase.php:25
C:\projetos\sistema\backend\vendor\laravel\framework\src\Illuminate\Foundation\Testing\Concerns\InteractsWithTestCaseLifecycle.php:217
C:\projetos\sistema\backend\vendor\laravel\framework\src\Illuminate\Foundation\Testing\Concerns\InteractsWithTestCaseLifecycle.php:101
C:\projetos\sistema\backend\vendor\laravel\framework\src\Illuminate\Foundation\Testing\TestCase.php:63
C:\projetos\sistema\backend\tests\Feature\IamTest.php:23</error>
        </testcase>
        <testcase name="test_login_with_invalid_credentials" file="C:\projetos\sistema\backend\tests\Feature\IamTest.php" line="428" class="Tests\Feature\IamTest" classname="Tests.Feature.IamTest" assertions="0" time="0.000000">
          <error type="PDOException">Tests\Feature\IamTest::test_login_with_invalid_credentials&#13;
PDOException: There is already an active transaction
&#13;
C:\projetos\sistema\backend\vendor\laravel\framework\src\Illuminate\Database\SQLiteConnection.php:38
C:\projetos\sistema\backend\vendor\laravel\framework\src\Illuminate\Database\Concerns\ManagesTransactions.php:154
C:\projetos\sistema\backend\vendor\laravel\framework\src\Illuminate\Database\Concerns\ManagesTransactions.php:130
C:\projetos\sistema\backend\vendor\laravel\framework\src\Illuminate\Foundation\Testing\RefreshDatabase.php:147
C:\projetos\sistema\backend\vendor\laravel\framework\src\Illuminate\Foundation\Testing\RefreshDatabase.php:93
C:\projetos\sistema\backend\vendor\laravel\framework\src\Illuminate\Foundation\Testing\RefreshDatabase.php:25
C:\projetos\sistema\backend\vendor\laravel\framework\src\Illuminate\Foundation\Testing\Concerns\InteractsWithTestCaseLifecycle.php:217
C:\projetos\sistema\backend\vendor\laravel\framework\src\Illuminate\Foundation\Testing\Concerns\InteractsWithTestCaseLifecycle.php:101
C:\projetos\sistema\backend\vendor\laravel\framework\src\Illuminate\Foundation\Testing\TestCase.php:63
C:\projetos\sistema\backend\tests\Feature\IamTest.php:23</error>
        </testcase>
        <testcase name="test_logout" file="C:\projetos\sistema\backend\tests\Feature\IamTest.php" line="440" class="Tests\Feature\IamTest" classname="Tests.Feature.IamTest" assertions="0" time="0.000000">
          <error type="PDOException">Tests\Feature\IamTest::test_logout&#13;
PDOException: There is already an active transaction
&#13;
C:\projetos\sistema\backend\vendor\laravel\framework\src\Illuminate\Database\SQLiteConnection.php:38
C:\projetos\sistema\backend\vendor\laravel\framework\src\Illuminate\Database\Concerns\ManagesTransactions.php:154
C:\projetos\sistema\backend\vendor\laravel\framework\src\Illuminate\Database\Concerns\ManagesTransactions.php:130
C:\projetos\sistema\backend\vendor\laravel\framework\src\Illuminate\Foundation\Testing\RefreshDatabase.php:147
C:\projetos\sistema\backend\vendor\laravel\framework\src\Illuminate\Foundation\Testing\RefreshDatabase.php:93
C:\projetos\sistema\backend\vendor\laravel\framework\src\Illuminate\Foundation\Testing\RefreshDatabase.php:25
C:\projetos\sistema\backend\vendor\laravel\framework\src\Illuminate\Foundation\Testing\Concerns\InteractsWithTestCaseLifecycle.php:217
C:\projetos\sistema\backend\vendor\laravel\framework\src\Illuminate\Foundation\Testing\Concerns\InteractsWithTestCaseLifecycle.php:101
C:\projetos\sistema\backend\vendor\laravel\framework\src\Illuminate\Foundation\Testing\TestCase.php:63
C:\projetos\sistema\backend\tests\Feature\IamTest.php:23</error>
        </testcase>
        <testcase name="test_switch_tenant" file="C:\projetos\sistema\backend\tests\Feature\IamTest.php" line="448" class="Tests\Feature\IamTest" classname="Tests.Feature.IamTest" assertions="0" time="0.000000">
          <error type="PDOException">Tests\Feature\IamTest::test_switch_tenant&#13;
PDOException: There is already an active transaction
&#13;
C:\projetos\sistema\backend\vendor\laravel\framework\src\Illuminate\Database\SQLiteConnection.php:38
C:\projetos\sistema\backend\vendor\laravel\framework\src\Illuminate\Database\Concerns\ManagesTransactions.php:154
C:\projetos\sistema\backend\vendor\laravel\framework\src\Illuminate\Database\Concerns\ManagesTransactions.php:130
C:\projetos\sistema\backend\vendor\laravel\framework\src\Illuminate\Foundation\Testing\RefreshDatabase.php:147
C:\projetos\sistema\backend\vendor\laravel\framework\src\Illuminate\Foundation\Testing\RefreshDatabase.php:93
C:\projetos\sistema\backend\vendor\laravel\framework\src\Illuminate\Foundation\Testing\RefreshDatabase.php:25
C:\projetos\sistema\backend\vendor\laravel\framework\src\Illuminate\Foundation\Testing\Concerns\InteractsWithTestCaseLifecycle.php:217
C:\projetos\sistema\backend\vendor\laravel\framework\src\Illuminate\Foundation\Testing\Concerns\InteractsWithTestCaseLifecycle.php:101
C:\projetos\sistema\backend\vendor\laravel\framework\src\Illuminate\Foundation\Testing\TestCase.php:63
C:\projetos\sistema\backend\tests\Feature\IamTest.php:23</error>
        </testcase>
        <testcase name="test_cannot_switch_to_unauthorized_tenant" file="C:\projetos\sistema\backend\tests\Feature\IamTest.php" line="464" class="Tests\Feature\IamTest" classname="Tests.Feature.IamTest" assertions="0" time="0.000000">
          <error type="PDOException">Tests\Feature\IamTest::test_cannot_switch_to_unauthorized_tenant&#13;
PDOException: There is already an active transaction
&#13;
C:\projetos\sistema\backend\vendor\laravel\framework\src\Illuminate\Database\SQLiteConnection.php:38
C:\projetos\sistema\backend\vendor\laravel\framework\src\Illuminate\Database\Concerns\ManagesTransactions.php:154
C:\projetos\sistema\backend\vendor\laravel\framework\src\Illuminate\Database\Concerns\ManagesTransactions.php:130
C:\projetos\sistema\backend\vendor\laravel\framework\src\Illuminate\Foundation\Testing\RefreshDatabase.php:147
C:\projetos\sistema\backend\vendor\laravel\framework\src\Illuminate\Foundation\Testing\RefreshDatabase.php:93
C:\projetos\sistema\backend\vendor\laravel\framework\src\Illuminate\Foundation\Testing\RefreshDatabase.php:25
C:\projetos\sistema\backend\vendor\laravel\framework\src\Illuminate\Foundation\Testing\Concerns\InteractsWithTestCaseLifecycle.php:217
C:\projetos\sistema\backend\vendor\laravel\framework\src\Illuminate\Foundation\Testing\Concerns\InteractsWithTestCaseLifecycle.php:101
C:\projetos\sistema\backend\vendor\laravel\framework\src\Illuminate\Foundation\Testing\TestCase.php:63
C:\projetos\sistema\backend\tests\Feature\IamTest.php:23</error>
        </testcase>
        <testcase name="test_list_user_sessions" file="C:\projetos\sistema\backend\tests\Feature\IamTest.php" line="477" class="Tests\Feature\IamTest" classname="Tests.Feature.IamTest" assertions="0" time="0.000000">
          <error type="PDOException">Tests\Feature\IamTest::test_list_user_sessions&#13;
PDOException: There is already an active transaction
&#13;
C:\projetos\sistema\backend\vendor\laravel\framework\src\Illuminate\Database\SQLiteConnection.php:38
C:\projetos\sistema\backend\vendor\laravel\framework\src\Illuminate\Database\Concerns\ManagesTransactions.php:154
C:\projetos\sistema\backend\vendor\laravel\framework\src\Illuminate\Database\Concerns\ManagesTransactions.php:130
C:\projetos\sistema\backend\vendor\laravel\framework\src\Illuminate\Foundation\Testing\RefreshDatabase.php:147
C:\projetos\sistema\backend\vendor\laravel\framework\src\Illuminate\Foundation\Testing\RefreshDatabase.php:93
C:\projetos\sistema\backend\vendor\laravel\framework\src\Illuminate\Foundation\Testing\RefreshDatabase.php:25
C:\projetos\sistema\backend\vendor\laravel\framework\src\Illuminate\Foundation\Testing\Concerns\InteractsWithTestCaseLifecycle.php:217
C:\projetos\sistema\backend\vendor\laravel\framework\src\Illuminate\Foundation\Testing\Concerns\InteractsWithTestCaseLifecycle.php:101
C:\projetos\sistema\backend\vendor\laravel\framework\src\Illuminate\Foundation\Testing\TestCase.php:63
C:\projetos\sistema\backend\tests\Feature\IamTest.php:23</error>
        </testcase>
        <testcase name="test_bulk_toggle_active" file="C:\projetos\sistema\backend\tests\Feature\IamTest.php" line="492" class="Tests\Feature\IamTest" classname="Tests.Feature.IamTest" assertions="0" time="0.000000">
          <error type="PDOException">Tests\Feature\IamTest::test_bulk_toggle_active&#13;
PDOException: There is already an active transaction
&#13;
C:\projetos\sistema\backend\vendor\laravel\framework\src\Illuminate\Database\SQLiteConnection.php:38
C:\projetos\sistema\backend\vendor\laravel\framework\src\Illuminate\Database\Concerns\ManagesTransactions.php:154
C:\projetos\sistema\backend\vendor\laravel\framework\src\Illuminate\Database\Concerns\ManagesTransactions.php:130
C:\projetos\sistema\backend\vendor\laravel\framework\src\Illuminate\Foundation\Testing\RefreshDatabase.php:147
C:\projetos\sistema\backend\vendor\laravel\framework\src\Illuminate\Foundation\Testing\RefreshDatabase.php:93
C:\projetos\sistema\backend\vendor\laravel\framework\src\Illuminate\Foundation\Testing\RefreshDatabase.php:25
C:\projetos\sistema\backend\vendor\laravel\framework\src\Illuminate\Foundation\Testing\Concerns\InteractsWithTestCaseLifecycle.php:217
C:\projetos\sistema\backend\vendor\laravel\framework\src\Illuminate\Foundation\Testing\Concerns\InteractsWithTestCaseLifecycle.php:101
C:\projetos\sistema\backend\vendor\laravel\framework\src\Illuminate\Foundation\Testing\TestCase.php:63
C:\projetos\sistema\backend\tests\Feature\IamTest.php:23</error>
        </testcase>
        <testcase name="test_export_users_csv" file="C:\projetos\sistema\backend\tests\Feature\IamTest.php" line="515" class="Tests\Feature\IamTest" classname="Tests.Feature.IamTest" assertions="0" time="0.000000">
          <error type="PDOException">Tests\Feature\IamTest::test_export_users_csv&#13;
PDOException: There is already an active transaction
&#13;
C:\projetos\sistema\backend\vendor\laravel\framework\src\Illuminate\Database\SQLiteConnection.php:38
C:\projetos\sistema\backend\vendor\laravel\framework\src\Illuminate\Database\Concerns\ManagesTransactions.php:154
C:\projetos\sistema\backend\vendor\laravel\framework\src\Illuminate\Database\Concerns\ManagesTransactions.php:130
C:\projetos\sistema\backend\vendor\laravel\framework\src\Illuminate\Foundation\Testing\RefreshDatabase.php:147
C:\projetos\sistema\backend\vendor\laravel\framework\src\Illuminate\Foundation\Testing\RefreshDatabase.php:93
C:\projetos\sistema\backend\vendor\laravel\framework\src\Illuminate\Foundation\Testing\RefreshDatabase.php:25
C:\projetos\sistema\backend\vendor\laravel\framework\src\Illuminate\Foundation\Testing\Concerns\InteractsWithTestCaseLifecycle.php:217
C:\projetos\sistema\backend\vendor\laravel\framework\src\Illuminate\Foundation\Testing\Concerns\InteractsWithTestCaseLifecycle.php:101
C:\projetos\sistema\backend\vendor\laravel\framework\src\Illuminate\Foundation\Testing\TestCase.php:63
C:\projetos\sistema\backend\tests\Feature\IamTest.php:23</error>
        </testcase>
        <testcase name="test_clone_role" file="C:\projetos\sistema\backend\tests\Feature\IamTest.php" line="523" class="Tests\Feature\IamTest" classname="Tests.Feature.IamTest" assertions="0" time="0.000000">
          <error type="PDOException">Tests\Feature\IamTest::test_clone_role&#13;
PDOException: There is already an active transaction
&#13;
C:\projetos\sistema\backend\vendor\laravel\framework\src\Illuminate\Database\SQLiteConnection.php:38
C:\projetos\sistema\backend\vendor\laravel\framework\src\Illuminate\Database\Concerns\ManagesTransactions.php:154
C:\projetos\sistema\backend\vendor\laravel\framework\src\Illuminate\Database\Concerns\ManagesTransactions.php:130
C:\projetos\sistema\backend\vendor\laravel\framework\src\Illuminate\Foundation\Testing\RefreshDatabase.php:147
C:\projetos\sistema\backend\vendor\laravel\framework\src\Illuminate\Foundation\Testing\RefreshDatabase.php:93
C:\projetos\sistema\backend\vendor\laravel\framework\src\Illuminate\Foundation\Testing\RefreshDatabase.php:25
C:\projetos\sistema\backend\vendor\laravel\framework\src\Illuminate\Foundation\Testing\Concerns\InteractsWithTestCaseLifecycle.php:217
C:\projetos\sistema\backend\vendor\laravel\framework\src\Illuminate\Foundation\Testing\Concerns\InteractsWithTestCaseLifecycle.php:101
C:\projetos\sistema\backend\vendor\laravel\framework\src\Illuminate\Foundation\Testing\TestCase.php:63
C:\projetos\sistema\backend\tests\Feature\IamTest.php:23</error>
        </testcase>
        <testcase name="test_clone_protected_role" file="C:\projetos\sistema\backend\tests\Feature\IamTest.php" line="549" class="Tests\Feature\IamTest" classname="Tests.Feature.IamTest" assertions="0" time="0.000000">
          <error type="PDOException">Tests\Feature\IamTest::test_clone_protected_role&#13;
PDOException: There is already an active transaction
&#13;
C:\projetos\sistema\backend\vendor\laravel\framework\src\Illuminate\Database\SQLiteConnection.php:38
C:\projetos\sistema\backend\vendor\laravel\framework\src\Illuminate\Database\Concerns\ManagesTransactions.php:154
C:\projetos\sistema\backend\vendor\laravel\framework\src\Illuminate\Database\Concerns\ManagesTransactions.php:130
C:\projetos\sistema\backend\vendor\laravel\framework\src\Illuminate\Foundation\Testing\RefreshDatabase.php:147
C:\projetos\sistema\backend\vendor\laravel\framework\src\Illuminate\Foundation\Testing\RefreshDatabase.php:93
C:\projetos\sistema\backend\vendor\laravel\framework\src\Illuminate\Foundation\Testing\RefreshDatabase.php:25
C:\projetos\sistema\backend\vendor\laravel\framework\src\Illuminate\Foundation\Testing\Concerns\InteractsWithTestCaseLifecycle.php:217
C:\projetos\sistema\backend\vendor\laravel\framework\src\Illuminate\Foundation\Testing\Concerns\InteractsWithTestCaseLifecycle.php:101
C:\projetos\sistema\backend\vendor\laravel\framework\src\Illuminate\Foundation\Testing\TestCase.php:63
C:\projetos\sistema\backend\tests\Feature\IamTest.php:23</error>
        </testcase>
        <testcase name="test_force_logout_user" file="C:\projetos\sistema\backend\tests\Feature\IamTest.php" line="575" class="Tests\Feature\IamTest" classname="Tests.Feature.IamTest" assertions="0" time="0.000000">
          <error type="PDOException">Tests\Feature\IamTest::test_force_logout_user&#13;
PDOException: There is already an active transaction
&#13;
C:\projetos\sistema\backend\vendor\laravel\framework\src\Illuminate\Database\SQLiteConnection.php:38
C:\projetos\sistema\backend\vendor\laravel\framework\src\Illuminate\Database\Concerns\ManagesTransactions.php:154
C:\projetos\sistema\backend\vendor\laravel\framework\src\Illuminate\Database\Concerns\ManagesTransactions.php:130
C:\projetos\sistema\backend\vendor\laravel\framework\src\Illuminate\Foundation\Testing\RefreshDatabase.php:147
C:\projetos\sistema\backend\vendor\laravel\framework\src\Illuminate\Foundation\Testing\RefreshDatabase.php:93
C:\projetos\sistema\backend\vendor\laravel\framework\src\Illuminate\Foundation\Testing\RefreshDatabase.php:25
C:\projetos\sistema\backend\vendor\laravel\framework\src\Illuminate\Foundation\Testing\Concerns\InteractsWithTestCaseLifecycle.php:217
C:\projetos\sistema\backend\vendor\laravel\framework\src\Illuminate\Foundation\Testing\Concerns\InteractsWithTestCaseLifecycle.php:101
C:\projetos\sistema\backend\vendor\laravel\framework\src\Illuminate\Foundation\Testing\TestCase.php:63
C:\projetos\sistema\backend\tests\Feature\IamTest.php:23</error>
        </testcase>
        <testcase name="test_cannot_force_logout_self" file="C:\projetos\sistema\backend\tests\Feature\IamTest.php" line="593" class="Tests\Feature\IamTest" classname="Tests.Feature.IamTest" assertions="0" time="0.000000">
          <error type="PDOException">Tests\Feature\IamTest::test_cannot_force_logout_self&#13;
PDOException: There is already an active transaction
&#13;
C:\projetos\sistema\backend\vendor\laravel\framework\src\Illuminate\Database\SQLiteConnection.php:38
C:\projetos\sistema\backend\vendor\laravel\framework\src\Illuminate\Database\Concerns\ManagesTransactions.php:154
C:\projetos\sistema\backend\vendor\laravel\framework\src\Illuminate\Database\Concerns\ManagesTransactions.php:130
C:\projetos\sistema\backend\vendor\laravel\framework\src\Illuminate\Foundation\Testing\RefreshDatabase.php:147
C:\projetos\sistema\backend\vendor\laravel\framework\src\Illuminate\Foundation\Testing\RefreshDatabase.php:93
C:\projetos\sistema\backend\vendor\laravel\framework\src\Illuminate\Foundation\Testing\RefreshDatabase.php:25
C:\projetos\sistema\backend\vendor\laravel\framework\src\Illuminate\Foundation\Testing\Concerns\InteractsWithTestCaseLifecycle.php:217
C:\projetos\sistema\backend\vendor\laravel\framework\src\Illuminate\Foundation\Testing\Concerns\InteractsWithTestCaseLifecycle.php:101
C:\projetos\sistema\backend\vendor\laravel\framework\src\Illuminate\Foundation\Testing\TestCase.php:63
C:\projetos\sistema\backend\tests\Feature\IamTest.php:23</error>
        </testcase>
        <testcase name="test_list_role_users" file="C:\projetos\sistema\backend\tests\Feature\IamTest.php" line="600" class="Tests\Feature\IamTest" classname="Tests.Feature.IamTest" assertions="0" time="0.000000">
          <error type="PDOException">Tests\Feature\IamTest::test_list_role_users&#13;
PDOException: There is already an active transaction
&#13;
C:\projetos\sistema\backend\vendor\laravel\framework\src\Illuminate\Database\SQLiteConnection.php:38
C:\projetos\sistema\backend\vendor\laravel\framework\src\Illuminate\Database\Concerns\ManagesTransactions.php:154
C:\projetos\sistema\backend\vendor\laravel\framework\src\Illuminate\Database\Concerns\ManagesTransactions.php:130
C:\projetos\sistema\backend\vendor\laravel\framework\src\Illuminate\Foundation\Testing\RefreshDatabase.php:147
C:\projetos\sistema\backend\vendor\laravel\framework\src\Illuminate\Foundation\Testing\RefreshDatabase.php:93
C:\projetos\sistema\backend\vendor\laravel\framework\src\Illuminate\Foundation\Testing\RefreshDatabase.php:25
C:\projetos\sistema\backend\vendor\laravel\framework\src\Illuminate\Foundation\Testing\Concerns\InteractsWithTestCaseLifecycle.php:217
C:\projetos\sistema\backend\vendor\laravel\framework\src\Illuminate\Foundation\Testing\Concerns\InteractsWithTestCaseLifecycle.php:101
C:\projetos\sistema\backend\vendor\laravel\framework\src\Illuminate\Foundation\Testing\TestCase.php:63
C:\projetos\sistema\backend\tests\Feature\IamTest.php:23</error>
        </testcase>
        <testcase name="test_toggle_permission" file="C:\projetos\sistema\backend\tests\Feature\IamTest.php" line="620" class="Tests\Feature\IamTest" classname="Tests.Feature.IamTest" assertions="0" time="0.000000">
          <error type="PDOException">Tests\Feature\IamTest::test_toggle_permission&#13;
PDOException: There is already an active transaction
&#13;
C:\projetos\sistema\backend\vendor\laravel\framework\src\Illuminate\Database\SQLiteConnection.php:38
C:\projetos\sistema\backend\vendor\laravel\framework\src\Illuminate\Database\Concerns\ManagesTransactions.php:154
C:\projetos\sistema\backend\vendor\laravel\framework\src\Illuminate\Database\Concerns\ManagesTransactions.php:130
C:\projetos\sistema\backend\vendor\laravel\framework\src\Illuminate\Foundation\Testing\RefreshDatabase.php:147
C:\projetos\sistema\backend\vendor\laravel\framework\src\Illuminate\Foundation\Testing\RefreshDatabase.php:93
C:\projetos\sistema\backend\vendor\laravel\framework\src\Illuminate\Foundation\Testing\RefreshDatabase.php:25
C:\projetos\sistema\backend\vendor\laravel\framework\src\Illuminate\Foundation\Testing\Concerns\InteractsWithTestCaseLifecycle.php:217
C:\projetos\sistema\backend\vendor\laravel\framework\src\Illuminate\Foundation\Testing\Concerns\InteractsWithTestCaseLifecycle.php:101
C:\projetos\sistema\backend\vendor\laravel\framework\src\Illuminate\Foundation\Testing\TestCase.php:63
C:\projetos\sistema\backend\tests\Feature\IamTest.php:23</error>
        </testcase>
        <testcase name="test_cannot_toggle_super_admin_permission" file="C:\projetos\sistema\backend\tests\Feature\IamTest.php" line="658" class="Tests\Feature\IamTest" classname="Tests.Feature.IamTest" assertions="0" time="0.000000">
          <error type="PDOException">Tests\Feature\IamTest::test_cannot_toggle_super_admin_permission&#13;
PDOException: There is already an active transaction
&#13;
C:\projetos\sistema\backend\vendor\laravel\framework\src\Illuminate\Database\SQLiteConnection.php:38
C:\projetos\sistema\backend\vendor\laravel\framework\src\Illuminate\Database\Concerns\ManagesTransactions.php:154
C:\projetos\sistema\backend\vendor\laravel\framework\src\Illuminate\Database\Concerns\ManagesTransactions.php:130
C:\projetos\sistema\backend\vendor\laravel\framework\src\Illuminate\Foundation\Testing\RefreshDatabase.php:147
C:\projetos\sistema\backend\vendor\laravel\framework\src\Illuminate\Foundation\Testing\RefreshDatabase.php:93
C:\projetos\sistema\backend\vendor\laravel\framework\src\Illuminate\Foundation\Testing\RefreshDatabase.php:25
C:\projetos\sistema\backend\vendor\laravel\framework\src\Illuminate\Foundation\Testing\Concerns\InteractsWithTestCaseLifecycle.php:217
C:\projetos\sistema\backend\vendor\laravel\framework\src\Illuminate\Foundation\Testing\Concerns\InteractsWithTestCaseLifecycle.php:101
C:\projetos\sistema\backend\vendor\laravel\framework\src\Illuminate\Foundation\Testing\TestCase.php:63
C:\projetos\sistema\backend\tests\Feature\IamTest.php:23</error>
        </testcase>
      </testsuite>
      <testsuite name="Tests\Feature\ImportModuleTest" file="C:\projetos\sistema\backend\tests\Feature\ImportModuleTest.php" tests="7" assertions="0" errors="7" failures="0" skipped="0" time="0.000000">
        <testcase name="test_import_fields_for_customers" file="C:\projetos\sistema\backend\tests\Feature\ImportModuleTest.php" line="40" class="Tests\Feature\ImportModuleTest" classname="Tests.Feature.ImportModuleTest" assertions="0" time="0.000000">
          <error type="PDOException">Tests\Feature\ImportModuleTest::test_import_fields_for_customers&#13;
PDOException: There is already an active transaction
&#13;
C:\projetos\sistema\backend\vendor\laravel\framework\src\Illuminate\Database\SQLiteConnection.php:38
C:\projetos\sistema\backend\vendor\laravel\framework\src\Illuminate\Database\Concerns\ManagesTransactions.php:154
C:\projetos\sistema\backend\vendor\laravel\framework\src\Illuminate\Database\Concerns\ManagesTransactions.php:130
C:\projetos\sistema\backend\vendor\laravel\framework\src\Illuminate\Foundation\Testing\RefreshDatabase.php:147
C:\projetos\sistema\backend\vendor\laravel\framework\src\Illuminate\Foundation\Testing\RefreshDatabase.php:93
C:\projetos\sistema\backend\vendor\laravel\framework\src\Illuminate\Foundation\Testing\RefreshDatabase.php:25
C:\projetos\sistema\backend\vendor\laravel\framework\src\Illuminate\Foundation\Testing\Concerns\InteractsWithTestCaseLifecycle.php:217
C:\projetos\sistema\backend\vendor\laravel\framework\src\Illuminate\Foundation\Testing\Concerns\InteractsWithTestCaseLifecycle.php:101
C:\projetos\sistema\backend\vendor\laravel\framework\src\Illuminate\Foundation\Testing\TestCase.php:63
C:\projetos\sistema\backend\tests\Feature\ImportModuleTest.php:24</error>
        </testcase>
        <testcase name="test_import_fields_for_products" file="C:\projetos\sistema\backend\tests\Feature\ImportModuleTest.php" line="46" class="Tests\Feature\ImportModuleTest" classname="Tests.Feature.ImportModuleTest" assertions="0" time="0.000000">
          <error type="PDOException">Tests\Feature\ImportModuleTest::test_import_fields_for_products&#13;
PDOException: There is already an active transaction
&#13;
C:\projetos\sistema\backend\vendor\laravel\framework\src\Illuminate\Database\SQLiteConnection.php:38
C:\projetos\sistema\backend\vendor\laravel\framework\src\Illuminate\Database\Concerns\ManagesTransactions.php:154
C:\projetos\sistema\backend\vendor\laravel\framework\src\Illuminate\Database\Concerns\ManagesTransactions.php:130
C:\projetos\sistema\backend\vendor\laravel\framework\src\Illuminate\Foundation\Testing\RefreshDatabase.php:147
C:\projetos\sistema\backend\vendor\laravel\framework\src\Illuminate\Foundation\Testing\RefreshDatabase.php:93
C:\projetos\sistema\backend\vendor\laravel\framework\src\Illuminate\Foundation\Testing\RefreshDatabase.php:25
C:\projetos\sistema\backend\vendor\laravel\framework\src\Illuminate\Foundation\Testing\Concerns\InteractsWithTestCaseLifecycle.php:217
C:\projetos\sistema\backend\vendor\laravel\framework\src\Illuminate\Foundation\Testing\Concerns\InteractsWithTestCaseLifecycle.php:101
C:\projetos\sistema\backend\vendor\laravel\framework\src\Illuminate\Foundation\Testing\TestCase.php:63
C:\projetos\sistema\backend\tests\Feature\ImportModuleTest.php:24</error>
        </testcase>
        <testcase name="test_import_history" file="C:\projetos\sistema\backend\tests\Feature\ImportModuleTest.php" line="52" class="Tests\Feature\ImportModuleTest" classname="Tests.Feature.ImportModuleTest" assertions="0" time="0.000000">
          <error type="PDOException">Tests\Feature\ImportModuleTest::test_import_history&#13;
PDOException: There is already an active transaction
&#13;
C:\projetos\sistema\backend\vendor\laravel\framework\src\Illuminate\Database\SQLiteConnection.php:38
C:\projetos\sistema\backend\vendor\laravel\framework\src\Illuminate\Database\Concerns\ManagesTransactions.php:154
C:\projetos\sistema\backend\vendor\laravel\framework\src\Illuminate\Database\Concerns\ManagesTransactions.php:130
C:\projetos\sistema\backend\vendor\laravel\framework\src\Illuminate\Foundation\Testing\RefreshDatabase.php:147
C:\projetos\sistema\backend\vendor\laravel\framework\src\Illuminate\Foundation\Testing\RefreshDatabase.php:93
C:\projetos\sistema\backend\vendor\laravel\framework\src\Illuminate\Foundation\Testing\RefreshDatabase.php:25
C:\projetos\sistema\backend\vendor\laravel\framework\src\Illuminate\Foundation\Testing\Concerns\InteractsWithTestCaseLifecycle.php:217
C:\projetos\sistema\backend\vendor\laravel\framework\src\Illuminate\Foundation\Testing\Concerns\InteractsWithTestCaseLifecycle.php:101
C:\projetos\sistema\backend\vendor\laravel\framework\src\Illuminate\Foundation\Testing\TestCase.php:63
C:\projetos\sistema\backend\tests\Feature\ImportModuleTest.php:24</error>
        </testcase>
        <testcase name="test_import_templates_list" file="C:\projetos\sistema\backend\tests\Feature\ImportModuleTest.php" line="58" class="Tests\Feature\ImportModuleTest" classname="Tests.Feature.ImportModuleTest" assertions="0" time="0.000000">
          <error type="PDOException">Tests\Feature\ImportModuleTest::test_import_templates_list&#13;
PDOException: There is already an active transaction
&#13;
C:\projetos\sistema\backend\vendor\laravel\framework\src\Illuminate\Database\SQLiteConnection.php:38
C:\projetos\sistema\backend\vendor\laravel\framework\src\Illuminate\Database\Concerns\ManagesTransactions.php:154
C:\projetos\sistema\backend\vendor\laravel\framework\src\Illuminate\Database\Concerns\ManagesTransactions.php:130
C:\projetos\sistema\backend\vendor\laravel\framework\src\Illuminate\Foundation\Testing\RefreshDatabase.php:147
C:\projetos\sistema\backend\vendor\laravel\framework\src\Illuminate\Foundation\Testing\RefreshDatabase.php:93
C:\projetos\sistema\backend\vendor\laravel\framework\src\Illuminate\Foundation\Testing\RefreshDatabase.php:25
C:\projetos\sistema\backend\vendor\laravel\framework\src\Illuminate\Foundation\Testing\Concerns\InteractsWithTestCaseLifecycle.php:217
C:\projetos\sistema\backend\vendor\laravel\framework\src\Illuminate\Foundation\Testing\Concerns\InteractsWithTestCaseLifecycle.php:101
C:\projetos\sistema\backend\vendor\laravel\framework\src\Illuminate\Foundation\Testing\TestCase.php:63
C:\projetos\sistema\backend\tests\Feature\ImportModuleTest.php:24</error>
        </testcase>
        <testcase name="test_import_stats" file="C:\projetos\sistema\backend\tests\Feature\ImportModuleTest.php" line="64" class="Tests\Feature\ImportModuleTest" classname="Tests.Feature.ImportModuleTest" assertions="0" time="0.000000">
          <error type="PDOException">Tests\Feature\ImportModuleTest::test_import_stats&#13;
PDOException: There is already an active transaction
&#13;
C:\projetos\sistema\backend\vendor\laravel\framework\src\Illuminate\Database\SQLiteConnection.php:38
C:\projetos\sistema\backend\vendor\laravel\framework\src\Illuminate\Database\Concerns\ManagesTransactions.php:154
C:\projetos\sistema\backend\vendor\laravel\framework\src\Illuminate\Database\Concerns\ManagesTransactions.php:130
C:\projetos\sistema\backend\vendor\laravel\framework\src\Illuminate\Foundation\Testing\RefreshDatabase.php:147
C:\projetos\sistema\backend\vendor\laravel\framework\src\Illuminate\Foundation\Testing\RefreshDatabase.php:93
C:\projetos\sistema\backend\vendor\laravel\framework\src\Illuminate\Foundation\Testing\RefreshDatabase.php:25
C:\projetos\sistema\backend\vendor\laravel\framework\src\Illuminate\Foundation\Testing\Concerns\InteractsWithTestCaseLifecycle.php:217
C:\projetos\sistema\backend\vendor\laravel\framework\src\Illuminate\Foundation\Testing\Concerns\InteractsWithTestCaseLifecycle.php:101
C:\projetos\sistema\backend\vendor\laravel\framework\src\Illuminate\Foundation\Testing\TestCase.php:63
C:\projetos\sistema\backend\tests\Feature\ImportModuleTest.php:24</error>
        </testcase>
        <testcase name="test_import_entity_counts" file="C:\projetos\sistema\backend\tests\Feature\ImportModuleTest.php" line="70" class="Tests\Feature\ImportModuleTest" classname="Tests.Feature.ImportModuleTest" assertions="0" time="0.000000">
          <error type="PDOException">Tests\Feature\ImportModuleTest::test_import_entity_counts&#13;
PDOException: There is already an active transaction
&#13;
C:\projetos\sistema\backend\vendor\laravel\framework\src\Illuminate\Database\SQLiteConnection.php:38
C:\projetos\sistema\backend\vendor\laravel\framework\src\Illuminate\Database\Concerns\ManagesTransactions.php:154
C:\projetos\sistema\backend\vendor\laravel\framework\src\Illuminate\Database\Concerns\ManagesTransactions.php:130
C:\projetos\sistema\backend\vendor\laravel\framework\src\Illuminate\Foundation\Testing\RefreshDatabase.php:147
C:\projetos\sistema\backend\vendor\laravel\framework\src\Illuminate\Foundation\Testing\RefreshDatabase.php:93
C:\projetos\sistema\backend\vendor\laravel\framework\src\Illuminate\Foundation\Testing\RefreshDatabase.php:25
C:\projetos\sistema\backend\vendor\laravel\framework\src\Illuminate\Foundation\Testing\Concerns\InteractsWithTestCaseLifecycle.php:217
C:\projetos\sistema\backend\vendor\laravel\framework\src\Illuminate\Foundation\Testing\Concerns\InteractsWithTestCaseLifecycle.php:101
C:\projetos\sistema\backend\vendor\laravel\framework\src\Illuminate\Foundation\Testing\TestCase.php:63
C:\projetos\sistema\backend\tests\Feature\ImportModuleTest.php:24</error>
        </testcase>
        <testcase name="test_import_upload_rejects_without_file" file="C:\projetos\sistema\backend\tests\Feature\ImportModuleTest.php" line="76" class="Tests\Feature\ImportModuleTest" classname="Tests.Feature.ImportModuleTest" assertions="0" time="0.000000">
          <error type="PDOException">Tests\Feature\ImportModuleTest::test_import_upload_rejects_without_file&#13;
PDOException: There is already an active transaction
&#13;
C:\projetos\sistema\backend\vendor\laravel\framework\src\Illuminate\Database\SQLiteConnection.php:38
C:\projetos\sistema\backend\vendor\laravel\framework\src\Illuminate\Database\Concerns\ManagesTransactions.php:154
C:\projetos\sistema\backend\vendor\laravel\framework\src\Illuminate\Database\Concerns\ManagesTransactions.php:130
C:\projetos\sistema\backend\vendor\laravel\framework\src\Illuminate\Foundation\Testing\RefreshDatabase.php:147
C:\projetos\sistema\backend\vendor\laravel\framework\src\Illuminate\Foundation\Testing\RefreshDatabase.php:93
C:\projetos\sistema\backend\vendor\laravel\framework\src\Illuminate\Foundation\Testing\RefreshDatabase.php:25
C:\projetos\sistema\backend\vendor\laravel\framework\src\Illuminate\Foundation\Testing\Concerns\InteractsWithTestCaseLifecycle.php:217
C:\projetos\sistema\backend\vendor\laravel\framework\src\Illuminate\Foundation\Testing\Concerns\InteractsWithTestCaseLifecycle.php:101
C:\projetos\sistema\backend\vendor\laravel\framework\src\Illuminate\Foundation\Testing\TestCase.php:63
C:\projetos\sistema\backend\tests\Feature\ImportModuleTest.php:24</error>
        </testcase>
      </testsuite>
      <testsuite name="Tests\Feature\ImportTest" file="C:\projetos\sistema\backend\tests\Feature\ImportTest.php" tests="37" assertions="0" errors="37" failures="0" skipped="0" time="0.000000">
        <testcase name="test_get_fields_for_valid_entity" file="C:\projetos\sistema\backend\tests\Feature\ImportTest.php" line="50" class="Tests\Feature\ImportTest" classname="Tests.Feature.ImportTest" assertions="0" time="0.000000">
          <error type="PDOException">Tests\Feature\ImportTest::test_get_fields_for_valid_entity&#13;
PDOException: There is already an active transaction
&#13;
C:\projetos\sistema\backend\vendor\laravel\framework\src\Illuminate\Database\SQLiteConnection.php:38
C:\projetos\sistema\backend\vendor\laravel\framework\src\Illuminate\Database\Concerns\ManagesTransactions.php:154
C:\projetos\sistema\backend\vendor\laravel\framework\src\Illuminate\Database\Concerns\ManagesTransactions.php:130
C:\projetos\sistema\backend\vendor\laravel\framework\src\Illuminate\Foundation\Testing\RefreshDatabase.php:147
C:\projetos\sistema\backend\vendor\laravel\framework\src\Illuminate\Foundation\Testing\RefreshDatabase.php:93
C:\projetos\sistema\backend\vendor\laravel\framework\src\Illuminate\Foundation\Testing\RefreshDatabase.php:25
C:\projetos\sistema\backend\vendor\laravel\framework\src\Illuminate\Foundation\Testing\Concerns\InteractsWithTestCaseLifecycle.php:217
C:\projetos\sistema\backend\vendor\laravel\framework\src\Illuminate\Foundation\Testing\Concerns\InteractsWithTestCaseLifecycle.php:101
C:\projetos\sistema\backend\vendor\laravel\framework\src\Illuminate\Foundation\Testing\TestCase.php:63
C:\projetos\sistema\backend\tests\Feature\ImportTest.php:26</error>
        </testcase>
        <testcase name="test_get_fields_for_invalid_entity" file="C:\projetos\sistema\backend\tests\Feature\ImportTest.php" line="58" class="Tests\Feature\ImportTest" classname="Tests.Feature.ImportTest" assertions="0" time="0.000000">
          <error type="PDOException">Tests\Feature\ImportTest::test_get_fields_for_invalid_entity&#13;
PDOException: There is already an active transaction
&#13;
C:\projetos\sistema\backend\vendor\laravel\framework\src\Illuminate\Database\SQLiteConnection.php:38
C:\projetos\sistema\backend\vendor\laravel\framework\src\Illuminate\Database\Concerns\ManagesTransactions.php:154
C:\projetos\sistema\backend\vendor\laravel\framework\src\Illuminate\Database\Concerns\ManagesTransactions.php:130
C:\projetos\sistema\backend\vendor\laravel\framework\src\Illuminate\Foundation\Testing\RefreshDatabase.php:147
C:\projetos\sistema\backend\vendor\laravel\framework\src\Illuminate\Foundation\Testing\RefreshDatabase.php:93
C:\projetos\sistema\backend\vendor\laravel\framework\src\Illuminate\Foundation\Testing\RefreshDatabase.php:25
C:\projetos\sistema\backend\vendor\laravel\framework\src\Illuminate\Foundation\Testing\Concerns\InteractsWithTestCaseLifecycle.php:217
C:\projetos\sistema\backend\vendor\laravel\framework\src\Illuminate\Foundation\Testing\Concerns\InteractsWithTestCaseLifecycle.php:101
C:\projetos\sistema\backend\vendor\laravel\framework\src\Illuminate\Foundation\Testing\TestCase.php:63
C:\projetos\sistema\backend\tests\Feature\ImportTest.php:26</error>
        </testcase>
        <testcase name="test_upload_csv_file" file="C:\projetos\sistema\backend\tests\Feature\ImportTest.php" line="67" class="Tests\Feature\ImportTest" classname="Tests.Feature.ImportTest" assertions="0" time="0.000000">
          <error type="PDOException">Tests\Feature\ImportTest::test_upload_csv_file&#13;
PDOException: There is already an active transaction
&#13;
C:\projetos\sistema\backend\vendor\laravel\framework\src\Illuminate\Database\SQLiteConnection.php:38
C:\projetos\sistema\backend\vendor\laravel\framework\src\Illuminate\Database\Concerns\ManagesTransactions.php:154
C:\projetos\sistema\backend\vendor\laravel\framework\src\Illuminate\Database\Concerns\ManagesTransactions.php:130
C:\projetos\sistema\backend\vendor\laravel\framework\src\Illuminate\Foundation\Testing\RefreshDatabase.php:147
C:\projetos\sistema\backend\vendor\laravel\framework\src\Illuminate\Foundation\Testing\RefreshDatabase.php:93
C:\projetos\sistema\backend\vendor\laravel\framework\src\Illuminate\Foundation\Testing\RefreshDatabase.php:25
C:\projetos\sistema\backend\vendor\laravel\framework\src\Illuminate\Foundation\Testing\Concerns\InteractsWithTestCaseLifecycle.php:217
C:\projetos\sistema\backend\vendor\laravel\framework\src\Illuminate\Foundation\Testing\Concerns\InteractsWithTestCaseLifecycle.php:101
C:\projetos\sistema\backend\vendor\laravel\framework\src\Illuminate\Foundation\Testing\TestCase.php:63
C:\projetos\sistema\backend\tests\Feature\ImportTest.php:26</error>
        </testcase>
        <testcase name="test_upload_rejects_invalid_entity" file="C:\projetos\sistema\backend\tests\Feature\ImportTest.php" line="86" class="Tests\Feature\ImportTest" classname="Tests.Feature.ImportTest" assertions="0" time="0.000000">
          <error type="PDOException">Tests\Feature\ImportTest::test_upload_rejects_invalid_entity&#13;
PDOException: There is already an active transaction
&#13;
C:\projetos\sistema\backend\vendor\laravel\framework\src\Illuminate\Database\SQLiteConnection.php:38
C:\projetos\sistema\backend\vendor\laravel\framework\src\Illuminate\Database\Concerns\ManagesTransactions.php:154
C:\projetos\sistema\backend\vendor\laravel\framework\src\Illuminate\Database\Concerns\ManagesTransactions.php:130
C:\projetos\sistema\backend\vendor\laravel\framework\src\Illuminate\Foundation\Testing\RefreshDatabase.php:147
C:\projetos\sistema\backend\vendor\laravel\framework\src\Illuminate\Foundation\Testing\RefreshDatabase.php:93
C:\projetos\sistema\backend\vendor\laravel\framework\src\Illuminate\Foundation\Testing\RefreshDatabase.php:25
C:\projetos\sistema\backend\vendor\laravel\framework\src\Illuminate\Foundation\Testing\Concerns\InteractsWithTestCaseLifecycle.php:217
C:\projetos\sistema\backend\vendor\laravel\framework\src\Illuminate\Foundation\Testing\Concerns\InteractsWithTestCaseLifecycle.php:101
C:\projetos\sistema\backend\vendor\laravel\framework\src\Illuminate\Foundation\Testing\TestCase.php:63
C:\projetos\sistema\backend\tests\Feature\ImportTest.php:26</error>
        </testcase>
        <testcase name="test_upload_rejects_invalid_file_type" file="C:\projetos\sistema\backend\tests\Feature\ImportTest.php" line="98" class="Tests\Feature\ImportTest" classname="Tests.Feature.ImportTest" assertions="0" time="0.000000">
          <error type="PDOException">Tests\Feature\ImportTest::test_upload_rejects_invalid_file_type&#13;
PDOException: There is already an active transaction
&#13;
C:\projetos\sistema\backend\vendor\laravel\framework\src\Illuminate\Database\SQLiteConnection.php:38
C:\projetos\sistema\backend\vendor\laravel\framework\src\Illuminate\Database\Concerns\ManagesTransactions.php:154
C:\projetos\sistema\backend\vendor\laravel\framework\src\Illuminate\Database\Concerns\ManagesTransactions.php:130
C:\projetos\sistema\backend\vendor\laravel\framework\src\Illuminate\Foundation\Testing\RefreshDatabase.php:147
C:\projetos\sistema\backend\vendor\laravel\framework\src\Illuminate\Foundation\Testing\RefreshDatabase.php:93
C:\projetos\sistema\backend\vendor\laravel\framework\src\Illuminate\Foundation\Testing\RefreshDatabase.php:25
C:\projetos\sistema\backend\vendor\laravel\framework\src\Illuminate\Foundation\Testing\Concerns\InteractsWithTestCaseLifecycle.php:217
C:\projetos\sistema\backend\vendor\laravel\framework\src\Illuminate\Foundation\Testing\Concerns\InteractsWithTestCaseLifecycle.php:101
C:\projetos\sistema\backend\vendor\laravel\framework\src\Illuminate\Foundation\Testing\TestCase.php:63
C:\projetos\sistema\backend\tests\Feature\ImportTest.php:26</error>
        </testcase>
        <testcase name="test_preview_validates_path_traversal" file="C:\projetos\sistema\backend\tests\Feature\ImportTest.php" line="112" class="Tests\Feature\ImportTest" classname="Tests.Feature.ImportTest" assertions="0" time="0.000000">
          <error type="PDOException">Tests\Feature\ImportTest::test_preview_validates_path_traversal&#13;
PDOException: There is already an active transaction
&#13;
C:\projetos\sistema\backend\vendor\laravel\framework\src\Illuminate\Database\SQLiteConnection.php:38
C:\projetos\sistema\backend\vendor\laravel\framework\src\Illuminate\Database\Concerns\ManagesTransactions.php:154
C:\projetos\sistema\backend\vendor\laravel\framework\src\Illuminate\Database\Concerns\ManagesTransactions.php:130
C:\projetos\sistema\backend\vendor\laravel\framework\src\Illuminate\Foundation\Testing\RefreshDatabase.php:147
C:\projetos\sistema\backend\vendor\laravel\framework\src\Illuminate\Foundation\Testing\RefreshDatabase.php:93
C:\projetos\sistema\backend\vendor\laravel\framework\src\Illuminate\Foundation\Testing\RefreshDatabase.php:25
C:\projetos\sistema\backend\vendor\laravel\framework\src\Illuminate\Foundation\Testing\Concerns\InteractsWithTestCaseLifecycle.php:217
C:\projetos\sistema\backend\vendor\laravel\framework\src\Illuminate\Foundation\Testing\Concerns\InteractsWithTestCaseLifecycle.php:101
C:\projetos\sistema\backend\vendor\laravel\framework\src\Illuminate\Foundation\Testing\TestCase.php:63
C:\projetos\sistema\backend\tests\Feature\ImportTest.php:26</error>
        </testcase>
        <testcase name="test_preview_validates_required_path_prefix" file="C:\projetos\sistema\backend\tests\Feature\ImportTest.php" line="123" class="Tests\Feature\ImportTest" classname="Tests.Feature.ImportTest" assertions="0" time="0.000000">
          <error type="PDOException">Tests\Feature\ImportTest::test_preview_validates_required_path_prefix&#13;
PDOException: There is already an active transaction
&#13;
C:\projetos\sistema\backend\vendor\laravel\framework\src\Illuminate\Database\SQLiteConnection.php:38
C:\projetos\sistema\backend\vendor\laravel\framework\src\Illuminate\Database\Concerns\ManagesTransactions.php:154
C:\projetos\sistema\backend\vendor\laravel\framework\src\Illuminate\Database\Concerns\ManagesTransactions.php:130
C:\projetos\sistema\backend\vendor\laravel\framework\src\Illuminate\Foundation\Testing\RefreshDatabase.php:147
C:\projetos\sistema\backend\vendor\laravel\framework\src\Illuminate\Foundation\Testing\RefreshDatabase.php:93
C:\projetos\sistema\backend\vendor\laravel\framework\src\Illuminate\Foundation\Testing\RefreshDatabase.php:25
C:\projetos\sistema\backend\vendor\laravel\framework\src\Illuminate\Foundation\Testing\Concerns\InteractsWithTestCaseLifecycle.php:217
C:\projetos\sistema\backend\vendor\laravel\framework\src\Illuminate\Foundation\Testing\Concerns\InteractsWithTestCaseLifecycle.php:101
C:\projetos\sistema\backend\vendor\laravel\framework\src\Illuminate\Foundation\Testing\TestCase.php:63
C:\projetos\sistema\backend\tests\Feature\ImportTest.php:26</error>
        </testcase>
        <testcase name="test_execute_validates_path_traversal" file="C:\projetos\sistema\backend\tests\Feature\ImportTest.php" line="136" class="Tests\Feature\ImportTest" classname="Tests.Feature.ImportTest" assertions="0" time="0.000000">
          <error type="PDOException">Tests\Feature\ImportTest::test_execute_validates_path_traversal&#13;
PDOException: There is already an active transaction
&#13;
C:\projetos\sistema\backend\vendor\laravel\framework\src\Illuminate\Database\SQLiteConnection.php:38
C:\projetos\sistema\backend\vendor\laravel\framework\src\Illuminate\Database\Concerns\ManagesTransactions.php:154
C:\projetos\sistema\backend\vendor\laravel\framework\src\Illuminate\Database\Concerns\ManagesTransactions.php:130
C:\projetos\sistema\backend\vendor\laravel\framework\src\Illuminate\Foundation\Testing\RefreshDatabase.php:147
C:\projetos\sistema\backend\vendor\laravel\framework\src\Illuminate\Foundation\Testing\RefreshDatabase.php:93
C:\projetos\sistema\backend\vendor\laravel\framework\src\Illuminate\Foundation\Testing\RefreshDatabase.php:25
C:\projetos\sistema\backend\vendor\laravel\framework\src\Illuminate\Foundation\Testing\Concerns\InteractsWithTestCaseLifecycle.php:217
C:\projetos\sistema\backend\vendor\laravel\framework\src\Illuminate\Foundation\Testing\Concerns\InteractsWithTestCaseLifecycle.php:101
C:\projetos\sistema\backend\vendor\laravel\framework\src\Illuminate\Foundation\Testing\TestCase.php:63
C:\projetos\sistema\backend\tests\Feature\ImportTest.php:26</error>
        </testcase>
        <testcase name="test_history_returns_paginated_results" file="C:\projetos\sistema\backend\tests\Feature\ImportTest.php" line="149" class="Tests\Feature\ImportTest" classname="Tests.Feature.ImportTest" assertions="0" time="0.000000">
          <error type="PDOException">Tests\Feature\ImportTest::test_history_returns_paginated_results&#13;
PDOException: There is already an active transaction
&#13;
C:\projetos\sistema\backend\vendor\laravel\framework\src\Illuminate\Database\SQLiteConnection.php:38
C:\projetos\sistema\backend\vendor\laravel\framework\src\Illuminate\Database\Concerns\ManagesTransactions.php:154
C:\projetos\sistema\backend\vendor\laravel\framework\src\Illuminate\Database\Concerns\ManagesTransactions.php:130
C:\projetos\sistema\backend\vendor\laravel\framework\src\Illuminate\Foundation\Testing\RefreshDatabase.php:147
C:\projetos\sistema\backend\vendor\laravel\framework\src\Illuminate\Foundation\Testing\RefreshDatabase.php:93
C:\projetos\sistema\backend\vendor\laravel\framework\src\Illuminate\Foundation\Testing\RefreshDatabase.php:25
C:\projetos\sistema\backend\vendor\laravel\framework\src\Illuminate\Foundation\Testing\Concerns\InteractsWithTestCaseLifecycle.php:217
C:\projetos\sistema\backend\vendor\laravel\framework\src\Illuminate\Foundation\Testing\Concerns\InteractsWithTestCaseLifecycle.php:101
C:\projetos\sistema\backend\vendor\laravel\framework\src\Illuminate\Foundation\Testing\TestCase.php:63
C:\projetos\sistema\backend\tests\Feature\ImportTest.php:26</error>
        </testcase>
        <testcase name="test_history_only_shows_own_tenant" file="C:\projetos\sistema\backend\tests\Feature\ImportTest.php" line="162" class="Tests\Feature\ImportTest" classname="Tests.Feature.ImportTest" assertions="0" time="0.000000">
          <error type="PDOException">Tests\Feature\ImportTest::test_history_only_shows_own_tenant&#13;
PDOException: There is already an active transaction
&#13;
C:\projetos\sistema\backend\vendor\laravel\framework\src\Illuminate\Database\SQLiteConnection.php:38
C:\projetos\sistema\backend\vendor\laravel\framework\src\Illuminate\Database\Concerns\ManagesTransactions.php:154
C:\projetos\sistema\backend\vendor\laravel\framework\src\Illuminate\Database\Concerns\ManagesTransactions.php:130
C:\projetos\sistema\backend\vendor\laravel\framework\src\Illuminate\Foundation\Testing\RefreshDatabase.php:147
C:\projetos\sistema\backend\vendor\laravel\framework\src\Illuminate\Foundation\Testing\RefreshDatabase.php:93
C:\projetos\sistema\backend\vendor\laravel\framework\src\Illuminate\Foundation\Testing\RefreshDatabase.php:25
C:\projetos\sistema\backend\vendor\laravel\framework\src\Illuminate\Foundation\Testing\Concerns\InteractsWithTestCaseLifecycle.php:217
C:\projetos\sistema\backend\vendor\laravel\framework\src\Illuminate\Foundation\Testing\Concerns\InteractsWithTestCaseLifecycle.php:101
C:\projetos\sistema\backend\vendor\laravel\framework\src\Illuminate\Foundation\Testing\TestCase.php:63
C:\projetos\sistema\backend\tests\Feature\ImportTest.php:26</error>
        </testcase>
        <testcase name="test_save_template" file="C:\projetos\sistema\backend\tests\Feature\ImportTest.php" line="191" class="Tests\Feature\ImportTest" classname="Tests.Feature.ImportTest" assertions="0" time="0.000000">
          <error type="PDOException">Tests\Feature\ImportTest::test_save_template&#13;
PDOException: There is already an active transaction
&#13;
C:\projetos\sistema\backend\vendor\laravel\framework\src\Illuminate\Database\SQLiteConnection.php:38
C:\projetos\sistema\backend\vendor\laravel\framework\src\Illuminate\Database\Concerns\ManagesTransactions.php:154
C:\projetos\sistema\backend\vendor\laravel\framework\src\Illuminate\Database\Concerns\ManagesTransactions.php:130
C:\projetos\sistema\backend\vendor\laravel\framework\src\Illuminate\Foundation\Testing\RefreshDatabase.php:147
C:\projetos\sistema\backend\vendor\laravel\framework\src\Illuminate\Foundation\Testing\RefreshDatabase.php:93
C:\projetos\sistema\backend\vendor\laravel\framework\src\Illuminate\Foundation\Testing\RefreshDatabase.php:25
C:\projetos\sistema\backend\vendor\laravel\framework\src\Illuminate\Foundation\Testing\Concerns\InteractsWithTestCaseLifecycle.php:217
C:\projetos\sistema\backend\vendor\laravel\framework\src\Illuminate\Foundation\Testing\Concerns\InteractsWithTestCaseLifecycle.php:101
C:\projetos\sistema\backend\vendor\laravel\framework\src\Illuminate\Foundation\Testing\TestCase.php:63
C:\projetos\sistema\backend\tests\Feature\ImportTest.php:26</error>
        </testcase>
        <testcase name="test_list_templates" file="C:\projetos\sistema\backend\tests\Feature\ImportTest.php" line="208" class="Tests\Feature\ImportTest" classname="Tests.Feature.ImportTest" assertions="0" time="0.000000">
          <error type="PDOException">Tests\Feature\ImportTest::test_list_templates&#13;
PDOException: There is already an active transaction
&#13;
C:\projetos\sistema\backend\vendor\laravel\framework\src\Illuminate\Database\SQLiteConnection.php:38
C:\projetos\sistema\backend\vendor\laravel\framework\src\Illuminate\Database\Concerns\ManagesTransactions.php:154
C:\projetos\sistema\backend\vendor\laravel\framework\src\Illuminate\Database\Concerns\ManagesTransactions.php:130
C:\projetos\sistema\backend\vendor\laravel\framework\src\Illuminate\Foundation\Testing\RefreshDatabase.php:147
C:\projetos\sistema\backend\vendor\laravel\framework\src\Illuminate\Foundation\Testing\RefreshDatabase.php:93
C:\projetos\sistema\backend\vendor\laravel\framework\src\Illuminate\Foundation\Testing\RefreshDatabase.php:25
C:\projetos\sistema\backend\vendor\laravel\framework\src\Illuminate\Foundation\Testing\Concerns\InteractsWithTestCaseLifecycle.php:217
C:\projetos\sistema\backend\vendor\laravel\framework\src\Illuminate\Foundation\Testing\Concerns\InteractsWithTestCaseLifecycle.php:101
C:\projetos\sistema\backend\vendor\laravel\framework\src\Illuminate\Foundation\Testing\TestCase.php:63
C:\projetos\sistema\backend\tests\Feature\ImportTest.php:26</error>
        </testcase>
        <testcase name="test_templates_only_shows_own_tenant" file="C:\projetos\sistema\backend\tests\Feature\ImportTest.php" line="221" class="Tests\Feature\ImportTest" classname="Tests.Feature.ImportTest" assertions="0" time="0.000000">
          <error type="PDOException">Tests\Feature\ImportTest::test_templates_only_shows_own_tenant&#13;
PDOException: There is already an active transaction
&#13;
C:\projetos\sistema\backend\vendor\laravel\framework\src\Illuminate\Database\SQLiteConnection.php:38
C:\projetos\sistema\backend\vendor\laravel\framework\src\Illuminate\Database\Concerns\ManagesTransactions.php:154
C:\projetos\sistema\backend\vendor\laravel\framework\src\Illuminate\Database\Concerns\ManagesTransactions.php:130
C:\projetos\sistema\backend\vendor\laravel\framework\src\Illuminate\Foundation\Testing\RefreshDatabase.php:147
C:\projetos\sistema\backend\vendor\laravel\framework\src\Illuminate\Foundation\Testing\RefreshDatabase.php:93
C:\projetos\sistema\backend\vendor\laravel\framework\src\Illuminate\Foundation\Testing\RefreshDatabase.php:25
C:\projetos\sistema\backend\vendor\laravel\framework\src\Illuminate\Foundation\Testing\Concerns\InteractsWithTestCaseLifecycle.php:217
C:\projetos\sistema\backend\vendor\laravel\framework\src\Illuminate\Foundation\Testing\Concerns\InteractsWithTestCaseLifecycle.php:101
C:\projetos\sistema\backend\vendor\laravel\framework\src\Illuminate\Foundation\Testing\TestCase.php:63
C:\projetos\sistema\backend\tests\Feature\ImportTest.php:26</error>
        </testcase>
        <testcase name="test_save_template_rejects_invalid_entity" file="C:\projetos\sistema\backend\tests\Feature\ImportTest.php" line="238" class="Tests\Feature\ImportTest" classname="Tests.Feature.ImportTest" assertions="0" time="0.000000">
          <error type="PDOException">Tests\Feature\ImportTest::test_save_template_rejects_invalid_entity&#13;
PDOException: There is already an active transaction
&#13;
C:\projetos\sistema\backend\vendor\laravel\framework\src\Illuminate\Database\SQLiteConnection.php:38
C:\projetos\sistema\backend\vendor\laravel\framework\src\Illuminate\Database\Concerns\ManagesTransactions.php:154
C:\projetos\sistema\backend\vendor\laravel\framework\src\Illuminate\Database\Concerns\ManagesTransactions.php:130
C:\projetos\sistema\backend\vendor\laravel\framework\src\Illuminate\Foundation\Testing\RefreshDatabase.php:147
C:\projetos\sistema\backend\vendor\laravel\framework\src\Illuminate\Foundation\Testing\RefreshDatabase.php:93
C:\projetos\sistema\backend\vendor\laravel\framework\src\Illuminate\Foundation\Testing\RefreshDatabase.php:25
C:\projetos\sistema\backend\vendor\laravel\framework\src\Illuminate\Foundation\Testing\Concerns\InteractsWithTestCaseLifecycle.php:217
C:\projetos\sistema\backend\vendor\laravel\framework\src\Illuminate\Foundation\Testing\Concerns\InteractsWithTestCaseLifecycle.php:101
C:\projetos\sistema\backend\vendor\laravel\framework\src\Illuminate\Foundation\Testing\TestCase.php:63
C:\projetos\sistema\backend\tests\Feature\ImportTest.php:26</error>
        </testcase>
        <testcase name="test_execute_creates_customers" file="C:\projetos\sistema\backend\tests\Feature\ImportTest.php" line="251" class="Tests\Feature\ImportTest" classname="Tests.Feature.ImportTest" assertions="0" time="0.000000">
          <error type="PDOException">Tests\Feature\ImportTest::test_execute_creates_customers&#13;
PDOException: There is already an active transaction
&#13;
C:\projetos\sistema\backend\vendor\laravel\framework\src\Illuminate\Database\SQLiteConnection.php:38
C:\projetos\sistema\backend\vendor\laravel\framework\src\Illuminate\Database\Concerns\ManagesTransactions.php:154
C:\projetos\sistema\backend\vendor\laravel\framework\src\Illuminate\Database\Concerns\ManagesTransactions.php:130
C:\projetos\sistema\backend\vendor\laravel\framework\src\Illuminate\Foundation\Testing\RefreshDatabase.php:147
C:\projetos\sistema\backend\vendor\laravel\framework\src\Illuminate\Foundation\Testing\RefreshDatabase.php:93
C:\projetos\sistema\backend\vendor\laravel\framework\src\Illuminate\Foundation\Testing\RefreshDatabase.php:25
C:\projetos\sistema\backend\vendor\laravel\framework\src\Illuminate\Foundation\Testing\Concerns\InteractsWithTestCaseLifecycle.php:217
C:\projetos\sistema\backend\vendor\laravel\framework\src\Illuminate\Foundation\Testing\Concerns\InteractsWithTestCaseLifecycle.php:101
C:\projetos\sistema\backend\vendor\laravel\framework\src\Illuminate\Foundation\Testing\TestCase.php:63
C:\projetos\sistema\backend\tests\Feature\ImportTest.php:26</error>
        </testcase>
        <testcase name="test_execute_updates_existing_customer" file="C:\projetos\sistema\backend\tests\Feature\ImportTest.php" line="286" class="Tests\Feature\ImportTest" classname="Tests.Feature.ImportTest" assertions="0" time="0.000000">
          <error type="PDOException">Tests\Feature\ImportTest::test_execute_updates_existing_customer&#13;
PDOException: There is already an active transaction
&#13;
C:\projetos\sistema\backend\vendor\laravel\framework\src\Illuminate\Database\SQLiteConnection.php:38
C:\projetos\sistema\backend\vendor\laravel\framework\src\Illuminate\Database\Concerns\ManagesTransactions.php:154
C:\projetos\sistema\backend\vendor\laravel\framework\src\Illuminate\Database\Concerns\ManagesTransactions.php:130
C:\projetos\sistema\backend\vendor\laravel\framework\src\Illuminate\Foundation\Testing\RefreshDatabase.php:147
C:\projetos\sistema\backend\vendor\laravel\framework\src\Illuminate\Foundation\Testing\RefreshDatabase.php:93
C:\projetos\sistema\backend\vendor\laravel\framework\src\Illuminate\Foundation\Testing\RefreshDatabase.php:25
C:\projetos\sistema\backend\vendor\laravel\framework\src\Illuminate\Foundation\Testing\Concerns\InteractsWithTestCaseLifecycle.php:217
C:\projetos\sistema\backend\vendor\laravel\framework\src\Illuminate\Foundation\Testing\Concerns\InteractsWithTestCaseLifecycle.php:101
C:\projetos\sistema\backend\vendor\laravel\framework\src\Illuminate\Foundation\Testing\TestCase.php:63
C:\projetos\sistema\backend\tests\Feature\ImportTest.php:26</error>
        </testcase>
        <testcase name="test_execute_skips_duplicate_customer" file="C:\projetos\sistema\backend\tests\Feature\ImportTest.php" line="317" class="Tests\Feature\ImportTest" classname="Tests.Feature.ImportTest" assertions="0" time="0.000000">
          <error type="PDOException">Tests\Feature\ImportTest::test_execute_skips_duplicate_customer&#13;
PDOException: There is already an active transaction
&#13;
C:\projetos\sistema\backend\vendor\laravel\framework\src\Illuminate\Database\SQLiteConnection.php:38
C:\projetos\sistema\backend\vendor\laravel\framework\src\Illuminate\Database\Concerns\ManagesTransactions.php:154
C:\projetos\sistema\backend\vendor\laravel\framework\src\Illuminate\Database\Concerns\ManagesTransactions.php:130
C:\projetos\sistema\backend\vendor\laravel\framework\src\Illuminate\Foundation\Testing\RefreshDatabase.php:147
C:\projetos\sistema\backend\vendor\laravel\framework\src\Illuminate\Foundation\Testing\RefreshDatabase.php:93
C:\projetos\sistema\backend\vendor\laravel\framework\src\Illuminate\Foundation\Testing\RefreshDatabase.php:25
C:\projetos\sistema\backend\vendor\laravel\framework\src\Illuminate\Foundation\Testing\Concerns\InteractsWithTestCaseLifecycle.php:217
C:\projetos\sistema\backend\vendor\laravel\framework\src\Illuminate\Foundation\Testing\Concerns\InteractsWithTestCaseLifecycle.php:101
C:\projetos\sistema\backend\vendor\laravel\framework\src\Illuminate\Foundation\Testing\TestCase.php:63
C:\projetos\sistema\backend\tests\Feature\ImportTest.php:26</error>
        </testcase>
        <testcase name="test_execute_creates_products" file="C:\projetos\sistema\backend\tests\Feature\ImportTest.php" line="353" class="Tests\Feature\ImportTest" classname="Tests.Feature.ImportTest" assertions="0" time="0.000000">
          <error type="PDOException">Tests\Feature\ImportTest::test_execute_creates_products&#13;
PDOException: There is already an active transaction
&#13;
C:\projetos\sistema\backend\vendor\laravel\framework\src\Illuminate\Database\SQLiteConnection.php:38
C:\projetos\sistema\backend\vendor\laravel\framework\src\Illuminate\Database\Concerns\ManagesTransactions.php:154
C:\projetos\sistema\backend\vendor\laravel\framework\src\Illuminate\Database\Concerns\ManagesTransactions.php:130
C:\projetos\sistema\backend\vendor\laravel\framework\src\Illuminate\Foundation\Testing\RefreshDatabase.php:147
C:\projetos\sistema\backend\vendor\laravel\framework\src\Illuminate\Foundation\Testing\RefreshDatabase.php:93
C:\projetos\sistema\backend\vendor\laravel\framework\src\Illuminate\Foundation\Testing\RefreshDatabase.php:25
C:\projetos\sistema\backend\vendor\laravel\framework\src\Illuminate\Foundation\Testing\Concerns\InteractsWithTestCaseLifecycle.php:217
C:\projetos\sistema\backend\vendor\laravel\framework\src\Illuminate\Foundation\Testing\Concerns\InteractsWithTestCaseLifecycle.php:101
C:\projetos\sistema\backend\vendor\laravel\framework\src\Illuminate\Foundation\Testing\TestCase.php:63
C:\projetos\sistema\backend\tests\Feature\ImportTest.php:26</error>
        </testcase>
        <testcase name="test_preview_returns_404_for_missing_file" file="C:\projetos\sistema\backend\tests\Feature\ImportTest.php" line="383" class="Tests\Feature\ImportTest" classname="Tests.Feature.ImportTest" assertions="0" time="0.000000">
          <error type="PDOException">Tests\Feature\ImportTest::test_preview_returns_404_for_missing_file&#13;
PDOException: There is already an active transaction
&#13;
C:\projetos\sistema\backend\vendor\laravel\framework\src\Illuminate\Database\SQLiteConnection.php:38
C:\projetos\sistema\backend\vendor\laravel\framework\src\Illuminate\Database\Concerns\ManagesTransactions.php:154
C:\projetos\sistema\backend\vendor\laravel\framework\src\Illuminate\Database\Concerns\ManagesTransactions.php:130
C:\projetos\sistema\backend\vendor\laravel\framework\src\Illuminate\Foundation\Testing\RefreshDatabase.php:147
C:\projetos\sistema\backend\vendor\laravel\framework\src\Illuminate\Foundation\Testing\RefreshDatabase.php:93
C:\projetos\sistema\backend\vendor\laravel\framework\src\Illuminate\Foundation\Testing\RefreshDatabase.php:25
C:\projetos\sistema\backend\vendor\laravel\framework\src\Illuminate\Foundation\Testing\Concerns\InteractsWithTestCaseLifecycle.php:217
C:\projetos\sistema\backend\vendor\laravel\framework\src\Illuminate\Foundation\Testing\Concerns\InteractsWithTestCaseLifecycle.php:101
C:\projetos\sistema\backend\vendor\laravel\framework\src\Illuminate\Foundation\Testing\TestCase.php:63
C:\projetos\sistema\backend\tests\Feature\ImportTest.php:26</error>
        </testcase>
        <testcase name="test_history_uses_current_tenant_when_user_switches_company" file="C:\projetos\sistema\backend\tests\Feature\ImportTest.php" line="394" class="Tests\Feature\ImportTest" classname="Tests.Feature.ImportTest" assertions="0" time="0.000000">
          <error type="PDOException">Tests\Feature\ImportTest::test_history_uses_current_tenant_when_user_switches_company&#13;
PDOException: There is already an active transaction
&#13;
C:\projetos\sistema\backend\vendor\laravel\framework\src\Illuminate\Database\SQLiteConnection.php:38
C:\projetos\sistema\backend\vendor\laravel\framework\src\Illuminate\Database\Concerns\ManagesTransactions.php:154
C:\projetos\sistema\backend\vendor\laravel\framework\src\Illuminate\Database\Concerns\ManagesTransactions.php:130
C:\projetos\sistema\backend\vendor\laravel\framework\src\Illuminate\Foundation\Testing\RefreshDatabase.php:147
C:\projetos\sistema\backend\vendor\laravel\framework\src\Illuminate\Foundation\Testing\RefreshDatabase.php:93
C:\projetos\sistema\backend\vendor\laravel\framework\src\Illuminate\Foundation\Testing\RefreshDatabase.php:25
C:\projetos\sistema\backend\vendor\laravel\framework\src\Illuminate\Foundation\Testing\Concerns\InteractsWithTestCaseLifecycle.php:217
C:\projetos\sistema\backend\vendor\laravel\framework\src\Illuminate\Foundation\Testing\Concerns\InteractsWithTestCaseLifecycle.php:101
C:\projetos\sistema\backend\vendor\laravel\framework\src\Illuminate\Foundation\Testing\TestCase.php:63
C:\projetos\sistema\backend\tests\Feature\ImportTest.php:26</error>
        </testcase>
        <testcase name="test_save_template_uses_current_tenant_when_user_switches_company" file="C:\projetos\sistema\backend\tests\Feature\ImportTest.php" line="420" class="Tests\Feature\ImportTest" classname="Tests.Feature.ImportTest" assertions="0" time="0.000000">
          <error type="PDOException">Tests\Feature\ImportTest::test_save_template_uses_current_tenant_when_user_switches_company&#13;
PDOException: There is already an active transaction
&#13;
C:\projetos\sistema\backend\vendor\laravel\framework\src\Illuminate\Database\SQLiteConnection.php:38
C:\projetos\sistema\backend\vendor\laravel\framework\src\Illuminate\Database\Concerns\ManagesTransactions.php:154
C:\projetos\sistema\backend\vendor\laravel\framework\src\Illuminate\Database\Concerns\ManagesTransactions.php:130
C:\projetos\sistema\backend\vendor\laravel\framework\src\Illuminate\Foundation\Testing\RefreshDatabase.php:147
C:\projetos\sistema\backend\vendor\laravel\framework\src\Illuminate\Foundation\Testing\RefreshDatabase.php:93
C:\projetos\sistema\backend\vendor\laravel\framework\src\Illuminate\Foundation\Testing\RefreshDatabase.php:25
C:\projetos\sistema\backend\vendor\laravel\framework\src\Illuminate\Foundation\Testing\Concerns\InteractsWithTestCaseLifecycle.php:217
C:\projetos\sistema\backend\vendor\laravel\framework\src\Illuminate\Foundation\Testing\Concerns\InteractsWithTestCaseLifecycle.php:101
C:\projetos\sistema\backend\vendor\laravel\framework\src\Illuminate\Foundation\Testing\TestCase.php:63
C:\projetos\sistema\backend\tests\Feature\ImportTest.php:26</error>
        </testcase>
        <testcase name="test_show_returns_import_details" file="C:\projetos\sistema\backend\tests\Feature\ImportTest.php" line="446" class="Tests\Feature\ImportTest" classname="Tests.Feature.ImportTest" assertions="0" time="0.000000">
          <error type="PDOException">Tests\Feature\ImportTest::test_show_returns_import_details&#13;
PDOException: There is already an active transaction
&#13;
C:\projetos\sistema\backend\vendor\laravel\framework\src\Illuminate\Database\SQLiteConnection.php:38
C:\projetos\sistema\backend\vendor\laravel\framework\src\Illuminate\Database\Concerns\ManagesTransactions.php:154
C:\projetos\sistema\backend\vendor\laravel\framework\src\Illuminate\Database\Concerns\ManagesTransactions.php:130
C:\projetos\sistema\backend\vendor\laravel\framework\src\Illuminate\Foundation\Testing\RefreshDatabase.php:147
C:\projetos\sistema\backend\vendor\laravel\framework\src\Illuminate\Foundation\Testing\RefreshDatabase.php:93
C:\projetos\sistema\backend\vendor\laravel\framework\src\Illuminate\Foundation\Testing\RefreshDatabase.php:25
C:\projetos\sistema\backend\vendor\laravel\framework\src\Illuminate\Foundation\Testing\Concerns\InteractsWithTestCaseLifecycle.php:217
C:\projetos\sistema\backend\vendor\laravel\framework\src\Illuminate\Foundation\Testing\Concerns\InteractsWithTestCaseLifecycle.php:101
C:\projetos\sistema\backend\vendor\laravel\framework\src\Illuminate\Foundation\Testing\TestCase.php:63
C:\projetos\sistema\backend\tests\Feature\ImportTest.php:26</error>
        </testcase>
        <testcase name="test_show_returns_404_for_other_tenant" file="C:\projetos\sistema\backend\tests\Feature\ImportTest.php" line="459" class="Tests\Feature\ImportTest" classname="Tests.Feature.ImportTest" assertions="0" time="0.000000">
          <error type="PDOException">Tests\Feature\ImportTest::test_show_returns_404_for_other_tenant&#13;
PDOException: There is already an active transaction
&#13;
C:\projetos\sistema\backend\vendor\laravel\framework\src\Illuminate\Database\SQLiteConnection.php:38
C:\projetos\sistema\backend\vendor\laravel\framework\src\Illuminate\Database\Concerns\ManagesTransactions.php:154
C:\projetos\sistema\backend\vendor\laravel\framework\src\Illuminate\Database\Concerns\ManagesTransactions.php:130
C:\projetos\sistema\backend\vendor\laravel\framework\src\Illuminate\Foundation\Testing\RefreshDatabase.php:147
C:\projetos\sistema\backend\vendor\laravel\framework\src\Illuminate\Foundation\Testing\RefreshDatabase.php:93
C:\projetos\sistema\backend\vendor\laravel\framework\src\Illuminate\Foundation\Testing\RefreshDatabase.php:25
C:\projetos\sistema\backend\vendor\laravel\framework\src\Illuminate\Foundation\Testing\Concerns\InteractsWithTestCaseLifecycle.php:217
C:\projetos\sistema\backend\vendor\laravel\framework\src\Illuminate\Foundation\Testing\Concerns\InteractsWithTestCaseLifecycle.php:101
C:\projetos\sistema\backend\vendor\laravel\framework\src\Illuminate\Foundation\Testing\TestCase.php:63
C:\projetos\sistema\backend\tests\Feature\ImportTest.php:26</error>
        </testcase>
        <testcase name="test_destroy_allows_failed_import" file="C:\projetos\sistema\backend\tests\Feature\ImportTest.php" line="478" class="Tests\Feature\ImportTest" classname="Tests.Feature.ImportTest" assertions="0" time="0.000000">
          <error type="PDOException">Tests\Feature\ImportTest::test_destroy_allows_failed_import&#13;
PDOException: There is already an active transaction
&#13;
C:\projetos\sistema\backend\vendor\laravel\framework\src\Illuminate\Database\SQLiteConnection.php:38
C:\projetos\sistema\backend\vendor\laravel\framework\src\Illuminate\Database\Concerns\ManagesTransactions.php:154
C:\projetos\sistema\backend\vendor\laravel\framework\src\Illuminate\Database\Concerns\ManagesTransactions.php:130
C:\projetos\sistema\backend\vendor\laravel\framework\src\Illuminate\Foundation\Testing\RefreshDatabase.php:147
C:\projetos\sistema\backend\vendor\laravel\framework\src\Illuminate\Foundation\Testing\RefreshDatabase.php:93
C:\projetos\sistema\backend\vendor\laravel\framework\src\Illuminate\Foundation\Testing\RefreshDatabase.php:25
C:\projetos\sistema\backend\vendor\laravel\framework\src\Illuminate\Foundation\Testing\Concerns\InteractsWithTestCaseLifecycle.php:217
C:\projetos\sistema\backend\vendor\laravel\framework\src\Illuminate\Foundation\Testing\Concerns\InteractsWithTestCaseLifecycle.php:101
C:\projetos\sistema\backend\vendor\laravel\framework\src\Illuminate\Foundation\Testing\TestCase.php:63
C:\projetos\sistema\backend\tests\Feature\ImportTest.php:26</error>
        </testcase>
        <testcase name="test_destroy_rejects_done_import" file="C:\projetos\sistema\backend\tests\Feature\ImportTest.php" line="492" class="Tests\Feature\ImportTest" classname="Tests.Feature.ImportTest" assertions="0" time="0.000000">
          <error type="PDOException">Tests\Feature\ImportTest::test_destroy_rejects_done_import&#13;
PDOException: There is already an active transaction
&#13;
C:\projetos\sistema\backend\vendor\laravel\framework\src\Illuminate\Database\SQLiteConnection.php:38
C:\projetos\sistema\backend\vendor\laravel\framework\src\Illuminate\Database\Concerns\ManagesTransactions.php:154
C:\projetos\sistema\backend\vendor\laravel\framework\src\Illuminate\Database\Concerns\ManagesTransactions.php:130
C:\projetos\sistema\backend\vendor\laravel\framework\src\Illuminate\Foundation\Testing\RefreshDatabase.php:147
C:\projetos\sistema\backend\vendor\laravel\framework\src\Illuminate\Foundation\Testing\RefreshDatabase.php:93
C:\projetos\sistema\backend\vendor\laravel\framework\src\Illuminate\Foundation\Testing\RefreshDatabase.php:25
C:\projetos\sistema\backend\vendor\laravel\framework\src\Illuminate\Foundation\Testing\Concerns\InteractsWithTestCaseLifecycle.php:217
C:\projetos\sistema\backend\vendor\laravel\framework\src\Illuminate\Foundation\Testing\Concerns\InteractsWithTestCaseLifecycle.php:101
C:\projetos\sistema\backend\vendor\laravel\framework\src\Illuminate\Foundation\Testing\TestCase.php:63
C:\projetos\sistema\backend\tests\Feature\ImportTest.php:26</error>
        </testcase>
        <testcase name="test_delete_template" file="C:\projetos\sistema\backend\tests\Feature\ImportTest.php" line="508" class="Tests\Feature\ImportTest" classname="Tests.Feature.ImportTest" assertions="0" time="0.000000">
          <error type="PDOException">Tests\Feature\ImportTest::test_delete_template&#13;
PDOException: There is already an active transaction
&#13;
C:\projetos\sistema\backend\vendor\laravel\framework\src\Illuminate\Database\SQLiteConnection.php:38
C:\projetos\sistema\backend\vendor\laravel\framework\src\Illuminate\Database\Concerns\ManagesTransactions.php:154
C:\projetos\sistema\backend\vendor\laravel\framework\src\Illuminate\Database\Concerns\ManagesTransactions.php:130
C:\projetos\sistema\backend\vendor\laravel\framework\src\Illuminate\Foundation\Testing\RefreshDatabase.php:147
C:\projetos\sistema\backend\vendor\laravel\framework\src\Illuminate\Foundation\Testing\RefreshDatabase.php:93
C:\projetos\sistema\backend\vendor\laravel\framework\src\Illuminate\Foundation\Testing\RefreshDatabase.php:25
C:\projetos\sistema\backend\vendor\laravel\framework\src\Illuminate\Foundation\Testing\Concerns\InteractsWithTestCaseLifecycle.php:217
C:\projetos\sistema\backend\vendor\laravel\framework\src\Illuminate\Foundation\Testing\Concerns\InteractsWithTestCaseLifecycle.php:101
C:\projetos\sistema\backend\vendor\laravel\framework\src\Illuminate\Foundation\Testing\TestCase.php:63
C:\projetos\sistema\backend\tests\Feature\ImportTest.php:26</error>
        </testcase>
        <testcase name="test_delete_template_returns_404_for_other_tenant" file="C:\projetos\sistema\backend\tests\Feature\ImportTest.php" line="520" class="Tests\Feature\ImportTest" classname="Tests.Feature.ImportTest" assertions="0" time="0.000000">
          <error type="PDOException">Tests\Feature\ImportTest::test_delete_template_returns_404_for_other_tenant&#13;
PDOException: There is already an active transaction
&#13;
C:\projetos\sistema\backend\vendor\laravel\framework\src\Illuminate\Database\SQLiteConnection.php:38
C:\projetos\sistema\backend\vendor\laravel\framework\src\Illuminate\Database\Concerns\ManagesTransactions.php:154
C:\projetos\sistema\backend\vendor\laravel\framework\src\Illuminate\Database\Concerns\ManagesTransactions.php:130
C:\projetos\sistema\backend\vendor\laravel\framework\src\Illuminate\Foundation\Testing\RefreshDatabase.php:147
C:\projetos\sistema\backend\vendor\laravel\framework\src\Illuminate\Foundation\Testing\RefreshDatabase.php:93
C:\projetos\sistema\backend\vendor\laravel\framework\src\Illuminate\Foundation\Testing\RefreshDatabase.php:25
C:\projetos\sistema\backend\vendor\laravel\framework\src\Illuminate\Foundation\Testing\Concerns\InteractsWithTestCaseLifecycle.php:217
C:\projetos\sistema\backend\vendor\laravel\framework\src\Illuminate\Foundation\Testing\Concerns\InteractsWithTestCaseLifecycle.php:101
C:\projetos\sistema\backend\vendor\laravel\framework\src\Illuminate\Foundation\Testing\TestCase.php:63
C:\projetos\sistema\backend\tests\Feature\ImportTest.php:26</error>
        </testcase>
        <testcase name="test_export_errors_csv" file="C:\projetos\sistema\backend\tests\Feature\ImportTest.php" line="534" class="Tests\Feature\ImportTest" classname="Tests.Feature.ImportTest" assertions="0" time="0.000000">
          <error type="PDOException">Tests\Feature\ImportTest::test_export_errors_csv&#13;
PDOException: There is already an active transaction
&#13;
C:\projetos\sistema\backend\vendor\laravel\framework\src\Illuminate\Database\SQLiteConnection.php:38
C:\projetos\sistema\backend\vendor\laravel\framework\src\Illuminate\Database\Concerns\ManagesTransactions.php:154
C:\projetos\sistema\backend\vendor\laravel\framework\src\Illuminate\Database\Concerns\ManagesTransactions.php:130
C:\projetos\sistema\backend\vendor\laravel\framework\src\Illuminate\Foundation\Testing\RefreshDatabase.php:147
C:\projetos\sistema\backend\vendor\laravel\framework\src\Illuminate\Foundation\Testing\RefreshDatabase.php:93
C:\projetos\sistema\backend\vendor\laravel\framework\src\Illuminate\Foundation\Testing\RefreshDatabase.php:25
C:\projetos\sistema\backend\vendor\laravel\framework\src\Illuminate\Foundation\Testing\Concerns\InteractsWithTestCaseLifecycle.php:217
C:\projetos\sistema\backend\vendor\laravel\framework\src\Illuminate\Foundation\Testing\Concerns\InteractsWithTestCaseLifecycle.php:101
C:\projetos\sistema\backend\vendor\laravel\framework\src\Illuminate\Foundation\Testing\TestCase.php:63
C:\projetos\sistema\backend\tests\Feature\ImportTest.php:26</error>
        </testcase>
        <testcase name="test_export_errors_returns_404_for_no_errors" file="C:\projetos\sistema\backend\tests\Feature\ImportTest.php" line="551" class="Tests\Feature\ImportTest" classname="Tests.Feature.ImportTest" assertions="0" time="0.000000">
          <error type="PDOException">Tests\Feature\ImportTest::test_export_errors_returns_404_for_no_errors&#13;
PDOException: There is already an active transaction
&#13;
C:\projetos\sistema\backend\vendor\laravel\framework\src\Illuminate\Database\SQLiteConnection.php:38
C:\projetos\sistema\backend\vendor\laravel\framework\src\Illuminate\Database\Concerns\ManagesTransactions.php:154
C:\projetos\sistema\backend\vendor\laravel\framework\src\Illuminate\Database\Concerns\ManagesTransactions.php:130
C:\projetos\sistema\backend\vendor\laravel\framework\src\Illuminate\Foundation\Testing\RefreshDatabase.php:147
C:\projetos\sistema\backend\vendor\laravel\framework\src\Illuminate\Foundation\Testing\RefreshDatabase.php:93
C:\projetos\sistema\backend\vendor\laravel\framework\src\Illuminate\Foundation\Testing\RefreshDatabase.php:25
C:\projetos\sistema\backend\vendor\laravel\framework\src\Illuminate\Foundation\Testing\Concerns\InteractsWithTestCaseLifecycle.php:217
C:\projetos\sistema\backend\vendor\laravel\framework\src\Illuminate\Foundation\Testing\Concerns\InteractsWithTestCaseLifecycle.php:101
C:\projetos\sistema\backend\vendor\laravel\framework\src\Illuminate\Foundation\Testing\TestCase.php:63
C:\projetos\sistema\backend\tests\Feature\ImportTest.php:26</error>
        </testcase>
        <testcase name="test_rollback_rejects_non_done_import" file="C:\projetos\sistema\backend\tests\Feature\ImportTest.php" line="566" class="Tests\Feature\ImportTest" classname="Tests.Feature.ImportTest" assertions="0" time="0.000000">
          <error type="PDOException">Tests\Feature\ImportTest::test_rollback_rejects_non_done_import&#13;
PDOException: There is already an active transaction
&#13;
C:\projetos\sistema\backend\vendor\laravel\framework\src\Illuminate\Database\SQLiteConnection.php:38
C:\projetos\sistema\backend\vendor\laravel\framework\src\Illuminate\Database\Concerns\ManagesTransactions.php:154
C:\projetos\sistema\backend\vendor\laravel\framework\src\Illuminate\Database\Concerns\ManagesTransactions.php:130
C:\projetos\sistema\backend\vendor\laravel\framework\src\Illuminate\Foundation\Testing\RefreshDatabase.php:147
C:\projetos\sistema\backend\vendor\laravel\framework\src\Illuminate\Foundation\Testing\RefreshDatabase.php:93
C:\projetos\sistema\backend\vendor\laravel\framework\src\Illuminate\Foundation\Testing\RefreshDatabase.php:25
C:\projetos\sistema\backend\vendor\laravel\framework\src\Illuminate\Foundation\Testing\Concerns\InteractsWithTestCaseLifecycle.php:217
C:\projetos\sistema\backend\vendor\laravel\framework\src\Illuminate\Foundation\Testing\Concerns\InteractsWithTestCaseLifecycle.php:101
C:\projetos\sistema\backend\vendor\laravel\framework\src\Illuminate\Foundation\Testing\TestCase.php:63
C:\projetos\sistema\backend\tests\Feature\ImportTest.php:26</error>
        </testcase>
        <testcase name="test_rollback_deletes_imported_records" file="C:\projetos\sistema\backend\tests\Feature\ImportTest.php" line="579" class="Tests\Feature\ImportTest" classname="Tests.Feature.ImportTest" assertions="0" time="0.000000">
          <error type="PDOException">Tests\Feature\ImportTest::test_rollback_deletes_imported_records&#13;
PDOException: There is already an active transaction
&#13;
C:\projetos\sistema\backend\vendor\laravel\framework\src\Illuminate\Database\SQLiteConnection.php:38
C:\projetos\sistema\backend\vendor\laravel\framework\src\Illuminate\Database\Concerns\ManagesTransactions.php:154
C:\projetos\sistema\backend\vendor\laravel\framework\src\Illuminate\Database\Concerns\ManagesTransactions.php:130
C:\projetos\sistema\backend\vendor\laravel\framework\src\Illuminate\Foundation\Testing\RefreshDatabase.php:147
C:\projetos\sistema\backend\vendor\laravel\framework\src\Illuminate\Foundation\Testing\RefreshDatabase.php:93
C:\projetos\sistema\backend\vendor\laravel\framework\src\Illuminate\Foundation\Testing\RefreshDatabase.php:25
C:\projetos\sistema\backend\vendor\laravel\framework\src\Illuminate\Foundation\Testing\Concerns\InteractsWithTestCaseLifecycle.php:217
C:\projetos\sistema\backend\vendor\laravel\framework\src\Illuminate\Foundation\Testing\Concerns\InteractsWithTestCaseLifecycle.php:101
C:\projetos\sistema\backend\vendor\laravel\framework\src\Illuminate\Foundation\Testing\TestCase.php:63
C:\projetos\sistema\backend\tests\Feature\ImportTest.php:26</error>
        </testcase>
        <testcase name="test_stats_returns_aggregated_data" file="C:\projetos\sistema\backend\tests\Feature\ImportTest.php" line="606" class="Tests\Feature\ImportTest" classname="Tests.Feature.ImportTest" assertions="0" time="0.000000">
          <error type="PDOException">Tests\Feature\ImportTest::test_stats_returns_aggregated_data&#13;
PDOException: There is already an active transaction
&#13;
C:\projetos\sistema\backend\vendor\laravel\framework\src\Illuminate\Database\SQLiteConnection.php:38
C:\projetos\sistema\backend\vendor\laravel\framework\src\Illuminate\Database\Concerns\ManagesTransactions.php:154
C:\projetos\sistema\backend\vendor\laravel\framework\src\Illuminate\Database\Concerns\ManagesTransactions.php:130
C:\projetos\sistema\backend\vendor\laravel\framework\src\Illuminate\Foundation\Testing\RefreshDatabase.php:147
C:\projetos\sistema\backend\vendor\laravel\framework\src\Illuminate\Foundation\Testing\RefreshDatabase.php:93
C:\projetos\sistema\backend\vendor\laravel\framework\src\Illuminate\Foundation\Testing\RefreshDatabase.php:25
C:\projetos\sistema\backend\vendor\laravel\framework\src\Illuminate\Foundation\Testing\Concerns\InteractsWithTestCaseLifecycle.php:217
C:\projetos\sistema\backend\vendor\laravel\framework\src\Illuminate\Foundation\Testing\Concerns\InteractsWithTestCaseLifecycle.php:101
C:\projetos\sistema\backend\vendor\laravel\framework\src\Illuminate\Foundation\Testing\TestCase.php:63
C:\projetos\sistema\backend\tests\Feature\ImportTest.php:26</error>
        </testcase>
        <testcase name="test_entity_counts_returns_data" file="C:\projetos\sistema\backend\tests\Feature\ImportTest.php" line="628" class="Tests\Feature\ImportTest" classname="Tests.Feature.ImportTest" assertions="0" time="0.000000">
          <error type="PDOException">Tests\Feature\ImportTest::test_entity_counts_returns_data&#13;
PDOException: There is already an active transaction
&#13;
C:\projetos\sistema\backend\vendor\laravel\framework\src\Illuminate\Database\SQLiteConnection.php:38
C:\projetos\sistema\backend\vendor\laravel\framework\src\Illuminate\Database\Concerns\ManagesTransactions.php:154
C:\projetos\sistema\backend\vendor\laravel\framework\src\Illuminate\Database\Concerns\ManagesTransactions.php:130
C:\projetos\sistema\backend\vendor\laravel\framework\src\Illuminate\Foundation\Testing\RefreshDatabase.php:147
C:\projetos\sistema\backend\vendor\laravel\framework\src\Illuminate\Foundation\Testing\RefreshDatabase.php:93
C:\projetos\sistema\backend\vendor\laravel\framework\src\Illuminate\Foundation\Testing\RefreshDatabase.php:25
C:\projetos\sistema\backend\vendor\laravel\framework\src\Illuminate\Foundation\Testing\Concerns\InteractsWithTestCaseLifecycle.php:217
C:\projetos\sistema\backend\vendor\laravel\framework\src\Illuminate\Foundation\Testing\Concerns\InteractsWithTestCaseLifecycle.php:101
C:\projetos\sistema\backend\vendor\laravel\framework\src\Illuminate\Foundation\Testing\TestCase.php:63
C:\projetos\sistema\backend\tests\Feature\ImportTest.php:26</error>
        </testcase>
        <testcase name="test_download_sample_returns_csv" file="C:\projetos\sistema\backend\tests\Feature\ImportTest.php" line="644" class="Tests\Feature\ImportTest" classname="Tests.Feature.ImportTest" assertions="0" time="0.000000">
          <error type="PDOException">Tests\Feature\ImportTest::test_download_sample_returns_csv&#13;
PDOException: There is already an active transaction
&#13;
C:\projetos\sistema\backend\vendor\laravel\framework\src\Illuminate\Database\SQLiteConnection.php:38
C:\projetos\sistema\backend\vendor\laravel\framework\src\Illuminate\Database\Concerns\ManagesTransactions.php:154
C:\projetos\sistema\backend\vendor\laravel\framework\src\Illuminate\Database\Concerns\ManagesTransactions.php:130
C:\projetos\sistema\backend\vendor\laravel\framework\src\Illuminate\Foundation\Testing\RefreshDatabase.php:147
C:\projetos\sistema\backend\vendor\laravel\framework\src\Illuminate\Foundation\Testing\RefreshDatabase.php:93
C:\projetos\sistema\backend\vendor\laravel\framework\src\Illuminate\Foundation\Testing\RefreshDatabase.php:25
C:\projetos\sistema\backend\vendor\laravel\framework\src\Illuminate\Foundation\Testing\Concerns\InteractsWithTestCaseLifecycle.php:217
C:\projetos\sistema\backend\vendor\laravel\framework\src\Illuminate\Foundation\Testing\Concerns\InteractsWithTestCaseLifecycle.php:101
C:\projetos\sistema\backend\vendor\laravel\framework\src\Illuminate\Foundation\Testing\TestCase.php:63
C:\projetos\sistema\backend\tests\Feature\ImportTest.php:26</error>
        </testcase>
        <testcase name="test_download_sample_rejects_invalid_entity" file="C:\projetos\sistema\backend\tests\Feature\ImportTest.php" line="652" class="Tests\Feature\ImportTest" classname="Tests.Feature.ImportTest" assertions="0" time="0.000000">
          <error type="PDOException">Tests\Feature\ImportTest::test_download_sample_rejects_invalid_entity&#13;
PDOException: There is already an active transaction
&#13;
C:\projetos\sistema\backend\vendor\laravel\framework\src\Illuminate\Database\SQLiteConnection.php:38
C:\projetos\sistema\backend\vendor\laravel\framework\src\Illuminate\Database\Concerns\ManagesTransactions.php:154
C:\projetos\sistema\backend\vendor\laravel\framework\src\Illuminate\Database\Concerns\ManagesTransactions.php:130
C:\projetos\sistema\backend\vendor\laravel\framework\src\Illuminate\Foundation\Testing\RefreshDatabase.php:147
C:\projetos\sistema\backend\vendor\laravel\framework\src\Illuminate\Foundation\Testing\RefreshDatabase.php:93
C:\projetos\sistema\backend\vendor\laravel\framework\src\Illuminate\Foundation\Testing\RefreshDatabase.php:25
C:\projetos\sistema\backend\vendor\laravel\framework\src\Illuminate\Foundation\Testing\Concerns\InteractsWithTestCaseLifecycle.php:217
C:\projetos\sistema\backend\vendor\laravel\framework\src\Illuminate\Foundation\Testing\Concerns\InteractsWithTestCaseLifecycle.php:101
C:\projetos\sistema\backend\vendor\laravel\framework\src\Illuminate\Foundation\Testing\TestCase.php:63
C:\projetos\sistema\backend\tests\Feature\ImportTest.php:26</error>
        </testcase>
        <testcase name="test_export_data_returns_csv" file="C:\projetos\sistema\backend\tests\Feature\ImportTest.php" line="661" class="Tests\Feature\ImportTest" classname="Tests.Feature.ImportTest" assertions="0" time="0.000000">
          <error type="PDOException">Tests\Feature\ImportTest::test_export_data_returns_csv&#13;
PDOException: There is already an active transaction
&#13;
C:\projetos\sistema\backend\vendor\laravel\framework\src\Illuminate\Database\SQLiteConnection.php:38
C:\projetos\sistema\backend\vendor\laravel\framework\src\Illuminate\Database\Concerns\ManagesTransactions.php:154
C:\projetos\sistema\backend\vendor\laravel\framework\src\Illuminate\Database\Concerns\ManagesTransactions.php:130
C:\projetos\sistema\backend\vendor\laravel\framework\src\Illuminate\Foundation\Testing\RefreshDatabase.php:147
C:\projetos\sistema\backend\vendor\laravel\framework\src\Illuminate\Foundation\Testing\RefreshDatabase.php:93
C:\projetos\sistema\backend\vendor\laravel\framework\src\Illuminate\Foundation\Testing\RefreshDatabase.php:25
C:\projetos\sistema\backend\vendor\laravel\framework\src\Illuminate\Foundation\Testing\Concerns\InteractsWithTestCaseLifecycle.php:217
C:\projetos\sistema\backend\vendor\laravel\framework\src\Illuminate\Foundation\Testing\Concerns\InteractsWithTestCaseLifecycle.php:101
C:\projetos\sistema\backend\vendor\laravel\framework\src\Illuminate\Foundation\Testing\TestCase.php:63
C:\projetos\sistema\backend\tests\Feature\ImportTest.php:26</error>
        </testcase>
        <testcase name="test_history_search_by_filename" file="C:\projetos\sistema\backend\tests\Feature\ImportTest.php" line="675" class="Tests\Feature\ImportTest" classname="Tests.Feature.ImportTest" assertions="0" time="0.000000">
          <error type="PDOException">Tests\Feature\ImportTest::test_history_search_by_filename&#13;
PDOException: There is already an active transaction
&#13;
C:\projetos\sistema\backend\vendor\laravel\framework\src\Illuminate\Database\SQLiteConnection.php:38
C:\projetos\sistema\backend\vendor\laravel\framework\src\Illuminate\Database\Concerns\ManagesTransactions.php:154
C:\projetos\sistema\backend\vendor\laravel\framework\src\Illuminate\Database\Concerns\ManagesTransactions.php:130
C:\projetos\sistema\backend\vendor\laravel\framework\src\Illuminate\Foundation\Testing\RefreshDatabase.php:147
C:\projetos\sistema\backend\vendor\laravel\framework\src\Illuminate\Foundation\Testing\RefreshDatabase.php:93
C:\projetos\sistema\backend\vendor\laravel\framework\src\Illuminate\Foundation\Testing\RefreshDatabase.php:25
C:\projetos\sistema\backend\vendor\laravel\framework\src\Illuminate\Foundation\Testing\Concerns\InteractsWithTestCaseLifecycle.php:217
C:\projetos\sistema\backend\vendor\laravel\framework\src\Illuminate\Foundation\Testing\Concerns\InteractsWithTestCaseLifecycle.php:101
C:\projetos\sistema\backend\vendor\laravel\framework\src\Illuminate\Foundation\Testing\TestCase.php:63
C:\projetos\sistema\backend\tests\Feature\ImportTest.php:26</error>
        </testcase>
      </testsuite>
      <testsuite name="Tests\Feature\InmetroTest" file="C:\projetos\sistema\backend\tests\Feature\InmetroTest.php" tests="16" assertions="0" errors="16" failures="0" skipped="0" time="0.000000">
        <testcase name="test_can_list_owners" file="C:\projetos\sistema\backend\tests\Feature\InmetroTest.php" line="40" class="Tests\Feature\InmetroTest" classname="Tests.Feature.InmetroTest" assertions="0" time="0.000000">
          <error type="PDOException">Tests\Feature\InmetroTest::test_can_list_owners&#13;
PDOException: There is already an active transaction
&#13;
C:\projetos\sistema\backend\vendor\laravel\framework\src\Illuminate\Database\SQLiteConnection.php:38
C:\projetos\sistema\backend\vendor\laravel\framework\src\Illuminate\Database\Concerns\ManagesTransactions.php:154
C:\projetos\sistema\backend\vendor\laravel\framework\src\Illuminate\Database\Concerns\ManagesTransactions.php:130
C:\projetos\sistema\backend\vendor\laravel\framework\src\Illuminate\Foundation\Testing\RefreshDatabase.php:147
C:\projetos\sistema\backend\vendor\laravel\framework\src\Illuminate\Foundation\Testing\RefreshDatabase.php:93
C:\projetos\sistema\backend\vendor\laravel\framework\src\Illuminate\Foundation\Testing\RefreshDatabase.php:25
C:\projetos\sistema\backend\vendor\laravel\framework\src\Illuminate\Foundation\Testing\Concerns\InteractsWithTestCaseLifecycle.php:217
C:\projetos\sistema\backend\vendor\laravel\framework\src\Illuminate\Foundation\Testing\Concerns\InteractsWithTestCaseLifecycle.php:101
C:\projetos\sistema\backend\vendor\laravel\framework\src\Illuminate\Foundation\Testing\TestCase.php:63
C:\projetos\sistema\backend\tests\Feature\InmetroTest.php:23</error>
        </testcase>
        <testcase name="test_can_view_dashboard_kpis" file="C:\projetos\sistema\backend\tests\Feature\InmetroTest.php" line="53" class="Tests\Feature\InmetroTest" classname="Tests.Feature.InmetroTest" assertions="0" time="0.000000">
          <error type="PDOException">Tests\Feature\InmetroTest::test_can_view_dashboard_kpis&#13;
PDOException: There is already an active transaction
&#13;
C:\projetos\sistema\backend\vendor\laravel\framework\src\Illuminate\Database\SQLiteConnection.php:38
C:\projetos\sistema\backend\vendor\laravel\framework\src\Illuminate\Database\Concerns\ManagesTransactions.php:154
C:\projetos\sistema\backend\vendor\laravel\framework\src\Illuminate\Database\Concerns\ManagesTransactions.php:130
C:\projetos\sistema\backend\vendor\laravel\framework\src\Illuminate\Foundation\Testing\RefreshDatabase.php:147
C:\projetos\sistema\backend\vendor\laravel\framework\src\Illuminate\Foundation\Testing\RefreshDatabase.php:93
C:\projetos\sistema\backend\vendor\laravel\framework\src\Illuminate\Foundation\Testing\RefreshDatabase.php:25
C:\projetos\sistema\backend\vendor\laravel\framework\src\Illuminate\Foundation\Testing\Concerns\InteractsWithTestCaseLifecycle.php:217
C:\projetos\sistema\backend\vendor\laravel\framework\src\Illuminate\Foundation\Testing\Concerns\InteractsWithTestCaseLifecycle.php:101
C:\projetos\sistema\backend\vendor\laravel\framework\src\Illuminate\Foundation\Testing\TestCase.php:63
C:\projetos\sistema\backend\tests\Feature\InmetroTest.php:23</error>
        </testcase>
        <testcase name="test_xml_import_endpoint" file="C:\projetos\sistema\backend\tests\Feature\InmetroTest.php" line="68" class="Tests\Feature\InmetroTest" classname="Tests.Feature.InmetroTest" assertions="0" time="0.000000">
          <error type="PDOException">Tests\Feature\InmetroTest::test_xml_import_endpoint&#13;
PDOException: There is already an active transaction
&#13;
C:\projetos\sistema\backend\vendor\laravel\framework\src\Illuminate\Database\SQLiteConnection.php:38
C:\projetos\sistema\backend\vendor\laravel\framework\src\Illuminate\Database\Concerns\ManagesTransactions.php:154
C:\projetos\sistema\backend\vendor\laravel\framework\src\Illuminate\Database\Concerns\ManagesTransactions.php:130
C:\projetos\sistema\backend\vendor\laravel\framework\src\Illuminate\Foundation\Testing\RefreshDatabase.php:147
C:\projetos\sistema\backend\vendor\laravel\framework\src\Illuminate\Foundation\Testing\RefreshDatabase.php:93
C:\projetos\sistema\backend\vendor\laravel\framework\src\Illuminate\Foundation\Testing\RefreshDatabase.php:25
C:\projetos\sistema\backend\vendor\laravel\framework\src\Illuminate\Foundation\Testing\Concerns\InteractsWithTestCaseLifecycle.php:217
C:\projetos\sistema\backend\vendor\laravel\framework\src\Illuminate\Foundation\Testing\Concerns\InteractsWithTestCaseLifecycle.php:101
C:\projetos\sistema\backend\vendor\laravel\framework\src\Illuminate\Foundation\Testing\TestCase.php:63
C:\projetos\sistema\backend\tests\Feature\InmetroTest.php:23</error>
        </testcase>
        <testcase name="test_owner_enrichment_flow" file="C:\projetos\sistema\backend\tests\Feature\InmetroTest.php" line="82" class="Tests\Feature\InmetroTest" classname="Tests.Feature.InmetroTest" assertions="0" time="0.000000">
          <error type="PDOException">Tests\Feature\InmetroTest::test_owner_enrichment_flow&#13;
PDOException: There is already an active transaction
&#13;
C:\projetos\sistema\backend\vendor\laravel\framework\src\Illuminate\Database\SQLiteConnection.php:38
C:\projetos\sistema\backend\vendor\laravel\framework\src\Illuminate\Database\Concerns\ManagesTransactions.php:154
C:\projetos\sistema\backend\vendor\laravel\framework\src\Illuminate\Database\Concerns\ManagesTransactions.php:130
C:\projetos\sistema\backend\vendor\laravel\framework\src\Illuminate\Foundation\Testing\RefreshDatabase.php:147
C:\projetos\sistema\backend\vendor\laravel\framework\src\Illuminate\Foundation\Testing\RefreshDatabase.php:93
C:\projetos\sistema\backend\vendor\laravel\framework\src\Illuminate\Foundation\Testing\RefreshDatabase.php:25
C:\projetos\sistema\backend\vendor\laravel\framework\src\Illuminate\Foundation\Testing\Concerns\InteractsWithTestCaseLifecycle.php:217
C:\projetos\sistema\backend\vendor\laravel\framework\src\Illuminate\Foundation\Testing\Concerns\InteractsWithTestCaseLifecycle.php:101
C:\projetos\sistema\backend\vendor\laravel\framework\src\Illuminate\Foundation\Testing\TestCase.php:63
C:\projetos\sistema\backend\tests\Feature\InmetroTest.php:23</error>
        </testcase>
        <testcase name="test_convert_to_customer" file="C:\projetos\sistema\backend\tests\Feature\InmetroTest.php" line="104" class="Tests\Feature\InmetroTest" classname="Tests.Feature.InmetroTest" assertions="0" time="0.000000">
          <error type="PDOException">Tests\Feature\InmetroTest::test_convert_to_customer&#13;
PDOException: There is already an active transaction
&#13;
C:\projetos\sistema\backend\vendor\laravel\framework\src\Illuminate\Database\SQLiteConnection.php:38
C:\projetos\sistema\backend\vendor\laravel\framework\src\Illuminate\Database\Concerns\ManagesTransactions.php:154
C:\projetos\sistema\backend\vendor\laravel\framework\src\Illuminate\Database\Concerns\ManagesTransactions.php:130
C:\projetos\sistema\backend\vendor\laravel\framework\src\Illuminate\Foundation\Testing\RefreshDatabase.php:147
C:\projetos\sistema\backend\vendor\laravel\framework\src\Illuminate\Foundation\Testing\RefreshDatabase.php:93
C:\projetos\sistema\backend\vendor\laravel\framework\src\Illuminate\Foundation\Testing\RefreshDatabase.php:25
C:\projetos\sistema\backend\vendor\laravel\framework\src\Illuminate\Foundation\Testing\Concerns\InteractsWithTestCaseLifecycle.php:217
C:\projetos\sistema\backend\vendor\laravel\framework\src\Illuminate\Foundation\Testing\Concerns\InteractsWithTestCaseLifecycle.php:101
C:\projetos\sistema\backend\vendor\laravel\framework\src\Illuminate\Foundation\Testing\TestCase.php:63
C:\projetos\sistema\backend\tests\Feature\InmetroTest.php:23</error>
        </testcase>
        <testcase name="test_can_update_owner" file="C:\projetos\sistema\backend\tests\Feature\InmetroTest.php" line="126" class="Tests\Feature\InmetroTest" classname="Tests.Feature.InmetroTest" assertions="0" time="0.000000">
          <error type="PDOException">Tests\Feature\InmetroTest::test_can_update_owner&#13;
PDOException: There is already an active transaction
&#13;
C:\projetos\sistema\backend\vendor\laravel\framework\src\Illuminate\Database\SQLiteConnection.php:38
C:\projetos\sistema\backend\vendor\laravel\framework\src\Illuminate\Database\Concerns\ManagesTransactions.php:154
C:\projetos\sistema\backend\vendor\laravel\framework\src\Illuminate\Database\Concerns\ManagesTransactions.php:130
C:\projetos\sistema\backend\vendor\laravel\framework\src\Illuminate\Foundation\Testing\RefreshDatabase.php:147
C:\projetos\sistema\backend\vendor\laravel\framework\src\Illuminate\Foundation\Testing\RefreshDatabase.php:93
C:\projetos\sistema\backend\vendor\laravel\framework\src\Illuminate\Foundation\Testing\RefreshDatabase.php:25
C:\projetos\sistema\backend\vendor\laravel\framework\src\Illuminate\Foundation\Testing\Concerns\InteractsWithTestCaseLifecycle.php:217
C:\projetos\sistema\backend\vendor\laravel\framework\src\Illuminate\Foundation\Testing\Concerns\InteractsWithTestCaseLifecycle.php:101
C:\projetos\sistema\backend\vendor\laravel\framework\src\Illuminate\Foundation\Testing\TestCase.php:63
C:\projetos\sistema\backend\tests\Feature\InmetroTest.php:23</error>
        </testcase>
        <testcase name="test_can_delete_owner" file="C:\projetos\sistema\backend\tests\Feature\InmetroTest.php" line="151" class="Tests\Feature\InmetroTest" classname="Tests.Feature.InmetroTest" assertions="0" time="0.000000">
          <error type="PDOException">Tests\Feature\InmetroTest::test_can_delete_owner&#13;
PDOException: There is already an active transaction
&#13;
C:\projetos\sistema\backend\vendor\laravel\framework\src\Illuminate\Database\SQLiteConnection.php:38
C:\projetos\sistema\backend\vendor\laravel\framework\src\Illuminate\Database\Concerns\ManagesTransactions.php:154
C:\projetos\sistema\backend\vendor\laravel\framework\src\Illuminate\Database\Concerns\ManagesTransactions.php:130
C:\projetos\sistema\backend\vendor\laravel\framework\src\Illuminate\Foundation\Testing\RefreshDatabase.php:147
C:\projetos\sistema\backend\vendor\laravel\framework\src\Illuminate\Foundation\Testing\RefreshDatabase.php:93
C:\projetos\sistema\backend\vendor\laravel\framework\src\Illuminate\Foundation\Testing\RefreshDatabase.php:25
C:\projetos\sistema\backend\vendor\laravel\framework\src\Illuminate\Foundation\Testing\Concerns\InteractsWithTestCaseLifecycle.php:217
C:\projetos\sistema\backend\vendor\laravel\framework\src\Illuminate\Foundation\Testing\Concerns\InteractsWithTestCaseLifecycle.php:101
C:\projetos\sistema\backend\vendor\laravel\framework\src\Illuminate\Foundation\Testing\TestCase.php:63
C:\projetos\sistema\backend\tests\Feature\InmetroTest.php:23</error>
        </testcase>
        <testcase name="test_cannot_delete_other_tenant_owner" file="C:\projetos\sistema\backend\tests\Feature\InmetroTest.php" line="167" class="Tests\Feature\InmetroTest" classname="Tests.Feature.InmetroTest" assertions="0" time="0.000000">
          <error type="PDOException">Tests\Feature\InmetroTest::test_cannot_delete_other_tenant_owner&#13;
PDOException: There is already an active transaction
&#13;
C:\projetos\sistema\backend\vendor\laravel\framework\src\Illuminate\Database\SQLiteConnection.php:38
C:\projetos\sistema\backend\vendor\laravel\framework\src\Illuminate\Database\Concerns\ManagesTransactions.php:154
C:\projetos\sistema\backend\vendor\laravel\framework\src\Illuminate\Database\Concerns\ManagesTransactions.php:130
C:\projetos\sistema\backend\vendor\laravel\framework\src\Illuminate\Foundation\Testing\RefreshDatabase.php:147
C:\projetos\sistema\backend\vendor\laravel\framework\src\Illuminate\Foundation\Testing\RefreshDatabase.php:93
C:\projetos\sistema\backend\vendor\laravel\framework\src\Illuminate\Foundation\Testing\RefreshDatabase.php:25
C:\projetos\sistema\backend\vendor\laravel\framework\src\Illuminate\Foundation\Testing\Concerns\InteractsWithTestCaseLifecycle.php:217
C:\projetos\sistema\backend\vendor\laravel\framework\src\Illuminate\Foundation\Testing\Concerns\InteractsWithTestCaseLifecycle.php:101
C:\projetos\sistema\backend\vendor\laravel\framework\src\Illuminate\Foundation\Testing\TestCase.php:63
C:\projetos\sistema\backend\tests\Feature\InmetroTest.php:23</error>
        </testcase>
        <testcase name="test_can_update_lead_status" file="C:\projetos\sistema\backend\tests\Feature\InmetroTest.php" line="183" class="Tests\Feature\InmetroTest" classname="Tests.Feature.InmetroTest" assertions="0" time="0.000000">
          <error type="PDOException">Tests\Feature\InmetroTest::test_can_update_lead_status&#13;
PDOException: There is already an active transaction
&#13;
C:\projetos\sistema\backend\vendor\laravel\framework\src\Illuminate\Database\SQLiteConnection.php:38
C:\projetos\sistema\backend\vendor\laravel\framework\src\Illuminate\Database\Concerns\ManagesTransactions.php:154
C:\projetos\sistema\backend\vendor\laravel\framework\src\Illuminate\Database\Concerns\ManagesTransactions.php:130
C:\projetos\sistema\backend\vendor\laravel\framework\src\Illuminate\Foundation\Testing\RefreshDatabase.php:147
C:\projetos\sistema\backend\vendor\laravel\framework\src\Illuminate\Foundation\Testing\RefreshDatabase.php:93
C:\projetos\sistema\backend\vendor\laravel\framework\src\Illuminate\Foundation\Testing\RefreshDatabase.php:25
C:\projetos\sistema\backend\vendor\laravel\framework\src\Illuminate\Foundation\Testing\Concerns\InteractsWithTestCaseLifecycle.php:217
C:\projetos\sistema\backend\vendor\laravel\framework\src\Illuminate\Foundation\Testing\Concerns\InteractsWithTestCaseLifecycle.php:101
C:\projetos\sistema\backend\vendor\laravel\framework\src\Illuminate\Foundation\Testing\TestCase.php:63
C:\projetos\sistema\backend\tests\Feature\InmetroTest.php:23</error>
        </testcase>
        <testcase name="test_leads_search_filters" file="C:\projetos\sistema\backend\tests\Feature\InmetroTest.php" line="204" class="Tests\Feature\InmetroTest" classname="Tests.Feature.InmetroTest" assertions="0" time="0.000000">
          <error type="PDOException">Tests\Feature\InmetroTest::test_leads_search_filters&#13;
PDOException: There is already an active transaction
&#13;
C:\projetos\sistema\backend\vendor\laravel\framework\src\Illuminate\Database\SQLiteConnection.php:38
C:\projetos\sistema\backend\vendor\laravel\framework\src\Illuminate\Database\Concerns\ManagesTransactions.php:154
C:\projetos\sistema\backend\vendor\laravel\framework\src\Illuminate\Database\Concerns\ManagesTransactions.php:130
C:\projetos\sistema\backend\vendor\laravel\framework\src\Illuminate\Foundation\Testing\RefreshDatabase.php:147
C:\projetos\sistema\backend\vendor\laravel\framework\src\Illuminate\Foundation\Testing\RefreshDatabase.php:93
C:\projetos\sistema\backend\vendor\laravel\framework\src\Illuminate\Foundation\Testing\RefreshDatabase.php:25
C:\projetos\sistema\backend\vendor\laravel\framework\src\Illuminate\Foundation\Testing\Concerns\InteractsWithTestCaseLifecycle.php:217
C:\projetos\sistema\backend\vendor\laravel\framework\src\Illuminate\Foundation\Testing\Concerns\InteractsWithTestCaseLifecycle.php:101
C:\projetos\sistema\backend\vendor\laravel\framework\src\Illuminate\Foundation\Testing\TestCase.php:63
C:\projetos\sistema\backend\tests\Feature\InmetroTest.php:23</error>
        </testcase>
        <testcase name="test_leads_type_filter" file="C:\projetos\sistema\backend\tests\Feature\InmetroTest.php" line="229" class="Tests\Feature\InmetroTest" classname="Tests.Feature.InmetroTest" assertions="0" time="0.000000">
          <error type="PDOException">Tests\Feature\InmetroTest::test_leads_type_filter&#13;
PDOException: There is already an active transaction
&#13;
C:\projetos\sistema\backend\vendor\laravel\framework\src\Illuminate\Database\SQLiteConnection.php:38
C:\projetos\sistema\backend\vendor\laravel\framework\src\Illuminate\Database\Concerns\ManagesTransactions.php:154
C:\projetos\sistema\backend\vendor\laravel\framework\src\Illuminate\Database\Concerns\ManagesTransactions.php:130
C:\projetos\sistema\backend\vendor\laravel\framework\src\Illuminate\Foundation\Testing\RefreshDatabase.php:147
C:\projetos\sistema\backend\vendor\laravel\framework\src\Illuminate\Foundation\Testing\RefreshDatabase.php:93
C:\projetos\sistema\backend\vendor\laravel\framework\src\Illuminate\Foundation\Testing\RefreshDatabase.php:25
C:\projetos\sistema\backend\vendor\laravel\framework\src\Illuminate\Foundation\Testing\Concerns\InteractsWithTestCaseLifecycle.php:217
C:\projetos\sistema\backend\vendor\laravel\framework\src\Illuminate\Foundation\Testing\Concerns\InteractsWithTestCaseLifecycle.php:101
C:\projetos\sistema\backend\vendor\laravel\framework\src\Illuminate\Foundation\Testing\TestCase.php:63
C:\projetos\sistema\backend\tests\Feature\InmetroTest.php:23</error>
        </testcase>
        <testcase name="test_show_instrument_with_history" file="C:\projetos\sistema\backend\tests\Feature\InmetroTest.php" line="252" class="Tests\Feature\InmetroTest" classname="Tests.Feature.InmetroTest" assertions="0" time="0.000000">
          <error type="PDOException">Tests\Feature\InmetroTest::test_show_instrument_with_history&#13;
PDOException: There is already an active transaction
&#13;
C:\projetos\sistema\backend\vendor\laravel\framework\src\Illuminate\Database\SQLiteConnection.php:38
C:\projetos\sistema\backend\vendor\laravel\framework\src\Illuminate\Database\Concerns\ManagesTransactions.php:154
C:\projetos\sistema\backend\vendor\laravel\framework\src\Illuminate\Database\Concerns\ManagesTransactions.php:130
C:\projetos\sistema\backend\vendor\laravel\framework\src\Illuminate\Foundation\Testing\RefreshDatabase.php:147
C:\projetos\sistema\backend\vendor\laravel\framework\src\Illuminate\Foundation\Testing\RefreshDatabase.php:93
C:\projetos\sistema\backend\vendor\laravel\framework\src\Illuminate\Foundation\Testing\RefreshDatabase.php:25
C:\projetos\sistema\backend\vendor\laravel\framework\src\Illuminate\Foundation\Testing\Concerns\InteractsWithTestCaseLifecycle.php:217
C:\projetos\sistema\backend\vendor\laravel\framework\src\Illuminate\Foundation\Testing\Concerns\InteractsWithTestCaseLifecycle.php:101
C:\projetos\sistema\backend\vendor\laravel\framework\src\Illuminate\Foundation\Testing\TestCase.php:63
C:\projetos\sistema\backend\tests\Feature\InmetroTest.php:23</error>
        </testcase>
        <testcase name="test_show_instrument_not_found_for_other_tenant" file="C:\projetos\sistema\backend\tests\Feature\InmetroTest.php" line="276" class="Tests\Feature\InmetroTest" classname="Tests.Feature.InmetroTest" assertions="0" time="0.000000">
          <error type="PDOException">Tests\Feature\InmetroTest::test_show_instrument_not_found_for_other_tenant&#13;
PDOException: There is already an active transaction
&#13;
C:\projetos\sistema\backend\vendor\laravel\framework\src\Illuminate\Database\SQLiteConnection.php:38
C:\projetos\sistema\backend\vendor\laravel\framework\src\Illuminate\Database\Concerns\ManagesTransactions.php:154
C:\projetos\sistema\backend\vendor\laravel\framework\src\Illuminate\Database\Concerns\ManagesTransactions.php:130
C:\projetos\sistema\backend\vendor\laravel\framework\src\Illuminate\Foundation\Testing\RefreshDatabase.php:147
C:\projetos\sistema\backend\vendor\laravel\framework\src\Illuminate\Foundation\Testing\RefreshDatabase.php:93
C:\projetos\sistema\backend\vendor\laravel\framework\src\Illuminate\Foundation\Testing\RefreshDatabase.php:25
C:\projetos\sistema\backend\vendor\laravel\framework\src\Illuminate\Foundation\Testing\Concerns\InteractsWithTestCaseLifecycle.php:217
C:\projetos\sistema\backend\vendor\laravel\framework\src\Illuminate\Foundation\Testing\Concerns\InteractsWithTestCaseLifecycle.php:101
C:\projetos\sistema\backend\vendor\laravel\framework\src\Illuminate\Foundation\Testing\TestCase.php:63
C:\projetos\sistema\backend\tests\Feature\InmetroTest.php:23</error>
        </testcase>
        <testcase name="test_conversion_stats_endpoint" file="C:\projetos\sistema\backend\tests\Feature\InmetroTest.php" line="295" class="Tests\Feature\InmetroTest" classname="Tests.Feature.InmetroTest" assertions="0" time="0.000000">
          <error type="PDOException">Tests\Feature\InmetroTest::test_conversion_stats_endpoint&#13;
PDOException: There is already an active transaction
&#13;
C:\projetos\sistema\backend\vendor\laravel\framework\src\Illuminate\Database\SQLiteConnection.php:38
C:\projetos\sistema\backend\vendor\laravel\framework\src\Illuminate\Database\Concerns\ManagesTransactions.php:154
C:\projetos\sistema\backend\vendor\laravel\framework\src\Illuminate\Database\Concerns\ManagesTransactions.php:130
C:\projetos\sistema\backend\vendor\laravel\framework\src\Illuminate\Foundation\Testing\RefreshDatabase.php:147
C:\projetos\sistema\backend\vendor\laravel\framework\src\Illuminate\Foundation\Testing\RefreshDatabase.php:93
C:\projetos\sistema\backend\vendor\laravel\framework\src\Illuminate\Foundation\Testing\RefreshDatabase.php:25
C:\projetos\sistema\backend\vendor\laravel\framework\src\Illuminate\Foundation\Testing\Concerns\InteractsWithTestCaseLifecycle.php:217
C:\projetos\sistema\backend\vendor\laravel\framework\src\Illuminate\Foundation\Testing\Concerns\InteractsWithTestCaseLifecycle.php:101
C:\projetos\sistema\backend\vendor\laravel\framework\src\Illuminate\Foundation\Testing\TestCase.php:63
C:\projetos\sistema\backend\tests\Feature\InmetroTest.php:23</error>
        </testcase>
        <testcase name="test_export_leads_csv" file="C:\projetos\sistema\backend\tests\Feature\InmetroTest.php" line="324" class="Tests\Feature\InmetroTest" classname="Tests.Feature.InmetroTest" assertions="0" time="0.000000">
          <error type="PDOException">Tests\Feature\InmetroTest::test_export_leads_csv&#13;
PDOException: There is already an active transaction
&#13;
C:\projetos\sistema\backend\vendor\laravel\framework\src\Illuminate\Database\SQLiteConnection.php:38
C:\projetos\sistema\backend\vendor\laravel\framework\src\Illuminate\Database\Concerns\ManagesTransactions.php:154
C:\projetos\sistema\backend\vendor\laravel\framework\src\Illuminate\Database\Concerns\ManagesTransactions.php:130
C:\projetos\sistema\backend\vendor\laravel\framework\src\Illuminate\Foundation\Testing\RefreshDatabase.php:147
C:\projetos\sistema\backend\vendor\laravel\framework\src\Illuminate\Foundation\Testing\RefreshDatabase.php:93
C:\projetos\sistema\backend\vendor\laravel\framework\src\Illuminate\Foundation\Testing\RefreshDatabase.php:25
C:\projetos\sistema\backend\vendor\laravel\framework\src\Illuminate\Foundation\Testing\Concerns\InteractsWithTestCaseLifecycle.php:217
C:\projetos\sistema\backend\vendor\laravel\framework\src\Illuminate\Foundation\Testing\Concerns\InteractsWithTestCaseLifecycle.php:101
C:\projetos\sistema\backend\vendor\laravel\framework\src\Illuminate\Foundation\Testing\TestCase.php:63
C:\projetos\sistema\backend\tests\Feature\InmetroTest.php:23</error>
        </testcase>
        <testcase name="test_update_lead_status_invalid_status" file="C:\projetos\sistema\backend\tests\Feature\InmetroTest.php" line="337" class="Tests\Feature\InmetroTest" classname="Tests.Feature.InmetroTest" assertions="0" time="0.000000">
          <error type="PDOException">Tests\Feature\InmetroTest::test_update_lead_status_invalid_status&#13;
PDOException: There is already an active transaction
&#13;
C:\projetos\sistema\backend\vendor\laravel\framework\src\Illuminate\Database\SQLiteConnection.php:38
C:\projetos\sistema\backend\vendor\laravel\framework\src\Illuminate\Database\Concerns\ManagesTransactions.php:154
C:\projetos\sistema\backend\vendor\laravel\framework\src\Illuminate\Database\Concerns\ManagesTransactions.php:130
C:\projetos\sistema\backend\vendor\laravel\framework\src\Illuminate\Foundation\Testing\RefreshDatabase.php:147
C:\projetos\sistema\backend\vendor\laravel\framework\src\Illuminate\Foundation\Testing\RefreshDatabase.php:93
C:\projetos\sistema\backend\vendor\laravel\framework\src\Illuminate\Foundation\Testing\RefreshDatabase.php:25
C:\projetos\sistema\backend\vendor\laravel\framework\src\Illuminate\Foundation\Testing\Concerns\InteractsWithTestCaseLifecycle.php:217
C:\projetos\sistema\backend\vendor\laravel\framework\src\Illuminate\Foundation\Testing\Concerns\InteractsWithTestCaseLifecycle.php:101
C:\projetos\sistema\backend\vendor\laravel\framework\src\Illuminate\Foundation\Testing\TestCase.php:63
C:\projetos\sistema\backend\tests\Feature\InmetroTest.php:23</error>
        </testcase>
      </testsuite>
      <testsuite name="Tests\Feature\InputValidationTest" file="C:\projetos\sistema\backend\tests\Feature\InputValidationTest.php" tests="18" assertions="0" errors="18" failures="0" skipped="0" time="0.000000">
        <testcase name="test_create_customer_requires_name" file="C:\projetos\sistema\backend\tests\Feature\InputValidationTest.php" line="46" class="Tests\Feature\InputValidationTest" classname="Tests.Feature.InputValidationTest" assertions="0" time="0.000000">
          <error type="PDOException">Tests\Feature\InputValidationTest::test_create_customer_requires_name&#13;
PDOException: There is already an active transaction
&#13;
C:\projetos\sistema\backend\vendor\laravel\framework\src\Illuminate\Database\SQLiteConnection.php:38
C:\projetos\sistema\backend\vendor\laravel\framework\src\Illuminate\Database\Concerns\ManagesTransactions.php:154
C:\projetos\sistema\backend\vendor\laravel\framework\src\Illuminate\Database\Concerns\ManagesTransactions.php:130
C:\projetos\sistema\backend\vendor\laravel\framework\src\Illuminate\Foundation\Testing\RefreshDatabase.php:147
C:\projetos\sistema\backend\vendor\laravel\framework\src\Illuminate\Foundation\Testing\RefreshDatabase.php:93
C:\projetos\sistema\backend\vendor\laravel\framework\src\Illuminate\Foundation\Testing\RefreshDatabase.php:25
C:\projetos\sistema\backend\vendor\laravel\framework\src\Illuminate\Foundation\Testing\Concerns\InteractsWithTestCaseLifecycle.php:217
C:\projetos\sistema\backend\vendor\laravel\framework\src\Illuminate\Foundation\Testing\Concerns\InteractsWithTestCaseLifecycle.php:101
C:\projetos\sistema\backend\vendor\laravel\framework\src\Illuminate\Foundation\Testing\TestCase.php:63
C:\projetos\sistema\backend\tests\Feature\InputValidationTest.php:25</error>
        </testcase>
        <testcase name="test_create_customer_requires_type" file="C:\projetos\sistema\backend\tests\Feature\InputValidationTest.php" line="56" class="Tests\Feature\InputValidationTest" classname="Tests.Feature.InputValidationTest" assertions="0" time="0.000000">
          <error type="PDOException">Tests\Feature\InputValidationTest::test_create_customer_requires_type&#13;
PDOException: There is already an active transaction
&#13;
C:\projetos\sistema\backend\vendor\laravel\framework\src\Illuminate\Database\SQLiteConnection.php:38
C:\projetos\sistema\backend\vendor\laravel\framework\src\Illuminate\Database\Concerns\ManagesTransactions.php:154
C:\projetos\sistema\backend\vendor\laravel\framework\src\Illuminate\Database\Concerns\ManagesTransactions.php:130
C:\projetos\sistema\backend\vendor\laravel\framework\src\Illuminate\Foundation\Testing\RefreshDatabase.php:147
C:\projetos\sistema\backend\vendor\laravel\framework\src\Illuminate\Foundation\Testing\RefreshDatabase.php:93
C:\projetos\sistema\backend\vendor\laravel\framework\src\Illuminate\Foundation\Testing\RefreshDatabase.php:25
C:\projetos\sistema\backend\vendor\laravel\framework\src\Illuminate\Foundation\Testing\Concerns\InteractsWithTestCaseLifecycle.php:217
C:\projetos\sistema\backend\vendor\laravel\framework\src\Illuminate\Foundation\Testing\Concerns\InteractsWithTestCaseLifecycle.php:101
C:\projetos\sistema\backend\vendor\laravel\framework\src\Illuminate\Foundation\Testing\TestCase.php:63
C:\projetos\sistema\backend\tests\Feature\InputValidationTest.php:25</error>
        </testcase>
        <testcase name="test_create_customer_rejects_invalid_type" file="C:\projetos\sistema\backend\tests\Feature\InputValidationTest.php" line="66" class="Tests\Feature\InputValidationTest" classname="Tests.Feature.InputValidationTest" assertions="0" time="0.000000">
          <error type="PDOException">Tests\Feature\InputValidationTest::test_create_customer_rejects_invalid_type&#13;
PDOException: There is already an active transaction
&#13;
C:\projetos\sistema\backend\vendor\laravel\framework\src\Illuminate\Database\SQLiteConnection.php:38
C:\projetos\sistema\backend\vendor\laravel\framework\src\Illuminate\Database\Concerns\ManagesTransactions.php:154
C:\projetos\sistema\backend\vendor\laravel\framework\src\Illuminate\Database\Concerns\ManagesTransactions.php:130
C:\projetos\sistema\backend\vendor\laravel\framework\src\Illuminate\Foundation\Testing\RefreshDatabase.php:147
C:\projetos\sistema\backend\vendor\laravel\framework\src\Illuminate\Foundation\Testing\RefreshDatabase.php:93
C:\projetos\sistema\backend\vendor\laravel\framework\src\Illuminate\Foundation\Testing\RefreshDatabase.php:25
C:\projetos\sistema\backend\vendor\laravel\framework\src\Illuminate\Foundation\Testing\Concerns\InteractsWithTestCaseLifecycle.php:217
C:\projetos\sistema\backend\vendor\laravel\framework\src\Illuminate\Foundation\Testing\Concerns\InteractsWithTestCaseLifecycle.php:101
C:\projetos\sistema\backend\vendor\laravel\framework\src\Illuminate\Foundation\Testing\TestCase.php:63
C:\projetos\sistema\backend\tests\Feature\InputValidationTest.php:25</error>
        </testcase>
        <testcase name="test_create_customer_rejects_invalid_email" file="C:\projetos\sistema\backend\tests\Feature\InputValidationTest.php" line="76" class="Tests\Feature\InputValidationTest" classname="Tests.Feature.InputValidationTest" assertions="0" time="0.000000">
          <error type="PDOException">Tests\Feature\InputValidationTest::test_create_customer_rejects_invalid_email&#13;
PDOException: There is already an active transaction
&#13;
C:\projetos\sistema\backend\vendor\laravel\framework\src\Illuminate\Database\SQLiteConnection.php:38
C:\projetos\sistema\backend\vendor\laravel\framework\src\Illuminate\Database\Concerns\ManagesTransactions.php:154
C:\projetos\sistema\backend\vendor\laravel\framework\src\Illuminate\Database\Concerns\ManagesTransactions.php:130
C:\projetos\sistema\backend\vendor\laravel\framework\src\Illuminate\Foundation\Testing\RefreshDatabase.php:147
C:\projetos\sistema\backend\vendor\laravel\framework\src\Illuminate\Foundation\Testing\RefreshDatabase.php:93
C:\projetos\sistema\backend\vendor\laravel\framework\src\Illuminate\Foundation\Testing\RefreshDatabase.php:25
C:\projetos\sistema\backend\vendor\laravel\framework\src\Illuminate\Foundation\Testing\Concerns\InteractsWithTestCaseLifecycle.php:217
C:\projetos\sistema\backend\vendor\laravel\framework\src\Illuminate\Foundation\Testing\Concerns\InteractsWithTestCaseLifecycle.php:101
C:\projetos\sistema\backend\vendor\laravel\framework\src\Illuminate\Foundation\Testing\TestCase.php:63
C:\projetos\sistema\backend\tests\Feature\InputValidationTest.php:25</error>
        </testcase>
        <testcase name="test_create_work_order_requires_customer_id" file="C:\projetos\sistema\backend\tests\Feature\InputValidationTest.php" line="90" class="Tests\Feature\InputValidationTest" classname="Tests.Feature.InputValidationTest" assertions="0" time="0.000000">
          <error type="PDOException">Tests\Feature\InputValidationTest::test_create_work_order_requires_customer_id&#13;
PDOException: There is already an active transaction
&#13;
C:\projetos\sistema\backend\vendor\laravel\framework\src\Illuminate\Database\SQLiteConnection.php:38
C:\projetos\sistema\backend\vendor\laravel\framework\src\Illuminate\Database\Concerns\ManagesTransactions.php:154
C:\projetos\sistema\backend\vendor\laravel\framework\src\Illuminate\Database\Concerns\ManagesTransactions.php:130
C:\projetos\sistema\backend\vendor\laravel\framework\src\Illuminate\Foundation\Testing\RefreshDatabase.php:147
C:\projetos\sistema\backend\vendor\laravel\framework\src\Illuminate\Foundation\Testing\RefreshDatabase.php:93
C:\projetos\sistema\backend\vendor\laravel\framework\src\Illuminate\Foundation\Testing\RefreshDatabase.php:25
C:\projetos\sistema\backend\vendor\laravel\framework\src\Illuminate\Foundation\Testing\Concerns\InteractsWithTestCaseLifecycle.php:217
C:\projetos\sistema\backend\vendor\laravel\framework\src\Illuminate\Foundation\Testing\Concerns\InteractsWithTestCaseLifecycle.php:101
C:\projetos\sistema\backend\vendor\laravel\framework\src\Illuminate\Foundation\Testing\TestCase.php:63
C:\projetos\sistema\backend\tests\Feature\InputValidationTest.php:25</error>
        </testcase>
        <testcase name="test_create_work_order_rejects_nonexistent_customer" file="C:\projetos\sistema\backend\tests\Feature\InputValidationTest.php" line="100" class="Tests\Feature\InputValidationTest" classname="Tests.Feature.InputValidationTest" assertions="0" time="0.000000">
          <error type="PDOException">Tests\Feature\InputValidationTest::test_create_work_order_rejects_nonexistent_customer&#13;
PDOException: There is already an active transaction
&#13;
C:\projetos\sistema\backend\vendor\laravel\framework\src\Illuminate\Database\SQLiteConnection.php:38
C:\projetos\sistema\backend\vendor\laravel\framework\src\Illuminate\Database\Concerns\ManagesTransactions.php:154
C:\projetos\sistema\backend\vendor\laravel\framework\src\Illuminate\Database\Concerns\ManagesTransactions.php:130
C:\projetos\sistema\backend\vendor\laravel\framework\src\Illuminate\Foundation\Testing\RefreshDatabase.php:147
C:\projetos\sistema\backend\vendor\laravel\framework\src\Illuminate\Foundation\Testing\RefreshDatabase.php:93
C:\projetos\sistema\backend\vendor\laravel\framework\src\Illuminate\Foundation\Testing\RefreshDatabase.php:25
C:\projetos\sistema\backend\vendor\laravel\framework\src\Illuminate\Foundation\Testing\Concerns\InteractsWithTestCaseLifecycle.php:217
C:\projetos\sistema\backend\vendor\laravel\framework\src\Illuminate\Foundation\Testing\Concerns\InteractsWithTestCaseLifecycle.php:101
C:\projetos\sistema\backend\vendor\laravel\framework\src\Illuminate\Foundation\Testing\TestCase.php:63
C:\projetos\sistema\backend\tests\Feature\InputValidationTest.php:25</error>
        </testcase>
        <testcase name="test_create_work_order_rejects_invalid_priority" file="C:\projetos\sistema\backend\tests\Feature\InputValidationTest.php" line="110" class="Tests\Feature\InputValidationTest" classname="Tests.Feature.InputValidationTest" assertions="0" time="0.000000">
          <error type="PDOException">Tests\Feature\InputValidationTest::test_create_work_order_rejects_invalid_priority&#13;
PDOException: There is already an active transaction
&#13;
C:\projetos\sistema\backend\vendor\laravel\framework\src\Illuminate\Database\SQLiteConnection.php:38
C:\projetos\sistema\backend\vendor\laravel\framework\src\Illuminate\Database\Concerns\ManagesTransactions.php:154
C:\projetos\sistema\backend\vendor\laravel\framework\src\Illuminate\Database\Concerns\ManagesTransactions.php:130
C:\projetos\sistema\backend\vendor\laravel\framework\src\Illuminate\Foundation\Testing\RefreshDatabase.php:147
C:\projetos\sistema\backend\vendor\laravel\framework\src\Illuminate\Foundation\Testing\RefreshDatabase.php:93
C:\projetos\sistema\backend\vendor\laravel\framework\src\Illuminate\Foundation\Testing\RefreshDatabase.php:25
C:\projetos\sistema\backend\vendor\laravel\framework\src\Illuminate\Foundation\Testing\Concerns\InteractsWithTestCaseLifecycle.php:217
C:\projetos\sistema\backend\vendor\laravel\framework\src\Illuminate\Foundation\Testing\Concerns\InteractsWithTestCaseLifecycle.php:101
C:\projetos\sistema\backend\vendor\laravel\framework\src\Illuminate\Foundation\Testing\TestCase.php:63
C:\projetos\sistema\backend\tests\Feature\InputValidationTest.php:25</error>
        </testcase>
        <testcase name="test_create_user_requires_name_and_email" file="C:\projetos\sistema\backend\tests\Feature\InputValidationTest.php" line="124" class="Tests\Feature\InputValidationTest" classname="Tests.Feature.InputValidationTest" assertions="0" time="0.000000">
          <error type="PDOException">Tests\Feature\InputValidationTest::test_create_user_requires_name_and_email&#13;
PDOException: There is already an active transaction
&#13;
C:\projetos\sistema\backend\vendor\laravel\framework\src\Illuminate\Database\SQLiteConnection.php:38
C:\projetos\sistema\backend\vendor\laravel\framework\src\Illuminate\Database\Concerns\ManagesTransactions.php:154
C:\projetos\sistema\backend\vendor\laravel\framework\src\Illuminate\Database\Concerns\ManagesTransactions.php:130
C:\projetos\sistema\backend\vendor\laravel\framework\src\Illuminate\Foundation\Testing\RefreshDatabase.php:147
C:\projetos\sistema\backend\vendor\laravel\framework\src\Illuminate\Foundation\Testing\RefreshDatabase.php:93
C:\projetos\sistema\backend\vendor\laravel\framework\src\Illuminate\Foundation\Testing\RefreshDatabase.php:25
C:\projetos\sistema\backend\vendor\laravel\framework\src\Illuminate\Foundation\Testing\Concerns\InteractsWithTestCaseLifecycle.php:217
C:\projetos\sistema\backend\vendor\laravel\framework\src\Illuminate\Foundation\Testing\Concerns\InteractsWithTestCaseLifecycle.php:101
C:\projetos\sistema\backend\vendor\laravel\framework\src\Illuminate\Foundation\Testing\TestCase.php:63
C:\projetos\sistema\backend\tests\Feature\InputValidationTest.php:25</error>
        </testcase>
        <testcase name="test_create_user_rejects_weak_password" file="C:\projetos\sistema\backend\tests\Feature\InputValidationTest.php" line="133" class="Tests\Feature\InputValidationTest" classname="Tests.Feature.InputValidationTest" assertions="0" time="0.000000">
          <error type="PDOException">Tests\Feature\InputValidationTest::test_create_user_rejects_weak_password&#13;
PDOException: There is already an active transaction
&#13;
C:\projetos\sistema\backend\vendor\laravel\framework\src\Illuminate\Database\SQLiteConnection.php:38
C:\projetos\sistema\backend\vendor\laravel\framework\src\Illuminate\Database\Concerns\ManagesTransactions.php:154
C:\projetos\sistema\backend\vendor\laravel\framework\src\Illuminate\Database\Concerns\ManagesTransactions.php:130
C:\projetos\sistema\backend\vendor\laravel\framework\src\Illuminate\Foundation\Testing\RefreshDatabase.php:147
C:\projetos\sistema\backend\vendor\laravel\framework\src\Illuminate\Foundation\Testing\RefreshDatabase.php:93
C:\projetos\sistema\backend\vendor\laravel\framework\src\Illuminate\Foundation\Testing\RefreshDatabase.php:25
C:\projetos\sistema\backend\vendor\laravel\framework\src\Illuminate\Foundation\Testing\Concerns\InteractsWithTestCaseLifecycle.php:217
C:\projetos\sistema\backend\vendor\laravel\framework\src\Illuminate\Foundation\Testing\Concerns\InteractsWithTestCaseLifecycle.php:101
C:\projetos\sistema\backend\vendor\laravel\framework\src\Illuminate\Foundation\Testing\TestCase.php:63
C:\projetos\sistema\backend\tests\Feature\InputValidationTest.php:25</error>
        </testcase>
        <testcase name="test_create_user_rejects_duplicate_email" file="C:\projetos\sistema\backend\tests\Feature\InputValidationTest.php" line="144" class="Tests\Feature\InputValidationTest" classname="Tests.Feature.InputValidationTest" assertions="0" time="0.000000">
          <error type="PDOException">Tests\Feature\InputValidationTest::test_create_user_rejects_duplicate_email&#13;
PDOException: There is already an active transaction
&#13;
C:\projetos\sistema\backend\vendor\laravel\framework\src\Illuminate\Database\SQLiteConnection.php:38
C:\projetos\sistema\backend\vendor\laravel\framework\src\Illuminate\Database\Concerns\ManagesTransactions.php:154
C:\projetos\sistema\backend\vendor\laravel\framework\src\Illuminate\Database\Concerns\ManagesTransactions.php:130
C:\projetos\sistema\backend\vendor\laravel\framework\src\Illuminate\Foundation\Testing\RefreshDatabase.php:147
C:\projetos\sistema\backend\vendor\laravel\framework\src\Illuminate\Foundation\Testing\RefreshDatabase.php:93
C:\projetos\sistema\backend\vendor\laravel\framework\src\Illuminate\Foundation\Testing\RefreshDatabase.php:25
C:\projetos\sistema\backend\vendor\laravel\framework\src\Illuminate\Foundation\Testing\Concerns\InteractsWithTestCaseLifecycle.php:217
C:\projetos\sistema\backend\vendor\laravel\framework\src\Illuminate\Foundation\Testing\Concerns\InteractsWithTestCaseLifecycle.php:101
C:\projetos\sistema\backend\vendor\laravel\framework\src\Illuminate\Foundation\Testing\TestCase.php:63
C:\projetos\sistema\backend\tests\Feature\InputValidationTest.php:25</error>
        </testcase>
        <testcase name="test_create_invoice_validates_required_fields" file="C:\projetos\sistema\backend\tests\Feature\InputValidationTest.php" line="157" class="Tests\Feature\InputValidationTest" classname="Tests.Feature.InputValidationTest" assertions="0" time="0.000000">
          <error type="PDOException">Tests\Feature\InputValidationTest::test_create_invoice_validates_required_fields&#13;
PDOException: There is already an active transaction
&#13;
C:\projetos\sistema\backend\vendor\laravel\framework\src\Illuminate\Database\SQLiteConnection.php:38
C:\projetos\sistema\backend\vendor\laravel\framework\src\Illuminate\Database\Concerns\ManagesTransactions.php:154
C:\projetos\sistema\backend\vendor\laravel\framework\src\Illuminate\Database\Concerns\ManagesTransactions.php:130
C:\projetos\sistema\backend\vendor\laravel\framework\src\Illuminate\Foundation\Testing\RefreshDatabase.php:147
C:\projetos\sistema\backend\vendor\laravel\framework\src\Illuminate\Foundation\Testing\RefreshDatabase.php:93
C:\projetos\sistema\backend\vendor\laravel\framework\src\Illuminate\Foundation\Testing\RefreshDatabase.php:25
C:\projetos\sistema\backend\vendor\laravel\framework\src\Illuminate\Foundation\Testing\Concerns\InteractsWithTestCaseLifecycle.php:217
C:\projetos\sistema\backend\vendor\laravel\framework\src\Illuminate\Foundation\Testing\Concerns\InteractsWithTestCaseLifecycle.php:101
C:\projetos\sistema\backend\vendor\laravel\framework\src\Illuminate\Foundation\Testing\TestCase.php:63
C:\projetos\sistema\backend\tests\Feature\InputValidationTest.php:25</error>
        </testcase>
        <testcase name="test_create_receivable_requires_amount" file="C:\projetos\sistema\backend\tests\Feature\InputValidationTest.php" line="167" class="Tests\Feature\InputValidationTest" classname="Tests.Feature.InputValidationTest" assertions="0" time="0.000000">
          <error type="PDOException">Tests\Feature\InputValidationTest::test_create_receivable_requires_amount&#13;
PDOException: There is already an active transaction
&#13;
C:\projetos\sistema\backend\vendor\laravel\framework\src\Illuminate\Database\SQLiteConnection.php:38
C:\projetos\sistema\backend\vendor\laravel\framework\src\Illuminate\Database\Concerns\ManagesTransactions.php:154
C:\projetos\sistema\backend\vendor\laravel\framework\src\Illuminate\Database\Concerns\ManagesTransactions.php:130
C:\projetos\sistema\backend\vendor\laravel\framework\src\Illuminate\Foundation\Testing\RefreshDatabase.php:147
C:\projetos\sistema\backend\vendor\laravel\framework\src\Illuminate\Foundation\Testing\RefreshDatabase.php:93
C:\projetos\sistema\backend\vendor\laravel\framework\src\Illuminate\Foundation\Testing\RefreshDatabase.php:25
C:\projetos\sistema\backend\vendor\laravel\framework\src\Illuminate\Foundation\Testing\Concerns\InteractsWithTestCaseLifecycle.php:217
C:\projetos\sistema\backend\vendor\laravel\framework\src\Illuminate\Foundation\Testing\Concerns\InteractsWithTestCaseLifecycle.php:101
C:\projetos\sistema\backend\vendor\laravel\framework\src\Illuminate\Foundation\Testing\TestCase.php:63
C:\projetos\sistema\backend\tests\Feature\InputValidationTest.php:25</error>
        </testcase>
        <testcase name="test_create_receivable_rejects_negative_amount" file="C:\projetos\sistema\backend\tests\Feature\InputValidationTest.php" line="176" class="Tests\Feature\InputValidationTest" classname="Tests.Feature.InputValidationTest" assertions="0" time="0.000000">
          <error type="PDOException">Tests\Feature\InputValidationTest::test_create_receivable_rejects_negative_amount&#13;
PDOException: There is already an active transaction
&#13;
C:\projetos\sistema\backend\vendor\laravel\framework\src\Illuminate\Database\SQLiteConnection.php:38
C:\projetos\sistema\backend\vendor\laravel\framework\src\Illuminate\Database\Concerns\ManagesTransactions.php:154
C:\projetos\sistema\backend\vendor\laravel\framework\src\Illuminate\Database\Concerns\ManagesTransactions.php:130
C:\projetos\sistema\backend\vendor\laravel\framework\src\Illuminate\Foundation\Testing\RefreshDatabase.php:147
C:\projetos\sistema\backend\vendor\laravel\framework\src\Illuminate\Foundation\Testing\RefreshDatabase.php:93
C:\projetos\sistema\backend\vendor\laravel\framework\src\Illuminate\Foundation\Testing\RefreshDatabase.php:25
C:\projetos\sistema\backend\vendor\laravel\framework\src\Illuminate\Foundation\Testing\Concerns\InteractsWithTestCaseLifecycle.php:217
C:\projetos\sistema\backend\vendor\laravel\framework\src\Illuminate\Foundation\Testing\Concerns\InteractsWithTestCaseLifecycle.php:101
C:\projetos\sistema\backend\vendor\laravel\framework\src\Illuminate\Foundation\Testing\TestCase.php:63
C:\projetos\sistema\backend\tests\Feature\InputValidationTest.php:25</error>
        </testcase>
        <testcase name="test_create_equipment_validates_serial_number" file="C:\projetos\sistema\backend\tests\Feature\InputValidationTest.php" line="192" class="Tests\Feature\InputValidationTest" classname="Tests.Feature.InputValidationTest" assertions="0" time="0.000000">
          <error type="PDOException">Tests\Feature\InputValidationTest::test_create_equipment_validates_serial_number&#13;
PDOException: There is already an active transaction
&#13;
C:\projetos\sistema\backend\vendor\laravel\framework\src\Illuminate\Database\SQLiteConnection.php:38
C:\projetos\sistema\backend\vendor\laravel\framework\src\Illuminate\Database\Concerns\ManagesTransactions.php:154
C:\projetos\sistema\backend\vendor\laravel\framework\src\Illuminate\Database\Concerns\ManagesTransactions.php:130
C:\projetos\sistema\backend\vendor\laravel\framework\src\Illuminate\Foundation\Testing\RefreshDatabase.php:147
C:\projetos\sistema\backend\vendor\laravel\framework\src\Illuminate\Foundation\Testing\RefreshDatabase.php:93
C:\projetos\sistema\backend\vendor\laravel\framework\src\Illuminate\Foundation\Testing\RefreshDatabase.php:25
C:\projetos\sistema\backend\vendor\laravel\framework\src\Illuminate\Foundation\Testing\Concerns\InteractsWithTestCaseLifecycle.php:217
C:\projetos\sistema\backend\vendor\laravel\framework\src\Illuminate\Foundation\Testing\Concerns\InteractsWithTestCaseLifecycle.php:101
C:\projetos\sistema\backend\vendor\laravel\framework\src\Illuminate\Foundation\Testing\TestCase.php:63
C:\projetos\sistema\backend\tests\Feature\InputValidationTest.php:25</error>
        </testcase>
        <testcase name="test_create_quote_requires_customer" file="C:\projetos\sistema\backend\tests\Feature\InputValidationTest.php" line="203" class="Tests\Feature\InputValidationTest" classname="Tests.Feature.InputValidationTest" assertions="0" time="0.000000">
          <error type="PDOException">Tests\Feature\InputValidationTest::test_create_quote_requires_customer&#13;
PDOException: There is already an active transaction
&#13;
C:\projetos\sistema\backend\vendor\laravel\framework\src\Illuminate\Database\SQLiteConnection.php:38
C:\projetos\sistema\backend\vendor\laravel\framework\src\Illuminate\Database\Concerns\ManagesTransactions.php:154
C:\projetos\sistema\backend\vendor\laravel\framework\src\Illuminate\Database\Concerns\ManagesTransactions.php:130
C:\projetos\sistema\backend\vendor\laravel\framework\src\Illuminate\Foundation\Testing\RefreshDatabase.php:147
C:\projetos\sistema\backend\vendor\laravel\framework\src\Illuminate\Foundation\Testing\RefreshDatabase.php:93
C:\projetos\sistema\backend\vendor\laravel\framework\src\Illuminate\Foundation\Testing\RefreshDatabase.php:25
C:\projetos\sistema\backend\vendor\laravel\framework\src\Illuminate\Foundation\Testing\Concerns\InteractsWithTestCaseLifecycle.php:217
C:\projetos\sistema\backend\vendor\laravel\framework\src\Illuminate\Foundation\Testing\Concerns\InteractsWithTestCaseLifecycle.php:101
C:\projetos\sistema\backend\vendor\laravel\framework\src\Illuminate\Foundation\Testing\TestCase.php:63
C:\projetos\sistema\backend\tests\Feature\InputValidationTest.php:25</error>
        </testcase>
        <testcase name="test_empty_request_body_returns_422" file="C:\projetos\sistema\backend\tests\Feature\InputValidationTest.php" line="214" class="Tests\Feature\InputValidationTest" classname="Tests.Feature.InputValidationTest" assertions="0" time="0.000000">
          <error type="PDOException">Tests\Feature\InputValidationTest::test_empty_request_body_returns_422&#13;
PDOException: There is already an active transaction
&#13;
C:\projetos\sistema\backend\vendor\laravel\framework\src\Illuminate\Database\SQLiteConnection.php:38
C:\projetos\sistema\backend\vendor\laravel\framework\src\Illuminate\Database\Concerns\ManagesTransactions.php:154
C:\projetos\sistema\backend\vendor\laravel\framework\src\Illuminate\Database\Concerns\ManagesTransactions.php:130
C:\projetos\sistema\backend\vendor\laravel\framework\src\Illuminate\Foundation\Testing\RefreshDatabase.php:147
C:\projetos\sistema\backend\vendor\laravel\framework\src\Illuminate\Foundation\Testing\RefreshDatabase.php:93
C:\projetos\sistema\backend\vendor\laravel\framework\src\Illuminate\Foundation\Testing\RefreshDatabase.php:25
C:\projetos\sistema\backend\vendor\laravel\framework\src\Illuminate\Foundation\Testing\Concerns\InteractsWithTestCaseLifecycle.php:217
C:\projetos\sistema\backend\vendor\laravel\framework\src\Illuminate\Foundation\Testing\Concerns\InteractsWithTestCaseLifecycle.php:101
C:\projetos\sistema\backend\vendor\laravel\framework\src\Illuminate\Foundation\Testing\TestCase.php:63
C:\projetos\sistema\backend\tests\Feature\InputValidationTest.php:25</error>
        </testcase>
        <testcase name="test_extremely_long_string_is_rejected" file="C:\projetos\sistema\backend\tests\Feature\InputValidationTest.php" line="220" class="Tests\Feature\InputValidationTest" classname="Tests.Feature.InputValidationTest" assertions="0" time="0.000000">
          <error type="PDOException">Tests\Feature\InputValidationTest::test_extremely_long_string_is_rejected&#13;
PDOException: There is already an active transaction
&#13;
C:\projetos\sistema\backend\vendor\laravel\framework\src\Illuminate\Database\SQLiteConnection.php:38
C:\projetos\sistema\backend\vendor\laravel\framework\src\Illuminate\Database\Concerns\ManagesTransactions.php:154
C:\projetos\sistema\backend\vendor\laravel\framework\src\Illuminate\Database\Concerns\ManagesTransactions.php:130
C:\projetos\sistema\backend\vendor\laravel\framework\src\Illuminate\Foundation\Testing\RefreshDatabase.php:147
C:\projetos\sistema\backend\vendor\laravel\framework\src\Illuminate\Foundation\Testing\RefreshDatabase.php:93
C:\projetos\sistema\backend\vendor\laravel\framework\src\Illuminate\Foundation\Testing\RefreshDatabase.php:25
C:\projetos\sistema\backend\vendor\laravel\framework\src\Illuminate\Foundation\Testing\Concerns\InteractsWithTestCaseLifecycle.php:217
C:\projetos\sistema\backend\vendor\laravel\framework\src\Illuminate\Foundation\Testing\Concerns\InteractsWithTestCaseLifecycle.php:101
C:\projetos\sistema\backend\vendor\laravel\framework\src\Illuminate\Foundation\Testing\TestCase.php:63
C:\projetos\sistema\backend\tests\Feature\InputValidationTest.php:25</error>
        </testcase>
        <testcase name="test_json_with_nested_xss_in_field" file="C:\projetos\sistema\backend\tests\Feature\InputValidationTest.php" line="230" class="Tests\Feature\InputValidationTest" classname="Tests.Feature.InputValidationTest" assertions="0" time="0.000000">
          <error type="PDOException">Tests\Feature\InputValidationTest::test_json_with_nested_xss_in_field&#13;
PDOException: There is already an active transaction
&#13;
C:\projetos\sistema\backend\vendor\laravel\framework\src\Illuminate\Database\SQLiteConnection.php:38
C:\projetos\sistema\backend\vendor\laravel\framework\src\Illuminate\Database\Concerns\ManagesTransactions.php:154
C:\projetos\sistema\backend\vendor\laravel\framework\src\Illuminate\Database\Concerns\ManagesTransactions.php:130
C:\projetos\sistema\backend\vendor\laravel\framework\src\Illuminate\Foundation\Testing\RefreshDatabase.php:147
C:\projetos\sistema\backend\vendor\laravel\framework\src\Illuminate\Foundation\Testing\RefreshDatabase.php:93
C:\projetos\sistema\backend\vendor\laravel\framework\src\Illuminate\Foundation\Testing\RefreshDatabase.php:25
C:\projetos\sistema\backend\vendor\laravel\framework\src\Illuminate\Foundation\Testing\Concerns\InteractsWithTestCaseLifecycle.php:217
C:\projetos\sistema\backend\vendor\laravel\framework\src\Illuminate\Foundation\Testing\Concerns\InteractsWithTestCaseLifecycle.php:101
C:\projetos\sistema\backend\vendor\laravel\framework\src\Illuminate\Foundation\Testing\TestCase.php:63
C:\projetos\sistema\backend\tests\Feature\InputValidationTest.php:25</error>
        </testcase>
      </testsuite>
      <testsuite name="Tests\Feature\InvoiceFiscalTest" file="C:\projetos\sistema\backend\tests\Feature\InvoiceFiscalTest.php" tests="6" assertions="0" errors="6" failures="0" skipped="0" time="0.000000">
        <testcase name="test_list_invoices" file="C:\projetos\sistema\backend\tests\Feature\InvoiceFiscalTest.php" line="43" class="Tests\Feature\InvoiceFiscalTest" classname="Tests.Feature.InvoiceFiscalTest" assertions="0" time="0.000000">
          <error type="PDOException">Tests\Feature\InvoiceFiscalTest::test_list_invoices&#13;
PDOException: There is already an active transaction
&#13;
C:\projetos\sistema\backend\vendor\laravel\framework\src\Illuminate\Database\SQLiteConnection.php:38
C:\projetos\sistema\backend\vendor\laravel\framework\src\Illuminate\Database\Concerns\ManagesTransactions.php:154
C:\projetos\sistema\backend\vendor\laravel\framework\src\Illuminate\Database\Concerns\ManagesTransactions.php:130
C:\projetos\sistema\backend\vendor\laravel\framework\src\Illuminate\Foundation\Testing\RefreshDatabase.php:147
C:\projetos\sistema\backend\vendor\laravel\framework\src\Illuminate\Foundation\Testing\RefreshDatabase.php:93
C:\projetos\sistema\backend\vendor\laravel\framework\src\Illuminate\Foundation\Testing\RefreshDatabase.php:25
C:\projetos\sistema\backend\vendor\laravel\framework\src\Illuminate\Foundation\Testing\Concerns\InteractsWithTestCaseLifecycle.php:217
C:\projetos\sistema\backend\vendor\laravel\framework\src\Illuminate\Foundation\Testing\Concerns\InteractsWithTestCaseLifecycle.php:101
C:\projetos\sistema\backend\vendor\laravel\framework\src\Illuminate\Foundation\Testing\TestCase.php:63
C:\projetos\sistema\backend\tests\Feature\InvoiceFiscalTest.php:26</error>
        </testcase>
        <testcase name="test_invoice_metadata" file="C:\projetos\sistema\backend\tests\Feature\InvoiceFiscalTest.php" line="49" class="Tests\Feature\InvoiceFiscalTest" classname="Tests.Feature.InvoiceFiscalTest" assertions="0" time="0.000000">
          <error type="PDOException">Tests\Feature\InvoiceFiscalTest::test_invoice_metadata&#13;
PDOException: There is already an active transaction
&#13;
C:\projetos\sistema\backend\vendor\laravel\framework\src\Illuminate\Database\SQLiteConnection.php:38
C:\projetos\sistema\backend\vendor\laravel\framework\src\Illuminate\Database\Concerns\ManagesTransactions.php:154
C:\projetos\sistema\backend\vendor\laravel\framework\src\Illuminate\Database\Concerns\ManagesTransactions.php:130
C:\projetos\sistema\backend\vendor\laravel\framework\src\Illuminate\Foundation\Testing\RefreshDatabase.php:147
C:\projetos\sistema\backend\vendor\laravel\framework\src\Illuminate\Foundation\Testing\RefreshDatabase.php:93
C:\projetos\sistema\backend\vendor\laravel\framework\src\Illuminate\Foundation\Testing\RefreshDatabase.php:25
C:\projetos\sistema\backend\vendor\laravel\framework\src\Illuminate\Foundation\Testing\Concerns\InteractsWithTestCaseLifecycle.php:217
C:\projetos\sistema\backend\vendor\laravel\framework\src\Illuminate\Foundation\Testing\Concerns\InteractsWithTestCaseLifecycle.php:101
C:\projetos\sistema\backend\vendor\laravel\framework\src\Illuminate\Foundation\Testing\TestCase.php:63
C:\projetos\sistema\backend\tests\Feature\InvoiceFiscalTest.php:26</error>
        </testcase>
        <testcase name="test_create_invoice" file="C:\projetos\sistema\backend\tests\Feature\InvoiceFiscalTest.php" line="55" class="Tests\Feature\InvoiceFiscalTest" classname="Tests.Feature.InvoiceFiscalTest" assertions="0" time="0.000000">
          <error type="PDOException">Tests\Feature\InvoiceFiscalTest::test_create_invoice&#13;
PDOException: There is already an active transaction
&#13;
C:\projetos\sistema\backend\vendor\laravel\framework\src\Illuminate\Database\SQLiteConnection.php:38
C:\projetos\sistema\backend\vendor\laravel\framework\src\Illuminate\Database\Concerns\ManagesTransactions.php:154
C:\projetos\sistema\backend\vendor\laravel\framework\src\Illuminate\Database\Concerns\ManagesTransactions.php:130
C:\projetos\sistema\backend\vendor\laravel\framework\src\Illuminate\Foundation\Testing\RefreshDatabase.php:147
C:\projetos\sistema\backend\vendor\laravel\framework\src\Illuminate\Foundation\Testing\RefreshDatabase.php:93
C:\projetos\sistema\backend\vendor\laravel\framework\src\Illuminate\Foundation\Testing\RefreshDatabase.php:25
C:\projetos\sistema\backend\vendor\laravel\framework\src\Illuminate\Foundation\Testing\Concerns\InteractsWithTestCaseLifecycle.php:217
C:\projetos\sistema\backend\vendor\laravel\framework\src\Illuminate\Foundation\Testing\Concerns\InteractsWithTestCaseLifecycle.php:101
C:\projetos\sistema\backend\vendor\laravel\framework\src\Illuminate\Foundation\Testing\TestCase.php:63
C:\projetos\sistema\backend\tests\Feature\InvoiceFiscalTest.php:26</error>
        </testcase>
        <testcase name="test_fiscal_notas_index" file="C:\projetos\sistema\backend\tests\Feature\InvoiceFiscalTest.php" line="70" class="Tests\Feature\InvoiceFiscalTest" classname="Tests.Feature.InvoiceFiscalTest" assertions="0" time="0.000000">
          <error type="PDOException">Tests\Feature\InvoiceFiscalTest::test_fiscal_notas_index&#13;
PDOException: There is already an active transaction
&#13;
C:\projetos\sistema\backend\vendor\laravel\framework\src\Illuminate\Database\SQLiteConnection.php:38
C:\projetos\sistema\backend\vendor\laravel\framework\src\Illuminate\Database\Concerns\ManagesTransactions.php:154
C:\projetos\sistema\backend\vendor\laravel\framework\src\Illuminate\Database\Concerns\ManagesTransactions.php:130
C:\projetos\sistema\backend\vendor\laravel\framework\src\Illuminate\Foundation\Testing\RefreshDatabase.php:147
C:\projetos\sistema\backend\vendor\laravel\framework\src\Illuminate\Foundation\Testing\RefreshDatabase.php:93
C:\projetos\sistema\backend\vendor\laravel\framework\src\Illuminate\Foundation\Testing\RefreshDatabase.php:25
C:\projetos\sistema\backend\vendor\laravel\framework\src\Illuminate\Foundation\Testing\Concerns\InteractsWithTestCaseLifecycle.php:217
C:\projetos\sistema\backend\vendor\laravel\framework\src\Illuminate\Foundation\Testing\Concerns\InteractsWithTestCaseLifecycle.php:101
C:\projetos\sistema\backend\vendor\laravel\framework\src\Illuminate\Foundation\Testing\TestCase.php:63
C:\projetos\sistema\backend\tests\Feature\InvoiceFiscalTest.php:26</error>
        </testcase>
        <testcase name="test_emitir_nfse_requires_data" file="C:\projetos\sistema\backend\tests\Feature\InvoiceFiscalTest.php" line="76" class="Tests\Feature\InvoiceFiscalTest" classname="Tests.Feature.InvoiceFiscalTest" assertions="0" time="0.000000">
          <error type="PDOException">Tests\Feature\InvoiceFiscalTest::test_emitir_nfse_requires_data&#13;
PDOException: There is already an active transaction
&#13;
C:\projetos\sistema\backend\vendor\laravel\framework\src\Illuminate\Database\SQLiteConnection.php:38
C:\projetos\sistema\backend\vendor\laravel\framework\src\Illuminate\Database\Concerns\ManagesTransactions.php:154
C:\projetos\sistema\backend\vendor\laravel\framework\src\Illuminate\Database\Concerns\ManagesTransactions.php:130
C:\projetos\sistema\backend\vendor\laravel\framework\src\Illuminate\Foundation\Testing\RefreshDatabase.php:147
C:\projetos\sistema\backend\vendor\laravel\framework\src\Illuminate\Foundation\Testing\RefreshDatabase.php:93
C:\projetos\sistema\backend\vendor\laravel\framework\src\Illuminate\Foundation\Testing\RefreshDatabase.php:25
C:\projetos\sistema\backend\vendor\laravel\framework\src\Illuminate\Foundation\Testing\Concerns\InteractsWithTestCaseLifecycle.php:217
C:\projetos\sistema\backend\vendor\laravel\framework\src\Illuminate\Foundation\Testing\Concerns\InteractsWithTestCaseLifecycle.php:101
C:\projetos\sistema\backend\vendor\laravel\framework\src\Illuminate\Foundation\Testing\TestCase.php:63
C:\projetos\sistema\backend\tests\Feature\InvoiceFiscalTest.php:26</error>
        </testcase>
        <testcase name="test_cancelar_nota_inexistente_returns_404" file="C:\projetos\sistema\backend\tests\Feature\InvoiceFiscalTest.php" line="82" class="Tests\Feature\InvoiceFiscalTest" classname="Tests.Feature.InvoiceFiscalTest" assertions="0" time="0.000000">
          <error type="PDOException">Tests\Feature\InvoiceFiscalTest::test_cancelar_nota_inexistente_returns_404&#13;
PDOException: There is already an active transaction
&#13;
C:\projetos\sistema\backend\vendor\laravel\framework\src\Illuminate\Database\SQLiteConnection.php:38
C:\projetos\sistema\backend\vendor\laravel\framework\src\Illuminate\Database\Concerns\ManagesTransactions.php:154
C:\projetos\sistema\backend\vendor\laravel\framework\src\Illuminate\Database\Concerns\ManagesTransactions.php:130
C:\projetos\sistema\backend\vendor\laravel\framework\src\Illuminate\Foundation\Testing\RefreshDatabase.php:147
C:\projetos\sistema\backend\vendor\laravel\framework\src\Illuminate\Foundation\Testing\RefreshDatabase.php:93
C:\projetos\sistema\backend\vendor\laravel\framework\src\Illuminate\Foundation\Testing\RefreshDatabase.php:25
C:\projetos\sistema\backend\vendor\laravel\framework\src\Illuminate\Foundation\Testing\Concerns\InteractsWithTestCaseLifecycle.php:217
C:\projetos\sistema\backend\vendor\laravel\framework\src\Illuminate\Foundation\Testing\Concerns\InteractsWithTestCaseLifecycle.php:101
C:\projetos\sistema\backend\vendor\laravel\framework\src\Illuminate\Foundation\Testing\TestCase.php:63
C:\projetos\sistema\backend\tests\Feature\InvoiceFiscalTest.php:26</error>
        </testcase>
      </testsuite>
      <testsuite name="Tests\Feature\MasterCadastrosExtendedTest" file="C:\projetos\sistema\backend\tests\Feature\MasterCadastrosExtendedTest.php" tests="13" assertions="0" errors="13" failures="0" skipped="0" time="0.000000">
        <testcase name="test_list_standard_weights" file="C:\projetos\sistema\backend\tests\Feature\MasterCadastrosExtendedTest.php" line="43" class="Tests\Feature\MasterCadastrosExtendedTest" classname="Tests.Feature.MasterCadastrosExtendedTest" assertions="0" time="0.000000">
          <error type="PDOException">Tests\Feature\MasterCadastrosExtendedTest::test_list_standard_weights&#13;
PDOException: There is already an active transaction
&#13;
C:\projetos\sistema\backend\vendor\laravel\framework\src\Illuminate\Database\SQLiteConnection.php:38
C:\projetos\sistema\backend\vendor\laravel\framework\src\Illuminate\Database\Concerns\ManagesTransactions.php:154
C:\projetos\sistema\backend\vendor\laravel\framework\src\Illuminate\Database\Concerns\ManagesTransactions.php:130
C:\projetos\sistema\backend\vendor\laravel\framework\src\Illuminate\Foundation\Testing\RefreshDatabase.php:147
C:\projetos\sistema\backend\vendor\laravel\framework\src\Illuminate\Foundation\Testing\RefreshDatabase.php:93
C:\projetos\sistema\backend\vendor\laravel\framework\src\Illuminate\Foundation\Testing\RefreshDatabase.php:25
C:\projetos\sistema\backend\vendor\laravel\framework\src\Illuminate\Foundation\Testing\Concerns\InteractsWithTestCaseLifecycle.php:217
C:\projetos\sistema\backend\vendor\laravel\framework\src\Illuminate\Foundation\Testing\Concerns\InteractsWithTestCaseLifecycle.php:101
C:\projetos\sistema\backend\vendor\laravel\framework\src\Illuminate\Foundation\Testing\TestCase.php:63
C:\projetos\sistema\backend\tests\Feature\MasterCadastrosExtendedTest.php:25</error>
        </testcase>
        <testcase name="test_standard_weights_expiring" file="C:\projetos\sistema\backend\tests\Feature\MasterCadastrosExtendedTest.php" line="49" class="Tests\Feature\MasterCadastrosExtendedTest" classname="Tests.Feature.MasterCadastrosExtendedTest" assertions="0" time="0.000000">
          <error type="PDOException">Tests\Feature\MasterCadastrosExtendedTest::test_standard_weights_expiring&#13;
PDOException: There is already an active transaction
&#13;
C:\projetos\sistema\backend\vendor\laravel\framework\src\Illuminate\Database\SQLiteConnection.php:38
C:\projetos\sistema\backend\vendor\laravel\framework\src\Illuminate\Database\Concerns\ManagesTransactions.php:154
C:\projetos\sistema\backend\vendor\laravel\framework\src\Illuminate\Database\Concerns\ManagesTransactions.php:130
C:\projetos\sistema\backend\vendor\laravel\framework\src\Illuminate\Foundation\Testing\RefreshDatabase.php:147
C:\projetos\sistema\backend\vendor\laravel\framework\src\Illuminate\Foundation\Testing\RefreshDatabase.php:93
C:\projetos\sistema\backend\vendor\laravel\framework\src\Illuminate\Foundation\Testing\RefreshDatabase.php:25
C:\projetos\sistema\backend\vendor\laravel\framework\src\Illuminate\Foundation\Testing\Concerns\InteractsWithTestCaseLifecycle.php:217
C:\projetos\sistema\backend\vendor\laravel\framework\src\Illuminate\Foundation\Testing\Concerns\InteractsWithTestCaseLifecycle.php:101
C:\projetos\sistema\backend\vendor\laravel\framework\src\Illuminate\Foundation\Testing\TestCase.php:63
C:\projetos\sistema\backend\tests\Feature\MasterCadastrosExtendedTest.php:25</error>
        </testcase>
        <testcase name="test_standard_weights_constants" file="C:\projetos\sistema\backend\tests\Feature\MasterCadastrosExtendedTest.php" line="55" class="Tests\Feature\MasterCadastrosExtendedTest" classname="Tests.Feature.MasterCadastrosExtendedTest" assertions="0" time="0.000000">
          <error type="PDOException">Tests\Feature\MasterCadastrosExtendedTest::test_standard_weights_constants&#13;
PDOException: There is already an active transaction
&#13;
C:\projetos\sistema\backend\vendor\laravel\framework\src\Illuminate\Database\SQLiteConnection.php:38
C:\projetos\sistema\backend\vendor\laravel\framework\src\Illuminate\Database\Concerns\ManagesTransactions.php:154
C:\projetos\sistema\backend\vendor\laravel\framework\src\Illuminate\Database\Concerns\ManagesTransactions.php:130
C:\projetos\sistema\backend\vendor\laravel\framework\src\Illuminate\Foundation\Testing\RefreshDatabase.php:147
C:\projetos\sistema\backend\vendor\laravel\framework\src\Illuminate\Foundation\Testing\RefreshDatabase.php:93
C:\projetos\sistema\backend\vendor\laravel\framework\src\Illuminate\Foundation\Testing\RefreshDatabase.php:25
C:\projetos\sistema\backend\vendor\laravel\framework\src\Illuminate\Foundation\Testing\Concerns\InteractsWithTestCaseLifecycle.php:217
C:\projetos\sistema\backend\vendor\laravel\framework\src\Illuminate\Foundation\Testing\Concerns\InteractsWithTestCaseLifecycle.php:101
C:\projetos\sistema\backend\vendor\laravel\framework\src\Illuminate\Foundation\Testing\TestCase.php:63
C:\projetos\sistema\backend\tests\Feature\MasterCadastrosExtendedTest.php:25</error>
        </testcase>
        <testcase name="test_create_standard_weight" file="C:\projetos\sistema\backend\tests\Feature\MasterCadastrosExtendedTest.php" line="61" class="Tests\Feature\MasterCadastrosExtendedTest" classname="Tests.Feature.MasterCadastrosExtendedTest" assertions="0" time="0.000000">
          <error type="PDOException">Tests\Feature\MasterCadastrosExtendedTest::test_create_standard_weight&#13;
PDOException: There is already an active transaction
&#13;
C:\projetos\sistema\backend\vendor\laravel\framework\src\Illuminate\Database\SQLiteConnection.php:38
C:\projetos\sistema\backend\vendor\laravel\framework\src\Illuminate\Database\Concerns\ManagesTransactions.php:154
C:\projetos\sistema\backend\vendor\laravel\framework\src\Illuminate\Database\Concerns\ManagesTransactions.php:130
C:\projetos\sistema\backend\vendor\laravel\framework\src\Illuminate\Foundation\Testing\RefreshDatabase.php:147
C:\projetos\sistema\backend\vendor\laravel\framework\src\Illuminate\Foundation\Testing\RefreshDatabase.php:93
C:\projetos\sistema\backend\vendor\laravel\framework\src\Illuminate\Foundation\Testing\RefreshDatabase.php:25
C:\projetos\sistema\backend\vendor\laravel\framework\src\Illuminate\Foundation\Testing\Concerns\InteractsWithTestCaseLifecycle.php:217
C:\projetos\sistema\backend\vendor\laravel\framework\src\Illuminate\Foundation\Testing\Concerns\InteractsWithTestCaseLifecycle.php:101
C:\projetos\sistema\backend\vendor\laravel\framework\src\Illuminate\Foundation\Testing\TestCase.php:63
C:\projetos\sistema\backend\tests\Feature\MasterCadastrosExtendedTest.php:25</error>
        </testcase>
        <testcase name="test_list_numbering_sequences" file="C:\projetos\sistema\backend\tests\Feature\MasterCadastrosExtendedTest.php" line="77" class="Tests\Feature\MasterCadastrosExtendedTest" classname="Tests.Feature.MasterCadastrosExtendedTest" assertions="0" time="0.000000">
          <error type="PDOException">Tests\Feature\MasterCadastrosExtendedTest::test_list_numbering_sequences&#13;
PDOException: There is already an active transaction
&#13;
C:\projetos\sistema\backend\vendor\laravel\framework\src\Illuminate\Database\SQLiteConnection.php:38
C:\projetos\sistema\backend\vendor\laravel\framework\src\Illuminate\Database\Concerns\ManagesTransactions.php:154
C:\projetos\sistema\backend\vendor\laravel\framework\src\Illuminate\Database\Concerns\ManagesTransactions.php:130
C:\projetos\sistema\backend\vendor\laravel\framework\src\Illuminate\Foundation\Testing\RefreshDatabase.php:147
C:\projetos\sistema\backend\vendor\laravel\framework\src\Illuminate\Foundation\Testing\RefreshDatabase.php:93
C:\projetos\sistema\backend\vendor\laravel\framework\src\Illuminate\Foundation\Testing\RefreshDatabase.php:25
C:\projetos\sistema\backend\vendor\laravel\framework\src\Illuminate\Foundation\Testing\Concerns\InteractsWithTestCaseLifecycle.php:217
C:\projetos\sistema\backend\vendor\laravel\framework\src\Illuminate\Foundation\Testing\Concerns\InteractsWithTestCaseLifecycle.php:101
C:\projetos\sistema\backend\vendor\laravel\framework\src\Illuminate\Foundation\Testing\TestCase.php:63
C:\projetos\sistema\backend\tests\Feature\MasterCadastrosExtendedTest.php:25</error>
        </testcase>
        <testcase name="test_list_payment_methods" file="C:\projetos\sistema\backend\tests\Feature\MasterCadastrosExtendedTest.php" line="85" class="Tests\Feature\MasterCadastrosExtendedTest" classname="Tests.Feature.MasterCadastrosExtendedTest" assertions="0" time="0.000000">
          <error type="PDOException">Tests\Feature\MasterCadastrosExtendedTest::test_list_payment_methods&#13;
PDOException: There is already an active transaction
&#13;
C:\projetos\sistema\backend\vendor\laravel\framework\src\Illuminate\Database\SQLiteConnection.php:38
C:\projetos\sistema\backend\vendor\laravel\framework\src\Illuminate\Database\Concerns\ManagesTransactions.php:154
C:\projetos\sistema\backend\vendor\laravel\framework\src\Illuminate\Database\Concerns\ManagesTransactions.php:130
C:\projetos\sistema\backend\vendor\laravel\framework\src\Illuminate\Foundation\Testing\RefreshDatabase.php:147
C:\projetos\sistema\backend\vendor\laravel\framework\src\Illuminate\Foundation\Testing\RefreshDatabase.php:93
C:\projetos\sistema\backend\vendor\laravel\framework\src\Illuminate\Foundation\Testing\RefreshDatabase.php:25
C:\projetos\sistema\backend\vendor\laravel\framework\src\Illuminate\Foundation\Testing\Concerns\InteractsWithTestCaseLifecycle.php:217
C:\projetos\sistema\backend\vendor\laravel\framework\src\Illuminate\Foundation\Testing\Concerns\InteractsWithTestCaseLifecycle.php:101
C:\projetos\sistema\backend\vendor\laravel\framework\src\Illuminate\Foundation\Testing\TestCase.php:63
C:\projetos\sistema\backend\tests\Feature\MasterCadastrosExtendedTest.php:25</error>
        </testcase>
        <testcase name="test_create_payment_method" file="C:\projetos\sistema\backend\tests\Feature\MasterCadastrosExtendedTest.php" line="91" class="Tests\Feature\MasterCadastrosExtendedTest" classname="Tests.Feature.MasterCadastrosExtendedTest" assertions="0" time="0.000000">
          <error type="PDOException">Tests\Feature\MasterCadastrosExtendedTest::test_create_payment_method&#13;
PDOException: There is already an active transaction
&#13;
C:\projetos\sistema\backend\vendor\laravel\framework\src\Illuminate\Database\SQLiteConnection.php:38
C:\projetos\sistema\backend\vendor\laravel\framework\src\Illuminate\Database\Concerns\ManagesTransactions.php:154
C:\projetos\sistema\backend\vendor\laravel\framework\src\Illuminate\Database\Concerns\ManagesTransactions.php:130
C:\projetos\sistema\backend\vendor\laravel\framework\src\Illuminate\Foundation\Testing\RefreshDatabase.php:147
C:\projetos\sistema\backend\vendor\laravel\framework\src\Illuminate\Foundation\Testing\RefreshDatabase.php:93
C:\projetos\sistema\backend\vendor\laravel\framework\src\Illuminate\Foundation\Testing\RefreshDatabase.php:25
C:\projetos\sistema\backend\vendor\laravel\framework\src\Illuminate\Foundation\Testing\Concerns\InteractsWithTestCaseLifecycle.php:217
C:\projetos\sistema\backend\vendor\laravel\framework\src\Illuminate\Foundation\Testing\Concerns\InteractsWithTestCaseLifecycle.php:101
C:\projetos\sistema\backend\vendor\laravel\framework\src\Illuminate\Foundation\Testing\TestCase.php:63
C:\projetos\sistema\backend\tests\Feature\MasterCadastrosExtendedTest.php:25</error>
        </testcase>
        <testcase name="test_list_chart_of_accounts" file="C:\projetos\sistema\backend\tests\Feature\MasterCadastrosExtendedTest.php" line="102" class="Tests\Feature\MasterCadastrosExtendedTest" classname="Tests.Feature.MasterCadastrosExtendedTest" assertions="0" time="0.000000">
          <error type="PDOException">Tests\Feature\MasterCadastrosExtendedTest::test_list_chart_of_accounts&#13;
PDOException: There is already an active transaction
&#13;
C:\projetos\sistema\backend\vendor\laravel\framework\src\Illuminate\Database\SQLiteConnection.php:38
C:\projetos\sistema\backend\vendor\laravel\framework\src\Illuminate\Database\Concerns\ManagesTransactions.php:154
C:\projetos\sistema\backend\vendor\laravel\framework\src\Illuminate\Database\Concerns\ManagesTransactions.php:130
C:\projetos\sistema\backend\vendor\laravel\framework\src\Illuminate\Foundation\Testing\RefreshDatabase.php:147
C:\projetos\sistema\backend\vendor\laravel\framework\src\Illuminate\Foundation\Testing\RefreshDatabase.php:93
C:\projetos\sistema\backend\vendor\laravel\framework\src\Illuminate\Foundation\Testing\RefreshDatabase.php:25
C:\projetos\sistema\backend\vendor\laravel\framework\src\Illuminate\Foundation\Testing\Concerns\InteractsWithTestCaseLifecycle.php:217
C:\projetos\sistema\backend\vendor\laravel\framework\src\Illuminate\Foundation\Testing\Concerns\InteractsWithTestCaseLifecycle.php:101
C:\projetos\sistema\backend\vendor\laravel\framework\src\Illuminate\Foundation\Testing\TestCase.php:63
C:\projetos\sistema\backend\tests\Feature\MasterCadastrosExtendedTest.php:25</error>
        </testcase>
        <testcase name="test_create_chart_of_account" file="C:\projetos\sistema\backend\tests\Feature\MasterCadastrosExtendedTest.php" line="108" class="Tests\Feature\MasterCadastrosExtendedTest" classname="Tests.Feature.MasterCadastrosExtendedTest" assertions="0" time="0.000000">
          <error type="PDOException">Tests\Feature\MasterCadastrosExtendedTest::test_create_chart_of_account&#13;
PDOException: There is already an active transaction
&#13;
C:\projetos\sistema\backend\vendor\laravel\framework\src\Illuminate\Database\SQLiteConnection.php:38
C:\projetos\sistema\backend\vendor\laravel\framework\src\Illuminate\Database\Concerns\ManagesTransactions.php:154
C:\projetos\sistema\backend\vendor\laravel\framework\src\Illuminate\Database\Concerns\ManagesTransactions.php:130
C:\projetos\sistema\backend\vendor\laravel\framework\src\Illuminate\Foundation\Testing\RefreshDatabase.php:147
C:\projetos\sistema\backend\vendor\laravel\framework\src\Illuminate\Foundation\Testing\RefreshDatabase.php:93
C:\projetos\sistema\backend\vendor\laravel\framework\src\Illuminate\Foundation\Testing\RefreshDatabase.php:25
C:\projetos\sistema\backend\vendor\laravel\framework\src\Illuminate\Foundation\Testing\Concerns\InteractsWithTestCaseLifecycle.php:217
C:\projetos\sistema\backend\vendor\laravel\framework\src\Illuminate\Foundation\Testing\Concerns\InteractsWithTestCaseLifecycle.php:101
C:\projetos\sistema\backend\vendor\laravel\framework\src\Illuminate\Foundation\Testing\TestCase.php:63
C:\projetos\sistema\backend\tests\Feature\MasterCadastrosExtendedTest.php:25</error>
        </testcase>
        <testcase name="test_list_service_checklists" file="C:\projetos\sistema\backend\tests\Feature\MasterCadastrosExtendedTest.php" line="120" class="Tests\Feature\MasterCadastrosExtendedTest" classname="Tests.Feature.MasterCadastrosExtendedTest" assertions="0" time="0.000000">
          <error type="PDOException">Tests\Feature\MasterCadastrosExtendedTest::test_list_service_checklists&#13;
PDOException: There is already an active transaction
&#13;
C:\projetos\sistema\backend\vendor\laravel\framework\src\Illuminate\Database\SQLiteConnection.php:38
C:\projetos\sistema\backend\vendor\laravel\framework\src\Illuminate\Database\Concerns\ManagesTransactions.php:154
C:\projetos\sistema\backend\vendor\laravel\framework\src\Illuminate\Database\Concerns\ManagesTransactions.php:130
C:\projetos\sistema\backend\vendor\laravel\framework\src\Illuminate\Foundation\Testing\RefreshDatabase.php:147
C:\projetos\sistema\backend\vendor\laravel\framework\src\Illuminate\Foundation\Testing\RefreshDatabase.php:93
C:\projetos\sistema\backend\vendor\laravel\framework\src\Illuminate\Foundation\Testing\RefreshDatabase.php:25
C:\projetos\sistema\backend\vendor\laravel\framework\src\Illuminate\Foundation\Testing\Concerns\InteractsWithTestCaseLifecycle.php:217
C:\projetos\sistema\backend\vendor\laravel\framework\src\Illuminate\Foundation\Testing\Concerns\InteractsWithTestCaseLifecycle.php:101
C:\projetos\sistema\backend\vendor\laravel\framework\src\Illuminate\Foundation\Testing\TestCase.php:63
C:\projetos\sistema\backend\tests\Feature\MasterCadastrosExtendedTest.php:25</error>
        </testcase>
        <testcase name="test_create_service_checklist" file="C:\projetos\sistema\backend\tests\Feature\MasterCadastrosExtendedTest.php" line="126" class="Tests\Feature\MasterCadastrosExtendedTest" classname="Tests.Feature.MasterCadastrosExtendedTest" assertions="0" time="0.000000">
          <error type="PDOException">Tests\Feature\MasterCadastrosExtendedTest::test_create_service_checklist&#13;
PDOException: There is already an active transaction
&#13;
C:\projetos\sistema\backend\vendor\laravel\framework\src\Illuminate\Database\SQLiteConnection.php:38
C:\projetos\sistema\backend\vendor\laravel\framework\src\Illuminate\Database\Concerns\ManagesTransactions.php:154
C:\projetos\sistema\backend\vendor\laravel\framework\src\Illuminate\Database\Concerns\ManagesTransactions.php:130
C:\projetos\sistema\backend\vendor\laravel\framework\src\Illuminate\Foundation\Testing\RefreshDatabase.php:147
C:\projetos\sistema\backend\vendor\laravel\framework\src\Illuminate\Foundation\Testing\RefreshDatabase.php:93
C:\projetos\sistema\backend\vendor\laravel\framework\src\Illuminate\Foundation\Testing\RefreshDatabase.php:25
C:\projetos\sistema\backend\vendor\laravel\framework\src\Illuminate\Foundation\Testing\Concerns\InteractsWithTestCaseLifecycle.php:217
C:\projetos\sistema\backend\vendor\laravel\framework\src\Illuminate\Foundation\Testing\Concerns\InteractsWithTestCaseLifecycle.php:101
C:\projetos\sistema\backend\vendor\laravel\framework\src\Illuminate\Foundation\Testing\TestCase.php:63
C:\projetos\sistema\backend\tests\Feature\MasterCadastrosExtendedTest.php:25</error>
        </testcase>
        <testcase name="test_list_sla_policies" file="C:\projetos\sistema\backend\tests\Feature\MasterCadastrosExtendedTest.php" line="140" class="Tests\Feature\MasterCadastrosExtendedTest" classname="Tests.Feature.MasterCadastrosExtendedTest" assertions="0" time="0.000000">
          <error type="PDOException">Tests\Feature\MasterCadastrosExtendedTest::test_list_sla_policies&#13;
PDOException: There is already an active transaction
&#13;
C:\projetos\sistema\backend\vendor\laravel\framework\src\Illuminate\Database\SQLiteConnection.php:38
C:\projetos\sistema\backend\vendor\laravel\framework\src\Illuminate\Database\Concerns\ManagesTransactions.php:154
C:\projetos\sistema\backend\vendor\laravel\framework\src\Illuminate\Database\Concerns\ManagesTransactions.php:130
C:\projetos\sistema\backend\vendor\laravel\framework\src\Illuminate\Foundation\Testing\RefreshDatabase.php:147
C:\projetos\sistema\backend\vendor\laravel\framework\src\Illuminate\Foundation\Testing\RefreshDatabase.php:93
C:\projetos\sistema\backend\vendor\laravel\framework\src\Illuminate\Foundation\Testing\RefreshDatabase.php:25
C:\projetos\sistema\backend\vendor\laravel\framework\src\Illuminate\Foundation\Testing\Concerns\InteractsWithTestCaseLifecycle.php:217
C:\projetos\sistema\backend\vendor\laravel\framework\src\Illuminate\Foundation\Testing\Concerns\InteractsWithTestCaseLifecycle.php:101
C:\projetos\sistema\backend\vendor\laravel\framework\src\Illuminate\Foundation\Testing\TestCase.php:63
C:\projetos\sistema\backend\tests\Feature\MasterCadastrosExtendedTest.php:25</error>
        </testcase>
        <testcase name="test_create_sla_policy" file="C:\projetos\sistema\backend\tests\Feature\MasterCadastrosExtendedTest.php" line="146" class="Tests\Feature\MasterCadastrosExtendedTest" classname="Tests.Feature.MasterCadastrosExtendedTest" assertions="0" time="0.000000">
          <error type="PDOException">Tests\Feature\MasterCadastrosExtendedTest::test_create_sla_policy&#13;
PDOException: There is already an active transaction
&#13;
C:\projetos\sistema\backend\vendor\laravel\framework\src\Illuminate\Database\SQLiteConnection.php:38
C:\projetos\sistema\backend\vendor\laravel\framework\src\Illuminate\Database\Concerns\ManagesTransactions.php:154
C:\projetos\sistema\backend\vendor\laravel\framework\src\Illuminate\Database\Concerns\ManagesTransactions.php:130
C:\projetos\sistema\backend\vendor\laravel\framework\src\Illuminate\Foundation\Testing\RefreshDatabase.php:147
C:\projetos\sistema\backend\vendor\laravel\framework\src\Illuminate\Foundation\Testing\RefreshDatabase.php:93
C:\projetos\sistema\backend\vendor\laravel\framework\src\Illuminate\Foundation\Testing\RefreshDatabase.php:25
C:\projetos\sistema\backend\vendor\laravel\framework\src\Illuminate\Foundation\Testing\Concerns\InteractsWithTestCaseLifecycle.php:217
C:\projetos\sistema\backend\vendor\laravel\framework\src\Illuminate\Foundation\Testing\Concerns\InteractsWithTestCaseLifecycle.php:101
C:\projetos\sistema\backend\vendor\laravel\framework\src\Illuminate\Foundation\Testing\TestCase.php:63
C:\projetos\sistema\backend\tests\Feature\MasterCadastrosExtendedTest.php:25</error>
        </testcase>
      </testsuite>
      <testsuite name="Tests\Feature\MasterCadastrosProfessionalTest" file="C:\projetos\sistema\backend\tests\Feature\MasterCadastrosProfessionalTest.php" tests="17" assertions="0" errors="17" failures="0" skipped="0" time="0.000000">
        <testcase name="test_create_standard_weight_persists" file="C:\projetos\sistema\backend\tests\Feature\MasterCadastrosProfessionalTest.php" line="51" class="Tests\Feature\MasterCadastrosProfessionalTest" classname="Tests.Feature.MasterCadastrosProfessionalTest" assertions="0" time="0.000000">
          <error type="PDOException">Tests\Feature\MasterCadastrosProfessionalTest::test_create_standard_weight_persists&#13;
PDOException: There is already an active transaction
&#13;
C:\projetos\sistema\backend\vendor\laravel\framework\src\Illuminate\Database\SQLiteConnection.php:38
C:\projetos\sistema\backend\vendor\laravel\framework\src\Illuminate\Database\Concerns\ManagesTransactions.php:154
C:\projetos\sistema\backend\vendor\laravel\framework\src\Illuminate\Database\Concerns\ManagesTransactions.php:130
C:\projetos\sistema\backend\vendor\laravel\framework\src\Illuminate\Foundation\Testing\RefreshDatabase.php:147
C:\projetos\sistema\backend\vendor\laravel\framework\src\Illuminate\Foundation\Testing\RefreshDatabase.php:93
C:\projetos\sistema\backend\vendor\laravel\framework\src\Illuminate\Foundation\Testing\RefreshDatabase.php:25
C:\projetos\sistema\backend\vendor\laravel\framework\src\Illuminate\Foundation\Testing\Concerns\InteractsWithTestCaseLifecycle.php:217
C:\projetos\sistema\backend\vendor\laravel\framework\src\Illuminate\Foundation\Testing\Concerns\InteractsWithTestCaseLifecycle.php:101
C:\projetos\sistema\backend\vendor\laravel\framework\src\Illuminate\Foundation\Testing\TestCase.php:63
C:\projetos\sistema\backend\tests\Feature\MasterCadastrosProfessionalTest.php:29</error>
        </testcase>
        <testcase name="test_list_standard_weights_returns_data" file="C:\projetos\sistema\backend\tests\Feature\MasterCadastrosProfessionalTest.php" line="73" class="Tests\Feature\MasterCadastrosProfessionalTest" classname="Tests.Feature.MasterCadastrosProfessionalTest" assertions="0" time="0.000000">
          <error type="PDOException">Tests\Feature\MasterCadastrosProfessionalTest::test_list_standard_weights_returns_data&#13;
PDOException: There is already an active transaction
&#13;
C:\projetos\sistema\backend\vendor\laravel\framework\src\Illuminate\Database\SQLiteConnection.php:38
C:\projetos\sistema\backend\vendor\laravel\framework\src\Illuminate\Database\Concerns\ManagesTransactions.php:154
C:\projetos\sistema\backend\vendor\laravel\framework\src\Illuminate\Database\Concerns\ManagesTransactions.php:130
C:\projetos\sistema\backend\vendor\laravel\framework\src\Illuminate\Foundation\Testing\RefreshDatabase.php:147
C:\projetos\sistema\backend\vendor\laravel\framework\src\Illuminate\Foundation\Testing\RefreshDatabase.php:93
C:\projetos\sistema\backend\vendor\laravel\framework\src\Illuminate\Foundation\Testing\RefreshDatabase.php:25
C:\projetos\sistema\backend\vendor\laravel\framework\src\Illuminate\Foundation\Testing\Concerns\InteractsWithTestCaseLifecycle.php:217
C:\projetos\sistema\backend\vendor\laravel\framework\src\Illuminate\Foundation\Testing\Concerns\InteractsWithTestCaseLifecycle.php:101
C:\projetos\sistema\backend\vendor\laravel\framework\src\Illuminate\Foundation\Testing\TestCase.php:63
C:\projetos\sistema\backend\tests\Feature\MasterCadastrosProfessionalTest.php:29</error>
        </testcase>
        <testcase name="test_standard_weights_expiring_returns_upcoming" file="C:\projetos\sistema\backend\tests\Feature\MasterCadastrosProfessionalTest.php" line="79" class="Tests\Feature\MasterCadastrosProfessionalTest" classname="Tests.Feature.MasterCadastrosProfessionalTest" assertions="0" time="0.000000">
          <error type="PDOException">Tests\Feature\MasterCadastrosProfessionalTest::test_standard_weights_expiring_returns_upcoming&#13;
PDOException: There is already an active transaction
&#13;
C:\projetos\sistema\backend\vendor\laravel\framework\src\Illuminate\Database\SQLiteConnection.php:38
C:\projetos\sistema\backend\vendor\laravel\framework\src\Illuminate\Database\Concerns\ManagesTransactions.php:154
C:\projetos\sistema\backend\vendor\laravel\framework\src\Illuminate\Database\Concerns\ManagesTransactions.php:130
C:\projetos\sistema\backend\vendor\laravel\framework\src\Illuminate\Foundation\Testing\RefreshDatabase.php:147
C:\projetos\sistema\backend\vendor\laravel\framework\src\Illuminate\Foundation\Testing\RefreshDatabase.php:93
C:\projetos\sistema\backend\vendor\laravel\framework\src\Illuminate\Foundation\Testing\RefreshDatabase.php:25
C:\projetos\sistema\backend\vendor\laravel\framework\src\Illuminate\Foundation\Testing\Concerns\InteractsWithTestCaseLifecycle.php:217
C:\projetos\sistema\backend\vendor\laravel\framework\src\Illuminate\Foundation\Testing\Concerns\InteractsWithTestCaseLifecycle.php:101
C:\projetos\sistema\backend\vendor\laravel\framework\src\Illuminate\Foundation\Testing\TestCase.php:63
C:\projetos\sistema\backend\tests\Feature\MasterCadastrosProfessionalTest.php:29</error>
        </testcase>
        <testcase name="test_standard_weights_constants_returns_classes" file="C:\projetos\sistema\backend\tests\Feature\MasterCadastrosProfessionalTest.php" line="85" class="Tests\Feature\MasterCadastrosProfessionalTest" classname="Tests.Feature.MasterCadastrosProfessionalTest" assertions="0" time="0.000000">
          <error type="PDOException">Tests\Feature\MasterCadastrosProfessionalTest::test_standard_weights_constants_returns_classes&#13;
PDOException: There is already an active transaction
&#13;
C:\projetos\sistema\backend\vendor\laravel\framework\src\Illuminate\Database\SQLiteConnection.php:38
C:\projetos\sistema\backend\vendor\laravel\framework\src\Illuminate\Database\Concerns\ManagesTransactions.php:154
C:\projetos\sistema\backend\vendor\laravel\framework\src\Illuminate\Database\Concerns\ManagesTransactions.php:130
C:\projetos\sistema\backend\vendor\laravel\framework\src\Illuminate\Foundation\Testing\RefreshDatabase.php:147
C:\projetos\sistema\backend\vendor\laravel\framework\src\Illuminate\Foundation\Testing\RefreshDatabase.php:93
C:\projetos\sistema\backend\vendor\laravel\framework\src\Illuminate\Foundation\Testing\RefreshDatabase.php:25
C:\projetos\sistema\backend\vendor\laravel\framework\src\Illuminate\Foundation\Testing\Concerns\InteractsWithTestCaseLifecycle.php:217
C:\projetos\sistema\backend\vendor\laravel\framework\src\Illuminate\Foundation\Testing\Concerns\InteractsWithTestCaseLifecycle.php:101
C:\projetos\sistema\backend\vendor\laravel\framework\src\Illuminate\Foundation\Testing\TestCase.php:63
C:\projetos\sistema\backend\tests\Feature\MasterCadastrosProfessionalTest.php:29</error>
        </testcase>
        <testcase name="test_create_duplicate_standard_weight_code_rejected" file="C:\projetos\sistema\backend\tests\Feature\MasterCadastrosProfessionalTest.php" line="92" class="Tests\Feature\MasterCadastrosProfessionalTest" classname="Tests.Feature.MasterCadastrosProfessionalTest" assertions="0" time="0.000000">
          <error type="PDOException">Tests\Feature\MasterCadastrosProfessionalTest::test_create_duplicate_standard_weight_code_rejected&#13;
PDOException: There is already an active transaction
&#13;
C:\projetos\sistema\backend\vendor\laravel\framework\src\Illuminate\Database\SQLiteConnection.php:38
C:\projetos\sistema\backend\vendor\laravel\framework\src\Illuminate\Database\Concerns\ManagesTransactions.php:154
C:\projetos\sistema\backend\vendor\laravel\framework\src\Illuminate\Database\Concerns\ManagesTransactions.php:130
C:\projetos\sistema\backend\vendor\laravel\framework\src\Illuminate\Foundation\Testing\RefreshDatabase.php:147
C:\projetos\sistema\backend\vendor\laravel\framework\src\Illuminate\Foundation\Testing\RefreshDatabase.php:93
C:\projetos\sistema\backend\vendor\laravel\framework\src\Illuminate\Foundation\Testing\RefreshDatabase.php:25
C:\projetos\sistema\backend\vendor\laravel\framework\src\Illuminate\Foundation\Testing\Concerns\InteractsWithTestCaseLifecycle.php:217
C:\projetos\sistema\backend\vendor\laravel\framework\src\Illuminate\Foundation\Testing\Concerns\InteractsWithTestCaseLifecycle.php:101
C:\projetos\sistema\backend\vendor\laravel\framework\src\Illuminate\Foundation\Testing\TestCase.php:63
C:\projetos\sistema\backend\tests\Feature\MasterCadastrosProfessionalTest.php:29</error>
        </testcase>
        <testcase name="test_list_numbering_sequences_returns_configuration" file="C:\projetos\sistema\backend\tests\Feature\MasterCadastrosProfessionalTest.php" line="118" class="Tests\Feature\MasterCadastrosProfessionalTest" classname="Tests.Feature.MasterCadastrosProfessionalTest" assertions="0" time="0.000000">
          <error type="PDOException">Tests\Feature\MasterCadastrosProfessionalTest::test_list_numbering_sequences_returns_configuration&#13;
PDOException: There is already an active transaction
&#13;
C:\projetos\sistema\backend\vendor\laravel\framework\src\Illuminate\Database\SQLiteConnection.php:38
C:\projetos\sistema\backend\vendor\laravel\framework\src\Illuminate\Database\Concerns\ManagesTransactions.php:154
C:\projetos\sistema\backend\vendor\laravel\framework\src\Illuminate\Database\Concerns\ManagesTransactions.php:130
C:\projetos\sistema\backend\vendor\laravel\framework\src\Illuminate\Foundation\Testing\RefreshDatabase.php:147
C:\projetos\sistema\backend\vendor\laravel\framework\src\Illuminate\Foundation\Testing\RefreshDatabase.php:93
C:\projetos\sistema\backend\vendor\laravel\framework\src\Illuminate\Foundation\Testing\RefreshDatabase.php:25
C:\projetos\sistema\backend\vendor\laravel\framework\src\Illuminate\Foundation\Testing\Concerns\InteractsWithTestCaseLifecycle.php:217
C:\projetos\sistema\backend\vendor\laravel\framework\src\Illuminate\Foundation\Testing\Concerns\InteractsWithTestCaseLifecycle.php:101
C:\projetos\sistema\backend\vendor\laravel\framework\src\Illuminate\Foundation\Testing\TestCase.php:63
C:\projetos\sistema\backend\tests\Feature\MasterCadastrosProfessionalTest.php:29</error>
        </testcase>
        <testcase name="test_create_payment_method_persists" file="C:\projetos\sistema\backend\tests\Feature\MasterCadastrosProfessionalTest.php" line="126" class="Tests\Feature\MasterCadastrosProfessionalTest" classname="Tests.Feature.MasterCadastrosProfessionalTest" assertions="0" time="0.000000">
          <error type="PDOException">Tests\Feature\MasterCadastrosProfessionalTest::test_create_payment_method_persists&#13;
PDOException: There is already an active transaction
&#13;
C:\projetos\sistema\backend\vendor\laravel\framework\src\Illuminate\Database\SQLiteConnection.php:38
C:\projetos\sistema\backend\vendor\laravel\framework\src\Illuminate\Database\Concerns\ManagesTransactions.php:154
C:\projetos\sistema\backend\vendor\laravel\framework\src\Illuminate\Database\Concerns\ManagesTransactions.php:130
C:\projetos\sistema\backend\vendor\laravel\framework\src\Illuminate\Foundation\Testing\RefreshDatabase.php:147
C:\projetos\sistema\backend\vendor\laravel\framework\src\Illuminate\Foundation\Testing\RefreshDatabase.php:93
C:\projetos\sistema\backend\vendor\laravel\framework\src\Illuminate\Foundation\Testing\RefreshDatabase.php:25
C:\projetos\sistema\backend\vendor\laravel\framework\src\Illuminate\Foundation\Testing\Concerns\InteractsWithTestCaseLifecycle.php:217
C:\projetos\sistema\backend\vendor\laravel\framework\src\Illuminate\Foundation\Testing\Concerns\InteractsWithTestCaseLifecycle.php:101
C:\projetos\sistema\backend\vendor\laravel\framework\src\Illuminate\Foundation\Testing\TestCase.php:63
C:\projetos\sistema\backend\tests\Feature\MasterCadastrosProfessionalTest.php:29</error>
        </testcase>
        <testcase name="test_list_payment_methods_returns_active" file="C:\projetos\sistema\backend\tests\Feature\MasterCadastrosProfessionalTest.php" line="142" class="Tests\Feature\MasterCadastrosProfessionalTest" classname="Tests.Feature.MasterCadastrosProfessionalTest" assertions="0" time="0.000000">
          <error type="PDOException">Tests\Feature\MasterCadastrosProfessionalTest::test_list_payment_methods_returns_active&#13;
PDOException: There is already an active transaction
&#13;
C:\projetos\sistema\backend\vendor\laravel\framework\src\Illuminate\Database\SQLiteConnection.php:38
C:\projetos\sistema\backend\vendor\laravel\framework\src\Illuminate\Database\Concerns\ManagesTransactions.php:154
C:\projetos\sistema\backend\vendor\laravel\framework\src\Illuminate\Database\Concerns\ManagesTransactions.php:130
C:\projetos\sistema\backend\vendor\laravel\framework\src\Illuminate\Foundation\Testing\RefreshDatabase.php:147
C:\projetos\sistema\backend\vendor\laravel\framework\src\Illuminate\Foundation\Testing\RefreshDatabase.php:93
C:\projetos\sistema\backend\vendor\laravel\framework\src\Illuminate\Foundation\Testing\RefreshDatabase.php:25
C:\projetos\sistema\backend\vendor\laravel\framework\src\Illuminate\Foundation\Testing\Concerns\InteractsWithTestCaseLifecycle.php:217
C:\projetos\sistema\backend\vendor\laravel\framework\src\Illuminate\Foundation\Testing\Concerns\InteractsWithTestCaseLifecycle.php:101
C:\projetos\sistema\backend\vendor\laravel\framework\src\Illuminate\Foundation\Testing\TestCase.php:63
C:\projetos\sistema\backend\tests\Feature\MasterCadastrosProfessionalTest.php:29</error>
        </testcase>
        <testcase name="test_create_duplicate_payment_method_rejected" file="C:\projetos\sistema\backend\tests\Feature\MasterCadastrosProfessionalTest.php" line="148" class="Tests\Feature\MasterCadastrosProfessionalTest" classname="Tests.Feature.MasterCadastrosProfessionalTest" assertions="0" time="0.000000">
          <error type="PDOException">Tests\Feature\MasterCadastrosProfessionalTest::test_create_duplicate_payment_method_rejected&#13;
PDOException: There is already an active transaction
&#13;
C:\projetos\sistema\backend\vendor\laravel\framework\src\Illuminate\Database\SQLiteConnection.php:38
C:\projetos\sistema\backend\vendor\laravel\framework\src\Illuminate\Database\Concerns\ManagesTransactions.php:154
C:\projetos\sistema\backend\vendor\laravel\framework\src\Illuminate\Database\Concerns\ManagesTransactions.php:130
C:\projetos\sistema\backend\vendor\laravel\framework\src\Illuminate\Foundation\Testing\RefreshDatabase.php:147
C:\projetos\sistema\backend\vendor\laravel\framework\src\Illuminate\Foundation\Testing\RefreshDatabase.php:93
C:\projetos\sistema\backend\vendor\laravel\framework\src\Illuminate\Foundation\Testing\RefreshDatabase.php:25
C:\projetos\sistema\backend\vendor\laravel\framework\src\Illuminate\Foundation\Testing\Concerns\InteractsWithTestCaseLifecycle.php:217
C:\projetos\sistema\backend\vendor\laravel\framework\src\Illuminate\Foundation\Testing\Concerns\InteractsWithTestCaseLifecycle.php:101
C:\projetos\sistema\backend\vendor\laravel\framework\src\Illuminate\Foundation\Testing\TestCase.php:63
C:\projetos\sistema\backend\tests\Feature\MasterCadastrosProfessionalTest.php:29</error>
        </testcase>
        <testcase name="test_create_chart_of_account_persists" file="C:\projetos\sistema\backend\tests\Feature\MasterCadastrosProfessionalTest.php" line="164" class="Tests\Feature\MasterCadastrosProfessionalTest" classname="Tests.Feature.MasterCadastrosProfessionalTest" assertions="0" time="0.000000">
          <error type="PDOException">Tests\Feature\MasterCadastrosProfessionalTest::test_create_chart_of_account_persists&#13;
PDOException: There is already an active transaction
&#13;
C:\projetos\sistema\backend\vendor\laravel\framework\src\Illuminate\Database\SQLiteConnection.php:38
C:\projetos\sistema\backend\vendor\laravel\framework\src\Illuminate\Database\Concerns\ManagesTransactions.php:154
C:\projetos\sistema\backend\vendor\laravel\framework\src\Illuminate\Database\Concerns\ManagesTransactions.php:130
C:\projetos\sistema\backend\vendor\laravel\framework\src\Illuminate\Foundation\Testing\RefreshDatabase.php:147
C:\projetos\sistema\backend\vendor\laravel\framework\src\Illuminate\Foundation\Testing\RefreshDatabase.php:93
C:\projetos\sistema\backend\vendor\laravel\framework\src\Illuminate\Foundation\Testing\RefreshDatabase.php:25
C:\projetos\sistema\backend\vendor\laravel\framework\src\Illuminate\Foundation\Testing\Concerns\InteractsWithTestCaseLifecycle.php:217
C:\projetos\sistema\backend\vendor\laravel\framework\src\Illuminate\Foundation\Testing\Concerns\InteractsWithTestCaseLifecycle.php:101
C:\projetos\sistema\backend\vendor\laravel\framework\src\Illuminate\Foundation\Testing\TestCase.php:63
C:\projetos\sistema\backend\tests\Feature\MasterCadastrosProfessionalTest.php:29</error>
        </testcase>
        <testcase name="test_list_chart_of_accounts_returns_tree" file="C:\projetos\sistema\backend\tests\Feature\MasterCadastrosProfessionalTest.php" line="182" class="Tests\Feature\MasterCadastrosProfessionalTest" classname="Tests.Feature.MasterCadastrosProfessionalTest" assertions="0" time="0.000000">
          <error type="PDOException">Tests\Feature\MasterCadastrosProfessionalTest::test_list_chart_of_accounts_returns_tree&#13;
PDOException: There is already an active transaction
&#13;
C:\projetos\sistema\backend\vendor\laravel\framework\src\Illuminate\Database\SQLiteConnection.php:38
C:\projetos\sistema\backend\vendor\laravel\framework\src\Illuminate\Database\Concerns\ManagesTransactions.php:154
C:\projetos\sistema\backend\vendor\laravel\framework\src\Illuminate\Database\Concerns\ManagesTransactions.php:130
C:\projetos\sistema\backend\vendor\laravel\framework\src\Illuminate\Foundation\Testing\RefreshDatabase.php:147
C:\projetos\sistema\backend\vendor\laravel\framework\src\Illuminate\Foundation\Testing\RefreshDatabase.php:93
C:\projetos\sistema\backend\vendor\laravel\framework\src\Illuminate\Foundation\Testing\RefreshDatabase.php:25
C:\projetos\sistema\backend\vendor\laravel\framework\src\Illuminate\Foundation\Testing\Concerns\InteractsWithTestCaseLifecycle.php:217
C:\projetos\sistema\backend\vendor\laravel\framework\src\Illuminate\Foundation\Testing\Concerns\InteractsWithTestCaseLifecycle.php:101
C:\projetos\sistema\backend\vendor\laravel\framework\src\Illuminate\Foundation\Testing\TestCase.php:63
C:\projetos\sistema\backend\tests\Feature\MasterCadastrosProfessionalTest.php:29</error>
        </testcase>
        <testcase name="test_create_duplicate_chart_code_rejected" file="C:\projetos\sistema\backend\tests\Feature\MasterCadastrosProfessionalTest.php" line="188" class="Tests\Feature\MasterCadastrosProfessionalTest" classname="Tests.Feature.MasterCadastrosProfessionalTest" assertions="0" time="0.000000">
          <error type="PDOException">Tests\Feature\MasterCadastrosProfessionalTest::test_create_duplicate_chart_code_rejected&#13;
PDOException: There is already an active transaction
&#13;
C:\projetos\sistema\backend\vendor\laravel\framework\src\Illuminate\Database\SQLiteConnection.php:38
C:\projetos\sistema\backend\vendor\laravel\framework\src\Illuminate\Database\Concerns\ManagesTransactions.php:154
C:\projetos\sistema\backend\vendor\laravel\framework\src\Illuminate\Database\Concerns\ManagesTransactions.php:130
C:\projetos\sistema\backend\vendor\laravel\framework\src\Illuminate\Foundation\Testing\RefreshDatabase.php:147
C:\projetos\sistema\backend\vendor\laravel\framework\src\Illuminate\Foundation\Testing\RefreshDatabase.php:93
C:\projetos\sistema\backend\vendor\laravel\framework\src\Illuminate\Foundation\Testing\RefreshDatabase.php:25
C:\projetos\sistema\backend\vendor\laravel\framework\src\Illuminate\Foundation\Testing\Concerns\InteractsWithTestCaseLifecycle.php:217
C:\projetos\sistema\backend\vendor\laravel\framework\src\Illuminate\Foundation\Testing\Concerns\InteractsWithTestCaseLifecycle.php:101
C:\projetos\sistema\backend\vendor\laravel\framework\src\Illuminate\Foundation\Testing\TestCase.php:63
C:\projetos\sistema\backend\tests\Feature\MasterCadastrosProfessionalTest.php:29</error>
        </testcase>
        <testcase name="test_create_service_checklist_with_items_persists" file="C:\projetos\sistema\backend\tests\Feature\MasterCadastrosProfessionalTest.php" line="206" class="Tests\Feature\MasterCadastrosProfessionalTest" classname="Tests.Feature.MasterCadastrosProfessionalTest" assertions="0" time="0.000000">
          <error type="PDOException">Tests\Feature\MasterCadastrosProfessionalTest::test_create_service_checklist_with_items_persists&#13;
PDOException: There is already an active transaction
&#13;
C:\projetos\sistema\backend\vendor\laravel\framework\src\Illuminate\Database\SQLiteConnection.php:38
C:\projetos\sistema\backend\vendor\laravel\framework\src\Illuminate\Database\Concerns\ManagesTransactions.php:154
C:\projetos\sistema\backend\vendor\laravel\framework\src\Illuminate\Database\Concerns\ManagesTransactions.php:130
C:\projetos\sistema\backend\vendor\laravel\framework\src\Illuminate\Foundation\Testing\RefreshDatabase.php:147
C:\projetos\sistema\backend\vendor\laravel\framework\src\Illuminate\Foundation\Testing\RefreshDatabase.php:93
C:\projetos\sistema\backend\vendor\laravel\framework\src\Illuminate\Foundation\Testing\RefreshDatabase.php:25
C:\projetos\sistema\backend\vendor\laravel\framework\src\Illuminate\Foundation\Testing\Concerns\InteractsWithTestCaseLifecycle.php:217
C:\projetos\sistema\backend\vendor\laravel\framework\src\Illuminate\Foundation\Testing\Concerns\InteractsWithTestCaseLifecycle.php:101
C:\projetos\sistema\backend\vendor\laravel\framework\src\Illuminate\Foundation\Testing\TestCase.php:63
C:\projetos\sistema\backend\tests\Feature\MasterCadastrosProfessionalTest.php:29</error>
        </testcase>
        <testcase name="test_list_service_checklists_returns_data" file="C:\projetos\sistema\backend\tests\Feature\MasterCadastrosProfessionalTest.php" line="225" class="Tests\Feature\MasterCadastrosProfessionalTest" classname="Tests.Feature.MasterCadastrosProfessionalTest" assertions="0" time="0.000000">
          <error type="PDOException">Tests\Feature\MasterCadastrosProfessionalTest::test_list_service_checklists_returns_data&#13;
PDOException: There is already an active transaction
&#13;
C:\projetos\sistema\backend\vendor\laravel\framework\src\Illuminate\Database\SQLiteConnection.php:38
C:\projetos\sistema\backend\vendor\laravel\framework\src\Illuminate\Database\Concerns\ManagesTransactions.php:154
C:\projetos\sistema\backend\vendor\laravel\framework\src\Illuminate\Database\Concerns\ManagesTransactions.php:130
C:\projetos\sistema\backend\vendor\laravel\framework\src\Illuminate\Foundation\Testing\RefreshDatabase.php:147
C:\projetos\sistema\backend\vendor\laravel\framework\src\Illuminate\Foundation\Testing\RefreshDatabase.php:93
C:\projetos\sistema\backend\vendor\laravel\framework\src\Illuminate\Foundation\Testing\RefreshDatabase.php:25
C:\projetos\sistema\backend\vendor\laravel\framework\src\Illuminate\Foundation\Testing\Concerns\InteractsWithTestCaseLifecycle.php:217
C:\projetos\sistema\backend\vendor\laravel\framework\src\Illuminate\Foundation\Testing\Concerns\InteractsWithTestCaseLifecycle.php:101
C:\projetos\sistema\backend\vendor\laravel\framework\src\Illuminate\Foundation\Testing\TestCase.php:63
C:\projetos\sistema\backend\tests\Feature\MasterCadastrosProfessionalTest.php:29</error>
        </testcase>
        <testcase name="test_create_sla_policy_persists_with_times" file="C:\projetos\sistema\backend\tests\Feature\MasterCadastrosProfessionalTest.php" line="233" class="Tests\Feature\MasterCadastrosProfessionalTest" classname="Tests.Feature.MasterCadastrosProfessionalTest" assertions="0" time="0.000000">
          <error type="PDOException">Tests\Feature\MasterCadastrosProfessionalTest::test_create_sla_policy_persists_with_times&#13;
PDOException: There is already an active transaction
&#13;
C:\projetos\sistema\backend\vendor\laravel\framework\src\Illuminate\Database\SQLiteConnection.php:38
C:\projetos\sistema\backend\vendor\laravel\framework\src\Illuminate\Database\Concerns\ManagesTransactions.php:154
C:\projetos\sistema\backend\vendor\laravel\framework\src\Illuminate\Database\Concerns\ManagesTransactions.php:130
C:\projetos\sistema\backend\vendor\laravel\framework\src\Illuminate\Foundation\Testing\RefreshDatabase.php:147
C:\projetos\sistema\backend\vendor\laravel\framework\src\Illuminate\Foundation\Testing\RefreshDatabase.php:93
C:\projetos\sistema\backend\vendor\laravel\framework\src\Illuminate\Foundation\Testing\RefreshDatabase.php:25
C:\projetos\sistema\backend\vendor\laravel\framework\src\Illuminate\Foundation\Testing\Concerns\InteractsWithTestCaseLifecycle.php:217
C:\projetos\sistema\backend\vendor\laravel\framework\src\Illuminate\Foundation\Testing\Concerns\InteractsWithTestCaseLifecycle.php:101
C:\projetos\sistema\backend\vendor\laravel\framework\src\Illuminate\Foundation\Testing\TestCase.php:63
C:\projetos\sistema\backend\tests\Feature\MasterCadastrosProfessionalTest.php:29</error>
        </testcase>
        <testcase name="test_list_sla_policies_returns_data" file="C:\projetos\sistema\backend\tests\Feature\MasterCadastrosProfessionalTest.php" line="253" class="Tests\Feature\MasterCadastrosProfessionalTest" classname="Tests.Feature.MasterCadastrosProfessionalTest" assertions="0" time="0.000000">
          <error type="PDOException">Tests\Feature\MasterCadastrosProfessionalTest::test_list_sla_policies_returns_data&#13;
PDOException: There is already an active transaction
&#13;
C:\projetos\sistema\backend\vendor\laravel\framework\src\Illuminate\Database\SQLiteConnection.php:38
C:\projetos\sistema\backend\vendor\laravel\framework\src\Illuminate\Database\Concerns\ManagesTransactions.php:154
C:\projetos\sistema\backend\vendor\laravel\framework\src\Illuminate\Database\Concerns\ManagesTransactions.php:130
C:\projetos\sistema\backend\vendor\laravel\framework\src\Illuminate\Foundation\Testing\RefreshDatabase.php:147
C:\projetos\sistema\backend\vendor\laravel\framework\src\Illuminate\Foundation\Testing\RefreshDatabase.php:93
C:\projetos\sistema\backend\vendor\laravel\framework\src\Illuminate\Foundation\Testing\RefreshDatabase.php:25
C:\projetos\sistema\backend\vendor\laravel\framework\src\Illuminate\Foundation\Testing\Concerns\InteractsWithTestCaseLifecycle.php:217
C:\projetos\sistema\backend\vendor\laravel\framework\src\Illuminate\Foundation\Testing\Concerns\InteractsWithTestCaseLifecycle.php:101
C:\projetos\sistema\backend\vendor\laravel\framework\src\Illuminate\Foundation\Testing\TestCase.php:63
C:\projetos\sistema\backend\tests\Feature\MasterCadastrosProfessionalTest.php:29</error>
        </testcase>
        <testcase name="test_create_sla_policy_validates_required_fields" file="C:\projetos\sistema\backend\tests\Feature\MasterCadastrosProfessionalTest.php" line="259" class="Tests\Feature\MasterCadastrosProfessionalTest" classname="Tests.Feature.MasterCadastrosProfessionalTest" assertions="0" time="0.000000">
          <error type="PDOException">Tests\Feature\MasterCadastrosProfessionalTest::test_create_sla_policy_validates_required_fields&#13;
PDOException: There is already an active transaction
&#13;
C:\projetos\sistema\backend\vendor\laravel\framework\src\Illuminate\Database\SQLiteConnection.php:38
C:\projetos\sistema\backend\vendor\laravel\framework\src\Illuminate\Database\Concerns\ManagesTransactions.php:154
C:\projetos\sistema\backend\vendor\laravel\framework\src\Illuminate\Database\Concerns\ManagesTransactions.php:130
C:\projetos\sistema\backend\vendor\laravel\framework\src\Illuminate\Foundation\Testing\RefreshDatabase.php:147
C:\projetos\sistema\backend\vendor\laravel\framework\src\Illuminate\Foundation\Testing\RefreshDatabase.php:93
C:\projetos\sistema\backend\vendor\laravel\framework\src\Illuminate\Foundation\Testing\RefreshDatabase.php:25
C:\projetos\sistema\backend\vendor\laravel\framework\src\Illuminate\Foundation\Testing\Concerns\InteractsWithTestCaseLifecycle.php:217
C:\projetos\sistema\backend\vendor\laravel\framework\src\Illuminate\Foundation\Testing\Concerns\InteractsWithTestCaseLifecycle.php:101
C:\projetos\sistema\backend\vendor\laravel\framework\src\Illuminate\Foundation\Testing\TestCase.php:63
C:\projetos\sistema\backend\tests\Feature\MasterCadastrosProfessionalTest.php:29</error>
        </testcase>
      </testsuite>
      <testsuite name="Tests\Feature\MiddlewareWithContextTest" file="C:\projetos\sistema\backend\tests\Feature\MiddlewareWithContextTest.php" tests="35" assertions="0" errors="35" failures="0" skipped="0" time="0.000000">
        <testcase name="test_customers_list_requires_permission" file="C:\projetos\sistema\backend\tests\Feature\MiddlewareWithContextTest.php" line="82" class="Tests\Feature\MiddlewareWithContextTest" classname="Tests.Feature.MiddlewareWithContextTest" assertions="0" time="0.000000">
          <error type="PDOException">Tests\Feature\MiddlewareWithContextTest::test_customers_list_requires_permission&#13;
PDOException: There is already an active transaction
&#13;
C:\projetos\sistema\backend\vendor\laravel\framework\src\Illuminate\Database\SQLiteConnection.php:38
C:\projetos\sistema\backend\vendor\laravel\framework\src\Illuminate\Database\Concerns\ManagesTransactions.php:154
C:\projetos\sistema\backend\vendor\laravel\framework\src\Illuminate\Database\Concerns\ManagesTransactions.php:130
C:\projetos\sistema\backend\vendor\laravel\framework\src\Illuminate\Foundation\Testing\RefreshDatabase.php:147
C:\projetos\sistema\backend\vendor\laravel\framework\src\Illuminate\Foundation\Testing\RefreshDatabase.php:93
C:\projetos\sistema\backend\vendor\laravel\framework\src\Illuminate\Foundation\Testing\RefreshDatabase.php:25
C:\projetos\sistema\backend\vendor\laravel\framework\src\Illuminate\Foundation\Testing\Concerns\InteractsWithTestCaseLifecycle.php:217
C:\projetos\sistema\backend\vendor\laravel\framework\src\Illuminate\Foundation\Testing\Concerns\InteractsWithTestCaseLifecycle.php:101
C:\projetos\sistema\backend\vendor\laravel\framework\src\Illuminate\Foundation\Testing\TestCase.php:63
C:\projetos\sistema\backend\tests\Feature\MiddlewareWithContextTest.php:30</error>
        </testcase>
        <testcase name="test_customers_create_requires_permission" file="C:\projetos\sistema\backend\tests\Feature\MiddlewareWithContextTest.php" line="91" class="Tests\Feature\MiddlewareWithContextTest" classname="Tests.Feature.MiddlewareWithContextTest" assertions="0" time="0.000000">
          <error type="PDOException">Tests\Feature\MiddlewareWithContextTest::test_customers_create_requires_permission&#13;
PDOException: There is already an active transaction
&#13;
C:\projetos\sistema\backend\vendor\laravel\framework\src\Illuminate\Database\SQLiteConnection.php:38
C:\projetos\sistema\backend\vendor\laravel\framework\src\Illuminate\Database\Concerns\ManagesTransactions.php:154
C:\projetos\sistema\backend\vendor\laravel\framework\src\Illuminate\Database\Concerns\ManagesTransactions.php:130
C:\projetos\sistema\backend\vendor\laravel\framework\src\Illuminate\Foundation\Testing\RefreshDatabase.php:147
C:\projetos\sistema\backend\vendor\laravel\framework\src\Illuminate\Foundation\Testing\RefreshDatabase.php:93
C:\projetos\sistema\backend\vendor\laravel\framework\src\Illuminate\Foundation\Testing\RefreshDatabase.php:25
C:\projetos\sistema\backend\vendor\laravel\framework\src\Illuminate\Foundation\Testing\Concerns\InteractsWithTestCaseLifecycle.php:217
C:\projetos\sistema\backend\vendor\laravel\framework\src\Illuminate\Foundation\Testing\Concerns\InteractsWithTestCaseLifecycle.php:101
C:\projetos\sistema\backend\vendor\laravel\framework\src\Illuminate\Foundation\Testing\TestCase.php:63
C:\projetos\sistema\backend\tests\Feature\MiddlewareWithContextTest.php:30</error>
        </testcase>
        <testcase name="test_products_list_requires_permission" file="C:\projetos\sistema\backend\tests\Feature\MiddlewareWithContextTest.php" line="106" class="Tests\Feature\MiddlewareWithContextTest" classname="Tests.Feature.MiddlewareWithContextTest" assertions="0" time="0.000000">
          <error type="PDOException">Tests\Feature\MiddlewareWithContextTest::test_products_list_requires_permission&#13;
PDOException: There is already an active transaction
&#13;
C:\projetos\sistema\backend\vendor\laravel\framework\src\Illuminate\Database\SQLiteConnection.php:38
C:\projetos\sistema\backend\vendor\laravel\framework\src\Illuminate\Database\Concerns\ManagesTransactions.php:154
C:\projetos\sistema\backend\vendor\laravel\framework\src\Illuminate\Database\Concerns\ManagesTransactions.php:130
C:\projetos\sistema\backend\vendor\laravel\framework\src\Illuminate\Foundation\Testing\RefreshDatabase.php:147
C:\projetos\sistema\backend\vendor\laravel\framework\src\Illuminate\Foundation\Testing\RefreshDatabase.php:93
C:\projetos\sistema\backend\vendor\laravel\framework\src\Illuminate\Foundation\Testing\RefreshDatabase.php:25
C:\projetos\sistema\backend\vendor\laravel\framework\src\Illuminate\Foundation\Testing\Concerns\InteractsWithTestCaseLifecycle.php:217
C:\projetos\sistema\backend\vendor\laravel\framework\src\Illuminate\Foundation\Testing\Concerns\InteractsWithTestCaseLifecycle.php:101
C:\projetos\sistema\backend\vendor\laravel\framework\src\Illuminate\Foundation\Testing\TestCase.php:63
C:\projetos\sistema\backend\tests\Feature\MiddlewareWithContextTest.php:30</error>
        </testcase>
        <testcase name="test_products_create_requires_permission" file="C:\projetos\sistema\backend\tests\Feature\MiddlewareWithContextTest.php" line="115" class="Tests\Feature\MiddlewareWithContextTest" classname="Tests.Feature.MiddlewareWithContextTest" assertions="0" time="0.000000">
          <error type="PDOException">Tests\Feature\MiddlewareWithContextTest::test_products_create_requires_permission&#13;
PDOException: There is already an active transaction
&#13;
C:\projetos\sistema\backend\vendor\laravel\framework\src\Illuminate\Database\SQLiteConnection.php:38
C:\projetos\sistema\backend\vendor\laravel\framework\src\Illuminate\Database\Concerns\ManagesTransactions.php:154
C:\projetos\sistema\backend\vendor\laravel\framework\src\Illuminate\Database\Concerns\ManagesTransactions.php:130
C:\projetos\sistema\backend\vendor\laravel\framework\src\Illuminate\Foundation\Testing\RefreshDatabase.php:147
C:\projetos\sistema\backend\vendor\laravel\framework\src\Illuminate\Foundation\Testing\RefreshDatabase.php:93
C:\projetos\sistema\backend\vendor\laravel\framework\src\Illuminate\Foundation\Testing\RefreshDatabase.php:25
C:\projetos\sistema\backend\vendor\laravel\framework\src\Illuminate\Foundation\Testing\Concerns\InteractsWithTestCaseLifecycle.php:217
C:\projetos\sistema\backend\vendor\laravel\framework\src\Illuminate\Foundation\Testing\Concerns\InteractsWithTestCaseLifecycle.php:101
C:\projetos\sistema\backend\vendor\laravel\framework\src\Illuminate\Foundation\Testing\TestCase.php:63
C:\projetos\sistema\backend\tests\Feature\MiddlewareWithContextTest.php:30</error>
        </testcase>
        <testcase name="test_services_list_requires_permission" file="C:\projetos\sistema\backend\tests\Feature\MiddlewareWithContextTest.php" line="130" class="Tests\Feature\MiddlewareWithContextTest" classname="Tests.Feature.MiddlewareWithContextTest" assertions="0" time="0.000000">
          <error type="PDOException">Tests\Feature\MiddlewareWithContextTest::test_services_list_requires_permission&#13;
PDOException: There is already an active transaction
&#13;
C:\projetos\sistema\backend\vendor\laravel\framework\src\Illuminate\Database\SQLiteConnection.php:38
C:\projetos\sistema\backend\vendor\laravel\framework\src\Illuminate\Database\Concerns\ManagesTransactions.php:154
C:\projetos\sistema\backend\vendor\laravel\framework\src\Illuminate\Database\Concerns\ManagesTransactions.php:130
C:\projetos\sistema\backend\vendor\laravel\framework\src\Illuminate\Foundation\Testing\RefreshDatabase.php:147
C:\projetos\sistema\backend\vendor\laravel\framework\src\Illuminate\Foundation\Testing\RefreshDatabase.php:93
C:\projetos\sistema\backend\vendor\laravel\framework\src\Illuminate\Foundation\Testing\RefreshDatabase.php:25
C:\projetos\sistema\backend\vendor\laravel\framework\src\Illuminate\Foundation\Testing\Concerns\InteractsWithTestCaseLifecycle.php:217
C:\projetos\sistema\backend\vendor\laravel\framework\src\Illuminate\Foundation\Testing\Concerns\InteractsWithTestCaseLifecycle.php:101
C:\projetos\sistema\backend\vendor\laravel\framework\src\Illuminate\Foundation\Testing\TestCase.php:63
C:\projetos\sistema\backend\tests\Feature\MiddlewareWithContextTest.php:30</error>
        </testcase>
        <testcase name="test_suppliers_list_requires_permission" file="C:\projetos\sistema\backend\tests\Feature\MiddlewareWithContextTest.php" line="143" class="Tests\Feature\MiddlewareWithContextTest" classname="Tests.Feature.MiddlewareWithContextTest" assertions="0" time="0.000000">
          <error type="PDOException">Tests\Feature\MiddlewareWithContextTest::test_suppliers_list_requires_permission&#13;
PDOException: There is already an active transaction
&#13;
C:\projetos\sistema\backend\vendor\laravel\framework\src\Illuminate\Database\SQLiteConnection.php:38
C:\projetos\sistema\backend\vendor\laravel\framework\src\Illuminate\Database\Concerns\ManagesTransactions.php:154
C:\projetos\sistema\backend\vendor\laravel\framework\src\Illuminate\Database\Concerns\ManagesTransactions.php:130
C:\projetos\sistema\backend\vendor\laravel\framework\src\Illuminate\Foundation\Testing\RefreshDatabase.php:147
C:\projetos\sistema\backend\vendor\laravel\framework\src\Illuminate\Foundation\Testing\RefreshDatabase.php:93
C:\projetos\sistema\backend\vendor\laravel\framework\src\Illuminate\Foundation\Testing\RefreshDatabase.php:25
C:\projetos\sistema\backend\vendor\laravel\framework\src\Illuminate\Foundation\Testing\Concerns\InteractsWithTestCaseLifecycle.php:217
C:\projetos\sistema\backend\vendor\laravel\framework\src\Illuminate\Foundation\Testing\Concerns\InteractsWithTestCaseLifecycle.php:101
C:\projetos\sistema\backend\vendor\laravel\framework\src\Illuminate\Foundation\Testing\TestCase.php:63
C:\projetos\sistema\backend\tests\Feature\MiddlewareWithContextTest.php:30</error>
        </testcase>
        <testcase name="test_equipments_list_requires_permission" file="C:\projetos\sistema\backend\tests\Feature\MiddlewareWithContextTest.php" line="156" class="Tests\Feature\MiddlewareWithContextTest" classname="Tests.Feature.MiddlewareWithContextTest" assertions="0" time="0.000000">
          <error type="PDOException">Tests\Feature\MiddlewareWithContextTest::test_equipments_list_requires_permission&#13;
PDOException: There is already an active transaction
&#13;
C:\projetos\sistema\backend\vendor\laravel\framework\src\Illuminate\Database\SQLiteConnection.php:38
C:\projetos\sistema\backend\vendor\laravel\framework\src\Illuminate\Database\Concerns\ManagesTransactions.php:154
C:\projetos\sistema\backend\vendor\laravel\framework\src\Illuminate\Database\Concerns\ManagesTransactions.php:130
C:\projetos\sistema\backend\vendor\laravel\framework\src\Illuminate\Foundation\Testing\RefreshDatabase.php:147
C:\projetos\sistema\backend\vendor\laravel\framework\src\Illuminate\Foundation\Testing\RefreshDatabase.php:93
C:\projetos\sistema\backend\vendor\laravel\framework\src\Illuminate\Foundation\Testing\RefreshDatabase.php:25
C:\projetos\sistema\backend\vendor\laravel\framework\src\Illuminate\Foundation\Testing\Concerns\InteractsWithTestCaseLifecycle.php:217
C:\projetos\sistema\backend\vendor\laravel\framework\src\Illuminate\Foundation\Testing\Concerns\InteractsWithTestCaseLifecycle.php:101
C:\projetos\sistema\backend\vendor\laravel\framework\src\Illuminate\Foundation\Testing\TestCase.php:63
C:\projetos\sistema\backend\tests\Feature\MiddlewareWithContextTest.php:30</error>
        </testcase>
        <testcase name="test_equipments_create_requires_permission" file="C:\projetos\sistema\backend\tests\Feature\MiddlewareWithContextTest.php" line="165" class="Tests\Feature\MiddlewareWithContextTest" classname="Tests.Feature.MiddlewareWithContextTest" assertions="0" time="0.000000">
          <error type="PDOException">Tests\Feature\MiddlewareWithContextTest::test_equipments_create_requires_permission&#13;
PDOException: There is already an active transaction
&#13;
C:\projetos\sistema\backend\vendor\laravel\framework\src\Illuminate\Database\SQLiteConnection.php:38
C:\projetos\sistema\backend\vendor\laravel\framework\src\Illuminate\Database\Concerns\ManagesTransactions.php:154
C:\projetos\sistema\backend\vendor\laravel\framework\src\Illuminate\Database\Concerns\ManagesTransactions.php:130
C:\projetos\sistema\backend\vendor\laravel\framework\src\Illuminate\Foundation\Testing\RefreshDatabase.php:147
C:\projetos\sistema\backend\vendor\laravel\framework\src\Illuminate\Foundation\Testing\RefreshDatabase.php:93
C:\projetos\sistema\backend\vendor\laravel\framework\src\Illuminate\Foundation\Testing\RefreshDatabase.php:25
C:\projetos\sistema\backend\vendor\laravel\framework\src\Illuminate\Foundation\Testing\Concerns\InteractsWithTestCaseLifecycle.php:217
C:\projetos\sistema\backend\vendor\laravel\framework\src\Illuminate\Foundation\Testing\Concerns\InteractsWithTestCaseLifecycle.php:101
C:\projetos\sistema\backend\vendor\laravel\framework\src\Illuminate\Foundation\Testing\TestCase.php:63
C:\projetos\sistema\backend\tests\Feature\MiddlewareWithContextTest.php:30</error>
        </testcase>
        <testcase name="test_equipments_dashboard_requires_permission" file="C:\projetos\sistema\backend\tests\Feature\MiddlewareWithContextTest.php" line="175" class="Tests\Feature\MiddlewareWithContextTest" classname="Tests.Feature.MiddlewareWithContextTest" assertions="0" time="0.000000">
          <error type="PDOException">Tests\Feature\MiddlewareWithContextTest::test_equipments_dashboard_requires_permission&#13;
PDOException: There is already an active transaction
&#13;
C:\projetos\sistema\backend\vendor\laravel\framework\src\Illuminate\Database\SQLiteConnection.php:38
C:\projetos\sistema\backend\vendor\laravel\framework\src\Illuminate\Database\Concerns\ManagesTransactions.php:154
C:\projetos\sistema\backend\vendor\laravel\framework\src\Illuminate\Database\Concerns\ManagesTransactions.php:130
C:\projetos\sistema\backend\vendor\laravel\framework\src\Illuminate\Foundation\Testing\RefreshDatabase.php:147
C:\projetos\sistema\backend\vendor\laravel\framework\src\Illuminate\Foundation\Testing\RefreshDatabase.php:93
C:\projetos\sistema\backend\vendor\laravel\framework\src\Illuminate\Foundation\Testing\RefreshDatabase.php:25
C:\projetos\sistema\backend\vendor\laravel\framework\src\Illuminate\Foundation\Testing\Concerns\InteractsWithTestCaseLifecycle.php:217
C:\projetos\sistema\backend\vendor\laravel\framework\src\Illuminate\Foundation\Testing\Concerns\InteractsWithTestCaseLifecycle.php:101
C:\projetos\sistema\backend\vendor\laravel\framework\src\Illuminate\Foundation\Testing\TestCase.php:63
C:\projetos\sistema\backend\tests\Feature\MiddlewareWithContextTest.php:30</error>
        </testcase>
        <testcase name="test_standard_weights_list_requires_permission" file="C:\projetos\sistema\backend\tests\Feature\MiddlewareWithContextTest.php" line="188" class="Tests\Feature\MiddlewareWithContextTest" classname="Tests.Feature.MiddlewareWithContextTest" assertions="0" time="0.000000">
          <error type="PDOException">Tests\Feature\MiddlewareWithContextTest::test_standard_weights_list_requires_permission&#13;
PDOException: There is already an active transaction
&#13;
C:\projetos\sistema\backend\vendor\laravel\framework\src\Illuminate\Database\SQLiteConnection.php:38
C:\projetos\sistema\backend\vendor\laravel\framework\src\Illuminate\Database\Concerns\ManagesTransactions.php:154
C:\projetos\sistema\backend\vendor\laravel\framework\src\Illuminate\Database\Concerns\ManagesTransactions.php:130
C:\projetos\sistema\backend\vendor\laravel\framework\src\Illuminate\Foundation\Testing\RefreshDatabase.php:147
C:\projetos\sistema\backend\vendor\laravel\framework\src\Illuminate\Foundation\Testing\RefreshDatabase.php:93
C:\projetos\sistema\backend\vendor\laravel\framework\src\Illuminate\Foundation\Testing\RefreshDatabase.php:25
C:\projetos\sistema\backend\vendor\laravel\framework\src\Illuminate\Foundation\Testing\Concerns\InteractsWithTestCaseLifecycle.php:217
C:\projetos\sistema\backend\vendor\laravel\framework\src\Illuminate\Foundation\Testing\Concerns\InteractsWithTestCaseLifecycle.php:101
C:\projetos\sistema\backend\vendor\laravel\framework\src\Illuminate\Foundation\Testing\TestCase.php:63
C:\projetos\sistema\backend\tests\Feature\MiddlewareWithContextTest.php:30</error>
        </testcase>
        <testcase name="test_work_orders_list_requires_permission" file="C:\projetos\sistema\backend\tests\Feature\MiddlewareWithContextTest.php" line="201" class="Tests\Feature\MiddlewareWithContextTest" classname="Tests.Feature.MiddlewareWithContextTest" assertions="0" time="0.000000">
          <error type="PDOException">Tests\Feature\MiddlewareWithContextTest::test_work_orders_list_requires_permission&#13;
PDOException: There is already an active transaction
&#13;
C:\projetos\sistema\backend\vendor\laravel\framework\src\Illuminate\Database\SQLiteConnection.php:38
C:\projetos\sistema\backend\vendor\laravel\framework\src\Illuminate\Database\Concerns\ManagesTransactions.php:154
C:\projetos\sistema\backend\vendor\laravel\framework\src\Illuminate\Database\Concerns\ManagesTransactions.php:130
C:\projetos\sistema\backend\vendor\laravel\framework\src\Illuminate\Foundation\Testing\RefreshDatabase.php:147
C:\projetos\sistema\backend\vendor\laravel\framework\src\Illuminate\Foundation\Testing\RefreshDatabase.php:93
C:\projetos\sistema\backend\vendor\laravel\framework\src\Illuminate\Foundation\Testing\RefreshDatabase.php:25
C:\projetos\sistema\backend\vendor\laravel\framework\src\Illuminate\Foundation\Testing\Concerns\InteractsWithTestCaseLifecycle.php:217
C:\projetos\sistema\backend\vendor\laravel\framework\src\Illuminate\Foundation\Testing\Concerns\InteractsWithTestCaseLifecycle.php:101
C:\projetos\sistema\backend\vendor\laravel\framework\src\Illuminate\Foundation\Testing\TestCase.php:63
C:\projetos\sistema\backend\tests\Feature\MiddlewareWithContextTest.php:30</error>
        </testcase>
        <testcase name="test_work_orders_create_requires_permission" file="C:\projetos\sistema\backend\tests\Feature\MiddlewareWithContextTest.php" line="210" class="Tests\Feature\MiddlewareWithContextTest" classname="Tests.Feature.MiddlewareWithContextTest" assertions="0" time="0.000000">
          <error type="PDOException">Tests\Feature\MiddlewareWithContextTest::test_work_orders_create_requires_permission&#13;
PDOException: There is already an active transaction
&#13;
C:\projetos\sistema\backend\vendor\laravel\framework\src\Illuminate\Database\SQLiteConnection.php:38
C:\projetos\sistema\backend\vendor\laravel\framework\src\Illuminate\Database\Concerns\ManagesTransactions.php:154
C:\projetos\sistema\backend\vendor\laravel\framework\src\Illuminate\Database\Concerns\ManagesTransactions.php:130
C:\projetos\sistema\backend\vendor\laravel\framework\src\Illuminate\Foundation\Testing\RefreshDatabase.php:147
C:\projetos\sistema\backend\vendor\laravel\framework\src\Illuminate\Foundation\Testing\RefreshDatabase.php:93
C:\projetos\sistema\backend\vendor\laravel\framework\src\Illuminate\Foundation\Testing\RefreshDatabase.php:25
C:\projetos\sistema\backend\vendor\laravel\framework\src\Illuminate\Foundation\Testing\Concerns\InteractsWithTestCaseLifecycle.php:217
C:\projetos\sistema\backend\vendor\laravel\framework\src\Illuminate\Foundation\Testing\Concerns\InteractsWithTestCaseLifecycle.php:101
C:\projetos\sistema\backend\vendor\laravel\framework\src\Illuminate\Foundation\Testing\TestCase.php:63
C:\projetos\sistema\backend\tests\Feature\MiddlewareWithContextTest.php:30</error>
        </testcase>
        <testcase name="test_quotes_list_requires_permission" file="C:\projetos\sistema\backend\tests\Feature\MiddlewareWithContextTest.php" line="224" class="Tests\Feature\MiddlewareWithContextTest" classname="Tests.Feature.MiddlewareWithContextTest" assertions="0" time="0.000000">
          <error type="PDOException">Tests\Feature\MiddlewareWithContextTest::test_quotes_list_requires_permission&#13;
PDOException: There is already an active transaction
&#13;
C:\projetos\sistema\backend\vendor\laravel\framework\src\Illuminate\Database\SQLiteConnection.php:38
C:\projetos\sistema\backend\vendor\laravel\framework\src\Illuminate\Database\Concerns\ManagesTransactions.php:154
C:\projetos\sistema\backend\vendor\laravel\framework\src\Illuminate\Database\Concerns\ManagesTransactions.php:130
C:\projetos\sistema\backend\vendor\laravel\framework\src\Illuminate\Foundation\Testing\RefreshDatabase.php:147
C:\projetos\sistema\backend\vendor\laravel\framework\src\Illuminate\Foundation\Testing\RefreshDatabase.php:93
C:\projetos\sistema\backend\vendor\laravel\framework\src\Illuminate\Foundation\Testing\RefreshDatabase.php:25
C:\projetos\sistema\backend\vendor\laravel\framework\src\Illuminate\Foundation\Testing\Concerns\InteractsWithTestCaseLifecycle.php:217
C:\projetos\sistema\backend\vendor\laravel\framework\src\Illuminate\Foundation\Testing\Concerns\InteractsWithTestCaseLifecycle.php:101
C:\projetos\sistema\backend\vendor\laravel\framework\src\Illuminate\Foundation\Testing\TestCase.php:63
C:\projetos\sistema\backend\tests\Feature\MiddlewareWithContextTest.php:30</error>
        </testcase>
        <testcase name="test_quotes_create_requires_permission" file="C:\projetos\sistema\backend\tests\Feature\MiddlewareWithContextTest.php" line="233" class="Tests\Feature\MiddlewareWithContextTest" classname="Tests.Feature.MiddlewareWithContextTest" assertions="0" time="0.000000">
          <error type="PDOException">Tests\Feature\MiddlewareWithContextTest::test_quotes_create_requires_permission&#13;
PDOException: There is already an active transaction
&#13;
C:\projetos\sistema\backend\vendor\laravel\framework\src\Illuminate\Database\SQLiteConnection.php:38
C:\projetos\sistema\backend\vendor\laravel\framework\src\Illuminate\Database\Concerns\ManagesTransactions.php:154
C:\projetos\sistema\backend\vendor\laravel\framework\src\Illuminate\Database\Concerns\ManagesTransactions.php:130
C:\projetos\sistema\backend\vendor\laravel\framework\src\Illuminate\Foundation\Testing\RefreshDatabase.php:147
C:\projetos\sistema\backend\vendor\laravel\framework\src\Illuminate\Foundation\Testing\RefreshDatabase.php:93
C:\projetos\sistema\backend\vendor\laravel\framework\src\Illuminate\Foundation\Testing\RefreshDatabase.php:25
C:\projetos\sistema\backend\vendor\laravel\framework\src\Illuminate\Foundation\Testing\Concerns\InteractsWithTestCaseLifecycle.php:217
C:\projetos\sistema\backend\vendor\laravel\framework\src\Illuminate\Foundation\Testing\Concerns\InteractsWithTestCaseLifecycle.php:101
C:\projetos\sistema\backend\vendor\laravel\framework\src\Illuminate\Foundation\Testing\TestCase.php:63
C:\projetos\sistema\backend\tests\Feature\MiddlewareWithContextTest.php:30</error>
        </testcase>
        <testcase name="test_service_calls_list_requires_permission" file="C:\projetos\sistema\backend\tests\Feature\MiddlewareWithContextTest.php" line="247" class="Tests\Feature\MiddlewareWithContextTest" classname="Tests.Feature.MiddlewareWithContextTest" assertions="0" time="0.000000">
          <error type="PDOException">Tests\Feature\MiddlewareWithContextTest::test_service_calls_list_requires_permission&#13;
PDOException: There is already an active transaction
&#13;
C:\projetos\sistema\backend\vendor\laravel\framework\src\Illuminate\Database\SQLiteConnection.php:38
C:\projetos\sistema\backend\vendor\laravel\framework\src\Illuminate\Database\Concerns\ManagesTransactions.php:154
C:\projetos\sistema\backend\vendor\laravel\framework\src\Illuminate\Database\Concerns\ManagesTransactions.php:130
C:\projetos\sistema\backend\vendor\laravel\framework\src\Illuminate\Foundation\Testing\RefreshDatabase.php:147
C:\projetos\sistema\backend\vendor\laravel\framework\src\Illuminate\Foundation\Testing\RefreshDatabase.php:93
C:\projetos\sistema\backend\vendor\laravel\framework\src\Illuminate\Foundation\Testing\RefreshDatabase.php:25
C:\projetos\sistema\backend\vendor\laravel\framework\src\Illuminate\Foundation\Testing\Concerns\InteractsWithTestCaseLifecycle.php:217
C:\projetos\sistema\backend\vendor\laravel\framework\src\Illuminate\Foundation\Testing\Concerns\InteractsWithTestCaseLifecycle.php:101
C:\projetos\sistema\backend\vendor\laravel\framework\src\Illuminate\Foundation\Testing\TestCase.php:63
C:\projetos\sistema\backend\tests\Feature\MiddlewareWithContextTest.php:30</error>
        </testcase>
        <testcase name="test_crm_deals_list_requires_permission" file="C:\projetos\sistema\backend\tests\Feature\MiddlewareWithContextTest.php" line="260" class="Tests\Feature\MiddlewareWithContextTest" classname="Tests.Feature.MiddlewareWithContextTest" assertions="0" time="0.000000">
          <error type="PDOException">Tests\Feature\MiddlewareWithContextTest::test_crm_deals_list_requires_permission&#13;
PDOException: There is already an active transaction
&#13;
C:\projetos\sistema\backend\vendor\laravel\framework\src\Illuminate\Database\SQLiteConnection.php:38
C:\projetos\sistema\backend\vendor\laravel\framework\src\Illuminate\Database\Concerns\ManagesTransactions.php:154
C:\projetos\sistema\backend\vendor\laravel\framework\src\Illuminate\Database\Concerns\ManagesTransactions.php:130
C:\projetos\sistema\backend\vendor\laravel\framework\src\Illuminate\Foundation\Testing\RefreshDatabase.php:147
C:\projetos\sistema\backend\vendor\laravel\framework\src\Illuminate\Foundation\Testing\RefreshDatabase.php:93
C:\projetos\sistema\backend\vendor\laravel\framework\src\Illuminate\Foundation\Testing\RefreshDatabase.php:25
C:\projetos\sistema\backend\vendor\laravel\framework\src\Illuminate\Foundation\Testing\Concerns\InteractsWithTestCaseLifecycle.php:217
C:\projetos\sistema\backend\vendor\laravel\framework\src\Illuminate\Foundation\Testing\Concerns\InteractsWithTestCaseLifecycle.php:101
C:\projetos\sistema\backend\vendor\laravel\framework\src\Illuminate\Foundation\Testing\TestCase.php:63
C:\projetos\sistema\backend\tests\Feature\MiddlewareWithContextTest.php:30</error>
        </testcase>
        <testcase name="test_crm_pipelines_list_requires_permission" file="C:\projetos\sistema\backend\tests\Feature\MiddlewareWithContextTest.php" line="269" class="Tests\Feature\MiddlewareWithContextTest" classname="Tests.Feature.MiddlewareWithContextTest" assertions="0" time="0.000000">
          <error type="PDOException">Tests\Feature\MiddlewareWithContextTest::test_crm_pipelines_list_requires_permission&#13;
PDOException: There is already an active transaction
&#13;
C:\projetos\sistema\backend\vendor\laravel\framework\src\Illuminate\Database\SQLiteConnection.php:38
C:\projetos\sistema\backend\vendor\laravel\framework\src\Illuminate\Database\Concerns\ManagesTransactions.php:154
C:\projetos\sistema\backend\vendor\laravel\framework\src\Illuminate\Database\Concerns\ManagesTransactions.php:130
C:\projetos\sistema\backend\vendor\laravel\framework\src\Illuminate\Foundation\Testing\RefreshDatabase.php:147
C:\projetos\sistema\backend\vendor\laravel\framework\src\Illuminate\Foundation\Testing\RefreshDatabase.php:93
C:\projetos\sistema\backend\vendor\laravel\framework\src\Illuminate\Foundation\Testing\RefreshDatabase.php:25
C:\projetos\sistema\backend\vendor\laravel\framework\src\Illuminate\Foundation\Testing\Concerns\InteractsWithTestCaseLifecycle.php:217
C:\projetos\sistema\backend\vendor\laravel\framework\src\Illuminate\Foundation\Testing\Concerns\InteractsWithTestCaseLifecycle.php:101
C:\projetos\sistema\backend\vendor\laravel\framework\src\Illuminate\Foundation\Testing\TestCase.php:63
C:\projetos\sistema\backend\tests\Feature\MiddlewareWithContextTest.php:30</error>
        </testcase>
        <testcase name="test_inmetro_dashboard_requires_permission" file="C:\projetos\sistema\backend\tests\Feature\MiddlewareWithContextTest.php" line="282" class="Tests\Feature\MiddlewareWithContextTest" classname="Tests.Feature.MiddlewareWithContextTest" assertions="0" time="0.000000">
          <error type="PDOException">Tests\Feature\MiddlewareWithContextTest::test_inmetro_dashboard_requires_permission&#13;
PDOException: There is already an active transaction
&#13;
C:\projetos\sistema\backend\vendor\laravel\framework\src\Illuminate\Database\SQLiteConnection.php:38
C:\projetos\sistema\backend\vendor\laravel\framework\src\Illuminate\Database\Concerns\ManagesTransactions.php:154
C:\projetos\sistema\backend\vendor\laravel\framework\src\Illuminate\Database\Concerns\ManagesTransactions.php:130
C:\projetos\sistema\backend\vendor\laravel\framework\src\Illuminate\Foundation\Testing\RefreshDatabase.php:147
C:\projetos\sistema\backend\vendor\laravel\framework\src\Illuminate\Foundation\Testing\RefreshDatabase.php:93
C:\projetos\sistema\backend\vendor\laravel\framework\src\Illuminate\Foundation\Testing\RefreshDatabase.php:25
C:\projetos\sistema\backend\vendor\laravel\framework\src\Illuminate\Foundation\Testing\Concerns\InteractsWithTestCaseLifecycle.php:217
C:\projetos\sistema\backend\vendor\laravel\framework\src\Illuminate\Foundation\Testing\Concerns\InteractsWithTestCaseLifecycle.php:101
C:\projetos\sistema\backend\vendor\laravel\framework\src\Illuminate\Foundation\Testing\TestCase.php:63
C:\projetos\sistema\backend\tests\Feature\MiddlewareWithContextTest.php:30</error>
        </testcase>
        <testcase name="test_import_history_requires_permission" file="C:\projetos\sistema\backend\tests\Feature\MiddlewareWithContextTest.php" line="296" class="Tests\Feature\MiddlewareWithContextTest" classname="Tests.Feature.MiddlewareWithContextTest" assertions="0" time="0.000000">
          <error type="PDOException">Tests\Feature\MiddlewareWithContextTest::test_import_history_requires_permission&#13;
PDOException: There is already an active transaction
&#13;
C:\projetos\sistema\backend\vendor\laravel\framework\src\Illuminate\Database\SQLiteConnection.php:38
C:\projetos\sistema\backend\vendor\laravel\framework\src\Illuminate\Database\Concerns\ManagesTransactions.php:154
C:\projetos\sistema\backend\vendor\laravel\framework\src\Illuminate\Database\Concerns\ManagesTransactions.php:130
C:\projetos\sistema\backend\vendor\laravel\framework\src\Illuminate\Foundation\Testing\RefreshDatabase.php:147
C:\projetos\sistema\backend\vendor\laravel\framework\src\Illuminate\Foundation\Testing\RefreshDatabase.php:93
C:\projetos\sistema\backend\vendor\laravel\framework\src\Illuminate\Foundation\Testing\RefreshDatabase.php:25
C:\projetos\sistema\backend\vendor\laravel\framework\src\Illuminate\Foundation\Testing\Concerns\InteractsWithTestCaseLifecycle.php:217
C:\projetos\sistema\backend\vendor\laravel\framework\src\Illuminate\Foundation\Testing\Concerns\InteractsWithTestCaseLifecycle.php:101
C:\projetos\sistema\backend\vendor\laravel\framework\src\Illuminate\Foundation\Testing\TestCase.php:63
C:\projetos\sistema\backend\tests\Feature\MiddlewareWithContextTest.php:30</error>
        </testcase>
        <testcase name="test_stock_movements_list_requires_permission" file="C:\projetos\sistema\backend\tests\Feature\MiddlewareWithContextTest.php" line="309" class="Tests\Feature\MiddlewareWithContextTest" classname="Tests.Feature.MiddlewareWithContextTest" assertions="0" time="0.000000">
          <error type="PDOException">Tests\Feature\MiddlewareWithContextTest::test_stock_movements_list_requires_permission&#13;
PDOException: There is already an active transaction
&#13;
C:\projetos\sistema\backend\vendor\laravel\framework\src\Illuminate\Database\SQLiteConnection.php:38
C:\projetos\sistema\backend\vendor\laravel\framework\src\Illuminate\Database\Concerns\ManagesTransactions.php:154
C:\projetos\sistema\backend\vendor\laravel\framework\src\Illuminate\Database\Concerns\ManagesTransactions.php:130
C:\projetos\sistema\backend\vendor\laravel\framework\src\Illuminate\Foundation\Testing\RefreshDatabase.php:147
C:\projetos\sistema\backend\vendor\laravel\framework\src\Illuminate\Foundation\Testing\RefreshDatabase.php:93
C:\projetos\sistema\backend\vendor\laravel\framework\src\Illuminate\Foundation\Testing\RefreshDatabase.php:25
C:\projetos\sistema\backend\vendor\laravel\framework\src\Illuminate\Foundation\Testing\Concerns\InteractsWithTestCaseLifecycle.php:217
C:\projetos\sistema\backend\vendor\laravel\framework\src\Illuminate\Foundation\Testing\Concerns\InteractsWithTestCaseLifecycle.php:101
C:\projetos\sistema\backend\vendor\laravel\framework\src\Illuminate\Foundation\Testing\TestCase.php:63
C:\projetos\sistema\backend\tests\Feature\MiddlewareWithContextTest.php:30</error>
        </testcase>
        <testcase name="test_report_work_orders_requires_permission" file="C:\projetos\sistema\backend\tests\Feature\MiddlewareWithContextTest.php" line="322" class="Tests\Feature\MiddlewareWithContextTest" classname="Tests.Feature.MiddlewareWithContextTest" assertions="0" time="0.000000">
          <error type="PDOException">Tests\Feature\MiddlewareWithContextTest::test_report_work_orders_requires_permission&#13;
PDOException: There is already an active transaction
&#13;
C:\projetos\sistema\backend\vendor\laravel\framework\src\Illuminate\Database\SQLiteConnection.php:38
C:\projetos\sistema\backend\vendor\laravel\framework\src\Illuminate\Database\Concerns\ManagesTransactions.php:154
C:\projetos\sistema\backend\vendor\laravel\framework\src\Illuminate\Database\Concerns\ManagesTransactions.php:130
C:\projetos\sistema\backend\vendor\laravel\framework\src\Illuminate\Foundation\Testing\RefreshDatabase.php:147
C:\projetos\sistema\backend\vendor\laravel\framework\src\Illuminate\Foundation\Testing\RefreshDatabase.php:93
C:\projetos\sistema\backend\vendor\laravel\framework\src\Illuminate\Foundation\Testing\RefreshDatabase.php:25
C:\projetos\sistema\backend\vendor\laravel\framework\src\Illuminate\Foundation\Testing\Concerns\InteractsWithTestCaseLifecycle.php:217
C:\projetos\sistema\backend\vendor\laravel\framework\src\Illuminate\Foundation\Testing\Concerns\InteractsWithTestCaseLifecycle.php:101
C:\projetos\sistema\backend\vendor\laravel\framework\src\Illuminate\Foundation\Testing\TestCase.php:63
C:\projetos\sistema\backend\tests\Feature\MiddlewareWithContextTest.php:30</error>
        </testcase>
        <testcase name="test_report_financial_requires_permission" file="C:\projetos\sistema\backend\tests\Feature\MiddlewareWithContextTest.php" line="331" class="Tests\Feature\MiddlewareWithContextTest" classname="Tests.Feature.MiddlewareWithContextTest" assertions="0" time="0.000000">
          <error type="PDOException">Tests\Feature\MiddlewareWithContextTest::test_report_financial_requires_permission&#13;
PDOException: There is already an active transaction
&#13;
C:\projetos\sistema\backend\vendor\laravel\framework\src\Illuminate\Database\SQLiteConnection.php:38
C:\projetos\sistema\backend\vendor\laravel\framework\src\Illuminate\Database\Concerns\ManagesTransactions.php:154
C:\projetos\sistema\backend\vendor\laravel\framework\src\Illuminate\Database\Concerns\ManagesTransactions.php:130
C:\projetos\sistema\backend\vendor\laravel\framework\src\Illuminate\Foundation\Testing\RefreshDatabase.php:147
C:\projetos\sistema\backend\vendor\laravel\framework\src\Illuminate\Foundation\Testing\RefreshDatabase.php:93
C:\projetos\sistema\backend\vendor\laravel\framework\src\Illuminate\Foundation\Testing\RefreshDatabase.php:25
C:\projetos\sistema\backend\vendor\laravel\framework\src\Illuminate\Foundation\Testing\Concerns\InteractsWithTestCaseLifecycle.php:217
C:\projetos\sistema\backend\vendor\laravel\framework\src\Illuminate\Foundation\Testing\Concerns\InteractsWithTestCaseLifecycle.php:101
C:\projetos\sistema\backend\vendor\laravel\framework\src\Illuminate\Foundation\Testing\TestCase.php:63
C:\projetos\sistema\backend\tests\Feature\MiddlewareWithContextTest.php:30</error>
        </testcase>
        <testcase name="test_report_productivity_requires_permission" file="C:\projetos\sistema\backend\tests\Feature\MiddlewareWithContextTest.php" line="340" class="Tests\Feature\MiddlewareWithContextTest" classname="Tests.Feature.MiddlewareWithContextTest" assertions="0" time="0.000000">
          <error type="PDOException">Tests\Feature\MiddlewareWithContextTest::test_report_productivity_requires_permission&#13;
PDOException: There is already an active transaction
&#13;
C:\projetos\sistema\backend\vendor\laravel\framework\src\Illuminate\Database\SQLiteConnection.php:38
C:\projetos\sistema\backend\vendor\laravel\framework\src\Illuminate\Database\Concerns\ManagesTransactions.php:154
C:\projetos\sistema\backend\vendor\laravel\framework\src\Illuminate\Database\Concerns\ManagesTransactions.php:130
C:\projetos\sistema\backend\vendor\laravel\framework\src\Illuminate\Foundation\Testing\RefreshDatabase.php:147
C:\projetos\sistema\backend\vendor\laravel\framework\src\Illuminate\Foundation\Testing\RefreshDatabase.php:93
C:\projetos\sistema\backend\vendor\laravel\framework\src\Illuminate\Foundation\Testing\RefreshDatabase.php:25
C:\projetos\sistema\backend\vendor\laravel\framework\src\Illuminate\Foundation\Testing\Concerns\InteractsWithTestCaseLifecycle.php:217
C:\projetos\sistema\backend\vendor\laravel\framework\src\Illuminate\Foundation\Testing\Concerns\InteractsWithTestCaseLifecycle.php:101
C:\projetos\sistema\backend\vendor\laravel\framework\src\Illuminate\Foundation\Testing\TestCase.php:63
C:\projetos\sistema\backend\tests\Feature\MiddlewareWithContextTest.php:30</error>
        </testcase>
        <testcase name="test_settings_view_requires_permission" file="C:\projetos\sistema\backend\tests\Feature\MiddlewareWithContextTest.php" line="353" class="Tests\Feature\MiddlewareWithContextTest" classname="Tests.Feature.MiddlewareWithContextTest" assertions="0" time="0.000000">
          <error type="PDOException">Tests\Feature\MiddlewareWithContextTest::test_settings_view_requires_permission&#13;
PDOException: There is already an active transaction
&#13;
C:\projetos\sistema\backend\vendor\laravel\framework\src\Illuminate\Database\SQLiteConnection.php:38
C:\projetos\sistema\backend\vendor\laravel\framework\src\Illuminate\Database\Concerns\ManagesTransactions.php:154
C:\projetos\sistema\backend\vendor\laravel\framework\src\Illuminate\Database\Concerns\ManagesTransactions.php:130
C:\projetos\sistema\backend\vendor\laravel\framework\src\Illuminate\Foundation\Testing\RefreshDatabase.php:147
C:\projetos\sistema\backend\vendor\laravel\framework\src\Illuminate\Foundation\Testing\RefreshDatabase.php:93
C:\projetos\sistema\backend\vendor\laravel\framework\src\Illuminate\Foundation\Testing\RefreshDatabase.php:25
C:\projetos\sistema\backend\vendor\laravel\framework\src\Illuminate\Foundation\Testing\Concerns\InteractsWithTestCaseLifecycle.php:217
C:\projetos\sistema\backend\vendor\laravel\framework\src\Illuminate\Foundation\Testing\Concerns\InteractsWithTestCaseLifecycle.php:101
C:\projetos\sistema\backend\vendor\laravel\framework\src\Illuminate\Foundation\Testing\TestCase.php:63
C:\projetos\sistema\backend\tests\Feature\MiddlewareWithContextTest.php:30</error>
        </testcase>
        <testcase name="test_branches_list_requires_permission" file="C:\projetos\sistema\backend\tests\Feature\MiddlewareWithContextTest.php" line="366" class="Tests\Feature\MiddlewareWithContextTest" classname="Tests.Feature.MiddlewareWithContextTest" assertions="0" time="0.000000">
          <error type="PDOException">Tests\Feature\MiddlewareWithContextTest::test_branches_list_requires_permission&#13;
PDOException: There is already an active transaction
&#13;
C:\projetos\sistema\backend\vendor\laravel\framework\src\Illuminate\Database\SQLiteConnection.php:38
C:\projetos\sistema\backend\vendor\laravel\framework\src\Illuminate\Database\Concerns\ManagesTransactions.php:154
C:\projetos\sistema\backend\vendor\laravel\framework\src\Illuminate\Database\Concerns\ManagesTransactions.php:130
C:\projetos\sistema\backend\vendor\laravel\framework\src\Illuminate\Foundation\Testing\RefreshDatabase.php:147
C:\projetos\sistema\backend\vendor\laravel\framework\src\Illuminate\Foundation\Testing\RefreshDatabase.php:93
C:\projetos\sistema\backend\vendor\laravel\framework\src\Illuminate\Foundation\Testing\RefreshDatabase.php:25
C:\projetos\sistema\backend\vendor\laravel\framework\src\Illuminate\Foundation\Testing\Concerns\InteractsWithTestCaseLifecycle.php:217
C:\projetos\sistema\backend\vendor\laravel\framework\src\Illuminate\Foundation\Testing\Concerns\InteractsWithTestCaseLifecycle.php:101
C:\projetos\sistema\backend\vendor\laravel\framework\src\Illuminate\Foundation\Testing\TestCase.php:63
C:\projetos\sistema\backend\tests\Feature\MiddlewareWithContextTest.php:30</error>
        </testcase>
        <testcase name="test_tenants_list_requires_permission" file="C:\projetos\sistema\backend\tests\Feature\MiddlewareWithContextTest.php" line="379" class="Tests\Feature\MiddlewareWithContextTest" classname="Tests.Feature.MiddlewareWithContextTest" assertions="0" time="0.000000">
          <error type="PDOException">Tests\Feature\MiddlewareWithContextTest::test_tenants_list_requires_permission&#13;
PDOException: There is already an active transaction
&#13;
C:\projetos\sistema\backend\vendor\laravel\framework\src\Illuminate\Database\SQLiteConnection.php:38
C:\projetos\sistema\backend\vendor\laravel\framework\src\Illuminate\Database\Concerns\ManagesTransactions.php:154
C:\projetos\sistema\backend\vendor\laravel\framework\src\Illuminate\Database\Concerns\ManagesTransactions.php:130
C:\projetos\sistema\backend\vendor\laravel\framework\src\Illuminate\Foundation\Testing\RefreshDatabase.php:147
C:\projetos\sistema\backend\vendor\laravel\framework\src\Illuminate\Foundation\Testing\RefreshDatabase.php:93
C:\projetos\sistema\backend\vendor\laravel\framework\src\Illuminate\Foundation\Testing\RefreshDatabase.php:25
C:\projetos\sistema\backend\vendor\laravel\framework\src\Illuminate\Foundation\Testing\Concerns\InteractsWithTestCaseLifecycle.php:217
C:\projetos\sistema\backend\vendor\laravel\framework\src\Illuminate\Foundation\Testing\Concerns\InteractsWithTestCaseLifecycle.php:101
C:\projetos\sistema\backend\vendor\laravel\framework\src\Illuminate\Foundation\Testing\TestCase.php:63
C:\projetos\sistema\backend\tests\Feature\MiddlewareWithContextTest.php:30</error>
        </testcase>
        <testcase name="test_expenses_list_requires_permission" file="C:\projetos\sistema\backend\tests\Feature\MiddlewareWithContextTest.php" line="392" class="Tests\Feature\MiddlewareWithContextTest" classname="Tests.Feature.MiddlewareWithContextTest" assertions="0" time="0.000000">
          <error type="PDOException">Tests\Feature\MiddlewareWithContextTest::test_expenses_list_requires_permission&#13;
PDOException: There is already an active transaction
&#13;
C:\projetos\sistema\backend\vendor\laravel\framework\src\Illuminate\Database\SQLiteConnection.php:38
C:\projetos\sistema\backend\vendor\laravel\framework\src\Illuminate\Database\Concerns\ManagesTransactions.php:154
C:\projetos\sistema\backend\vendor\laravel\framework\src\Illuminate\Database\Concerns\ManagesTransactions.php:130
C:\projetos\sistema\backend\vendor\laravel\framework\src\Illuminate\Foundation\Testing\RefreshDatabase.php:147
C:\projetos\sistema\backend\vendor\laravel\framework\src\Illuminate\Foundation\Testing\RefreshDatabase.php:93
C:\projetos\sistema\backend\vendor\laravel\framework\src\Illuminate\Foundation\Testing\RefreshDatabase.php:25
C:\projetos\sistema\backend\vendor\laravel\framework\src\Illuminate\Foundation\Testing\Concerns\InteractsWithTestCaseLifecycle.php:217
C:\projetos\sistema\backend\vendor\laravel\framework\src\Illuminate\Foundation\Testing\Concerns\InteractsWithTestCaseLifecycle.php:101
C:\projetos\sistema\backend\vendor\laravel\framework\src\Illuminate\Foundation\Testing\TestCase.php:63
C:\projetos\sistema\backend\tests\Feature\MiddlewareWithContextTest.php:30</error>
        </testcase>
        <testcase name="test_commission_rules_requires_permission" file="C:\projetos\sistema\backend\tests\Feature\MiddlewareWithContextTest.php" line="405" class="Tests\Feature\MiddlewareWithContextTest" classname="Tests.Feature.MiddlewareWithContextTest" assertions="0" time="0.000000">
          <error type="PDOException">Tests\Feature\MiddlewareWithContextTest::test_commission_rules_requires_permission&#13;
PDOException: There is already an active transaction
&#13;
C:\projetos\sistema\backend\vendor\laravel\framework\src\Illuminate\Database\SQLiteConnection.php:38
C:\projetos\sistema\backend\vendor\laravel\framework\src\Illuminate\Database\Concerns\ManagesTransactions.php:154
C:\projetos\sistema\backend\vendor\laravel\framework\src\Illuminate\Database\Concerns\ManagesTransactions.php:130
C:\projetos\sistema\backend\vendor\laravel\framework\src\Illuminate\Foundation\Testing\RefreshDatabase.php:147
C:\projetos\sistema\backend\vendor\laravel\framework\src\Illuminate\Foundation\Testing\RefreshDatabase.php:93
C:\projetos\sistema\backend\vendor\laravel\framework\src\Illuminate\Foundation\Testing\RefreshDatabase.php:25
C:\projetos\sistema\backend\vendor\laravel\framework\src\Illuminate\Foundation\Testing\Concerns\InteractsWithTestCaseLifecycle.php:217
C:\projetos\sistema\backend\vendor\laravel\framework\src\Illuminate\Foundation\Testing\Concerns\InteractsWithTestCaseLifecycle.php:101
C:\projetos\sistema\backend\vendor\laravel\framework\src\Illuminate\Foundation\Testing\TestCase.php:63
C:\projetos\sistema\backend\tests\Feature\MiddlewareWithContextTest.php:30</error>
        </testcase>
        <testcase name="test_central_items_requires_permission" file="C:\projetos\sistema\backend\tests\Feature\MiddlewareWithContextTest.php" line="418" class="Tests\Feature\MiddlewareWithContextTest" classname="Tests.Feature.MiddlewareWithContextTest" assertions="0" time="0.000000">
          <error type="PDOException">Tests\Feature\MiddlewareWithContextTest::test_central_items_requires_permission&#13;
PDOException: There is already an active transaction
&#13;
C:\projetos\sistema\backend\vendor\laravel\framework\src\Illuminate\Database\SQLiteConnection.php:38
C:\projetos\sistema\backend\vendor\laravel\framework\src\Illuminate\Database\Concerns\ManagesTransactions.php:154
C:\projetos\sistema\backend\vendor\laravel\framework\src\Illuminate\Database\Concerns\ManagesTransactions.php:130
C:\projetos\sistema\backend\vendor\laravel\framework\src\Illuminate\Foundation\Testing\RefreshDatabase.php:147
C:\projetos\sistema\backend\vendor\laravel\framework\src\Illuminate\Foundation\Testing\RefreshDatabase.php:93
C:\projetos\sistema\backend\vendor\laravel\framework\src\Illuminate\Foundation\Testing\RefreshDatabase.php:25
C:\projetos\sistema\backend\vendor\laravel\framework\src\Illuminate\Foundation\Testing\Concerns\InteractsWithTestCaseLifecycle.php:217
C:\projetos\sistema\backend\vendor\laravel\framework\src\Illuminate\Foundation\Testing\Concerns\InteractsWithTestCaseLifecycle.php:101
C:\projetos\sistema\backend\vendor\laravel\framework\src\Illuminate\Foundation\Testing\TestCase.php:63
C:\projetos\sistema\backend\tests\Feature\MiddlewareWithContextTest.php:30</error>
        </testcase>
        <testcase name="test_fiscal_notas_requires_permission" file="C:\projetos\sistema\backend\tests\Feature\MiddlewareWithContextTest.php" line="431" class="Tests\Feature\MiddlewareWithContextTest" classname="Tests.Feature.MiddlewareWithContextTest" assertions="0" time="0.000000">
          <error type="PDOException">Tests\Feature\MiddlewareWithContextTest::test_fiscal_notas_requires_permission&#13;
PDOException: There is already an active transaction
&#13;
C:\projetos\sistema\backend\vendor\laravel\framework\src\Illuminate\Database\SQLiteConnection.php:38
C:\projetos\sistema\backend\vendor\laravel\framework\src\Illuminate\Database\Concerns\ManagesTransactions.php:154
C:\projetos\sistema\backend\vendor\laravel\framework\src\Illuminate\Database\Concerns\ManagesTransactions.php:130
C:\projetos\sistema\backend\vendor\laravel\framework\src\Illuminate\Foundation\Testing\RefreshDatabase.php:147
C:\projetos\sistema\backend\vendor\laravel\framework\src\Illuminate\Foundation\Testing\RefreshDatabase.php:93
C:\projetos\sistema\backend\vendor\laravel\framework\src\Illuminate\Foundation\Testing\RefreshDatabase.php:25
C:\projetos\sistema\backend\vendor\laravel\framework\src\Illuminate\Foundation\Testing\Concerns\InteractsWithTestCaseLifecycle.php:217
C:\projetos\sistema\backend\vendor\laravel\framework\src\Illuminate\Foundation\Testing\Concerns\InteractsWithTestCaseLifecycle.php:101
C:\projetos\sistema\backend\vendor\laravel\framework\src\Illuminate\Foundation\Testing\TestCase.php:63
C:\projetos\sistema\backend\tests\Feature\MiddlewareWithContextTest.php:30</error>
        </testcase>
        <testcase name="test_notifications_list_requires_permission" file="C:\projetos\sistema\backend\tests\Feature\MiddlewareWithContextTest.php" line="444" class="Tests\Feature\MiddlewareWithContextTest" classname="Tests.Feature.MiddlewareWithContextTest" assertions="0" time="0.000000">
          <error type="PDOException">Tests\Feature\MiddlewareWithContextTest::test_notifications_list_requires_permission&#13;
PDOException: There is already an active transaction
&#13;
C:\projetos\sistema\backend\vendor\laravel\framework\src\Illuminate\Database\SQLiteConnection.php:38
C:\projetos\sistema\backend\vendor\laravel\framework\src\Illuminate\Database\Concerns\ManagesTransactions.php:154
C:\projetos\sistema\backend\vendor\laravel\framework\src\Illuminate\Database\Concerns\ManagesTransactions.php:130
C:\projetos\sistema\backend\vendor\laravel\framework\src\Illuminate\Foundation\Testing\RefreshDatabase.php:147
C:\projetos\sistema\backend\vendor\laravel\framework\src\Illuminate\Foundation\Testing\RefreshDatabase.php:93
C:\projetos\sistema\backend\vendor\laravel\framework\src\Illuminate\Foundation\Testing\RefreshDatabase.php:25
C:\projetos\sistema\backend\vendor\laravel\framework\src\Illuminate\Foundation\Testing\Concerns\InteractsWithTestCaseLifecycle.php:217
C:\projetos\sistema\backend\vendor\laravel\framework\src\Illuminate\Foundation\Testing\Concerns\InteractsWithTestCaseLifecycle.php:101
C:\projetos\sistema\backend\vendor\laravel\framework\src\Illuminate\Foundation\Testing\TestCase.php:63
C:\projetos\sistema\backend\tests\Feature\MiddlewareWithContextTest.php:30</error>
        </testcase>
        <testcase name="test_dashboard_stats_requires_permission" file="C:\projetos\sistema\backend\tests\Feature\MiddlewareWithContextTest.php" line="457" class="Tests\Feature\MiddlewareWithContextTest" classname="Tests.Feature.MiddlewareWithContextTest" assertions="0" time="0.000000">
          <error type="PDOException">Tests\Feature\MiddlewareWithContextTest::test_dashboard_stats_requires_permission&#13;
PDOException: There is already an active transaction
&#13;
C:\projetos\sistema\backend\vendor\laravel\framework\src\Illuminate\Database\SQLiteConnection.php:38
C:\projetos\sistema\backend\vendor\laravel\framework\src\Illuminate\Database\Concerns\ManagesTransactions.php:154
C:\projetos\sistema\backend\vendor\laravel\framework\src\Illuminate\Database\Concerns\ManagesTransactions.php:130
C:\projetos\sistema\backend\vendor\laravel\framework\src\Illuminate\Foundation\Testing\RefreshDatabase.php:147
C:\projetos\sistema\backend\vendor\laravel\framework\src\Illuminate\Foundation\Testing\RefreshDatabase.php:93
C:\projetos\sistema\backend\vendor\laravel\framework\src\Illuminate\Foundation\Testing\RefreshDatabase.php:25
C:\projetos\sistema\backend\vendor\laravel\framework\src\Illuminate\Foundation\Testing\Concerns\InteractsWithTestCaseLifecycle.php:217
C:\projetos\sistema\backend\vendor\laravel\framework\src\Illuminate\Foundation\Testing\Concerns\InteractsWithTestCaseLifecycle.php:101
C:\projetos\sistema\backend\vendor\laravel\framework\src\Illuminate\Foundation\Testing\TestCase.php:63
C:\projetos\sistema\backend\tests\Feature\MiddlewareWithContextTest.php:30</error>
        </testcase>
        <testcase name="test_cash_flow_requires_permission" file="C:\projetos\sistema\backend\tests\Feature\MiddlewareWithContextTest.php" line="470" class="Tests\Feature\MiddlewareWithContextTest" classname="Tests.Feature.MiddlewareWithContextTest" assertions="0" time="0.000000">
          <error type="PDOException">Tests\Feature\MiddlewareWithContextTest::test_cash_flow_requires_permission&#13;
PDOException: There is already an active transaction
&#13;
C:\projetos\sistema\backend\vendor\laravel\framework\src\Illuminate\Database\SQLiteConnection.php:38
C:\projetos\sistema\backend\vendor\laravel\framework\src\Illuminate\Database\Concerns\ManagesTransactions.php:154
C:\projetos\sistema\backend\vendor\laravel\framework\src\Illuminate\Database\Concerns\ManagesTransactions.php:130
C:\projetos\sistema\backend\vendor\laravel\framework\src\Illuminate\Foundation\Testing\RefreshDatabase.php:147
C:\projetos\sistema\backend\vendor\laravel\framework\src\Illuminate\Foundation\Testing\RefreshDatabase.php:93
C:\projetos\sistema\backend\vendor\laravel\framework\src\Illuminate\Foundation\Testing\RefreshDatabase.php:25
C:\projetos\sistema\backend\vendor\laravel\framework\src\Illuminate\Foundation\Testing\Concerns\InteractsWithTestCaseLifecycle.php:217
C:\projetos\sistema\backend\vendor\laravel\framework\src\Illuminate\Foundation\Testing\Concerns\InteractsWithTestCaseLifecycle.php:101
C:\projetos\sistema\backend\vendor\laravel\framework\src\Illuminate\Foundation\Testing\TestCase.php:63
C:\projetos\sistema\backend\tests\Feature\MiddlewareWithContextTest.php:30</error>
        </testcase>
        <testcase name="test_dre_requires_permission" file="C:\projetos\sistema\backend\tests\Feature\MiddlewareWithContextTest.php" line="479" class="Tests\Feature\MiddlewareWithContextTest" classname="Tests.Feature.MiddlewareWithContextTest" assertions="0" time="0.000000">
          <error type="PDOException">Tests\Feature\MiddlewareWithContextTest::test_dre_requires_permission&#13;
PDOException: There is already an active transaction
&#13;
C:\projetos\sistema\backend\vendor\laravel\framework\src\Illuminate\Database\SQLiteConnection.php:38
C:\projetos\sistema\backend\vendor\laravel\framework\src\Illuminate\Database\Concerns\ManagesTransactions.php:154
C:\projetos\sistema\backend\vendor\laravel\framework\src\Illuminate\Database\Concerns\ManagesTransactions.php:130
C:\projetos\sistema\backend\vendor\laravel\framework\src\Illuminate\Foundation\Testing\RefreshDatabase.php:147
C:\projetos\sistema\backend\vendor\laravel\framework\src\Illuminate\Foundation\Testing\RefreshDatabase.php:93
C:\projetos\sistema\backend\vendor\laravel\framework\src\Illuminate\Foundation\Testing\RefreshDatabase.php:25
C:\projetos\sistema\backend\vendor\laravel\framework\src\Illuminate\Foundation\Testing\Concerns\InteractsWithTestCaseLifecycle.php:217
C:\projetos\sistema\backend\vendor\laravel\framework\src\Illuminate\Foundation\Testing\Concerns\InteractsWithTestCaseLifecycle.php:101
C:\projetos\sistema\backend\vendor\laravel\framework\src\Illuminate\Foundation\Testing\TestCase.php:63
C:\projetos\sistema\backend\tests\Feature\MiddlewareWithContextTest.php:30</error>
        </testcase>
        <testcase name="test_user_cannot_access_other_tenant_data" file="C:\projetos\sistema\backend\tests\Feature\MiddlewareWithContextTest.php" line="492" class="Tests\Feature\MiddlewareWithContextTest" classname="Tests.Feature.MiddlewareWithContextTest" assertions="0" time="0.000000">
          <error type="PDOException">Tests\Feature\MiddlewareWithContextTest::test_user_cannot_access_other_tenant_data&#13;
PDOException: There is already an active transaction
&#13;
C:\projetos\sistema\backend\vendor\laravel\framework\src\Illuminate\Database\SQLiteConnection.php:38
C:\projetos\sistema\backend\vendor\laravel\framework\src\Illuminate\Database\Concerns\ManagesTransactions.php:154
C:\projetos\sistema\backend\vendor\laravel\framework\src\Illuminate\Database\Concerns\ManagesTransactions.php:130
C:\projetos\sistema\backend\vendor\laravel\framework\src\Illuminate\Foundation\Testing\RefreshDatabase.php:147
C:\projetos\sistema\backend\vendor\laravel\framework\src\Illuminate\Foundation\Testing\RefreshDatabase.php:93
C:\projetos\sistema\backend\vendor\laravel\framework\src\Illuminate\Foundation\Testing\RefreshDatabase.php:25
C:\projetos\sistema\backend\vendor\laravel\framework\src\Illuminate\Foundation\Testing\Concerns\InteractsWithTestCaseLifecycle.php:217
C:\projetos\sistema\backend\vendor\laravel\framework\src\Illuminate\Foundation\Testing\Concerns\InteractsWithTestCaseLifecycle.php:101
C:\projetos\sistema\backend\vendor\laravel\framework\src\Illuminate\Foundation\Testing\TestCase.php:63
C:\projetos\sistema\backend\tests\Feature\MiddlewareWithContextTest.php:30</error>
        </testcase>
      </testsuite>
      <testsuite name="Tests\Feature\NotificationProfessionalTest" file="C:\projetos\sistema\backend\tests\Feature\NotificationProfessionalTest.php" tests="6" assertions="0" errors="6" failures="0" skipped="0" time="0.000000">
        <testcase name="test_notifications_index_returns_list" file="C:\projetos\sistema\backend\tests\Feature\NotificationProfessionalTest.php" line="47" class="Tests\Feature\NotificationProfessionalTest" classname="Tests.Feature.NotificationProfessionalTest" assertions="0" time="0.000000">
          <error type="PDOException">Tests\Feature\NotificationProfessionalTest::test_notifications_index_returns_list&#13;
PDOException: There is already an active transaction
&#13;
C:\projetos\sistema\backend\vendor\laravel\framework\src\Illuminate\Database\SQLiteConnection.php:38
C:\projetos\sistema\backend\vendor\laravel\framework\src\Illuminate\Database\Concerns\ManagesTransactions.php:154
C:\projetos\sistema\backend\vendor\laravel\framework\src\Illuminate\Database\Concerns\ManagesTransactions.php:130
C:\projetos\sistema\backend\vendor\laravel\framework\src\Illuminate\Foundation\Testing\RefreshDatabase.php:147
C:\projetos\sistema\backend\vendor\laravel\framework\src\Illuminate\Foundation\Testing\RefreshDatabase.php:93
C:\projetos\sistema\backend\vendor\laravel\framework\src\Illuminate\Foundation\Testing\RefreshDatabase.php:25
C:\projetos\sistema\backend\vendor\laravel\framework\src\Illuminate\Foundation\Testing\Concerns\InteractsWithTestCaseLifecycle.php:217
C:\projetos\sistema\backend\vendor\laravel\framework\src\Illuminate\Foundation\Testing\Concerns\InteractsWithTestCaseLifecycle.php:101
C:\projetos\sistema\backend\vendor\laravel\framework\src\Illuminate\Foundation\Testing\TestCase.php:63
C:\projetos\sistema\backend\tests\Feature\NotificationProfessionalTest.php:25</error>
        </testcase>
        <testcase name="test_unread_count_returns_correct_number" file="C:\projetos\sistema\backend\tests\Feature\NotificationProfessionalTest.php" line="55" class="Tests\Feature\NotificationProfessionalTest" classname="Tests.Feature.NotificationProfessionalTest" assertions="0" time="0.000000">
          <error type="PDOException">Tests\Feature\NotificationProfessionalTest::test_unread_count_returns_correct_number&#13;
PDOException: There is already an active transaction
&#13;
C:\projetos\sistema\backend\vendor\laravel\framework\src\Illuminate\Database\SQLiteConnection.php:38
C:\projetos\sistema\backend\vendor\laravel\framework\src\Illuminate\Database\Concerns\ManagesTransactions.php:154
C:\projetos\sistema\backend\vendor\laravel\framework\src\Illuminate\Database\Concerns\ManagesTransactions.php:130
C:\projetos\sistema\backend\vendor\laravel\framework\src\Illuminate\Foundation\Testing\RefreshDatabase.php:147
C:\projetos\sistema\backend\vendor\laravel\framework\src\Illuminate\Foundation\Testing\RefreshDatabase.php:93
C:\projetos\sistema\backend\vendor\laravel\framework\src\Illuminate\Foundation\Testing\RefreshDatabase.php:25
C:\projetos\sistema\backend\vendor\laravel\framework\src\Illuminate\Foundation\Testing\Concerns\InteractsWithTestCaseLifecycle.php:217
C:\projetos\sistema\backend\vendor\laravel\framework\src\Illuminate\Foundation\Testing\Concerns\InteractsWithTestCaseLifecycle.php:101
C:\projetos\sistema\backend\vendor\laravel\framework\src\Illuminate\Foundation\Testing\TestCase.php:63
C:\projetos\sistema\backend\tests\Feature\NotificationProfessionalTest.php:25</error>
        </testcase>
        <testcase name="test_mark_single_notification_read" file="C:\projetos\sistema\backend\tests\Feature\NotificationProfessionalTest.php" line="74" class="Tests\Feature\NotificationProfessionalTest" classname="Tests.Feature.NotificationProfessionalTest" assertions="0" time="0.000000">
          <error type="PDOException">Tests\Feature\NotificationProfessionalTest::test_mark_single_notification_read&#13;
PDOException: There is already an active transaction
&#13;
C:\projetos\sistema\backend\vendor\laravel\framework\src\Illuminate\Database\SQLiteConnection.php:38
C:\projetos\sistema\backend\vendor\laravel\framework\src\Illuminate\Database\Concerns\ManagesTransactions.php:154
C:\projetos\sistema\backend\vendor\laravel\framework\src\Illuminate\Database\Concerns\ManagesTransactions.php:130
C:\projetos\sistema\backend\vendor\laravel\framework\src\Illuminate\Foundation\Testing\RefreshDatabase.php:147
C:\projetos\sistema\backend\vendor\laravel\framework\src\Illuminate\Foundation\Testing\RefreshDatabase.php:93
C:\projetos\sistema\backend\vendor\laravel\framework\src\Illuminate\Foundation\Testing\RefreshDatabase.php:25
C:\projetos\sistema\backend\vendor\laravel\framework\src\Illuminate\Foundation\Testing\Concerns\InteractsWithTestCaseLifecycle.php:217
C:\projetos\sistema\backend\vendor\laravel\framework\src\Illuminate\Foundation\Testing\Concerns\InteractsWithTestCaseLifecycle.php:101
C:\projetos\sistema\backend\vendor\laravel\framework\src\Illuminate\Foundation\Testing\TestCase.php:63
C:\projetos\sistema\backend\tests\Feature\NotificationProfessionalTest.php:25</error>
        </testcase>
        <testcase name="test_mark_all_read_clears_unread" file="C:\projetos\sistema\backend\tests\Feature\NotificationProfessionalTest.php" line="89" class="Tests\Feature\NotificationProfessionalTest" classname="Tests.Feature.NotificationProfessionalTest" assertions="0" time="0.000000">
          <error type="PDOException">Tests\Feature\NotificationProfessionalTest::test_mark_all_read_clears_unread&#13;
PDOException: There is already an active transaction
&#13;
C:\projetos\sistema\backend\vendor\laravel\framework\src\Illuminate\Database\SQLiteConnection.php:38
C:\projetos\sistema\backend\vendor\laravel\framework\src\Illuminate\Database\Concerns\ManagesTransactions.php:154
C:\projetos\sistema\backend\vendor\laravel\framework\src\Illuminate\Database\Concerns\ManagesTransactions.php:130
C:\projetos\sistema\backend\vendor\laravel\framework\src\Illuminate\Foundation\Testing\RefreshDatabase.php:147
C:\projetos\sistema\backend\vendor\laravel\framework\src\Illuminate\Foundation\Testing\RefreshDatabase.php:93
C:\projetos\sistema\backend\vendor\laravel\framework\src\Illuminate\Foundation\Testing\RefreshDatabase.php:25
C:\projetos\sistema\backend\vendor\laravel\framework\src\Illuminate\Foundation\Testing\Concerns\InteractsWithTestCaseLifecycle.php:217
C:\projetos\sistema\backend\vendor\laravel\framework\src\Illuminate\Foundation\Testing\Concerns\InteractsWithTestCaseLifecycle.php:101
C:\projetos\sistema\backend\vendor\laravel\framework\src\Illuminate\Foundation\Testing\TestCase.php:63
C:\projetos\sistema\backend\tests\Feature\NotificationProfessionalTest.php:25</error>
        </testcase>
        <testcase name="test_subscribe_push_persists" file="C:\projetos\sistema\backend\tests\Feature\NotificationProfessionalTest.php" line="109" class="Tests\Feature\NotificationProfessionalTest" classname="Tests.Feature.NotificationProfessionalTest" assertions="0" time="0.000000">
          <error type="PDOException">Tests\Feature\NotificationProfessionalTest::test_subscribe_push_persists&#13;
PDOException: There is already an active transaction
&#13;
C:\projetos\sistema\backend\vendor\laravel\framework\src\Illuminate\Database\SQLiteConnection.php:38
C:\projetos\sistema\backend\vendor\laravel\framework\src\Illuminate\Database\Concerns\ManagesTransactions.php:154
C:\projetos\sistema\backend\vendor\laravel\framework\src\Illuminate\Database\Concerns\ManagesTransactions.php:130
C:\projetos\sistema\backend\vendor\laravel\framework\src\Illuminate\Foundation\Testing\RefreshDatabase.php:147
C:\projetos\sistema\backend\vendor\laravel\framework\src\Illuminate\Foundation\Testing\RefreshDatabase.php:93
C:\projetos\sistema\backend\vendor\laravel\framework\src\Illuminate\Foundation\Testing\RefreshDatabase.php:25
C:\projetos\sistema\backend\vendor\laravel\framework\src\Illuminate\Foundation\Testing\Concerns\InteractsWithTestCaseLifecycle.php:217
C:\projetos\sistema\backend\vendor\laravel\framework\src\Illuminate\Foundation\Testing\Concerns\InteractsWithTestCaseLifecycle.php:101
C:\projetos\sistema\backend\vendor\laravel\framework\src\Illuminate\Foundation\Testing\TestCase.php:63
C:\projetos\sistema\backend\tests\Feature\NotificationProfessionalTest.php:25</error>
        </testcase>
        <testcase name="test_unsubscribe_push_removes_subscription" file="C:\projetos\sistema\backend\tests\Feature\NotificationProfessionalTest.php" line="127" class="Tests\Feature\NotificationProfessionalTest" classname="Tests.Feature.NotificationProfessionalTest" assertions="0" time="0.000000">
          <error type="PDOException">Tests\Feature\NotificationProfessionalTest::test_unsubscribe_push_removes_subscription&#13;
PDOException: There is already an active transaction
&#13;
C:\projetos\sistema\backend\vendor\laravel\framework\src\Illuminate\Database\SQLiteConnection.php:38
C:\projetos\sistema\backend\vendor\laravel\framework\src\Illuminate\Database\Concerns\ManagesTransactions.php:154
C:\projetos\sistema\backend\vendor\laravel\framework\src\Illuminate\Database\Concerns\ManagesTransactions.php:130
C:\projetos\sistema\backend\vendor\laravel\framework\src\Illuminate\Foundation\Testing\RefreshDatabase.php:147
C:\projetos\sistema\backend\vendor\laravel\framework\src\Illuminate\Foundation\Testing\RefreshDatabase.php:93
C:\projetos\sistema\backend\vendor\laravel\framework\src\Illuminate\Foundation\Testing\RefreshDatabase.php:25
C:\projetos\sistema\backend\vendor\laravel\framework\src\Illuminate\Foundation\Testing\Concerns\InteractsWithTestCaseLifecycle.php:217
C:\projetos\sistema\backend\vendor\laravel\framework\src\Illuminate\Foundation\Testing\Concerns\InteractsWithTestCaseLifecycle.php:101
C:\projetos\sistema\backend\vendor\laravel\framework\src\Illuminate\Foundation\Testing\TestCase.php:63
C:\projetos\sistema\backend\tests\Feature\NotificationProfessionalTest.php:25</error>
        </testcase>
      </testsuite>
      <testsuite name="Tests\Feature\NotificationPushTest" file="C:\projetos\sistema\backend\tests\Feature\NotificationPushTest.php" tests="6" assertions="0" errors="6" failures="0" skipped="0" time="0.000000">
        <testcase name="test_list_notifications" file="C:\projetos\sistema\backend\tests\Feature\NotificationPushTest.php" line="39" class="Tests\Feature\NotificationPushTest" classname="Tests.Feature.NotificationPushTest" assertions="0" time="0.000000">
          <error type="PDOException">Tests\Feature\NotificationPushTest::test_list_notifications&#13;
PDOException: There is already an active transaction
&#13;
C:\projetos\sistema\backend\vendor\laravel\framework\src\Illuminate\Database\SQLiteConnection.php:38
C:\projetos\sistema\backend\vendor\laravel\framework\src\Illuminate\Database\Concerns\ManagesTransactions.php:154
C:\projetos\sistema\backend\vendor\laravel\framework\src\Illuminate\Database\Concerns\ManagesTransactions.php:130
C:\projetos\sistema\backend\vendor\laravel\framework\src\Illuminate\Foundation\Testing\RefreshDatabase.php:147
C:\projetos\sistema\backend\vendor\laravel\framework\src\Illuminate\Foundation\Testing\RefreshDatabase.php:93
C:\projetos\sistema\backend\vendor\laravel\framework\src\Illuminate\Foundation\Testing\RefreshDatabase.php:25
C:\projetos\sistema\backend\vendor\laravel\framework\src\Illuminate\Foundation\Testing\Concerns\InteractsWithTestCaseLifecycle.php:217
C:\projetos\sistema\backend\vendor\laravel\framework\src\Illuminate\Foundation\Testing\Concerns\InteractsWithTestCaseLifecycle.php:101
C:\projetos\sistema\backend\vendor\laravel\framework\src\Illuminate\Foundation\Testing\TestCase.php:63
C:\projetos\sistema\backend\tests\Feature\NotificationPushTest.php:23</error>
        </testcase>
        <testcase name="test_unread_count" file="C:\projetos\sistema\backend\tests\Feature\NotificationPushTest.php" line="45" class="Tests\Feature\NotificationPushTest" classname="Tests.Feature.NotificationPushTest" assertions="0" time="0.000000">
          <error type="PDOException">Tests\Feature\NotificationPushTest::test_unread_count&#13;
PDOException: There is already an active transaction
&#13;
C:\projetos\sistema\backend\vendor\laravel\framework\src\Illuminate\Database\SQLiteConnection.php:38
C:\projetos\sistema\backend\vendor\laravel\framework\src\Illuminate\Database\Concerns\ManagesTransactions.php:154
C:\projetos\sistema\backend\vendor\laravel\framework\src\Illuminate\Database\Concerns\ManagesTransactions.php:130
C:\projetos\sistema\backend\vendor\laravel\framework\src\Illuminate\Foundation\Testing\RefreshDatabase.php:147
C:\projetos\sistema\backend\vendor\laravel\framework\src\Illuminate\Foundation\Testing\RefreshDatabase.php:93
C:\projetos\sistema\backend\vendor\laravel\framework\src\Illuminate\Foundation\Testing\RefreshDatabase.php:25
C:\projetos\sistema\backend\vendor\laravel\framework\src\Illuminate\Foundation\Testing\Concerns\InteractsWithTestCaseLifecycle.php:217
C:\projetos\sistema\backend\vendor\laravel\framework\src\Illuminate\Foundation\Testing\Concerns\InteractsWithTestCaseLifecycle.php:101
C:\projetos\sistema\backend\vendor\laravel\framework\src\Illuminate\Foundation\Testing\TestCase.php:63
C:\projetos\sistema\backend\tests\Feature\NotificationPushTest.php:23</error>
        </testcase>
        <testcase name="test_mark_all_as_read" file="C:\projetos\sistema\backend\tests\Feature\NotificationPushTest.php" line="52" class="Tests\Feature\NotificationPushTest" classname="Tests.Feature.NotificationPushTest" assertions="0" time="0.000000">
          <error type="PDOException">Tests\Feature\NotificationPushTest::test_mark_all_as_read&#13;
PDOException: There is already an active transaction
&#13;
C:\projetos\sistema\backend\vendor\laravel\framework\src\Illuminate\Database\SQLiteConnection.php:38
C:\projetos\sistema\backend\vendor\laravel\framework\src\Illuminate\Database\Concerns\ManagesTransactions.php:154
C:\projetos\sistema\backend\vendor\laravel\framework\src\Illuminate\Database\Concerns\ManagesTransactions.php:130
C:\projetos\sistema\backend\vendor\laravel\framework\src\Illuminate\Foundation\Testing\RefreshDatabase.php:147
C:\projetos\sistema\backend\vendor\laravel\framework\src\Illuminate\Foundation\Testing\RefreshDatabase.php:93
C:\projetos\sistema\backend\vendor\laravel\framework\src\Illuminate\Foundation\Testing\RefreshDatabase.php:25
C:\projetos\sistema\backend\vendor\laravel\framework\src\Illuminate\Foundation\Testing\Concerns\InteractsWithTestCaseLifecycle.php:217
C:\projetos\sistema\backend\vendor\laravel\framework\src\Illuminate\Foundation\Testing\Concerns\InteractsWithTestCaseLifecycle.php:101
C:\projetos\sistema\backend\vendor\laravel\framework\src\Illuminate\Foundation\Testing\TestCase.php:63
C:\projetos\sistema\backend\tests\Feature\NotificationPushTest.php:23</error>
        </testcase>
        <testcase name="test_vapid_key_endpoint" file="C:\projetos\sistema\backend\tests\Feature\NotificationPushTest.php" line="58" class="Tests\Feature\NotificationPushTest" classname="Tests.Feature.NotificationPushTest" assertions="0" time="0.000000">
          <error type="PDOException">Tests\Feature\NotificationPushTest::test_vapid_key_endpoint&#13;
PDOException: There is already an active transaction
&#13;
C:\projetos\sistema\backend\vendor\laravel\framework\src\Illuminate\Database\SQLiteConnection.php:38
C:\projetos\sistema\backend\vendor\laravel\framework\src\Illuminate\Database\Concerns\ManagesTransactions.php:154
C:\projetos\sistema\backend\vendor\laravel\framework\src\Illuminate\Database\Concerns\ManagesTransactions.php:130
C:\projetos\sistema\backend\vendor\laravel\framework\src\Illuminate\Foundation\Testing\RefreshDatabase.php:147
C:\projetos\sistema\backend\vendor\laravel\framework\src\Illuminate\Foundation\Testing\RefreshDatabase.php:93
C:\projetos\sistema\backend\vendor\laravel\framework\src\Illuminate\Foundation\Testing\RefreshDatabase.php:25
C:\projetos\sistema\backend\vendor\laravel\framework\src\Illuminate\Foundation\Testing\Concerns\InteractsWithTestCaseLifecycle.php:217
C:\projetos\sistema\backend\vendor\laravel\framework\src\Illuminate\Foundation\Testing\Concerns\InteractsWithTestCaseLifecycle.php:101
C:\projetos\sistema\backend\vendor\laravel\framework\src\Illuminate\Foundation\Testing\TestCase.php:63
C:\projetos\sistema\backend\tests\Feature\NotificationPushTest.php:23</error>
        </testcase>
        <testcase name="test_push_subscribe_requires_endpoint" file="C:\projetos\sistema\backend\tests\Feature\NotificationPushTest.php" line="64" class="Tests\Feature\NotificationPushTest" classname="Tests.Feature.NotificationPushTest" assertions="0" time="0.000000">
          <error type="PDOException">Tests\Feature\NotificationPushTest::test_push_subscribe_requires_endpoint&#13;
PDOException: There is already an active transaction
&#13;
C:\projetos\sistema\backend\vendor\laravel\framework\src\Illuminate\Database\SQLiteConnection.php:38
C:\projetos\sistema\backend\vendor\laravel\framework\src\Illuminate\Database\Concerns\ManagesTransactions.php:154
C:\projetos\sistema\backend\vendor\laravel\framework\src\Illuminate\Database\Concerns\ManagesTransactions.php:130
C:\projetos\sistema\backend\vendor\laravel\framework\src\Illuminate\Foundation\Testing\RefreshDatabase.php:147
C:\projetos\sistema\backend\vendor\laravel\framework\src\Illuminate\Foundation\Testing\RefreshDatabase.php:93
C:\projetos\sistema\backend\vendor\laravel\framework\src\Illuminate\Foundation\Testing\RefreshDatabase.php:25
C:\projetos\sistema\backend\vendor\laravel\framework\src\Illuminate\Foundation\Testing\Concerns\InteractsWithTestCaseLifecycle.php:217
C:\projetos\sistema\backend\vendor\laravel\framework\src\Illuminate\Foundation\Testing\Concerns\InteractsWithTestCaseLifecycle.php:101
C:\projetos\sistema\backend\vendor\laravel\framework\src\Illuminate\Foundation\Testing\TestCase.php:63
C:\projetos\sistema\backend\tests\Feature\NotificationPushTest.php:23</error>
        </testcase>
        <testcase name="test_push_subscribe_with_valid_data" file="C:\projetos\sistema\backend\tests\Feature\NotificationPushTest.php" line="70" class="Tests\Feature\NotificationPushTest" classname="Tests.Feature.NotificationPushTest" assertions="0" time="0.000000">
          <error type="PDOException">Tests\Feature\NotificationPushTest::test_push_subscribe_with_valid_data&#13;
PDOException: There is already an active transaction
&#13;
C:\projetos\sistema\backend\vendor\laravel\framework\src\Illuminate\Database\SQLiteConnection.php:38
C:\projetos\sistema\backend\vendor\laravel\framework\src\Illuminate\Database\Concerns\ManagesTransactions.php:154
C:\projetos\sistema\backend\vendor\laravel\framework\src\Illuminate\Database\Concerns\ManagesTransactions.php:130
C:\projetos\sistema\backend\vendor\laravel\framework\src\Illuminate\Foundation\Testing\RefreshDatabase.php:147
C:\projetos\sistema\backend\vendor\laravel\framework\src\Illuminate\Foundation\Testing\RefreshDatabase.php:93
C:\projetos\sistema\backend\vendor\laravel\framework\src\Illuminate\Foundation\Testing\RefreshDatabase.php:25
C:\projetos\sistema\backend\vendor\laravel\framework\src\Illuminate\Foundation\Testing\Concerns\InteractsWithTestCaseLifecycle.php:217
C:\projetos\sistema\backend\vendor\laravel\framework\src\Illuminate\Foundation\Testing\Concerns\InteractsWithTestCaseLifecycle.php:101
C:\projetos\sistema\backend\vendor\laravel\framework\src\Illuminate\Foundation\Testing\TestCase.php:63
C:\projetos\sistema\backend\tests\Feature\NotificationPushTest.php:23</error>
        </testcase>
      </testsuite>
      <testsuite name="Tests\Feature\NotificationTest" file="C:\projetos\sistema\backend\tests\Feature\NotificationTest.php" tests="4" assertions="0" errors="4" failures="0" skipped="0" time="0.000000">
        <testcase name="test_list_notifications" file="C:\projetos\sistema\backend\tests\Feature\NotificationTest.php" line="39" class="Tests\Feature\NotificationTest" classname="Tests.Feature.NotificationTest" assertions="0" time="0.000000">
          <error type="PDOException">Tests\Feature\NotificationTest::test_list_notifications&#13;
PDOException: There is already an active transaction
&#13;
C:\projetos\sistema\backend\vendor\laravel\framework\src\Illuminate\Database\SQLiteConnection.php:38
C:\projetos\sistema\backend\vendor\laravel\framework\src\Illuminate\Database\Concerns\ManagesTransactions.php:154
C:\projetos\sistema\backend\vendor\laravel\framework\src\Illuminate\Database\Concerns\ManagesTransactions.php:130
C:\projetos\sistema\backend\vendor\laravel\framework\src\Illuminate\Foundation\Testing\RefreshDatabase.php:147
C:\projetos\sistema\backend\vendor\laravel\framework\src\Illuminate\Foundation\Testing\RefreshDatabase.php:93
C:\projetos\sistema\backend\vendor\laravel\framework\src\Illuminate\Foundation\Testing\RefreshDatabase.php:25
C:\projetos\sistema\backend\vendor\laravel\framework\src\Illuminate\Foundation\Testing\Concerns\InteractsWithTestCaseLifecycle.php:217
C:\projetos\sistema\backend\vendor\laravel\framework\src\Illuminate\Foundation\Testing\Concerns\InteractsWithTestCaseLifecycle.php:101
C:\projetos\sistema\backend\vendor\laravel\framework\src\Illuminate\Foundation\Testing\TestCase.php:63
C:\projetos\sistema\backend\tests\Feature\NotificationTest.php:21</error>
        </testcase>
        <testcase name="test_unread_count" file="C:\projetos\sistema\backend\tests\Feature\NotificationTest.php" line="52" class="Tests\Feature\NotificationTest" classname="Tests.Feature.NotificationTest" assertions="0" time="0.000000">
          <error type="PDOException">Tests\Feature\NotificationTest::test_unread_count&#13;
PDOException: There is already an active transaction
&#13;
C:\projetos\sistema\backend\vendor\laravel\framework\src\Illuminate\Database\SQLiteConnection.php:38
C:\projetos\sistema\backend\vendor\laravel\framework\src\Illuminate\Database\Concerns\ManagesTransactions.php:154
C:\projetos\sistema\backend\vendor\laravel\framework\src\Illuminate\Database\Concerns\ManagesTransactions.php:130
C:\projetos\sistema\backend\vendor\laravel\framework\src\Illuminate\Foundation\Testing\RefreshDatabase.php:147
C:\projetos\sistema\backend\vendor\laravel\framework\src\Illuminate\Foundation\Testing\RefreshDatabase.php:93
C:\projetos\sistema\backend\vendor\laravel\framework\src\Illuminate\Foundation\Testing\RefreshDatabase.php:25
C:\projetos\sistema\backend\vendor\laravel\framework\src\Illuminate\Foundation\Testing\Concerns\InteractsWithTestCaseLifecycle.php:217
C:\projetos\sistema\backend\vendor\laravel\framework\src\Illuminate\Foundation\Testing\Concerns\InteractsWithTestCaseLifecycle.php:101
C:\projetos\sistema\backend\vendor\laravel\framework\src\Illuminate\Foundation\Testing\TestCase.php:63
C:\projetos\sistema\backend\tests\Feature\NotificationTest.php:21</error>
        </testcase>
        <testcase name="test_mark_as_read" file="C:\projetos\sistema\backend\tests\Feature\NotificationTest.php" line="71" class="Tests\Feature\NotificationTest" classname="Tests.Feature.NotificationTest" assertions="0" time="0.000000">
          <error type="PDOException">Tests\Feature\NotificationTest::test_mark_as_read&#13;
PDOException: There is already an active transaction
&#13;
C:\projetos\sistema\backend\vendor\laravel\framework\src\Illuminate\Database\SQLiteConnection.php:38
C:\projetos\sistema\backend\vendor\laravel\framework\src\Illuminate\Database\Concerns\ManagesTransactions.php:154
C:\projetos\sistema\backend\vendor\laravel\framework\src\Illuminate\Database\Concerns\ManagesTransactions.php:130
C:\projetos\sistema\backend\vendor\laravel\framework\src\Illuminate\Foundation\Testing\RefreshDatabase.php:147
C:\projetos\sistema\backend\vendor\laravel\framework\src\Illuminate\Foundation\Testing\RefreshDatabase.php:93
C:\projetos\sistema\backend\vendor\laravel\framework\src\Illuminate\Foundation\Testing\RefreshDatabase.php:25
C:\projetos\sistema\backend\vendor\laravel\framework\src\Illuminate\Foundation\Testing\Concerns\InteractsWithTestCaseLifecycle.php:217
C:\projetos\sistema\backend\vendor\laravel\framework\src\Illuminate\Foundation\Testing\Concerns\InteractsWithTestCaseLifecycle.php:101
C:\projetos\sistema\backend\vendor\laravel\framework\src\Illuminate\Foundation\Testing\TestCase.php:63
C:\projetos\sistema\backend\tests\Feature\NotificationTest.php:21</error>
        </testcase>
        <testcase name="test_mark_all_as_read" file="C:\projetos\sistema\backend\tests\Feature\NotificationTest.php" line="85" class="Tests\Feature\NotificationTest" classname="Tests.Feature.NotificationTest" assertions="0" time="0.000000">
          <error type="PDOException">Tests\Feature\NotificationTest::test_mark_all_as_read&#13;
PDOException: There is already an active transaction
&#13;
C:\projetos\sistema\backend\vendor\laravel\framework\src\Illuminate\Database\SQLiteConnection.php:38
C:\projetos\sistema\backend\vendor\laravel\framework\src\Illuminate\Database\Concerns\ManagesTransactions.php:154
C:\projetos\sistema\backend\vendor\laravel\framework\src\Illuminate\Database\Concerns\ManagesTransactions.php:130
C:\projetos\sistema\backend\vendor\laravel\framework\src\Illuminate\Foundation\Testing\RefreshDatabase.php:147
C:\projetos\sistema\backend\vendor\laravel\framework\src\Illuminate\Foundation\Testing\RefreshDatabase.php:93
C:\projetos\sistema\backend\vendor\laravel\framework\src\Illuminate\Foundation\Testing\RefreshDatabase.php:25
C:\projetos\sistema\backend\vendor\laravel\framework\src\Illuminate\Foundation\Testing\Concerns\InteractsWithTestCaseLifecycle.php:217
C:\projetos\sistema\backend\vendor\laravel\framework\src\Illuminate\Foundation\Testing\Concerns\InteractsWithTestCaseLifecycle.php:101
C:\projetos\sistema\backend\vendor\laravel\framework\src\Illuminate\Foundation\Testing\TestCase.php:63
C:\projetos\sistema\backend\tests\Feature\NotificationTest.php:21</error>
        </testcase>
      </testsuite>
      <testsuite name="Tests\Feature\NumberingSequenceTest" file="C:\projetos\sistema\backend\tests\Feature\NumberingSequenceTest.php" tests="9" assertions="0" errors="9" failures="0" skipped="0" time="0.000000">
        <testcase name="test_index_returns_sequences_for_tenant" file="C:\projetos\sistema\backend\tests\Feature\NumberingSequenceTest.php" line="39" class="Tests\Feature\NumberingSequenceTest" classname="Tests.Feature.NumberingSequenceTest" assertions="0" time="0.000000">
          <error type="PDOException">Tests\Feature\NumberingSequenceTest::test_index_returns_sequences_for_tenant&#13;
PDOException: There is already an active transaction
&#13;
C:\projetos\sistema\backend\vendor\laravel\framework\src\Illuminate\Database\SQLiteConnection.php:38
C:\projetos\sistema\backend\vendor\laravel\framework\src\Illuminate\Database\Concerns\ManagesTransactions.php:154
C:\projetos\sistema\backend\vendor\laravel\framework\src\Illuminate\Database\Concerns\ManagesTransactions.php:130
C:\projetos\sistema\backend\vendor\laravel\framework\src\Illuminate\Foundation\Testing\RefreshDatabase.php:147
C:\projetos\sistema\backend\vendor\laravel\framework\src\Illuminate\Foundation\Testing\RefreshDatabase.php:93
C:\projetos\sistema\backend\vendor\laravel\framework\src\Illuminate\Foundation\Testing\RefreshDatabase.php:25
C:\projetos\sistema\backend\vendor\laravel\framework\src\Illuminate\Foundation\Testing\Concerns\InteractsWithTestCaseLifecycle.php:217
C:\projetos\sistema\backend\vendor\laravel\framework\src\Illuminate\Foundation\Testing\Concerns\InteractsWithTestCaseLifecycle.php:101
C:\projetos\sistema\backend\vendor\laravel\framework\src\Illuminate\Foundation\Testing\TestCase.php:63
C:\projetos\sistema\backend\tests\Feature\NumberingSequenceTest.php:21</error>
        </testcase>
        <testcase name="test_index_excludes_other_tenant_sequences" file="C:\projetos\sistema\backend\tests\Feature\NumberingSequenceTest.php" line="65" class="Tests\Feature\NumberingSequenceTest" classname="Tests.Feature.NumberingSequenceTest" assertions="0" time="0.000000">
          <error type="PDOException">Tests\Feature\NumberingSequenceTest::test_index_excludes_other_tenant_sequences&#13;
PDOException: There is already an active transaction
&#13;
C:\projetos\sistema\backend\vendor\laravel\framework\src\Illuminate\Database\SQLiteConnection.php:38
C:\projetos\sistema\backend\vendor\laravel\framework\src\Illuminate\Database\Concerns\ManagesTransactions.php:154
C:\projetos\sistema\backend\vendor\laravel\framework\src\Illuminate\Database\Concerns\ManagesTransactions.php:130
C:\projetos\sistema\backend\vendor\laravel\framework\src\Illuminate\Foundation\Testing\RefreshDatabase.php:147
C:\projetos\sistema\backend\vendor\laravel\framework\src\Illuminate\Foundation\Testing\RefreshDatabase.php:93
C:\projetos\sistema\backend\vendor\laravel\framework\src\Illuminate\Foundation\Testing\RefreshDatabase.php:25
C:\projetos\sistema\backend\vendor\laravel\framework\src\Illuminate\Foundation\Testing\Concerns\InteractsWithTestCaseLifecycle.php:217
C:\projetos\sistema\backend\vendor\laravel\framework\src\Illuminate\Foundation\Testing\Concerns\InteractsWithTestCaseLifecycle.php:101
C:\projetos\sistema\backend\vendor\laravel\framework\src\Illuminate\Foundation\Testing\TestCase.php:63
C:\projetos\sistema\backend\tests\Feature\NumberingSequenceTest.php:21</error>
        </testcase>
        <testcase name="test_update_changes_prefix_and_padding" file="C:\projetos\sistema\backend\tests\Feature\NumberingSequenceTest.php" line="93" class="Tests\Feature\NumberingSequenceTest" classname="Tests.Feature.NumberingSequenceTest" assertions="0" time="0.000000">
          <error type="PDOException">Tests\Feature\NumberingSequenceTest::test_update_changes_prefix_and_padding&#13;
PDOException: There is already an active transaction
&#13;
C:\projetos\sistema\backend\vendor\laravel\framework\src\Illuminate\Database\SQLiteConnection.php:38
C:\projetos\sistema\backend\vendor\laravel\framework\src\Illuminate\Database\Concerns\ManagesTransactions.php:154
C:\projetos\sistema\backend\vendor\laravel\framework\src\Illuminate\Database\Concerns\ManagesTransactions.php:130
C:\projetos\sistema\backend\vendor\laravel\framework\src\Illuminate\Foundation\Testing\RefreshDatabase.php:147
C:\projetos\sistema\backend\vendor\laravel\framework\src\Illuminate\Foundation\Testing\RefreshDatabase.php:93
C:\projetos\sistema\backend\vendor\laravel\framework\src\Illuminate\Foundation\Testing\RefreshDatabase.php:25
C:\projetos\sistema\backend\vendor\laravel\framework\src\Illuminate\Foundation\Testing\Concerns\InteractsWithTestCaseLifecycle.php:217
C:\projetos\sistema\backend\vendor\laravel\framework\src\Illuminate\Foundation\Testing\Concerns\InteractsWithTestCaseLifecycle.php:101
C:\projetos\sistema\backend\vendor\laravel\framework\src\Illuminate\Foundation\Testing\TestCase.php:63
C:\projetos\sistema\backend\tests\Feature\NumberingSequenceTest.php:21</error>
        </testcase>
        <testcase name="test_update_changes_next_number" file="C:\projetos\sistema\backend\tests\Feature\NumberingSequenceTest.php" line="117" class="Tests\Feature\NumberingSequenceTest" classname="Tests.Feature.NumberingSequenceTest" assertions="0" time="0.000000">
          <error type="PDOException">Tests\Feature\NumberingSequenceTest::test_update_changes_next_number&#13;
PDOException: There is already an active transaction
&#13;
C:\projetos\sistema\backend\vendor\laravel\framework\src\Illuminate\Database\SQLiteConnection.php:38
C:\projetos\sistema\backend\vendor\laravel\framework\src\Illuminate\Database\Concerns\ManagesTransactions.php:154
C:\projetos\sistema\backend\vendor\laravel\framework\src\Illuminate\Database\Concerns\ManagesTransactions.php:130
C:\projetos\sistema\backend\vendor\laravel\framework\src\Illuminate\Foundation\Testing\RefreshDatabase.php:147
C:\projetos\sistema\backend\vendor\laravel\framework\src\Illuminate\Foundation\Testing\RefreshDatabase.php:93
C:\projetos\sistema\backend\vendor\laravel\framework\src\Illuminate\Foundation\Testing\RefreshDatabase.php:25
C:\projetos\sistema\backend\vendor\laravel\framework\src\Illuminate\Foundation\Testing\Concerns\InteractsWithTestCaseLifecycle.php:217
C:\projetos\sistema\backend\vendor\laravel\framework\src\Illuminate\Foundation\Testing\Concerns\InteractsWithTestCaseLifecycle.php:101
C:\projetos\sistema\backend\vendor\laravel\framework\src\Illuminate\Foundation\Testing\TestCase.php:63
C:\projetos\sistema\backend\tests\Feature\NumberingSequenceTest.php:21</error>
        </testcase>
        <testcase name="test_update_rejects_other_tenant_sequence" file="C:\projetos\sistema\backend\tests\Feature\NumberingSequenceTest.php" line="138" class="Tests\Feature\NumberingSequenceTest" classname="Tests.Feature.NumberingSequenceTest" assertions="0" time="0.000000">
          <error type="PDOException">Tests\Feature\NumberingSequenceTest::test_update_rejects_other_tenant_sequence&#13;
PDOException: There is already an active transaction
&#13;
C:\projetos\sistema\backend\vendor\laravel\framework\src\Illuminate\Database\SQLiteConnection.php:38
C:\projetos\sistema\backend\vendor\laravel\framework\src\Illuminate\Database\Concerns\ManagesTransactions.php:154
C:\projetos\sistema\backend\vendor\laravel\framework\src\Illuminate\Database\Concerns\ManagesTransactions.php:130
C:\projetos\sistema\backend\vendor\laravel\framework\src\Illuminate\Foundation\Testing\RefreshDatabase.php:147
C:\projetos\sistema\backend\vendor\laravel\framework\src\Illuminate\Foundation\Testing\RefreshDatabase.php:93
C:\projetos\sistema\backend\vendor\laravel\framework\src\Illuminate\Foundation\Testing\RefreshDatabase.php:25
C:\projetos\sistema\backend\vendor\laravel\framework\src\Illuminate\Foundation\Testing\Concerns\InteractsWithTestCaseLifecycle.php:217
C:\projetos\sistema\backend\vendor\laravel\framework\src\Illuminate\Foundation\Testing\Concerns\InteractsWithTestCaseLifecycle.php:101
C:\projetos\sistema\backend\vendor\laravel\framework\src\Illuminate\Foundation\Testing\TestCase.php:63
C:\projetos\sistema\backend\tests\Feature\NumberingSequenceTest.php:21</error>
        </testcase>
        <testcase name="test_update_validates_padding_max" file="C:\projetos\sistema\backend\tests\Feature\NumberingSequenceTest.php" line="158" class="Tests\Feature\NumberingSequenceTest" classname="Tests.Feature.NumberingSequenceTest" assertions="0" time="0.000000">
          <error type="PDOException">Tests\Feature\NumberingSequenceTest::test_update_validates_padding_max&#13;
PDOException: There is already an active transaction
&#13;
C:\projetos\sistema\backend\vendor\laravel\framework\src\Illuminate\Database\SQLiteConnection.php:38
C:\projetos\sistema\backend\vendor\laravel\framework\src\Illuminate\Database\Concerns\ManagesTransactions.php:154
C:\projetos\sistema\backend\vendor\laravel\framework\src\Illuminate\Database\Concerns\ManagesTransactions.php:130
C:\projetos\sistema\backend\vendor\laravel\framework\src\Illuminate\Foundation\Testing\RefreshDatabase.php:147
C:\projetos\sistema\backend\vendor\laravel\framework\src\Illuminate\Foundation\Testing\RefreshDatabase.php:93
C:\projetos\sistema\backend\vendor\laravel\framework\src\Illuminate\Foundation\Testing\RefreshDatabase.php:25
C:\projetos\sistema\backend\vendor\laravel\framework\src\Illuminate\Foundation\Testing\Concerns\InteractsWithTestCaseLifecycle.php:217
C:\projetos\sistema\backend\vendor\laravel\framework\src\Illuminate\Foundation\Testing\Concerns\InteractsWithTestCaseLifecycle.php:101
C:\projetos\sistema\backend\vendor\laravel\framework\src\Illuminate\Foundation\Testing\TestCase.php:63
C:\projetos\sistema\backend\tests\Feature\NumberingSequenceTest.php:21</error>
        </testcase>
        <testcase name="test_preview_returns_formatted_number" file="C:\projetos\sistema\backend\tests\Feature\NumberingSequenceTest.php" line="175" class="Tests\Feature\NumberingSequenceTest" classname="Tests.Feature.NumberingSequenceTest" assertions="0" time="0.000000">
          <error type="PDOException">Tests\Feature\NumberingSequenceTest::test_preview_returns_formatted_number&#13;
PDOException: There is already an active transaction
&#13;
C:\projetos\sistema\backend\vendor\laravel\framework\src\Illuminate\Database\SQLiteConnection.php:38
C:\projetos\sistema\backend\vendor\laravel\framework\src\Illuminate\Database\Concerns\ManagesTransactions.php:154
C:\projetos\sistema\backend\vendor\laravel\framework\src\Illuminate\Database\Concerns\ManagesTransactions.php:130
C:\projetos\sistema\backend\vendor\laravel\framework\src\Illuminate\Foundation\Testing\RefreshDatabase.php:147
C:\projetos\sistema\backend\vendor\laravel\framework\src\Illuminate\Foundation\Testing\RefreshDatabase.php:93
C:\projetos\sistema\backend\vendor\laravel\framework\src\Illuminate\Foundation\Testing\RefreshDatabase.php:25
C:\projetos\sistema\backend\vendor\laravel\framework\src\Illuminate\Foundation\Testing\Concerns\InteractsWithTestCaseLifecycle.php:217
C:\projetos\sistema\backend\vendor\laravel\framework\src\Illuminate\Foundation\Testing\Concerns\InteractsWithTestCaseLifecycle.php:101
C:\projetos\sistema\backend\vendor\laravel\framework\src\Illuminate\Foundation\Testing\TestCase.php:63
C:\projetos\sistema\backend\tests\Feature\NumberingSequenceTest.php:21</error>
        </testcase>
        <testcase name="test_preview_with_custom_params" file="C:\projetos\sistema\backend\tests\Feature\NumberingSequenceTest.php" line="191" class="Tests\Feature\NumberingSequenceTest" classname="Tests.Feature.NumberingSequenceTest" assertions="0" time="0.000000">
          <error type="PDOException">Tests\Feature\NumberingSequenceTest::test_preview_with_custom_params&#13;
PDOException: There is already an active transaction
&#13;
C:\projetos\sistema\backend\vendor\laravel\framework\src\Illuminate\Database\SQLiteConnection.php:38
C:\projetos\sistema\backend\vendor\laravel\framework\src\Illuminate\Database\Concerns\ManagesTransactions.php:154
C:\projetos\sistema\backend\vendor\laravel\framework\src\Illuminate\Database\Concerns\ManagesTransactions.php:130
C:\projetos\sistema\backend\vendor\laravel\framework\src\Illuminate\Foundation\Testing\RefreshDatabase.php:147
C:\projetos\sistema\backend\vendor\laravel\framework\src\Illuminate\Foundation\Testing\RefreshDatabase.php:93
C:\projetos\sistema\backend\vendor\laravel\framework\src\Illuminate\Foundation\Testing\RefreshDatabase.php:25
C:\projetos\sistema\backend\vendor\laravel\framework\src\Illuminate\Foundation\Testing\Concerns\InteractsWithTestCaseLifecycle.php:217
C:\projetos\sistema\backend\vendor\laravel\framework\src\Illuminate\Foundation\Testing\Concerns\InteractsWithTestCaseLifecycle.php:101
C:\projetos\sistema\backend\vendor\laravel\framework\src\Illuminate\Foundation\Testing\TestCase.php:63
C:\projetos\sistema\backend\tests\Feature\NumberingSequenceTest.php:21</error>
        </testcase>
        <testcase name="test_generate_next_increments_atomically" file="C:\projetos\sistema\backend\tests\Feature\NumberingSequenceTest.php" line="207" class="Tests\Feature\NumberingSequenceTest" classname="Tests.Feature.NumberingSequenceTest" assertions="0" time="0.000000">
          <error type="PDOException">Tests\Feature\NumberingSequenceTest::test_generate_next_increments_atomically&#13;
PDOException: There is already an active transaction
&#13;
C:\projetos\sistema\backend\vendor\laravel\framework\src\Illuminate\Database\SQLiteConnection.php:38
C:\projetos\sistema\backend\vendor\laravel\framework\src\Illuminate\Database\Concerns\ManagesTransactions.php:154
C:\projetos\sistema\backend\vendor\laravel\framework\src\Illuminate\Database\Concerns\ManagesTransactions.php:130
C:\projetos\sistema\backend\vendor\laravel\framework\src\Illuminate\Foundation\Testing\RefreshDatabase.php:147
C:\projetos\sistema\backend\vendor\laravel\framework\src\Illuminate\Foundation\Testing\RefreshDatabase.php:93
C:\projetos\sistema\backend\vendor\laravel\framework\src\Illuminate\Foundation\Testing\RefreshDatabase.php:25
C:\projetos\sistema\backend\vendor\laravel\framework\src\Illuminate\Foundation\Testing\Concerns\InteractsWithTestCaseLifecycle.php:217
C:\projetos\sistema\backend\vendor\laravel\framework\src\Illuminate\Foundation\Testing\Concerns\InteractsWithTestCaseLifecycle.php:101
C:\projetos\sistema\backend\vendor\laravel\framework\src\Illuminate\Foundation\Testing\TestCase.php:63
C:\projetos\sistema\backend\tests\Feature\NumberingSequenceTest.php:21</error>
        </testcase>
      </testsuite>
      <testsuite name="Tests\Feature\PaymentMethodTest" file="C:\projetos\sistema\backend\tests\Feature\PaymentMethodTest.php" tests="8" assertions="0" errors="8" failures="0" skipped="0" time="0.000000">
        <testcase name="test_index_returns_only_tenant_methods" file="C:\projetos\sistema\backend\tests\Feature\PaymentMethodTest.php" line="40" class="Tests\Feature\PaymentMethodTest" classname="Tests.Feature.PaymentMethodTest" assertions="0" time="0.000000">
          <error type="PDOException">Tests\Feature\PaymentMethodTest::test_index_returns_only_tenant_methods&#13;
PDOException: There is already an active transaction
&#13;
C:\projetos\sistema\backend\vendor\laravel\framework\src\Illuminate\Database\SQLiteConnection.php:38
C:\projetos\sistema\backend\vendor\laravel\framework\src\Illuminate\Database\Concerns\ManagesTransactions.php:154
C:\projetos\sistema\backend\vendor\laravel\framework\src\Illuminate\Database\Concerns\ManagesTransactions.php:130
C:\projetos\sistema\backend\vendor\laravel\framework\src\Illuminate\Foundation\Testing\RefreshDatabase.php:147
C:\projetos\sistema\backend\vendor\laravel\framework\src\Illuminate\Foundation\Testing\RefreshDatabase.php:93
C:\projetos\sistema\backend\vendor\laravel\framework\src\Illuminate\Foundation\Testing\RefreshDatabase.php:25
C:\projetos\sistema\backend\vendor\laravel\framework\src\Illuminate\Foundation\Testing\Concerns\InteractsWithTestCaseLifecycle.php:217
C:\projetos\sistema\backend\vendor\laravel\framework\src\Illuminate\Foundation\Testing\Concerns\InteractsWithTestCaseLifecycle.php:101
C:\projetos\sistema\backend\vendor\laravel\framework\src\Illuminate\Foundation\Testing\TestCase.php:63
C:\projetos\sistema\backend\tests\Feature\PaymentMethodTest.php:21</error>
        </testcase>
        <testcase name="test_store_creates_method_for_current_tenant" file="C:\projetos\sistema\backend\tests\Feature\PaymentMethodTest.php" line="65" class="Tests\Feature\PaymentMethodTest" classname="Tests.Feature.PaymentMethodTest" assertions="0" time="0.000000">
          <error type="PDOException">Tests\Feature\PaymentMethodTest::test_store_creates_method_for_current_tenant&#13;
PDOException: There is already an active transaction
&#13;
C:\projetos\sistema\backend\vendor\laravel\framework\src\Illuminate\Database\SQLiteConnection.php:38
C:\projetos\sistema\backend\vendor\laravel\framework\src\Illuminate\Database\Concerns\ManagesTransactions.php:154
C:\projetos\sistema\backend\vendor\laravel\framework\src\Illuminate\Database\Concerns\ManagesTransactions.php:130
C:\projetos\sistema\backend\vendor\laravel\framework\src\Illuminate\Foundation\Testing\RefreshDatabase.php:147
C:\projetos\sistema\backend\vendor\laravel\framework\src\Illuminate\Foundation\Testing\RefreshDatabase.php:93
C:\projetos\sistema\backend\vendor\laravel\framework\src\Illuminate\Foundation\Testing\RefreshDatabase.php:25
C:\projetos\sistema\backend\vendor\laravel\framework\src\Illuminate\Foundation\Testing\Concerns\InteractsWithTestCaseLifecycle.php:217
C:\projetos\sistema\backend\vendor\laravel\framework\src\Illuminate\Foundation\Testing\Concerns\InteractsWithTestCaseLifecycle.php:101
C:\projetos\sistema\backend\vendor\laravel\framework\src\Illuminate\Foundation\Testing\TestCase.php:63
C:\projetos\sistema\backend\tests\Feature\PaymentMethodTest.php:21</error>
        </testcase>
        <testcase name="test_update_method" file="C:\projetos\sistema\backend\tests\Feature\PaymentMethodTest.php" line="85" class="Tests\Feature\PaymentMethodTest" classname="Tests.Feature.PaymentMethodTest" assertions="0" time="0.000000">
          <error type="PDOException">Tests\Feature\PaymentMethodTest::test_update_method&#13;
PDOException: There is already an active transaction
&#13;
C:\projetos\sistema\backend\vendor\laravel\framework\src\Illuminate\Database\SQLiteConnection.php:38
C:\projetos\sistema\backend\vendor\laravel\framework\src\Illuminate\Database\Concerns\ManagesTransactions.php:154
C:\projetos\sistema\backend\vendor\laravel\framework\src\Illuminate\Database\Concerns\ManagesTransactions.php:130
C:\projetos\sistema\backend\vendor\laravel\framework\src\Illuminate\Foundation\Testing\RefreshDatabase.php:147
C:\projetos\sistema\backend\vendor\laravel\framework\src\Illuminate\Foundation\Testing\RefreshDatabase.php:93
C:\projetos\sistema\backend\vendor\laravel\framework\src\Illuminate\Foundation\Testing\RefreshDatabase.php:25
C:\projetos\sistema\backend\vendor\laravel\framework\src\Illuminate\Foundation\Testing\Concerns\InteractsWithTestCaseLifecycle.php:217
C:\projetos\sistema\backend\vendor\laravel\framework\src\Illuminate\Foundation\Testing\Concerns\InteractsWithTestCaseLifecycle.php:101
C:\projetos\sistema\backend\vendor\laravel\framework\src\Illuminate\Foundation\Testing\TestCase.php:63
C:\projetos\sistema\backend\tests\Feature\PaymentMethodTest.php:21</error>
        </testcase>
        <testcase name="test_destroy_method" file="C:\projetos\sistema\backend\tests\Feature\PaymentMethodTest.php" line="107" class="Tests\Feature\PaymentMethodTest" classname="Tests.Feature.PaymentMethodTest" assertions="0" time="0.000000">
          <error type="PDOException">Tests\Feature\PaymentMethodTest::test_destroy_method&#13;
PDOException: There is already an active transaction
&#13;
C:\projetos\sistema\backend\vendor\laravel\framework\src\Illuminate\Database\SQLiteConnection.php:38
C:\projetos\sistema\backend\vendor\laravel\framework\src\Illuminate\Database\Concerns\ManagesTransactions.php:154
C:\projetos\sistema\backend\vendor\laravel\framework\src\Illuminate\Database\Concerns\ManagesTransactions.php:130
C:\projetos\sistema\backend\vendor\laravel\framework\src\Illuminate\Foundation\Testing\RefreshDatabase.php:147
C:\projetos\sistema\backend\vendor\laravel\framework\src\Illuminate\Foundation\Testing\RefreshDatabase.php:93
C:\projetos\sistema\backend\vendor\laravel\framework\src\Illuminate\Foundation\Testing\RefreshDatabase.php:25
C:\projetos\sistema\backend\vendor\laravel\framework\src\Illuminate\Foundation\Testing\Concerns\InteractsWithTestCaseLifecycle.php:217
C:\projetos\sistema\backend\vendor\laravel\framework\src\Illuminate\Foundation\Testing\Concerns\InteractsWithTestCaseLifecycle.php:101
C:\projetos\sistema\backend\vendor\laravel\framework\src\Illuminate\Foundation\Testing\TestCase.php:63
C:\projetos\sistema\backend\tests\Feature\PaymentMethodTest.php:21</error>
        </testcase>
        <testcase name="test_cannot_update_other_tenant_method" file="C:\projetos\sistema\backend\tests\Feature\PaymentMethodTest.php" line="121" class="Tests\Feature\PaymentMethodTest" classname="Tests.Feature.PaymentMethodTest" assertions="0" time="0.000000">
          <error type="PDOException">Tests\Feature\PaymentMethodTest::test_cannot_update_other_tenant_method&#13;
PDOException: There is already an active transaction
&#13;
C:\projetos\sistema\backend\vendor\laravel\framework\src\Illuminate\Database\SQLiteConnection.php:38
C:\projetos\sistema\backend\vendor\laravel\framework\src\Illuminate\Database\Concerns\ManagesTransactions.php:154
C:\projetos\sistema\backend\vendor\laravel\framework\src\Illuminate\Database\Concerns\ManagesTransactions.php:130
C:\projetos\sistema\backend\vendor\laravel\framework\src\Illuminate\Foundation\Testing\RefreshDatabase.php:147
C:\projetos\sistema\backend\vendor\laravel\framework\src\Illuminate\Foundation\Testing\RefreshDatabase.php:93
C:\projetos\sistema\backend\vendor\laravel\framework\src\Illuminate\Foundation\Testing\RefreshDatabase.php:25
C:\projetos\sistema\backend\vendor\laravel\framework\src\Illuminate\Foundation\Testing\Concerns\InteractsWithTestCaseLifecycle.php:217
C:\projetos\sistema\backend\vendor\laravel\framework\src\Illuminate\Foundation\Testing\Concerns\InteractsWithTestCaseLifecycle.php:101
C:\projetos\sistema\backend\vendor\laravel\framework\src\Illuminate\Foundation\Testing\TestCase.php:63
C:\projetos\sistema\backend\tests\Feature\PaymentMethodTest.php:21</error>
        </testcase>
        <testcase name="test_cannot_destroy_other_tenant_method" file="C:\projetos\sistema\backend\tests\Feature\PaymentMethodTest.php" line="137" class="Tests\Feature\PaymentMethodTest" classname="Tests.Feature.PaymentMethodTest" assertions="0" time="0.000000">
          <error type="PDOException">Tests\Feature\PaymentMethodTest::test_cannot_destroy_other_tenant_method&#13;
PDOException: There is already an active transaction
&#13;
C:\projetos\sistema\backend\vendor\laravel\framework\src\Illuminate\Database\SQLiteConnection.php:38
C:\projetos\sistema\backend\vendor\laravel\framework\src\Illuminate\Database\Concerns\ManagesTransactions.php:154
C:\projetos\sistema\backend\vendor\laravel\framework\src\Illuminate\Database\Concerns\ManagesTransactions.php:130
C:\projetos\sistema\backend\vendor\laravel\framework\src\Illuminate\Foundation\Testing\RefreshDatabase.php:147
C:\projetos\sistema\backend\vendor\laravel\framework\src\Illuminate\Foundation\Testing\RefreshDatabase.php:93
C:\projetos\sistema\backend\vendor\laravel\framework\src\Illuminate\Foundation\Testing\RefreshDatabase.php:25
C:\projetos\sistema\backend\vendor\laravel\framework\src\Illuminate\Foundation\Testing\Concerns\InteractsWithTestCaseLifecycle.php:217
C:\projetos\sistema\backend\vendor\laravel\framework\src\Illuminate\Foundation\Testing\Concerns\InteractsWithTestCaseLifecycle.php:101
C:\projetos\sistema\backend\vendor\laravel\framework\src\Illuminate\Foundation\Testing\TestCase.php:63
C:\projetos\sistema\backend\tests\Feature\PaymentMethodTest.php:21</error>
        </testcase>
        <testcase name="test_cannot_create_duplicate_code_in_same_tenant" file="C:\projetos\sistema\backend\tests\Feature\PaymentMethodTest.php" line="151" class="Tests\Feature\PaymentMethodTest" classname="Tests.Feature.PaymentMethodTest" assertions="0" time="0.000000">
          <error type="PDOException">Tests\Feature\PaymentMethodTest::test_cannot_create_duplicate_code_in_same_tenant&#13;
PDOException: There is already an active transaction
&#13;
C:\projetos\sistema\backend\vendor\laravel\framework\src\Illuminate\Database\SQLiteConnection.php:38
C:\projetos\sistema\backend\vendor\laravel\framework\src\Illuminate\Database\Concerns\ManagesTransactions.php:154
C:\projetos\sistema\backend\vendor\laravel\framework\src\Illuminate\Database\Concerns\ManagesTransactions.php:130
C:\projetos\sistema\backend\vendor\laravel\framework\src\Illuminate\Foundation\Testing\RefreshDatabase.php:147
C:\projetos\sistema\backend\vendor\laravel\framework\src\Illuminate\Foundation\Testing\RefreshDatabase.php:93
C:\projetos\sistema\backend\vendor\laravel\framework\src\Illuminate\Foundation\Testing\RefreshDatabase.php:25
C:\projetos\sistema\backend\vendor\laravel\framework\src\Illuminate\Foundation\Testing\Concerns\InteractsWithTestCaseLifecycle.php:217
C:\projetos\sistema\backend\vendor\laravel\framework\src\Illuminate\Foundation\Testing\Concerns\InteractsWithTestCaseLifecycle.php:101
C:\projetos\sistema\backend\vendor\laravel\framework\src\Illuminate\Foundation\Testing\TestCase.php:63
C:\projetos\sistema\backend\tests\Feature\PaymentMethodTest.php:21</error>
        </testcase>
        <testcase name="test_can_create_duplicate_code_in_different_tenants" file="C:\projetos\sistema\backend\tests\Feature\PaymentMethodTest.php" line="168" class="Tests\Feature\PaymentMethodTest" classname="Tests.Feature.PaymentMethodTest" assertions="0" time="0.000000">
          <error type="PDOException">Tests\Feature\PaymentMethodTest::test_can_create_duplicate_code_in_different_tenants&#13;
PDOException: There is already an active transaction
&#13;
C:\projetos\sistema\backend\vendor\laravel\framework\src\Illuminate\Database\SQLiteConnection.php:38
C:\projetos\sistema\backend\vendor\laravel\framework\src\Illuminate\Database\Concerns\ManagesTransactions.php:154
C:\projetos\sistema\backend\vendor\laravel\framework\src\Illuminate\Database\Concerns\ManagesTransactions.php:130
C:\projetos\sistema\backend\vendor\laravel\framework\src\Illuminate\Foundation\Testing\RefreshDatabase.php:147
C:\projetos\sistema\backend\vendor\laravel\framework\src\Illuminate\Foundation\Testing\RefreshDatabase.php:93
C:\projetos\sistema\backend\vendor\laravel\framework\src\Illuminate\Foundation\Testing\RefreshDatabase.php:25
C:\projetos\sistema\backend\vendor\laravel\framework\src\Illuminate\Foundation\Testing\Concerns\InteractsWithTestCaseLifecycle.php:217
C:\projetos\sistema\backend\vendor\laravel\framework\src\Illuminate\Foundation\Testing\Concerns\InteractsWithTestCaseLifecycle.php:101
C:\projetos\sistema\backend\vendor\laravel\framework\src\Illuminate\Foundation\Testing\TestCase.php:63
C:\projetos\sistema\backend\tests\Feature\PaymentMethodTest.php:21</error>
        </testcase>
      </testsuite>
      <testsuite name="Tests\Feature\PermissionEnforcementTest" file="C:\projetos\sistema\backend\tests\Feature\PermissionEnforcementTest.php" tests="10" assertions="0" errors="10" failures="0" skipped="0" time="0.000000">
        <testcase name="test_admin_can_access_all_endpoints" file="C:\projetos\sistema\backend\tests\Feature\PermissionEnforcementTest.php" line="66" class="Tests\Feature\PermissionEnforcementTest" classname="Tests.Feature.PermissionEnforcementTest" assertions="0" time="0.000000">
          <error type="PDOException">Tests\Feature\PermissionEnforcementTest::test_admin_can_access_all_endpoints&#13;
PDOException: There is already an active transaction
&#13;
C:\projetos\sistema\backend\vendor\laravel\framework\src\Illuminate\Database\SQLiteConnection.php:38
C:\projetos\sistema\backend\vendor\laravel\framework\src\Illuminate\Database\Concerns\ManagesTransactions.php:154
C:\projetos\sistema\backend\vendor\laravel\framework\src\Illuminate\Database\Concerns\ManagesTransactions.php:130
C:\projetos\sistema\backend\vendor\laravel\framework\src\Illuminate\Foundation\Testing\RefreshDatabase.php:147
C:\projetos\sistema\backend\vendor\laravel\framework\src\Illuminate\Foundation\Testing\RefreshDatabase.php:93
C:\projetos\sistema\backend\vendor\laravel\framework\src\Illuminate\Foundation\Testing\RefreshDatabase.php:25
C:\projetos\sistema\backend\vendor\laravel\framework\src\Illuminate\Foundation\Testing\Concerns\InteractsWithTestCaseLifecycle.php:217
C:\projetos\sistema\backend\vendor\laravel\framework\src\Illuminate\Foundation\Testing\Concerns\InteractsWithTestCaseLifecycle.php:101
C:\projetos\sistema\backend\vendor\laravel\framework\src\Illuminate\Foundation\Testing\TestCase.php:63
C:\projetos\sistema\backend\tests\Feature\PermissionEnforcementTest.php:31</error>
        </testcase>
        <testcase name="test_viewer_can_list_customers" file="C:\projetos\sistema\backend\tests\Feature\PermissionEnforcementTest.php" line="78" class="Tests\Feature\PermissionEnforcementTest" classname="Tests.Feature.PermissionEnforcementTest" assertions="0" time="0.000000">
          <error type="PDOException">Tests\Feature\PermissionEnforcementTest::test_viewer_can_list_customers&#13;
PDOException: There is already an active transaction
&#13;
C:\projetos\sistema\backend\vendor\laravel\framework\src\Illuminate\Database\SQLiteConnection.php:38
C:\projetos\sistema\backend\vendor\laravel\framework\src\Illuminate\Database\Concerns\ManagesTransactions.php:154
C:\projetos\sistema\backend\vendor\laravel\framework\src\Illuminate\Database\Concerns\ManagesTransactions.php:130
C:\projetos\sistema\backend\vendor\laravel\framework\src\Illuminate\Foundation\Testing\RefreshDatabase.php:147
C:\projetos\sistema\backend\vendor\laravel\framework\src\Illuminate\Foundation\Testing\RefreshDatabase.php:93
C:\projetos\sistema\backend\vendor\laravel\framework\src\Illuminate\Foundation\Testing\RefreshDatabase.php:25
C:\projetos\sistema\backend\vendor\laravel\framework\src\Illuminate\Foundation\Testing\Concerns\InteractsWithTestCaseLifecycle.php:217
C:\projetos\sistema\backend\vendor\laravel\framework\src\Illuminate\Foundation\Testing\Concerns\InteractsWithTestCaseLifecycle.php:101
C:\projetos\sistema\backend\vendor\laravel\framework\src\Illuminate\Foundation\Testing\TestCase.php:63
C:\projetos\sistema\backend\tests\Feature\PermissionEnforcementTest.php:31</error>
        </testcase>
        <testcase name="test_no_token_returns_401" file="C:\projetos\sistema\backend\tests\Feature\PermissionEnforcementTest.php" line="91" class="Tests\Feature\PermissionEnforcementTest" classname="Tests.Feature.PermissionEnforcementTest" assertions="0" time="0.000000">
          <error type="PDOException">Tests\Feature\PermissionEnforcementTest::test_no_token_returns_401&#13;
PDOException: There is already an active transaction
&#13;
C:\projetos\sistema\backend\vendor\laravel\framework\src\Illuminate\Database\SQLiteConnection.php:38
C:\projetos\sistema\backend\vendor\laravel\framework\src\Illuminate\Database\Concerns\ManagesTransactions.php:154
C:\projetos\sistema\backend\vendor\laravel\framework\src\Illuminate\Database\Concerns\ManagesTransactions.php:130
C:\projetos\sistema\backend\vendor\laravel\framework\src\Illuminate\Foundation\Testing\RefreshDatabase.php:147
C:\projetos\sistema\backend\vendor\laravel\framework\src\Illuminate\Foundation\Testing\RefreshDatabase.php:93
C:\projetos\sistema\backend\vendor\laravel\framework\src\Illuminate\Foundation\Testing\RefreshDatabase.php:25
C:\projetos\sistema\backend\vendor\laravel\framework\src\Illuminate\Foundation\Testing\Concerns\InteractsWithTestCaseLifecycle.php:217
C:\projetos\sistema\backend\vendor\laravel\framework\src\Illuminate\Foundation\Testing\Concerns\InteractsWithTestCaseLifecycle.php:101
C:\projetos\sistema\backend\vendor\laravel\framework\src\Illuminate\Foundation\Testing\TestCase.php:63
C:\projetos\sistema\backend\tests\Feature\PermissionEnforcementTest.php:31</error>
        </testcase>
        <testcase name="test_login_with_valid_credentials_returns_token" file="C:\projetos\sistema\backend\tests\Feature\PermissionEnforcementTest.php" line="102" class="Tests\Feature\PermissionEnforcementTest" classname="Tests.Feature.PermissionEnforcementTest" assertions="0" time="0.000000">
          <error type="PDOException">Tests\Feature\PermissionEnforcementTest::test_login_with_valid_credentials_returns_token&#13;
PDOException: There is already an active transaction
&#13;
C:\projetos\sistema\backend\vendor\laravel\framework\src\Illuminate\Database\SQLiteConnection.php:38
C:\projetos\sistema\backend\vendor\laravel\framework\src\Illuminate\Database\Concerns\ManagesTransactions.php:154
C:\projetos\sistema\backend\vendor\laravel\framework\src\Illuminate\Database\Concerns\ManagesTransactions.php:130
C:\projetos\sistema\backend\vendor\laravel\framework\src\Illuminate\Foundation\Testing\RefreshDatabase.php:147
C:\projetos\sistema\backend\vendor\laravel\framework\src\Illuminate\Foundation\Testing\RefreshDatabase.php:93
C:\projetos\sistema\backend\vendor\laravel\framework\src\Illuminate\Foundation\Testing\RefreshDatabase.php:25
C:\projetos\sistema\backend\vendor\laravel\framework\src\Illuminate\Foundation\Testing\Concerns\InteractsWithTestCaseLifecycle.php:217
C:\projetos\sistema\backend\vendor\laravel\framework\src\Illuminate\Foundation\Testing\Concerns\InteractsWithTestCaseLifecycle.php:101
C:\projetos\sistema\backend\vendor\laravel\framework\src\Illuminate\Foundation\Testing\TestCase.php:63
C:\projetos\sistema\backend\tests\Feature\PermissionEnforcementTest.php:31</error>
        </testcase>
        <testcase name="test_login_with_wrong_password_returns_401" file="C:\projetos\sistema\backend\tests\Feature\PermissionEnforcementTest.php" line="124" class="Tests\Feature\PermissionEnforcementTest" classname="Tests.Feature.PermissionEnforcementTest" assertions="0" time="0.000000">
          <error type="PDOException">Tests\Feature\PermissionEnforcementTest::test_login_with_wrong_password_returns_401&#13;
PDOException: There is already an active transaction
&#13;
C:\projetos\sistema\backend\vendor\laravel\framework\src\Illuminate\Database\SQLiteConnection.php:38
C:\projetos\sistema\backend\vendor\laravel\framework\src\Illuminate\Database\Concerns\ManagesTransactions.php:154
C:\projetos\sistema\backend\vendor\laravel\framework\src\Illuminate\Database\Concerns\ManagesTransactions.php:130
C:\projetos\sistema\backend\vendor\laravel\framework\src\Illuminate\Foundation\Testing\RefreshDatabase.php:147
C:\projetos\sistema\backend\vendor\laravel\framework\src\Illuminate\Foundation\Testing\RefreshDatabase.php:93
C:\projetos\sistema\backend\vendor\laravel\framework\src\Illuminate\Foundation\Testing\RefreshDatabase.php:25
C:\projetos\sistema\backend\vendor\laravel\framework\src\Illuminate\Foundation\Testing\Concerns\InteractsWithTestCaseLifecycle.php:217
C:\projetos\sistema\backend\vendor\laravel\framework\src\Illuminate\Foundation\Testing\Concerns\InteractsWithTestCaseLifecycle.php:101
C:\projetos\sistema\backend\vendor\laravel\framework\src\Illuminate\Foundation\Testing\TestCase.php:63
C:\projetos\sistema\backend\tests\Feature\PermissionEnforcementTest.php:31</error>
        </testcase>
        <testcase name="test_login_with_nonexistent_email_returns_401" file="C:\projetos\sistema\backend\tests\Feature\PermissionEnforcementTest.php" line="145" class="Tests\Feature\PermissionEnforcementTest" classname="Tests.Feature.PermissionEnforcementTest" assertions="0" time="0.000000">
          <error type="PDOException">Tests\Feature\PermissionEnforcementTest::test_login_with_nonexistent_email_returns_401&#13;
PDOException: There is already an active transaction
&#13;
C:\projetos\sistema\backend\vendor\laravel\framework\src\Illuminate\Database\SQLiteConnection.php:38
C:\projetos\sistema\backend\vendor\laravel\framework\src\Illuminate\Database\Concerns\ManagesTransactions.php:154
C:\projetos\sistema\backend\vendor\laravel\framework\src\Illuminate\Database\Concerns\ManagesTransactions.php:130
C:\projetos\sistema\backend\vendor\laravel\framework\src\Illuminate\Foundation\Testing\RefreshDatabase.php:147
C:\projetos\sistema\backend\vendor\laravel\framework\src\Illuminate\Foundation\Testing\RefreshDatabase.php:93
C:\projetos\sistema\backend\vendor\laravel\framework\src\Illuminate\Foundation\Testing\RefreshDatabase.php:25
C:\projetos\sistema\backend\vendor\laravel\framework\src\Illuminate\Foundation\Testing\Concerns\InteractsWithTestCaseLifecycle.php:217
C:\projetos\sistema\backend\vendor\laravel\framework\src\Illuminate\Foundation\Testing\Concerns\InteractsWithTestCaseLifecycle.php:101
C:\projetos\sistema\backend\vendor\laravel\framework\src\Illuminate\Foundation\Testing\TestCase.php:63
C:\projetos\sistema\backend\tests\Feature\PermissionEnforcementTest.php:31</error>
        </testcase>
        <testcase name="test_user_response_does_not_expose_password" file="C:\projetos\sistema\backend\tests\Feature\PermissionEnforcementTest.php" line="159" class="Tests\Feature\PermissionEnforcementTest" classname="Tests.Feature.PermissionEnforcementTest" assertions="0" time="0.000000">
          <error type="PDOException">Tests\Feature\PermissionEnforcementTest::test_user_response_does_not_expose_password&#13;
PDOException: There is already an active transaction
&#13;
C:\projetos\sistema\backend\vendor\laravel\framework\src\Illuminate\Database\SQLiteConnection.php:38
C:\projetos\sistema\backend\vendor\laravel\framework\src\Illuminate\Database\Concerns\ManagesTransactions.php:154
C:\projetos\sistema\backend\vendor\laravel\framework\src\Illuminate\Database\Concerns\ManagesTransactions.php:130
C:\projetos\sistema\backend\vendor\laravel\framework\src\Illuminate\Foundation\Testing\RefreshDatabase.php:147
C:\projetos\sistema\backend\vendor\laravel\framework\src\Illuminate\Foundation\Testing\RefreshDatabase.php:93
C:\projetos\sistema\backend\vendor\laravel\framework\src\Illuminate\Foundation\Testing\RefreshDatabase.php:25
C:\projetos\sistema\backend\vendor\laravel\framework\src\Illuminate\Foundation\Testing\Concerns\InteractsWithTestCaseLifecycle.php:217
C:\projetos\sistema\backend\vendor\laravel\framework\src\Illuminate\Foundation\Testing\Concerns\InteractsWithTestCaseLifecycle.php:101
C:\projetos\sistema\backend\vendor\laravel\framework\src\Illuminate\Foundation\Testing\TestCase.php:63
C:\projetos\sistema\backend\tests\Feature\PermissionEnforcementTest.php:31</error>
        </testcase>
        <testcase name="test_authenticated_user_can_access_profile" file="C:\projetos\sistema\backend\tests\Feature\PermissionEnforcementTest.php" line="175" class="Tests\Feature\PermissionEnforcementTest" classname="Tests.Feature.PermissionEnforcementTest" assertions="0" time="0.000000">
          <error type="PDOException">Tests\Feature\PermissionEnforcementTest::test_authenticated_user_can_access_profile&#13;
PDOException: There is already an active transaction
&#13;
C:\projetos\sistema\backend\vendor\laravel\framework\src\Illuminate\Database\SQLiteConnection.php:38
C:\projetos\sistema\backend\vendor\laravel\framework\src\Illuminate\Database\Concerns\ManagesTransactions.php:154
C:\projetos\sistema\backend\vendor\laravel\framework\src\Illuminate\Database\Concerns\ManagesTransactions.php:130
C:\projetos\sistema\backend\vendor\laravel\framework\src\Illuminate\Foundation\Testing\RefreshDatabase.php:147
C:\projetos\sistema\backend\vendor\laravel\framework\src\Illuminate\Foundation\Testing\RefreshDatabase.php:93
C:\projetos\sistema\backend\vendor\laravel\framework\src\Illuminate\Foundation\Testing\RefreshDatabase.php:25
C:\projetos\sistema\backend\vendor\laravel\framework\src\Illuminate\Foundation\Testing\Concerns\InteractsWithTestCaseLifecycle.php:217
C:\projetos\sistema\backend\vendor\laravel\framework\src\Illuminate\Foundation\Testing\Concerns\InteractsWithTestCaseLifecycle.php:101
C:\projetos\sistema\backend\vendor\laravel\framework\src\Illuminate\Foundation\Testing\TestCase.php:63
C:\projetos\sistema\backend\tests\Feature\PermissionEnforcementTest.php:31</error>
        </testcase>
        <testcase name="test_logout_revokes_token" file="C:\projetos\sistema\backend\tests\Feature\PermissionEnforcementTest.php" line="189" class="Tests\Feature\PermissionEnforcementTest" classname="Tests.Feature.PermissionEnforcementTest" assertions="0" time="0.000000">
          <error type="PDOException">Tests\Feature\PermissionEnforcementTest::test_logout_revokes_token&#13;
PDOException: There is already an active transaction
&#13;
C:\projetos\sistema\backend\vendor\laravel\framework\src\Illuminate\Database\SQLiteConnection.php:38
C:\projetos\sistema\backend\vendor\laravel\framework\src\Illuminate\Database\Concerns\ManagesTransactions.php:154
C:\projetos\sistema\backend\vendor\laravel\framework\src\Illuminate\Database\Concerns\ManagesTransactions.php:130
C:\projetos\sistema\backend\vendor\laravel\framework\src\Illuminate\Foundation\Testing\RefreshDatabase.php:147
C:\projetos\sistema\backend\vendor\laravel\framework\src\Illuminate\Foundation\Testing\RefreshDatabase.php:93
C:\projetos\sistema\backend\vendor\laravel\framework\src\Illuminate\Foundation\Testing\RefreshDatabase.php:25
C:\projetos\sistema\backend\vendor\laravel\framework\src\Illuminate\Foundation\Testing\Concerns\InteractsWithTestCaseLifecycle.php:217
C:\projetos\sistema\backend\vendor\laravel\framework\src\Illuminate\Foundation\Testing\Concerns\InteractsWithTestCaseLifecycle.php:101
C:\projetos\sistema\backend\vendor\laravel\framework\src\Illuminate\Foundation\Testing\TestCase.php:63
C:\projetos\sistema\backend\tests\Feature\PermissionEnforcementTest.php:31</error>
        </testcase>
        <testcase name="test_invalid_status_value_is_rejected" file="C:\projetos\sistema\backend\tests\Feature\PermissionEnforcementTest.php" line="225" class="Tests\Feature\PermissionEnforcementTest" classname="Tests.Feature.PermissionEnforcementTest" assertions="0" time="0.000000">
          <error type="PDOException">Tests\Feature\PermissionEnforcementTest::test_invalid_status_value_is_rejected&#13;
PDOException: There is already an active transaction
&#13;
C:\projetos\sistema\backend\vendor\laravel\framework\src\Illuminate\Database\SQLiteConnection.php:38
C:\projetos\sistema\backend\vendor\laravel\framework\src\Illuminate\Database\Concerns\ManagesTransactions.php:154
C:\projetos\sistema\backend\vendor\laravel\framework\src\Illuminate\Database\Concerns\ManagesTransactions.php:130
C:\projetos\sistema\backend\vendor\laravel\framework\src\Illuminate\Foundation\Testing\RefreshDatabase.php:147
C:\projetos\sistema\backend\vendor\laravel\framework\src\Illuminate\Foundation\Testing\RefreshDatabase.php:93
C:\projetos\sistema\backend\vendor\laravel\framework\src\Illuminate\Foundation\Testing\RefreshDatabase.php:25
C:\projetos\sistema\backend\vendor\laravel\framework\src\Illuminate\Foundation\Testing\Concerns\InteractsWithTestCaseLifecycle.php:217
C:\projetos\sistema\backend\vendor\laravel\framework\src\Illuminate\Foundation\Testing\Concerns\InteractsWithTestCaseLifecycle.php:101
C:\projetos\sistema\backend\vendor\laravel\framework\src\Illuminate\Foundation\Testing\TestCase.php:63
C:\projetos\sistema\backend\tests\Feature\PermissionEnforcementTest.php:31</error>
        </testcase>
      </testsuite>
      <testsuite name="Tests\Feature\PortalTest" file="C:\projetos\sistema\backend\tests\Feature\PortalTest.php" tests="4" assertions="0" errors="4" failures="0" skipped="0" time="0.000000">
        <testcase name="test_portal_reject_quote_uses_supported_columns" file="C:\projetos\sistema\backend\tests\Feature\PortalTest.php" line="45" class="Tests\Feature\PortalTest" classname="Tests.Feature.PortalTest" assertions="0" time="0.000000">
          <error type="PDOException">Tests\Feature\PortalTest::test_portal_reject_quote_uses_supported_columns&#13;
PDOException: There is already an active transaction
&#13;
C:\projetos\sistema\backend\vendor\laravel\framework\src\Illuminate\Database\SQLiteConnection.php:38
C:\projetos\sistema\backend\vendor\laravel\framework\src\Illuminate\Database\Concerns\ManagesTransactions.php:154
C:\projetos\sistema\backend\vendor\laravel\framework\src\Illuminate\Database\Concerns\ManagesTransactions.php:130
C:\projetos\sistema\backend\vendor\laravel\framework\src\Illuminate\Foundation\Testing\RefreshDatabase.php:147
C:\projetos\sistema\backend\vendor\laravel\framework\src\Illuminate\Foundation\Testing\RefreshDatabase.php:93
C:\projetos\sistema\backend\vendor\laravel\framework\src\Illuminate\Foundation\Testing\RefreshDatabase.php:25
C:\projetos\sistema\backend\vendor\laravel\framework\src\Illuminate\Foundation\Testing\Concerns\InteractsWithTestCaseLifecycle.php:217
C:\projetos\sistema\backend\vendor\laravel\framework\src\Illuminate\Foundation\Testing\Concerns\InteractsWithTestCaseLifecycle.php:101
C:\projetos\sistema\backend\vendor\laravel\framework\src\Illuminate\Foundation\Testing\TestCase.php:63
C:\projetos\sistema\backend\tests\Feature\PortalTest.php:28</error>
        </testcase>
        <testcase name="test_portal_approve_quote_dispatches_quote_approved_event" file="C:\projetos\sistema\backend\tests\Feature\PortalTest.php" line="75" class="Tests\Feature\PortalTest" classname="Tests.Feature.PortalTest" assertions="0" time="0.000000">
          <error type="PDOException">Tests\Feature\PortalTest::test_portal_approve_quote_dispatches_quote_approved_event&#13;
PDOException: There is already an active transaction
&#13;
C:\projetos\sistema\backend\vendor\laravel\framework\src\Illuminate\Database\SQLiteConnection.php:38
C:\projetos\sistema\backend\vendor\laravel\framework\src\Illuminate\Database\Concerns\ManagesTransactions.php:154
C:\projetos\sistema\backend\vendor\laravel\framework\src\Illuminate\Database\Concerns\ManagesTransactions.php:130
C:\projetos\sistema\backend\vendor\laravel\framework\src\Illuminate\Foundation\Testing\RefreshDatabase.php:147
C:\projetos\sistema\backend\vendor\laravel\framework\src\Illuminate\Foundation\Testing\RefreshDatabase.php:93
C:\projetos\sistema\backend\vendor\laravel\framework\src\Illuminate\Foundation\Testing\RefreshDatabase.php:25
C:\projetos\sistema\backend\vendor\laravel\framework\src\Illuminate\Foundation\Testing\Concerns\InteractsWithTestCaseLifecycle.php:217
C:\projetos\sistema\backend\vendor\laravel\framework\src\Illuminate\Foundation\Testing\Concerns\InteractsWithTestCaseLifecycle.php:101
C:\projetos\sistema\backend\vendor\laravel\framework\src\Illuminate\Foundation\Testing\TestCase.php:63
C:\projetos\sistema\backend\tests\Feature\PortalTest.php:28</error>
        </testcase>
        <testcase name="test_portal_new_service_call_uses_valid_schema_and_links_equipment" file="C:\projetos\sistema\backend\tests\Feature\PortalTest.php" line="98" class="Tests\Feature\PortalTest" classname="Tests.Feature.PortalTest" assertions="0" time="0.000000">
          <error type="PDOException">Tests\Feature\PortalTest::test_portal_new_service_call_uses_valid_schema_and_links_equipment&#13;
PDOException: There is already an active transaction
&#13;
C:\projetos\sistema\backend\vendor\laravel\framework\src\Illuminate\Database\SQLiteConnection.php:38
C:\projetos\sistema\backend\vendor\laravel\framework\src\Illuminate\Database\Concerns\ManagesTransactions.php:154
C:\projetos\sistema\backend\vendor\laravel\framework\src\Illuminate\Database\Concerns\ManagesTransactions.php:130
C:\projetos\sistema\backend\vendor\laravel\framework\src\Illuminate\Foundation\Testing\RefreshDatabase.php:147
C:\projetos\sistema\backend\vendor\laravel\framework\src\Illuminate\Foundation\Testing\RefreshDatabase.php:93
C:\projetos\sistema\backend\vendor\laravel\framework\src\Illuminate\Foundation\Testing\RefreshDatabase.php:25
C:\projetos\sistema\backend\vendor\laravel\framework\src\Illuminate\Foundation\Testing\Concerns\InteractsWithTestCaseLifecycle.php:217
C:\projetos\sistema\backend\vendor\laravel\framework\src\Illuminate\Foundation\Testing\Concerns\InteractsWithTestCaseLifecycle.php:101
C:\projetos\sistema\backend\vendor\laravel\framework\src\Illuminate\Foundation\Testing\TestCase.php:63
C:\projetos\sistema\backend\tests\Feature\PortalTest.php:28</error>
        </testcase>
        <testcase name="test_cannot_approve_expired_quote_via_portal" file="C:\projetos\sistema\backend\tests\Feature\PortalTest.php" line="133" class="Tests\Feature\PortalTest" classname="Tests.Feature.PortalTest" assertions="0" time="0.000000">
          <error type="PDOException">Tests\Feature\PortalTest::test_cannot_approve_expired_quote_via_portal&#13;
PDOException: There is already an active transaction
&#13;
C:\projetos\sistema\backend\vendor\laravel\framework\src\Illuminate\Database\SQLiteConnection.php:38
C:\projetos\sistema\backend\vendor\laravel\framework\src\Illuminate\Database\Concerns\ManagesTransactions.php:154
C:\projetos\sistema\backend\vendor\laravel\framework\src\Illuminate\Database\Concerns\ManagesTransactions.php:130
C:\projetos\sistema\backend\vendor\laravel\framework\src\Illuminate\Foundation\Testing\RefreshDatabase.php:147
C:\projetos\sistema\backend\vendor\laravel\framework\src\Illuminate\Foundation\Testing\RefreshDatabase.php:93
C:\projetos\sistema\backend\vendor\laravel\framework\src\Illuminate\Foundation\Testing\RefreshDatabase.php:25
C:\projetos\sistema\backend\vendor\laravel\framework\src\Illuminate\Foundation\Testing\Concerns\InteractsWithTestCaseLifecycle.php:217
C:\projetos\sistema\backend\vendor\laravel\framework\src\Illuminate\Foundation\Testing\Concerns\InteractsWithTestCaseLifecycle.php:101
C:\projetos\sistema\backend\vendor\laravel\framework\src\Illuminate\Foundation\Testing\TestCase.php:63
C:\projetos\sistema\backend\tests\Feature\PortalTest.php:28</error>
        </testcase>
      </testsuite>
      <testsuite name="Tests\Feature\ProductTest" file="C:\projetos\sistema\backend\tests\Feature\ProductTest.php" tests="11" assertions="0" errors="11" failures="0" skipped="0" time="0.000000">
        <testcase name="test_create_product" file="C:\projetos\sistema\backend\tests\Feature\ProductTest.php" line="42" class="Tests\Feature\ProductTest" classname="Tests.Feature.ProductTest" assertions="0" time="0.000000">
          <error type="PDOException">Tests\Feature\ProductTest::test_create_product&#13;
PDOException: There is already an active transaction
&#13;
C:\projetos\sistema\backend\vendor\laravel\framework\src\Illuminate\Database\SQLiteConnection.php:38
C:\projetos\sistema\backend\vendor\laravel\framework\src\Illuminate\Database\Concerns\ManagesTransactions.php:154
C:\projetos\sistema\backend\vendor\laravel\framework\src\Illuminate\Database\Concerns\ManagesTransactions.php:130
C:\projetos\sistema\backend\vendor\laravel\framework\src\Illuminate\Foundation\Testing\RefreshDatabase.php:147
C:\projetos\sistema\backend\vendor\laravel\framework\src\Illuminate\Foundation\Testing\RefreshDatabase.php:93
C:\projetos\sistema\backend\vendor\laravel\framework\src\Illuminate\Foundation\Testing\RefreshDatabase.php:25
C:\projetos\sistema\backend\vendor\laravel\framework\src\Illuminate\Foundation\Testing\Concerns\InteractsWithTestCaseLifecycle.php:217
C:\projetos\sistema\backend\vendor\laravel\framework\src\Illuminate\Foundation\Testing\Concerns\InteractsWithTestCaseLifecycle.php:101
C:\projetos\sistema\backend\vendor\laravel\framework\src\Illuminate\Foundation\Testing\TestCase.php:63
C:\projetos\sistema\backend\tests\Feature\ProductTest.php:22</error>
        </testcase>
        <testcase name="test_list_products" file="C:\projetos\sistema\backend\tests\Feature\ProductTest.php" line="57" class="Tests\Feature\ProductTest" classname="Tests.Feature.ProductTest" assertions="0" time="0.000000">
          <error type="PDOException">Tests\Feature\ProductTest::test_list_products&#13;
PDOException: There is already an active transaction
&#13;
C:\projetos\sistema\backend\vendor\laravel\framework\src\Illuminate\Database\SQLiteConnection.php:38
C:\projetos\sistema\backend\vendor\laravel\framework\src\Illuminate\Database\Concerns\ManagesTransactions.php:154
C:\projetos\sistema\backend\vendor\laravel\framework\src\Illuminate\Database\Concerns\ManagesTransactions.php:130
C:\projetos\sistema\backend\vendor\laravel\framework\src\Illuminate\Foundation\Testing\RefreshDatabase.php:147
C:\projetos\sistema\backend\vendor\laravel\framework\src\Illuminate\Foundation\Testing\RefreshDatabase.php:93
C:\projetos\sistema\backend\vendor\laravel\framework\src\Illuminate\Foundation\Testing\RefreshDatabase.php:25
C:\projetos\sistema\backend\vendor\laravel\framework\src\Illuminate\Foundation\Testing\Concerns\InteractsWithTestCaseLifecycle.php:217
C:\projetos\sistema\backend\vendor\laravel\framework\src\Illuminate\Foundation\Testing\Concerns\InteractsWithTestCaseLifecycle.php:101
C:\projetos\sistema\backend\vendor\laravel\framework\src\Illuminate\Foundation\Testing\TestCase.php:63
C:\projetos\sistema\backend\tests\Feature\ProductTest.php:22</error>
        </testcase>
        <testcase name="test_show_product" file="C:\projetos\sistema\backend\tests\Feature\ProductTest.php" line="69" class="Tests\Feature\ProductTest" classname="Tests.Feature.ProductTest" assertions="0" time="0.000000">
          <error type="PDOException">Tests\Feature\ProductTest::test_show_product&#13;
PDOException: There is already an active transaction
&#13;
C:\projetos\sistema\backend\vendor\laravel\framework\src\Illuminate\Database\SQLiteConnection.php:38
C:\projetos\sistema\backend\vendor\laravel\framework\src\Illuminate\Database\Concerns\ManagesTransactions.php:154
C:\projetos\sistema\backend\vendor\laravel\framework\src\Illuminate\Database\Concerns\ManagesTransactions.php:130
C:\projetos\sistema\backend\vendor\laravel\framework\src\Illuminate\Foundation\Testing\RefreshDatabase.php:147
C:\projetos\sistema\backend\vendor\laravel\framework\src\Illuminate\Foundation\Testing\RefreshDatabase.php:93
C:\projetos\sistema\backend\vendor\laravel\framework\src\Illuminate\Foundation\Testing\RefreshDatabase.php:25
C:\projetos\sistema\backend\vendor\laravel\framework\src\Illuminate\Foundation\Testing\Concerns\InteractsWithTestCaseLifecycle.php:217
C:\projetos\sistema\backend\vendor\laravel\framework\src\Illuminate\Foundation\Testing\Concerns\InteractsWithTestCaseLifecycle.php:101
C:\projetos\sistema\backend\vendor\laravel\framework\src\Illuminate\Foundation\Testing\TestCase.php:63
C:\projetos\sistema\backend\tests\Feature\ProductTest.php:22</error>
        </testcase>
        <testcase name="test_update_product" file="C:\projetos\sistema\backend\tests\Feature\ProductTest.php" line="81" class="Tests\Feature\ProductTest" classname="Tests.Feature.ProductTest" assertions="0" time="0.000000">
          <error type="PDOException">Tests\Feature\ProductTest::test_update_product&#13;
PDOException: There is already an active transaction
&#13;
C:\projetos\sistema\backend\vendor\laravel\framework\src\Illuminate\Database\SQLiteConnection.php:38
C:\projetos\sistema\backend\vendor\laravel\framework\src\Illuminate\Database\Concerns\ManagesTransactions.php:154
C:\projetos\sistema\backend\vendor\laravel\framework\src\Illuminate\Database\Concerns\ManagesTransactions.php:130
C:\projetos\sistema\backend\vendor\laravel\framework\src\Illuminate\Foundation\Testing\RefreshDatabase.php:147
C:\projetos\sistema\backend\vendor\laravel\framework\src\Illuminate\Foundation\Testing\RefreshDatabase.php:93
C:\projetos\sistema\backend\vendor\laravel\framework\src\Illuminate\Foundation\Testing\RefreshDatabase.php:25
C:\projetos\sistema\backend\vendor\laravel\framework\src\Illuminate\Foundation\Testing\Concerns\InteractsWithTestCaseLifecycle.php:217
C:\projetos\sistema\backend\vendor\laravel\framework\src\Illuminate\Foundation\Testing\Concerns\InteractsWithTestCaseLifecycle.php:101
C:\projetos\sistema\backend\vendor\laravel\framework\src\Illuminate\Foundation\Testing\TestCase.php:63
C:\projetos\sistema\backend\tests\Feature\ProductTest.php:22</error>
        </testcase>
        <testcase name="test_delete_product" file="C:\projetos\sistema\backend\tests\Feature\ProductTest.php" line="96" class="Tests\Feature\ProductTest" classname="Tests.Feature.ProductTest" assertions="0" time="0.000000">
          <error type="PDOException">Tests\Feature\ProductTest::test_delete_product&#13;
PDOException: There is already an active transaction
&#13;
C:\projetos\sistema\backend\vendor\laravel\framework\src\Illuminate\Database\SQLiteConnection.php:38
C:\projetos\sistema\backend\vendor\laravel\framework\src\Illuminate\Database\Concerns\ManagesTransactions.php:154
C:\projetos\sistema\backend\vendor\laravel\framework\src\Illuminate\Database\Concerns\ManagesTransactions.php:130
C:\projetos\sistema\backend\vendor\laravel\framework\src\Illuminate\Foundation\Testing\RefreshDatabase.php:147
C:\projetos\sistema\backend\vendor\laravel\framework\src\Illuminate\Foundation\Testing\RefreshDatabase.php:93
C:\projetos\sistema\backend\vendor\laravel\framework\src\Illuminate\Foundation\Testing\RefreshDatabase.php:25
C:\projetos\sistema\backend\vendor\laravel\framework\src\Illuminate\Foundation\Testing\Concerns\InteractsWithTestCaseLifecycle.php:217
C:\projetos\sistema\backend\vendor\laravel\framework\src\Illuminate\Foundation\Testing\Concerns\InteractsWithTestCaseLifecycle.php:101
C:\projetos\sistema\backend\vendor\laravel\framework\src\Illuminate\Foundation\Testing\TestCase.php:63
C:\projetos\sistema\backend\tests\Feature\ProductTest.php:22</error>
        </testcase>
        <testcase name="test_search_product_by_name" file="C:\projetos\sistema\backend\tests\Feature\ProductTest.php" line="109" class="Tests\Feature\ProductTest" classname="Tests.Feature.ProductTest" assertions="0" time="0.000000">
          <error type="PDOException">Tests\Feature\ProductTest::test_search_product_by_name&#13;
PDOException: There is already an active transaction
&#13;
C:\projetos\sistema\backend\vendor\laravel\framework\src\Illuminate\Database\SQLiteConnection.php:38
C:\projetos\sistema\backend\vendor\laravel\framework\src\Illuminate\Database\Concerns\ManagesTransactions.php:154
C:\projetos\sistema\backend\vendor\laravel\framework\src\Illuminate\Database\Concerns\ManagesTransactions.php:130
C:\projetos\sistema\backend\vendor\laravel\framework\src\Illuminate\Foundation\Testing\RefreshDatabase.php:147
C:\projetos\sistema\backend\vendor\laravel\framework\src\Illuminate\Foundation\Testing\RefreshDatabase.php:93
C:\projetos\sistema\backend\vendor\laravel\framework\src\Illuminate\Foundation\Testing\RefreshDatabase.php:25
C:\projetos\sistema\backend\vendor\laravel\framework\src\Illuminate\Foundation\Testing\Concerns\InteractsWithTestCaseLifecycle.php:217
C:\projetos\sistema\backend\vendor\laravel\framework\src\Illuminate\Foundation\Testing\Concerns\InteractsWithTestCaseLifecycle.php:101
C:\projetos\sistema\backend\vendor\laravel\framework\src\Illuminate\Foundation\Testing\TestCase.php:63
C:\projetos\sistema\backend\tests\Feature\ProductTest.php:22</error>
        </testcase>
        <testcase name="test_filter_low_stock" file="C:\projetos\sistema\backend\tests\Feature\ProductTest.php" line="127" class="Tests\Feature\ProductTest" classname="Tests.Feature.ProductTest" assertions="0" time="0.000000">
          <error type="PDOException">Tests\Feature\ProductTest::test_filter_low_stock&#13;
PDOException: There is already an active transaction
&#13;
C:\projetos\sistema\backend\vendor\laravel\framework\src\Illuminate\Database\SQLiteConnection.php:38
C:\projetos\sistema\backend\vendor\laravel\framework\src\Illuminate\Database\Concerns\ManagesTransactions.php:154
C:\projetos\sistema\backend\vendor\laravel\framework\src\Illuminate\Database\Concerns\ManagesTransactions.php:130
C:\projetos\sistema\backend\vendor\laravel\framework\src\Illuminate\Foundation\Testing\RefreshDatabase.php:147
C:\projetos\sistema\backend\vendor\laravel\framework\src\Illuminate\Foundation\Testing\RefreshDatabase.php:93
C:\projetos\sistema\backend\vendor\laravel\framework\src\Illuminate\Foundation\Testing\RefreshDatabase.php:25
C:\projetos\sistema\backend\vendor\laravel\framework\src\Illuminate\Foundation\Testing\Concerns\InteractsWithTestCaseLifecycle.php:217
C:\projetos\sistema\backend\vendor\laravel\framework\src\Illuminate\Foundation\Testing\Concerns\InteractsWithTestCaseLifecycle.php:101
C:\projetos\sistema\backend\vendor\laravel\framework\src\Illuminate\Foundation\Testing\TestCase.php:63
C:\projetos\sistema\backend\tests\Feature\ProductTest.php:22</error>
        </testcase>
        <testcase name="test_create_category" file="C:\projetos\sistema\backend\tests\Feature\ProductTest.php" line="149" class="Tests\Feature\ProductTest" classname="Tests.Feature.ProductTest" assertions="0" time="0.000000">
          <error type="PDOException">Tests\Feature\ProductTest::test_create_category&#13;
PDOException: There is already an active transaction
&#13;
C:\projetos\sistema\backend\vendor\laravel\framework\src\Illuminate\Database\SQLiteConnection.php:38
C:\projetos\sistema\backend\vendor\laravel\framework\src\Illuminate\Database\Concerns\ManagesTransactions.php:154
C:\projetos\sistema\backend\vendor\laravel\framework\src\Illuminate\Database\Concerns\ManagesTransactions.php:130
C:\projetos\sistema\backend\vendor\laravel\framework\src\Illuminate\Foundation\Testing\RefreshDatabase.php:147
C:\projetos\sistema\backend\vendor\laravel\framework\src\Illuminate\Foundation\Testing\RefreshDatabase.php:93
C:\projetos\sistema\backend\vendor\laravel\framework\src\Illuminate\Foundation\Testing\RefreshDatabase.php:25
C:\projetos\sistema\backend\vendor\laravel\framework\src\Illuminate\Foundation\Testing\Concerns\InteractsWithTestCaseLifecycle.php:217
C:\projetos\sistema\backend\vendor\laravel\framework\src\Illuminate\Foundation\Testing\Concerns\InteractsWithTestCaseLifecycle.php:101
C:\projetos\sistema\backend\vendor\laravel\framework\src\Illuminate\Foundation\Testing\TestCase.php:63
C:\projetos\sistema\backend\tests\Feature\ProductTest.php:22</error>
        </testcase>
        <testcase name="test_list_categories" file="C:\projetos\sistema\backend\tests\Feature\ProductTest.php" line="159" class="Tests\Feature\ProductTest" classname="Tests.Feature.ProductTest" assertions="0" time="0.000000">
          <error type="PDOException">Tests\Feature\ProductTest::test_list_categories&#13;
PDOException: There is already an active transaction
&#13;
C:\projetos\sistema\backend\vendor\laravel\framework\src\Illuminate\Database\SQLiteConnection.php:38
C:\projetos\sistema\backend\vendor\laravel\framework\src\Illuminate\Database\Concerns\ManagesTransactions.php:154
C:\projetos\sistema\backend\vendor\laravel\framework\src\Illuminate\Database\Concerns\ManagesTransactions.php:130
C:\projetos\sistema\backend\vendor\laravel\framework\src\Illuminate\Foundation\Testing\RefreshDatabase.php:147
C:\projetos\sistema\backend\vendor\laravel\framework\src\Illuminate\Foundation\Testing\RefreshDatabase.php:93
C:\projetos\sistema\backend\vendor\laravel\framework\src\Illuminate\Foundation\Testing\RefreshDatabase.php:25
C:\projetos\sistema\backend\vendor\laravel\framework\src\Illuminate\Foundation\Testing\Concerns\InteractsWithTestCaseLifecycle.php:217
C:\projetos\sistema\backend\vendor\laravel\framework\src\Illuminate\Foundation\Testing\Concerns\InteractsWithTestCaseLifecycle.php:101
C:\projetos\sistema\backend\vendor\laravel\framework\src\Illuminate\Foundation\Testing\TestCase.php:63
C:\projetos\sistema\backend\tests\Feature\ProductTest.php:22</error>
        </testcase>
        <testcase name="test_delete_category" file="C:\projetos\sistema\backend\tests\Feature\ProductTest.php" line="169" class="Tests\Feature\ProductTest" classname="Tests.Feature.ProductTest" assertions="0" time="0.000000">
          <error type="PDOException">Tests\Feature\ProductTest::test_delete_category&#13;
PDOException: There is already an active transaction
&#13;
C:\projetos\sistema\backend\vendor\laravel\framework\src\Illuminate\Database\SQLiteConnection.php:38
C:\projetos\sistema\backend\vendor\laravel\framework\src\Illuminate\Database\Concerns\ManagesTransactions.php:154
C:\projetos\sistema\backend\vendor\laravel\framework\src\Illuminate\Database\Concerns\ManagesTransactions.php:130
C:\projetos\sistema\backend\vendor\laravel\framework\src\Illuminate\Foundation\Testing\RefreshDatabase.php:147
C:\projetos\sistema\backend\vendor\laravel\framework\src\Illuminate\Foundation\Testing\RefreshDatabase.php:93
C:\projetos\sistema\backend\vendor\laravel\framework\src\Illuminate\Foundation\Testing\RefreshDatabase.php:25
C:\projetos\sistema\backend\vendor\laravel\framework\src\Illuminate\Foundation\Testing\Concerns\InteractsWithTestCaseLifecycle.php:217
C:\projetos\sistema\backend\vendor\laravel\framework\src\Illuminate\Foundation\Testing\Concerns\InteractsWithTestCaseLifecycle.php:101
C:\projetos\sistema\backend\vendor\laravel\framework\src\Illuminate\Foundation\Testing\TestCase.php:63
C:\projetos\sistema\backend\tests\Feature\ProductTest.php:22</error>
        </testcase>
        <testcase name="test_products_isolated_by_tenant" file="C:\projetos\sistema\backend\tests\Feature\ProductTest.php" line="180" class="Tests\Feature\ProductTest" classname="Tests.Feature.ProductTest" assertions="0" time="0.000000">
          <error type="PDOException">Tests\Feature\ProductTest::test_products_isolated_by_tenant&#13;
PDOException: There is already an active transaction
&#13;
C:\projetos\sistema\backend\vendor\laravel\framework\src\Illuminate\Database\SQLiteConnection.php:38
C:\projetos\sistema\backend\vendor\laravel\framework\src\Illuminate\Database\Concerns\ManagesTransactions.php:154
C:\projetos\sistema\backend\vendor\laravel\framework\src\Illuminate\Database\Concerns\ManagesTransactions.php:130
C:\projetos\sistema\backend\vendor\laravel\framework\src\Illuminate\Foundation\Testing\RefreshDatabase.php:147
C:\projetos\sistema\backend\vendor\laravel\framework\src\Illuminate\Foundation\Testing\RefreshDatabase.php:93
C:\projetos\sistema\backend\vendor\laravel\framework\src\Illuminate\Foundation\Testing\RefreshDatabase.php:25
C:\projetos\sistema\backend\vendor\laravel\framework\src\Illuminate\Foundation\Testing\Concerns\InteractsWithTestCaseLifecycle.php:217
C:\projetos\sistema\backend\vendor\laravel\framework\src\Illuminate\Foundation\Testing\Concerns\InteractsWithTestCaseLifecycle.php:101
C:\projetos\sistema\backend\vendor\laravel\framework\src\Illuminate\Foundation\Testing\TestCase.php:63
C:\projetos\sistema\backend\tests\Feature\ProductTest.php:22</error>
        </testcase>
      </testsuite>
      <testsuite name="Tests\Feature\PushSubscriptionTest" file="C:\projetos\sistema\backend\tests\Feature\PushSubscriptionTest.php" tests="6" assertions="0" errors="6" failures="0" skipped="0" time="0.000000">
        <testcase name="test_subscribe_creates_push_subscription" file="C:\projetos\sistema\backend\tests\Feature\PushSubscriptionTest.php" line="39" class="Tests\Feature\PushSubscriptionTest" classname="Tests.Feature.PushSubscriptionTest" assertions="0" time="0.000000">
          <error type="PDOException">Tests\Feature\PushSubscriptionTest::test_subscribe_creates_push_subscription&#13;
PDOException: There is already an active transaction
&#13;
C:\projetos\sistema\backend\vendor\laravel\framework\src\Illuminate\Database\SQLiteConnection.php:38
C:\projetos\sistema\backend\vendor\laravel\framework\src\Illuminate\Database\Concerns\ManagesTransactions.php:154
C:\projetos\sistema\backend\vendor\laravel\framework\src\Illuminate\Database\Concerns\ManagesTransactions.php:130
C:\projetos\sistema\backend\vendor\laravel\framework\src\Illuminate\Foundation\Testing\RefreshDatabase.php:147
C:\projetos\sistema\backend\vendor\laravel\framework\src\Illuminate\Foundation\Testing\RefreshDatabase.php:93
C:\projetos\sistema\backend\vendor\laravel\framework\src\Illuminate\Foundation\Testing\RefreshDatabase.php:25
C:\projetos\sistema\backend\vendor\laravel\framework\src\Illuminate\Foundation\Testing\Concerns\InteractsWithTestCaseLifecycle.php:217
C:\projetos\sistema\backend\vendor\laravel\framework\src\Illuminate\Foundation\Testing\Concerns\InteractsWithTestCaseLifecycle.php:101
C:\projetos\sistema\backend\vendor\laravel\framework\src\Illuminate\Foundation\Testing\TestCase.php:63
C:\projetos\sistema\backend\tests\Feature\PushSubscriptionTest.php:21</error>
        </testcase>
        <testcase name="test_subscribe_replaces_existing_subscription_for_same_endpoint" file="C:\projetos\sistema\backend\tests\Feature\PushSubscriptionTest.php" line="61" class="Tests\Feature\PushSubscriptionTest" classname="Tests.Feature.PushSubscriptionTest" assertions="0" time="0.000000">
          <error type="PDOException">Tests\Feature\PushSubscriptionTest::test_subscribe_replaces_existing_subscription_for_same_endpoint&#13;
PDOException: There is already an active transaction
&#13;
C:\projetos\sistema\backend\vendor\laravel\framework\src\Illuminate\Database\SQLiteConnection.php:38
C:\projetos\sistema\backend\vendor\laravel\framework\src\Illuminate\Database\Concerns\ManagesTransactions.php:154
C:\projetos\sistema\backend\vendor\laravel\framework\src\Illuminate\Database\Concerns\ManagesTransactions.php:130
C:\projetos\sistema\backend\vendor\laravel\framework\src\Illuminate\Foundation\Testing\RefreshDatabase.php:147
C:\projetos\sistema\backend\vendor\laravel\framework\src\Illuminate\Foundation\Testing\RefreshDatabase.php:93
C:\projetos\sistema\backend\vendor\laravel\framework\src\Illuminate\Foundation\Testing\RefreshDatabase.php:25
C:\projetos\sistema\backend\vendor\laravel\framework\src\Illuminate\Foundation\Testing\Concerns\InteractsWithTestCaseLifecycle.php:217
C:\projetos\sistema\backend\vendor\laravel\framework\src\Illuminate\Foundation\Testing\Concerns\InteractsWithTestCaseLifecycle.php:101
C:\projetos\sistema\backend\vendor\laravel\framework\src\Illuminate\Foundation\Testing\TestCase.php:63
C:\projetos\sistema\backend\tests\Feature\PushSubscriptionTest.php:21</error>
        </testcase>
        <testcase name="test_unsubscribe_deletes_subscription" file="C:\projetos\sistema\backend\tests\Feature\PushSubscriptionTest.php" line="88" class="Tests\Feature\PushSubscriptionTest" classname="Tests.Feature.PushSubscriptionTest" assertions="0" time="0.000000">
          <error type="PDOException">Tests\Feature\PushSubscriptionTest::test_unsubscribe_deletes_subscription&#13;
PDOException: There is already an active transaction
&#13;
C:\projetos\sistema\backend\vendor\laravel\framework\src\Illuminate\Database\SQLiteConnection.php:38
C:\projetos\sistema\backend\vendor\laravel\framework\src\Illuminate\Database\Concerns\ManagesTransactions.php:154
C:\projetos\sistema\backend\vendor\laravel\framework\src\Illuminate\Database\Concerns\ManagesTransactions.php:130
C:\projetos\sistema\backend\vendor\laravel\framework\src\Illuminate\Foundation\Testing\RefreshDatabase.php:147
C:\projetos\sistema\backend\vendor\laravel\framework\src\Illuminate\Foundation\Testing\RefreshDatabase.php:93
C:\projetos\sistema\backend\vendor\laravel\framework\src\Illuminate\Foundation\Testing\RefreshDatabase.php:25
C:\projetos\sistema\backend\vendor\laravel\framework\src\Illuminate\Foundation\Testing\Concerns\InteractsWithTestCaseLifecycle.php:217
C:\projetos\sistema\backend\vendor\laravel\framework\src\Illuminate\Foundation\Testing\Concerns\InteractsWithTestCaseLifecycle.php:101
C:\projetos\sistema\backend\vendor\laravel\framework\src\Illuminate\Foundation\Testing\TestCase.php:63
C:\projetos\sistema\backend\tests\Feature\PushSubscriptionTest.php:21</error>
        </testcase>
        <testcase name="test_vapid_key_returns_public_key" file="C:\projetos\sistema\backend\tests\Feature\PushSubscriptionTest.php" line="110" class="Tests\Feature\PushSubscriptionTest" classname="Tests.Feature.PushSubscriptionTest" assertions="0" time="0.000000">
          <error type="PDOException">Tests\Feature\PushSubscriptionTest::test_vapid_key_returns_public_key&#13;
PDOException: There is already an active transaction
&#13;
C:\projetos\sistema\backend\vendor\laravel\framework\src\Illuminate\Database\SQLiteConnection.php:38
C:\projetos\sistema\backend\vendor\laravel\framework\src\Illuminate\Database\Concerns\ManagesTransactions.php:154
C:\projetos\sistema\backend\vendor\laravel\framework\src\Illuminate\Database\Concerns\ManagesTransactions.php:130
C:\projetos\sistema\backend\vendor\laravel\framework\src\Illuminate\Foundation\Testing\RefreshDatabase.php:147
C:\projetos\sistema\backend\vendor\laravel\framework\src\Illuminate\Foundation\Testing\RefreshDatabase.php:93
C:\projetos\sistema\backend\vendor\laravel\framework\src\Illuminate\Foundation\Testing\RefreshDatabase.php:25
C:\projetos\sistema\backend\vendor\laravel\framework\src\Illuminate\Foundation\Testing\Concerns\InteractsWithTestCaseLifecycle.php:217
C:\projetos\sistema\backend\vendor\laravel\framework\src\Illuminate\Foundation\Testing\Concerns\InteractsWithTestCaseLifecycle.php:101
C:\projetos\sistema\backend\vendor\laravel\framework\src\Illuminate\Foundation\Testing\TestCase.php:63
C:\projetos\sistema\backend\tests\Feature\PushSubscriptionTest.php:21</error>
        </testcase>
        <testcase name="test_subscribe_requires_endpoint" file="C:\projetos\sistema\backend\tests\Feature\PushSubscriptionTest.php" line="120" class="Tests\Feature\PushSubscriptionTest" classname="Tests.Feature.PushSubscriptionTest" assertions="0" time="0.000000">
          <error type="PDOException">Tests\Feature\PushSubscriptionTest::test_subscribe_requires_endpoint&#13;
PDOException: There is already an active transaction
&#13;
C:\projetos\sistema\backend\vendor\laravel\framework\src\Illuminate\Database\SQLiteConnection.php:38
C:\projetos\sistema\backend\vendor\laravel\framework\src\Illuminate\Database\Concerns\ManagesTransactions.php:154
C:\projetos\sistema\backend\vendor\laravel\framework\src\Illuminate\Database\Concerns\ManagesTransactions.php:130
C:\projetos\sistema\backend\vendor\laravel\framework\src\Illuminate\Foundation\Testing\RefreshDatabase.php:147
C:\projetos\sistema\backend\vendor\laravel\framework\src\Illuminate\Foundation\Testing\RefreshDatabase.php:93
C:\projetos\sistema\backend\vendor\laravel\framework\src\Illuminate\Foundation\Testing\RefreshDatabase.php:25
C:\projetos\sistema\backend\vendor\laravel\framework\src\Illuminate\Foundation\Testing\Concerns\InteractsWithTestCaseLifecycle.php:217
C:\projetos\sistema\backend\vendor\laravel\framework\src\Illuminate\Foundation\Testing\Concerns\InteractsWithTestCaseLifecycle.php:101
C:\projetos\sistema\backend\vendor\laravel\framework\src\Illuminate\Foundation\Testing\TestCase.php:63
C:\projetos\sistema\backend\tests\Feature\PushSubscriptionTest.php:21</error>
        </testcase>
        <testcase name="test_subscribe_requires_keys" file="C:\projetos\sistema\backend\tests\Feature\PushSubscriptionTest.php" line="129" class="Tests\Feature\PushSubscriptionTest" classname="Tests.Feature.PushSubscriptionTest" assertions="0" time="0.000000">
          <error type="PDOException">Tests\Feature\PushSubscriptionTest::test_subscribe_requires_keys&#13;
PDOException: There is already an active transaction
&#13;
C:\projetos\sistema\backend\vendor\laravel\framework\src\Illuminate\Database\SQLiteConnection.php:38
C:\projetos\sistema\backend\vendor\laravel\framework\src\Illuminate\Database\Concerns\ManagesTransactions.php:154
C:\projetos\sistema\backend\vendor\laravel\framework\src\Illuminate\Database\Concerns\ManagesTransactions.php:130
C:\projetos\sistema\backend\vendor\laravel\framework\src\Illuminate\Foundation\Testing\RefreshDatabase.php:147
C:\projetos\sistema\backend\vendor\laravel\framework\src\Illuminate\Foundation\Testing\RefreshDatabase.php:93
C:\projetos\sistema\backend\vendor\laravel\framework\src\Illuminate\Foundation\Testing\RefreshDatabase.php:25
C:\projetos\sistema\backend\vendor\laravel\framework\src\Illuminate\Foundation\Testing\Concerns\InteractsWithTestCaseLifecycle.php:217
C:\projetos\sistema\backend\vendor\laravel\framework\src\Illuminate\Foundation\Testing\Concerns\InteractsWithTestCaseLifecycle.php:101
C:\projetos\sistema\backend\vendor\laravel\framework\src\Illuminate\Foundation\Testing\TestCase.php:63
C:\projetos\sistema\backend\tests\Feature\PushSubscriptionTest.php:21</error>
        </testcase>
      </testsuite>
      <testsuite name="Tests\Feature\QueryEfficiencyTest" file="C:\projetos\sistema\backend\tests\Feature\QueryEfficiencyTest.php" tests="7" assertions="0" errors="7" failures="0" skipped="0" time="0.000000">
        <testcase name="test_customer_list_no_n_plus_one" file="C:\projetos\sistema\backend\tests\Feature\QueryEfficiencyTest.php" line="66" class="Tests\Feature\QueryEfficiencyTest" classname="Tests.Feature.QueryEfficiencyTest" assertions="0" time="0.000000">
          <error type="PDOException">Tests\Feature\QueryEfficiencyTest::test_customer_list_no_n_plus_one&#13;
PDOException: There is already an active transaction
&#13;
C:\projetos\sistema\backend\vendor\laravel\framework\src\Illuminate\Database\SQLiteConnection.php:38
C:\projetos\sistema\backend\vendor\laravel\framework\src\Illuminate\Database\Concerns\ManagesTransactions.php:154
C:\projetos\sistema\backend\vendor\laravel\framework\src\Illuminate\Database\Concerns\ManagesTransactions.php:130
C:\projetos\sistema\backend\vendor\laravel\framework\src\Illuminate\Foundation\Testing\RefreshDatabase.php:147
C:\projetos\sistema\backend\vendor\laravel\framework\src\Illuminate\Foundation\Testing\RefreshDatabase.php:93
C:\projetos\sistema\backend\vendor\laravel\framework\src\Illuminate\Foundation\Testing\RefreshDatabase.php:25
C:\projetos\sistema\backend\vendor\laravel\framework\src\Illuminate\Foundation\Testing\Concerns\InteractsWithTestCaseLifecycle.php:217
C:\projetos\sistema\backend\vendor\laravel\framework\src\Illuminate\Foundation\Testing\Concerns\InteractsWithTestCaseLifecycle.php:101
C:\projetos\sistema\backend\vendor\laravel\framework\src\Illuminate\Foundation\Testing\TestCase.php:63
C:\projetos\sistema\backend\tests\Feature\QueryEfficiencyTest.php:30</error>
        </testcase>
        <testcase name="test_work_order_list_no_n_plus_one" file="C:\projetos\sistema\backend\tests\Feature\QueryEfficiencyTest.php" line="80" class="Tests\Feature\QueryEfficiencyTest" classname="Tests.Feature.QueryEfficiencyTest" assertions="0" time="0.000000">
          <error type="PDOException">Tests\Feature\QueryEfficiencyTest::test_work_order_list_no_n_plus_one&#13;
PDOException: There is already an active transaction
&#13;
C:\projetos\sistema\backend\vendor\laravel\framework\src\Illuminate\Database\SQLiteConnection.php:38
C:\projetos\sistema\backend\vendor\laravel\framework\src\Illuminate\Database\Concerns\ManagesTransactions.php:154
C:\projetos\sistema\backend\vendor\laravel\framework\src\Illuminate\Database\Concerns\ManagesTransactions.php:130
C:\projetos\sistema\backend\vendor\laravel\framework\src\Illuminate\Foundation\Testing\RefreshDatabase.php:147
C:\projetos\sistema\backend\vendor\laravel\framework\src\Illuminate\Foundation\Testing\RefreshDatabase.php:93
C:\projetos\sistema\backend\vendor\laravel\framework\src\Illuminate\Foundation\Testing\RefreshDatabase.php:25
C:\projetos\sistema\backend\vendor\laravel\framework\src\Illuminate\Foundation\Testing\Concerns\InteractsWithTestCaseLifecycle.php:217
C:\projetos\sistema\backend\vendor\laravel\framework\src\Illuminate\Foundation\Testing\Concerns\InteractsWithTestCaseLifecycle.php:101
C:\projetos\sistema\backend\vendor\laravel\framework\src\Illuminate\Foundation\Testing\TestCase.php:63
C:\projetos\sistema\backend\tests\Feature\QueryEfficiencyTest.php:30</error>
        </testcase>
        <testcase name="test_product_list_no_n_plus_one" file="C:\projetos\sistema\backend\tests\Feature\QueryEfficiencyTest.php" line="100" class="Tests\Feature\QueryEfficiencyTest" classname="Tests.Feature.QueryEfficiencyTest" assertions="0" time="0.000000">
          <error type="PDOException">Tests\Feature\QueryEfficiencyTest::test_product_list_no_n_plus_one&#13;
PDOException: There is already an active transaction
&#13;
C:\projetos\sistema\backend\vendor\laravel\framework\src\Illuminate\Database\SQLiteConnection.php:38
C:\projetos\sistema\backend\vendor\laravel\framework\src\Illuminate\Database\Concerns\ManagesTransactions.php:154
C:\projetos\sistema\backend\vendor\laravel\framework\src\Illuminate\Database\Concerns\ManagesTransactions.php:130
C:\projetos\sistema\backend\vendor\laravel\framework\src\Illuminate\Foundation\Testing\RefreshDatabase.php:147
C:\projetos\sistema\backend\vendor\laravel\framework\src\Illuminate\Foundation\Testing\RefreshDatabase.php:93
C:\projetos\sistema\backend\vendor\laravel\framework\src\Illuminate\Foundation\Testing\RefreshDatabase.php:25
C:\projetos\sistema\backend\vendor\laravel\framework\src\Illuminate\Foundation\Testing\Concerns\InteractsWithTestCaseLifecycle.php:217
C:\projetos\sistema\backend\vendor\laravel\framework\src\Illuminate\Foundation\Testing\Concerns\InteractsWithTestCaseLifecycle.php:101
C:\projetos\sistema\backend\vendor\laravel\framework\src\Illuminate\Foundation\Testing\TestCase.php:63
C:\projetos\sistema\backend\tests\Feature\QueryEfficiencyTest.php:30</error>
        </testcase>
        <testcase name="test_equipment_list_no_n_plus_one" file="C:\projetos\sistema\backend\tests\Feature\QueryEfficiencyTest.php" line="113" class="Tests\Feature\QueryEfficiencyTest" classname="Tests.Feature.QueryEfficiencyTest" assertions="0" time="0.000000">
          <error type="PDOException">Tests\Feature\QueryEfficiencyTest::test_equipment_list_no_n_plus_one&#13;
PDOException: There is already an active transaction
&#13;
C:\projetos\sistema\backend\vendor\laravel\framework\src\Illuminate\Database\SQLiteConnection.php:38
C:\projetos\sistema\backend\vendor\laravel\framework\src\Illuminate\Database\Concerns\ManagesTransactions.php:154
C:\projetos\sistema\backend\vendor\laravel\framework\src\Illuminate\Database\Concerns\ManagesTransactions.php:130
C:\projetos\sistema\backend\vendor\laravel\framework\src\Illuminate\Foundation\Testing\RefreshDatabase.php:147
C:\projetos\sistema\backend\vendor\laravel\framework\src\Illuminate\Foundation\Testing\RefreshDatabase.php:93
C:\projetos\sistema\backend\vendor\laravel\framework\src\Illuminate\Foundation\Testing\RefreshDatabase.php:25
C:\projetos\sistema\backend\vendor\laravel\framework\src\Illuminate\Foundation\Testing\Concerns\InteractsWithTestCaseLifecycle.php:217
C:\projetos\sistema\backend\vendor\laravel\framework\src\Illuminate\Foundation\Testing\Concerns\InteractsWithTestCaseLifecycle.php:101
C:\projetos\sistema\backend\vendor\laravel\framework\src\Illuminate\Foundation\Testing\TestCase.php:63
C:\projetos\sistema\backend\tests\Feature\QueryEfficiencyTest.php:30</error>
        </testcase>
        <testcase name="test_dashboard_query_count_reasonable" file="C:\projetos\sistema\backend\tests\Feature\QueryEfficiencyTest.php" line="131" class="Tests\Feature\QueryEfficiencyTest" classname="Tests.Feature.QueryEfficiencyTest" assertions="0" time="0.000000">
          <error type="PDOException">Tests\Feature\QueryEfficiencyTest::test_dashboard_query_count_reasonable&#13;
PDOException: There is already an active transaction
&#13;
C:\projetos\sistema\backend\vendor\laravel\framework\src\Illuminate\Database\SQLiteConnection.php:38
C:\projetos\sistema\backend\vendor\laravel\framework\src\Illuminate\Database\Concerns\ManagesTransactions.php:154
C:\projetos\sistema\backend\vendor\laravel\framework\src\Illuminate\Database\Concerns\ManagesTransactions.php:130
C:\projetos\sistema\backend\vendor\laravel\framework\src\Illuminate\Foundation\Testing\RefreshDatabase.php:147
C:\projetos\sistema\backend\vendor\laravel\framework\src\Illuminate\Foundation\Testing\RefreshDatabase.php:93
C:\projetos\sistema\backend\vendor\laravel\framework\src\Illuminate\Foundation\Testing\RefreshDatabase.php:25
C:\projetos\sistema\backend\vendor\laravel\framework\src\Illuminate\Foundation\Testing\Concerns\InteractsWithTestCaseLifecycle.php:217
C:\projetos\sistema\backend\vendor\laravel\framework\src\Illuminate\Foundation\Testing\Concerns\InteractsWithTestCaseLifecycle.php:101
C:\projetos\sistema\backend\vendor\laravel\framework\src\Illuminate\Foundation\Testing\TestCase.php:63
C:\projetos\sistema\backend\tests\Feature\QueryEfficiencyTest.php:30</error>
        </testcase>
        <testcase name="test_customer_show_query_count" file="C:\projetos\sistema\backend\tests\Feature\QueryEfficiencyTest.php" line="151" class="Tests\Feature\QueryEfficiencyTest" classname="Tests.Feature.QueryEfficiencyTest" assertions="0" time="0.000000">
          <error type="PDOException">Tests\Feature\QueryEfficiencyTest::test_customer_show_query_count&#13;
PDOException: There is already an active transaction
&#13;
C:\projetos\sistema\backend\vendor\laravel\framework\src\Illuminate\Database\SQLiteConnection.php:38
C:\projetos\sistema\backend\vendor\laravel\framework\src\Illuminate\Database\Concerns\ManagesTransactions.php:154
C:\projetos\sistema\backend\vendor\laravel\framework\src\Illuminate\Database\Concerns\ManagesTransactions.php:130
C:\projetos\sistema\backend\vendor\laravel\framework\src\Illuminate\Foundation\Testing\RefreshDatabase.php:147
C:\projetos\sistema\backend\vendor\laravel\framework\src\Illuminate\Foundation\Testing\RefreshDatabase.php:93
C:\projetos\sistema\backend\vendor\laravel\framework\src\Illuminate\Foundation\Testing\RefreshDatabase.php:25
C:\projetos\sistema\backend\vendor\laravel\framework\src\Illuminate\Foundation\Testing\Concerns\InteractsWithTestCaseLifecycle.php:217
C:\projetos\sistema\backend\vendor\laravel\framework\src\Illuminate\Foundation\Testing\Concerns\InteractsWithTestCaseLifecycle.php:101
C:\projetos\sistema\backend\vendor\laravel\framework\src\Illuminate\Foundation\Testing\TestCase.php:63
C:\projetos\sistema\backend\tests\Feature\QueryEfficiencyTest.php:30</error>
        </testcase>
        <testcase name="test_work_order_show_query_count" file="C:\projetos\sistema\backend\tests\Feature\QueryEfficiencyTest.php" line="163" class="Tests\Feature\QueryEfficiencyTest" classname="Tests.Feature.QueryEfficiencyTest" assertions="0" time="0.000000">
          <error type="PDOException">Tests\Feature\QueryEfficiencyTest::test_work_order_show_query_count&#13;
PDOException: There is already an active transaction
&#13;
C:\projetos\sistema\backend\vendor\laravel\framework\src\Illuminate\Database\SQLiteConnection.php:38
C:\projetos\sistema\backend\vendor\laravel\framework\src\Illuminate\Database\Concerns\ManagesTransactions.php:154
C:\projetos\sistema\backend\vendor\laravel\framework\src\Illuminate\Database\Concerns\ManagesTransactions.php:130
C:\projetos\sistema\backend\vendor\laravel\framework\src\Illuminate\Foundation\Testing\RefreshDatabase.php:147
C:\projetos\sistema\backend\vendor\laravel\framework\src\Illuminate\Foundation\Testing\RefreshDatabase.php:93
C:\projetos\sistema\backend\vendor\laravel\framework\src\Illuminate\Foundation\Testing\RefreshDatabase.php:25
C:\projetos\sistema\backend\vendor\laravel\framework\src\Illuminate\Foundation\Testing\Concerns\InteractsWithTestCaseLifecycle.php:217
C:\projetos\sistema\backend\vendor\laravel\framework\src\Illuminate\Foundation\Testing\Concerns\InteractsWithTestCaseLifecycle.php:101
C:\projetos\sistema\backend\vendor\laravel\framework\src\Illuminate\Foundation\Testing\TestCase.php:63
C:\projetos\sistema\backend\tests\Feature\QueryEfficiencyTest.php:30</error>
        </testcase>
      </testsuite>
      <testsuite name="Tests\Feature\QuoteApprovalListenersTest" file="C:\projetos\sistema\backend\tests\Feature\QuoteApprovalListenersTest.php" tests="2" assertions="0" errors="2" failures="0" skipped="0" time="0.000000">
        <testcase name="test_handle_quote_approval_listener_uses_quote_number_and_seller_as_recipient" file="C:\projetos\sistema\backend\tests\Feature\QuoteApprovalListenersTest.php" line="20" class="Tests\Feature\QuoteApprovalListenersTest" classname="Tests.Feature.QuoteApprovalListenersTest" assertions="0" time="0.000000">
          <error type="PDOException">Tests\Feature\QuoteApprovalListenersTest::test_handle_quote_approval_listener_uses_quote_number_and_seller_as_recipient&#13;
PDOException: There is already an active transaction
&#13;
C:\projetos\sistema\backend\vendor\laravel\framework\src\Illuminate\Database\SQLiteConnection.php:38
C:\projetos\sistema\backend\vendor\laravel\framework\src\Illuminate\Database\Concerns\ManagesTransactions.php:154
C:\projetos\sistema\backend\vendor\laravel\framework\src\Illuminate\Database\Concerns\ManagesTransactions.php:130
C:\projetos\sistema\backend\vendor\laravel\framework\src\Illuminate\Foundation\Testing\RefreshDatabase.php:147
C:\projetos\sistema\backend\vendor\laravel\framework\src\Illuminate\Foundation\Testing\RefreshDatabase.php:93
C:\projetos\sistema\backend\vendor\laravel\framework\src\Illuminate\Foundation\Testing\RefreshDatabase.php:25
C:\projetos\sistema\backend\vendor\laravel\framework\src\Illuminate\Foundation\Testing\Concerns\InteractsWithTestCaseLifecycle.php:217
C:\projetos\sistema\backend\vendor\laravel\framework\src\Illuminate\Foundation\Testing\Concerns\InteractsWithTestCaseLifecycle.php:101
C:\projetos\sistema\backend\vendor\laravel\framework\src\Illuminate\Foundation\Testing\TestCase.php:63</error>
        </testcase>
        <testcase name="test_create_central_item_on_quote_listener_uses_quote_number_context_and_seller" file="C:\projetos\sistema\backend\tests\Feature\QuoteApprovalListenersTest.php" line="66" class="Tests\Feature\QuoteApprovalListenersTest" classname="Tests.Feature.QuoteApprovalListenersTest" assertions="0" time="0.000000">
          <error type="PDOException">Tests\Feature\QuoteApprovalListenersTest::test_create_central_item_on_quote_listener_uses_quote_number_context_and_seller&#13;
PDOException: There is already an active transaction
&#13;
C:\projetos\sistema\backend\vendor\laravel\framework\src\Illuminate\Database\SQLiteConnection.php:38
C:\projetos\sistema\backend\vendor\laravel\framework\src\Illuminate\Database\Concerns\ManagesTransactions.php:154
C:\projetos\sistema\backend\vendor\laravel\framework\src\Illuminate\Database\Concerns\ManagesTransactions.php:130
C:\projetos\sistema\backend\vendor\laravel\framework\src\Illuminate\Foundation\Testing\RefreshDatabase.php:147
C:\projetos\sistema\backend\vendor\laravel\framework\src\Illuminate\Foundation\Testing\RefreshDatabase.php:93
C:\projetos\sistema\backend\vendor\laravel\framework\src\Illuminate\Foundation\Testing\RefreshDatabase.php:25
C:\projetos\sistema\backend\vendor\laravel\framework\src\Illuminate\Foundation\Testing\Concerns\InteractsWithTestCaseLifecycle.php:217
C:\projetos\sistema\backend\vendor\laravel\framework\src\Illuminate\Foundation\Testing\Concerns\InteractsWithTestCaseLifecycle.php:101
C:\projetos\sistema\backend\vendor\laravel\framework\src\Illuminate\Foundation\Testing\TestCase.php:63</error>
        </testcase>
      </testsuite>
      <testsuite name="Tests\Feature\QuoteConversionTest" file="C:\projetos\sistema\backend\tests\Feature\QuoteConversionTest.php" tests="1" assertions="0" errors="1" failures="0" skipped="0" time="0.000000">
        <testcase name="test_conversion_flattens_structure_and_reservations" file="C:\projetos\sistema\backend\tests\Feature\QuoteConversionTest.php" line="50" class="Tests\Feature\QuoteConversionTest" classname="Tests.Feature.QuoteConversionTest" assertions="0" time="0.000000">
          <error type="PDOException">Tests\Feature\QuoteConversionTest::test_conversion_flattens_structure_and_reservations&#13;
PDOException: There is already an active transaction
&#13;
C:\projetos\sistema\backend\vendor\laravel\framework\src\Illuminate\Database\SQLiteConnection.php:38
C:\projetos\sistema\backend\vendor\laravel\framework\src\Illuminate\Database\Concerns\ManagesTransactions.php:154
C:\projetos\sistema\backend\vendor\laravel\framework\src\Illuminate\Database\Concerns\ManagesTransactions.php:130
C:\projetos\sistema\backend\vendor\laravel\framework\src\Illuminate\Foundation\Testing\RefreshDatabase.php:147
C:\projetos\sistema\backend\vendor\laravel\framework\src\Illuminate\Foundation\Testing\RefreshDatabase.php:93
C:\projetos\sistema\backend\vendor\laravel\framework\src\Illuminate\Foundation\Testing\RefreshDatabase.php:25
C:\projetos\sistema\backend\vendor\laravel\framework\src\Illuminate\Foundation\Testing\Concerns\InteractsWithTestCaseLifecycle.php:217
C:\projetos\sistema\backend\vendor\laravel\framework\src\Illuminate\Foundation\Testing\Concerns\InteractsWithTestCaseLifecycle.php:101
C:\projetos\sistema\backend\vendor\laravel\framework\src\Illuminate\Foundation\Testing\TestCase.php:63
C:\projetos\sistema\backend\tests\Feature\QuoteConversionTest.php:29</error>
        </testcase>
      </testsuite>
      <testsuite name="Tests\Feature\QuoteReadyMailTest" file="C:\projetos\sistema\backend\tests\Feature\QuoteReadyMailTest.php" tests="1" assertions="0" errors="1" failures="0" skipped="0" time="0.000000">
        <testcase name="test_quote_ready_mail_uses_quote_number" file="C:\projetos\sistema\backend\tests\Feature\QuoteReadyMailTest.php" line="17" class="Tests\Feature\QuoteReadyMailTest" classname="Tests.Feature.QuoteReadyMailTest" assertions="0" time="0.000000">
          <error type="PDOException">Tests\Feature\QuoteReadyMailTest::test_quote_ready_mail_uses_quote_number&#13;
PDOException: There is already an active transaction
&#13;
C:\projetos\sistema\backend\vendor\laravel\framework\src\Illuminate\Database\SQLiteConnection.php:38
C:\projetos\sistema\backend\vendor\laravel\framework\src\Illuminate\Database\Concerns\ManagesTransactions.php:154
C:\projetos\sistema\backend\vendor\laravel\framework\src\Illuminate\Database\Concerns\ManagesTransactions.php:130
C:\projetos\sistema\backend\vendor\laravel\framework\src\Illuminate\Foundation\Testing\RefreshDatabase.php:147
C:\projetos\sistema\backend\vendor\laravel\framework\src\Illuminate\Foundation\Testing\RefreshDatabase.php:93
C:\projetos\sistema\backend\vendor\laravel\framework\src\Illuminate\Foundation\Testing\RefreshDatabase.php:25
C:\projetos\sistema\backend\vendor\laravel\framework\src\Illuminate\Foundation\Testing\Concerns\InteractsWithTestCaseLifecycle.php:217
C:\projetos\sistema\backend\vendor\laravel\framework\src\Illuminate\Foundation\Testing\Concerns\InteractsWithTestCaseLifecycle.php:101
C:\projetos\sistema\backend\vendor\laravel\framework\src\Illuminate\Foundation\Testing\TestCase.php:63</error>
        </testcase>
      </testsuite>
      <testsuite name="Tests\Feature\QuoteTest" file="C:\projetos\sistema\backend\tests\Feature\QuoteTest.php" tests="13" assertions="0" errors="13" failures="0" skipped="0" time="0.000000">
        <testcase name="test_create_quote" file="C:\projetos\sistema\backend\tests\Feature\QuoteTest.php" line="49" class="Tests\Feature\QuoteTest" classname="Tests.Feature.QuoteTest" assertions="0" time="0.000000">
          <error type="PDOException">Tests\Feature\QuoteTest::test_create_quote&#13;
PDOException: There is already an active transaction
&#13;
C:\projetos\sistema\backend\vendor\laravel\framework\src\Illuminate\Database\SQLiteConnection.php:38
C:\projetos\sistema\backend\vendor\laravel\framework\src\Illuminate\Database\Concerns\ManagesTransactions.php:154
C:\projetos\sistema\backend\vendor\laravel\framework\src\Illuminate\Database\Concerns\ManagesTransactions.php:130
C:\projetos\sistema\backend\vendor\laravel\framework\src\Illuminate\Foundation\Testing\RefreshDatabase.php:147
C:\projetos\sistema\backend\vendor\laravel\framework\src\Illuminate\Foundation\Testing\RefreshDatabase.php:93
C:\projetos\sistema\backend\vendor\laravel\framework\src\Illuminate\Foundation\Testing\RefreshDatabase.php:25
C:\projetos\sistema\backend\vendor\laravel\framework\src\Illuminate\Foundation\Testing\Concerns\InteractsWithTestCaseLifecycle.php:217
C:\projetos\sistema\backend\vendor\laravel\framework\src\Illuminate\Foundation\Testing\Concerns\InteractsWithTestCaseLifecycle.php:101
C:\projetos\sistema\backend\vendor\laravel\framework\src\Illuminate\Foundation\Testing\TestCase.php:63
C:\projetos\sistema\backend\tests\Feature\QuoteTest.php:27</error>
        </testcase>
        <testcase name="test_list_quotes" file="C:\projetos\sistema\backend\tests\Feature\QuoteTest.php" line="81" class="Tests\Feature\QuoteTest" classname="Tests.Feature.QuoteTest" assertions="0" time="0.000000">
          <error type="PDOException">Tests\Feature\QuoteTest::test_list_quotes&#13;
PDOException: There is already an active transaction
&#13;
C:\projetos\sistema\backend\vendor\laravel\framework\src\Illuminate\Database\SQLiteConnection.php:38
C:\projetos\sistema\backend\vendor\laravel\framework\src\Illuminate\Database\Concerns\ManagesTransactions.php:154
C:\projetos\sistema\backend\vendor\laravel\framework\src\Illuminate\Database\Concerns\ManagesTransactions.php:130
C:\projetos\sistema\backend\vendor\laravel\framework\src\Illuminate\Foundation\Testing\RefreshDatabase.php:147
C:\projetos\sistema\backend\vendor\laravel\framework\src\Illuminate\Foundation\Testing\RefreshDatabase.php:93
C:\projetos\sistema\backend\vendor\laravel\framework\src\Illuminate\Foundation\Testing\RefreshDatabase.php:25
C:\projetos\sistema\backend\vendor\laravel\framework\src\Illuminate\Foundation\Testing\Concerns\InteractsWithTestCaseLifecycle.php:217
C:\projetos\sistema\backend\vendor\laravel\framework\src\Illuminate\Foundation\Testing\Concerns\InteractsWithTestCaseLifecycle.php:101
C:\projetos\sistema\backend\vendor\laravel\framework\src\Illuminate\Foundation\Testing\TestCase.php:63
C:\projetos\sistema\backend\tests\Feature\QuoteTest.php:27</error>
        </testcase>
        <testcase name="test_show_quote" file="C:\projetos\sistema\backend\tests\Feature\QuoteTest.php" line="94" class="Tests\Feature\QuoteTest" classname="Tests.Feature.QuoteTest" assertions="0" time="0.000000">
          <error type="PDOException">Tests\Feature\QuoteTest::test_show_quote&#13;
PDOException: There is already an active transaction
&#13;
C:\projetos\sistema\backend\vendor\laravel\framework\src\Illuminate\Database\SQLiteConnection.php:38
C:\projetos\sistema\backend\vendor\laravel\framework\src\Illuminate\Database\Concerns\ManagesTransactions.php:154
C:\projetos\sistema\backend\vendor\laravel\framework\src\Illuminate\Database\Concerns\ManagesTransactions.php:130
C:\projetos\sistema\backend\vendor\laravel\framework\src\Illuminate\Foundation\Testing\RefreshDatabase.php:147
C:\projetos\sistema\backend\vendor\laravel\framework\src\Illuminate\Foundation\Testing\RefreshDatabase.php:93
C:\projetos\sistema\backend\vendor\laravel\framework\src\Illuminate\Foundation\Testing\RefreshDatabase.php:25
C:\projetos\sistema\backend\vendor\laravel\framework\src\Illuminate\Foundation\Testing\Concerns\InteractsWithTestCaseLifecycle.php:217
C:\projetos\sistema\backend\vendor\laravel\framework\src\Illuminate\Foundation\Testing\Concerns\InteractsWithTestCaseLifecycle.php:101
C:\projetos\sistema\backend\vendor\laravel\framework\src\Illuminate\Foundation\Testing\TestCase.php:63
C:\projetos\sistema\backend\tests\Feature\QuoteTest.php:27</error>
        </testcase>
        <testcase name="test_approve_quote" file="C:\projetos\sistema\backend\tests\Feature\QuoteTest.php" line="107" class="Tests\Feature\QuoteTest" classname="Tests.Feature.QuoteTest" assertions="0" time="0.000000">
          <error type="PDOException">Tests\Feature\QuoteTest::test_approve_quote&#13;
PDOException: There is already an active transaction
&#13;
C:\projetos\sistema\backend\vendor\laravel\framework\src\Illuminate\Database\SQLiteConnection.php:38
C:\projetos\sistema\backend\vendor\laravel\framework\src\Illuminate\Database\Concerns\ManagesTransactions.php:154
C:\projetos\sistema\backend\vendor\laravel\framework\src\Illuminate\Database\Concerns\ManagesTransactions.php:130
C:\projetos\sistema\backend\vendor\laravel\framework\src\Illuminate\Foundation\Testing\RefreshDatabase.php:147
C:\projetos\sistema\backend\vendor\laravel\framework\src\Illuminate\Foundation\Testing\RefreshDatabase.php:93
C:\projetos\sistema\backend\vendor\laravel\framework\src\Illuminate\Foundation\Testing\RefreshDatabase.php:25
C:\projetos\sistema\backend\vendor\laravel\framework\src\Illuminate\Foundation\Testing\Concerns\InteractsWithTestCaseLifecycle.php:217
C:\projetos\sistema\backend\vendor\laravel\framework\src\Illuminate\Foundation\Testing\Concerns\InteractsWithTestCaseLifecycle.php:101
C:\projetos\sistema\backend\vendor\laravel\framework\src\Illuminate\Foundation\Testing\TestCase.php:63
C:\projetos\sistema\backend\tests\Feature\QuoteTest.php:27</error>
        </testcase>
        <testcase name="test_tenant_isolation" file="C:\projetos\sistema\backend\tests\Feature\QuoteTest.php" line="121" class="Tests\Feature\QuoteTest" classname="Tests.Feature.QuoteTest" assertions="0" time="0.000000">
          <error type="PDOException">Tests\Feature\QuoteTest::test_tenant_isolation&#13;
PDOException: There is already an active transaction
&#13;
C:\projetos\sistema\backend\vendor\laravel\framework\src\Illuminate\Database\SQLiteConnection.php:38
C:\projetos\sistema\backend\vendor\laravel\framework\src\Illuminate\Database\Concerns\ManagesTransactions.php:154
C:\projetos\sistema\backend\vendor\laravel\framework\src\Illuminate\Database\Concerns\ManagesTransactions.php:130
C:\projetos\sistema\backend\vendor\laravel\framework\src\Illuminate\Foundation\Testing\RefreshDatabase.php:147
C:\projetos\sistema\backend\vendor\laravel\framework\src\Illuminate\Foundation\Testing\RefreshDatabase.php:93
C:\projetos\sistema\backend\vendor\laravel\framework\src\Illuminate\Foundation\Testing\RefreshDatabase.php:25
C:\projetos\sistema\backend\vendor\laravel\framework\src\Illuminate\Foundation\Testing\Concerns\InteractsWithTestCaseLifecycle.php:217
C:\projetos\sistema\backend\vendor\laravel\framework\src\Illuminate\Foundation\Testing\Concerns\InteractsWithTestCaseLifecycle.php:101
C:\projetos\sistema\backend\vendor\laravel\framework\src\Illuminate\Foundation\Testing\TestCase.php:63
C:\projetos\sistema\backend\tests\Feature\QuoteTest.php:27</error>
        </testcase>
        <testcase name="test_quote_sequence_start_setting_is_respected_without_breaking_existing_sequence" file="C:\projetos\sistema\backend\tests\Feature\QuoteTest.php" line="144" class="Tests\Feature\QuoteTest" classname="Tests.Feature.QuoteTest" assertions="0" time="0.000000">
          <error type="PDOException">Tests\Feature\QuoteTest::test_quote_sequence_start_setting_is_respected_without_breaking_existing_sequence&#13;
PDOException: There is already an active transaction
&#13;
C:\projetos\sistema\backend\vendor\laravel\framework\src\Illuminate\Database\SQLiteConnection.php:38
C:\projetos\sistema\backend\vendor\laravel\framework\src\Illuminate\Database\Concerns\ManagesTransactions.php:154
C:\projetos\sistema\backend\vendor\laravel\framework\src\Illuminate\Database\Concerns\ManagesTransactions.php:130
C:\projetos\sistema\backend\vendor\laravel\framework\src\Illuminate\Foundation\Testing\RefreshDatabase.php:147
C:\projetos\sistema\backend\vendor\laravel\framework\src\Illuminate\Foundation\Testing\RefreshDatabase.php:93
C:\projetos\sistema\backend\vendor\laravel\framework\src\Illuminate\Foundation\Testing\RefreshDatabase.php:25
C:\projetos\sistema\backend\vendor\laravel\framework\src\Illuminate\Foundation\Testing\Concerns\InteractsWithTestCaseLifecycle.php:217
C:\projetos\sistema\backend\vendor\laravel\framework\src\Illuminate\Foundation\Testing\Concerns\InteractsWithTestCaseLifecycle.php:101
C:\projetos\sistema\backend\vendor\laravel\framework\src\Illuminate\Foundation\Testing\TestCase.php:63
C:\projetos\sistema\backend\tests\Feature\QuoteTest.php:27</error>
        </testcase>
        <testcase name="test_quote_sequence_uses_highest_historical_value_even_if_latest_record_is_external" file="C:\projetos\sistema\backend\tests\Feature\QuoteTest.php" line="163" class="Tests\Feature\QuoteTest" classname="Tests.Feature.QuoteTest" assertions="0" time="0.000000">
          <error type="PDOException">Tests\Feature\QuoteTest::test_quote_sequence_uses_highest_historical_value_even_if_latest_record_is_external&#13;
PDOException: There is already an active transaction
&#13;
C:\projetos\sistema\backend\vendor\laravel\framework\src\Illuminate\Database\SQLiteConnection.php:38
C:\projetos\sistema\backend\vendor\laravel\framework\src\Illuminate\Database\Concerns\ManagesTransactions.php:154
C:\projetos\sistema\backend\vendor\laravel\framework\src\Illuminate\Database\Concerns\ManagesTransactions.php:130
C:\projetos\sistema\backend\vendor\laravel\framework\src\Illuminate\Foundation\Testing\RefreshDatabase.php:147
C:\projetos\sistema\backend\vendor\laravel\framework\src\Illuminate\Foundation\Testing\RefreshDatabase.php:93
C:\projetos\sistema\backend\vendor\laravel\framework\src\Illuminate\Foundation\Testing\RefreshDatabase.php:25
C:\projetos\sistema\backend\vendor\laravel\framework\src\Illuminate\Foundation\Testing\Concerns\InteractsWithTestCaseLifecycle.php:217
C:\projetos\sistema\backend\vendor\laravel\framework\src\Illuminate\Foundation\Testing\Concerns\InteractsWithTestCaseLifecycle.php:101
C:\projetos\sistema\backend\vendor\laravel\framework\src\Illuminate\Foundation\Testing\TestCase.php:63
C:\projetos\sistema\backend\tests\Feature\QuoteTest.php:27</error>
        </testcase>
        <testcase name="test_create_quote_uses_sequence_start_from_settings_endpoint" file="C:\projetos\sistema\backend\tests\Feature\QuoteTest.php" line="180" class="Tests\Feature\QuoteTest" classname="Tests.Feature.QuoteTest" assertions="0" time="0.000000">
          <error type="PDOException">Tests\Feature\QuoteTest::test_create_quote_uses_sequence_start_from_settings_endpoint&#13;
PDOException: There is already an active transaction
&#13;
C:\projetos\sistema\backend\vendor\laravel\framework\src\Illuminate\Database\SQLiteConnection.php:38
C:\projetos\sistema\backend\vendor\laravel\framework\src\Illuminate\Database\Concerns\ManagesTransactions.php:154
C:\projetos\sistema\backend\vendor\laravel\framework\src\Illuminate\Database\Concerns\ManagesTransactions.php:130
C:\projetos\sistema\backend\vendor\laravel\framework\src\Illuminate\Foundation\Testing\RefreshDatabase.php:147
C:\projetos\sistema\backend\vendor\laravel\framework\src\Illuminate\Foundation\Testing\RefreshDatabase.php:93
C:\projetos\sistema\backend\vendor\laravel\framework\src\Illuminate\Foundation\Testing\RefreshDatabase.php:25
C:\projetos\sistema\backend\vendor\laravel\framework\src\Illuminate\Foundation\Testing\Concerns\InteractsWithTestCaseLifecycle.php:217
C:\projetos\sistema\backend\vendor\laravel\framework\src\Illuminate\Foundation\Testing\Concerns\InteractsWithTestCaseLifecycle.php:101
C:\projetos\sistema\backend\vendor\laravel\framework\src\Illuminate\Foundation\Testing\TestCase.php:63
C:\projetos\sistema\backend\tests\Feature\QuoteTest.php:27</error>
        </testcase>
        <testcase name="test_rejects_invalid_quote_sequence_start_setting" file="C:\projetos\sistema\backend\tests\Feature\QuoteTest.php" line="232" class="Tests\Feature\QuoteTest" classname="Tests.Feature.QuoteTest" assertions="0" time="0.000000">
          <error type="PDOException">Tests\Feature\QuoteTest::test_rejects_invalid_quote_sequence_start_setting&#13;
PDOException: There is already an active transaction
&#13;
C:\projetos\sistema\backend\vendor\laravel\framework\src\Illuminate\Database\SQLiteConnection.php:38
C:\projetos\sistema\backend\vendor\laravel\framework\src\Illuminate\Database\Concerns\ManagesTransactions.php:154
C:\projetos\sistema\backend\vendor\laravel\framework\src\Illuminate\Database\Concerns\ManagesTransactions.php:130
C:\projetos\sistema\backend\vendor\laravel\framework\src\Illuminate\Foundation\Testing\RefreshDatabase.php:147
C:\projetos\sistema\backend\vendor\laravel\framework\src\Illuminate\Foundation\Testing\RefreshDatabase.php:93
C:\projetos\sistema\backend\vendor\laravel\framework\src\Illuminate\Foundation\Testing\RefreshDatabase.php:25
C:\projetos\sistema\backend\vendor\laravel\framework\src\Illuminate\Foundation\Testing\Concerns\InteractsWithTestCaseLifecycle.php:217
C:\projetos\sistema\backend\vendor\laravel\framework\src\Illuminate\Foundation\Testing\Concerns\InteractsWithTestCaseLifecycle.php:101
C:\projetos\sistema\backend\vendor\laravel\framework\src\Illuminate\Foundation\Testing\TestCase.php:63
C:\projetos\sistema\backend\tests\Feature\QuoteTest.php:27</error>
        </testcase>
        <testcase name="test_cannot_mutate_sent_quote_through_item_and_equipment_endpoints" file="C:\projetos\sistema\backend\tests\Feature\QuoteTest.php" line="249" class="Tests\Feature\QuoteTest" classname="Tests.Feature.QuoteTest" assertions="0" time="0.000000">
          <error type="PDOException">Tests\Feature\QuoteTest::test_cannot_mutate_sent_quote_through_item_and_equipment_endpoints&#13;
PDOException: There is already an active transaction
&#13;
C:\projetos\sistema\backend\vendor\laravel\framework\src\Illuminate\Database\SQLiteConnection.php:38
C:\projetos\sistema\backend\vendor\laravel\framework\src\Illuminate\Database\Concerns\ManagesTransactions.php:154
C:\projetos\sistema\backend\vendor\laravel\framework\src\Illuminate\Database\Concerns\ManagesTransactions.php:130
C:\projetos\sistema\backend\vendor\laravel\framework\src\Illuminate\Foundation\Testing\RefreshDatabase.php:147
C:\projetos\sistema\backend\vendor\laravel\framework\src\Illuminate\Foundation\Testing\RefreshDatabase.php:93
C:\projetos\sistema\backend\vendor\laravel\framework\src\Illuminate\Foundation\Testing\RefreshDatabase.php:25
C:\projetos\sistema\backend\vendor\laravel\framework\src\Illuminate\Foundation\Testing\Concerns\InteractsWithTestCaseLifecycle.php:217
C:\projetos\sistema\backend\vendor\laravel\framework\src\Illuminate\Foundation\Testing\Concerns\InteractsWithTestCaseLifecycle.php:101
C:\projetos\sistema\backend\vendor\laravel\framework\src\Illuminate\Foundation\Testing\TestCase.php:63
C:\projetos\sistema\backend\tests\Feature\QuoteTest.php:27</error>
        </testcase>
        <testcase name="test_convert_to_os_conflict_returns_business_number" file="C:\projetos\sistema\backend\tests\Feature\QuoteTest.php" line="304" class="Tests\Feature\QuoteTest" classname="Tests.Feature.QuoteTest" assertions="0" time="0.000000">
          <error type="PDOException">Tests\Feature\QuoteTest::test_convert_to_os_conflict_returns_business_number&#13;
PDOException: There is already an active transaction
&#13;
C:\projetos\sistema\backend\vendor\laravel\framework\src\Illuminate\Database\SQLiteConnection.php:38
C:\projetos\sistema\backend\vendor\laravel\framework\src\Illuminate\Database\Concerns\ManagesTransactions.php:154
C:\projetos\sistema\backend\vendor\laravel\framework\src\Illuminate\Database\Concerns\ManagesTransactions.php:130
C:\projetos\sistema\backend\vendor\laravel\framework\src\Illuminate\Foundation\Testing\RefreshDatabase.php:147
C:\projetos\sistema\backend\vendor\laravel\framework\src\Illuminate\Foundation\Testing\RefreshDatabase.php:93
C:\projetos\sistema\backend\vendor\laravel\framework\src\Illuminate\Foundation\Testing\RefreshDatabase.php:25
C:\projetos\sistema\backend\vendor\laravel\framework\src\Illuminate\Foundation\Testing\Concerns\InteractsWithTestCaseLifecycle.php:217
C:\projetos\sistema\backend\vendor\laravel\framework\src\Illuminate\Foundation\Testing\Concerns\InteractsWithTestCaseLifecycle.php:101
C:\projetos\sistema\backend\vendor\laravel\framework\src\Illuminate\Foundation\Testing\TestCase.php:63
C:\projetos\sistema\backend\tests\Feature\QuoteTest.php:27</error>
        </testcase>
        <testcase name="test_reject_quote_with_reason" file="C:\projetos\sistema\backend\tests\Feature\QuoteTest.php" line="328" class="Tests\Feature\QuoteTest" classname="Tests.Feature.QuoteTest" assertions="0" time="0.000000">
          <error type="PDOException">Tests\Feature\QuoteTest::test_reject_quote_with_reason&#13;
PDOException: There is already an active transaction
&#13;
C:\projetos\sistema\backend\vendor\laravel\framework\src\Illuminate\Database\SQLiteConnection.php:38
C:\projetos\sistema\backend\vendor\laravel\framework\src\Illuminate\Database\Concerns\ManagesTransactions.php:154
C:\projetos\sistema\backend\vendor\laravel\framework\src\Illuminate\Database\Concerns\ManagesTransactions.php:130
C:\projetos\sistema\backend\vendor\laravel\framework\src\Illuminate\Foundation\Testing\RefreshDatabase.php:147
C:\projetos\sistema\backend\vendor\laravel\framework\src\Illuminate\Foundation\Testing\RefreshDatabase.php:93
C:\projetos\sistema\backend\vendor\laravel\framework\src\Illuminate\Foundation\Testing\RefreshDatabase.php:25
C:\projetos\sistema\backend\vendor\laravel\framework\src\Illuminate\Foundation\Testing\Concerns\InteractsWithTestCaseLifecycle.php:217
C:\projetos\sistema\backend\vendor\laravel\framework\src\Illuminate\Foundation\Testing\Concerns\InteractsWithTestCaseLifecycle.php:101
C:\projetos\sistema\backend\vendor\laravel\framework\src\Illuminate\Foundation\Testing\TestCase.php:63
C:\projetos\sistema\backend\tests\Feature\QuoteTest.php:27</error>
        </testcase>
        <testcase name="test_cannot_reject_draft_quote" file="C:\projetos\sistema\backend\tests\Feature\QuoteTest.php" line="352" class="Tests\Feature\QuoteTest" classname="Tests.Feature.QuoteTest" assertions="0" time="0.000000">
          <error type="PDOException">Tests\Feature\QuoteTest::test_cannot_reject_draft_quote&#13;
PDOException: There is already an active transaction
&#13;
C:\projetos\sistema\backend\vendor\laravel\framework\src\Illuminate\Database\SQLiteConnection.php:38
C:\projetos\sistema\backend\vendor\laravel\framework\src\Illuminate\Database\Concerns\ManagesTransactions.php:154
C:\projetos\sistema\backend\vendor\laravel\framework\src\Illuminate\Database\Concerns\ManagesTransactions.php:130
C:\projetos\sistema\backend\vendor\laravel\framework\src\Illuminate\Foundation\Testing\RefreshDatabase.php:147
C:\projetos\sistema\backend\vendor\laravel\framework\src\Illuminate\Foundation\Testing\RefreshDatabase.php:93
C:\projetos\sistema\backend\vendor\laravel\framework\src\Illuminate\Foundation\Testing\RefreshDatabase.php:25
C:\projetos\sistema\backend\vendor\laravel\framework\src\Illuminate\Foundation\Testing\Concerns\InteractsWithTestCaseLifecycle.php:217
C:\projetos\sistema\backend\vendor\laravel\framework\src\Illuminate\Foundation\Testing\Concerns\InteractsWithTestCaseLifecycle.php:101
C:\projetos\sistema\backend\vendor\laravel\framework\src\Illuminate\Foundation\Testing\TestCase.php:63
C:\projetos\sistema\backend\tests\Feature\QuoteTest.php:27</error>
        </testcase>
      </testsuite>
      <testsuite name="Tests\Feature\QuoteToWorkOrderE2ETest" file="C:\projetos\sistema\backend\tests\Feature\QuoteToWorkOrderE2ETest.php" tests="6" assertions="0" errors="6" failures="0" skipped="0" time="0.000000">
        <testcase name="test_create_quote_returns_draft" file="C:\projetos\sistema\backend\tests\Feature\QuoteToWorkOrderE2ETest.php" line="91" class="Tests\Feature\QuoteToWorkOrderE2ETest" classname="Tests.Feature.QuoteToWorkOrderE2ETest" assertions="0" time="0.000000">
          <error type="PDOException">Tests\Feature\QuoteToWorkOrderE2ETest::test_create_quote_returns_draft&#13;
PDOException: There is already an active transaction
&#13;
C:\projetos\sistema\backend\vendor\laravel\framework\src\Illuminate\Database\SQLiteConnection.php:38
C:\projetos\sistema\backend\vendor\laravel\framework\src\Illuminate\Database\Concerns\ManagesTransactions.php:154
C:\projetos\sistema\backend\vendor\laravel\framework\src\Illuminate\Database\Concerns\ManagesTransactions.php:130
C:\projetos\sistema\backend\vendor\laravel\framework\src\Illuminate\Foundation\Testing\RefreshDatabase.php:147
C:\projetos\sistema\backend\vendor\laravel\framework\src\Illuminate\Foundation\Testing\RefreshDatabase.php:93
C:\projetos\sistema\backend\vendor\laravel\framework\src\Illuminate\Foundation\Testing\RefreshDatabase.php:25
C:\projetos\sistema\backend\vendor\laravel\framework\src\Illuminate\Foundation\Testing\Concerns\InteractsWithTestCaseLifecycle.php:217
C:\projetos\sistema\backend\vendor\laravel\framework\src\Illuminate\Foundation\Testing\Concerns\InteractsWithTestCaseLifecycle.php:101
C:\projetos\sistema\backend\vendor\laravel\framework\src\Illuminate\Foundation\Testing\TestCase.php:63
C:\projetos\sistema\backend\tests\Feature\QuoteToWorkOrderE2ETest.php:34</error>
        </testcase>
        <testcase name="test_send_quote_changes_status" file="C:\projetos\sistema\backend\tests\Feature\QuoteToWorkOrderE2ETest.php" line="111" class="Tests\Feature\QuoteToWorkOrderE2ETest" classname="Tests.Feature.QuoteToWorkOrderE2ETest" assertions="0" time="0.000000">
          <error type="PDOException">Tests\Feature\QuoteToWorkOrderE2ETest::test_send_quote_changes_status&#13;
PDOException: There is already an active transaction
&#13;
C:\projetos\sistema\backend\vendor\laravel\framework\src\Illuminate\Database\SQLiteConnection.php:38
C:\projetos\sistema\backend\vendor\laravel\framework\src\Illuminate\Database\Concerns\ManagesTransactions.php:154
C:\projetos\sistema\backend\vendor\laravel\framework\src\Illuminate\Database\Concerns\ManagesTransactions.php:130
C:\projetos\sistema\backend\vendor\laravel\framework\src\Illuminate\Foundation\Testing\RefreshDatabase.php:147
C:\projetos\sistema\backend\vendor\laravel\framework\src\Illuminate\Foundation\Testing\RefreshDatabase.php:93
C:\projetos\sistema\backend\vendor\laravel\framework\src\Illuminate\Foundation\Testing\RefreshDatabase.php:25
C:\projetos\sistema\backend\vendor\laravel\framework\src\Illuminate\Foundation\Testing\Concerns\InteractsWithTestCaseLifecycle.php:217
C:\projetos\sistema\backend\vendor\laravel\framework\src\Illuminate\Foundation\Testing\Concerns\InteractsWithTestCaseLifecycle.php:101
C:\projetos\sistema\backend\vendor\laravel\framework\src\Illuminate\Foundation\Testing\TestCase.php:63
C:\projetos\sistema\backend\tests\Feature\QuoteToWorkOrderE2ETest.php:34</error>
        </testcase>
        <testcase name="test_approve_quote_changes_status" file="C:\projetos\sistema\backend\tests\Feature\QuoteToWorkOrderE2ETest.php" line="128" class="Tests\Feature\QuoteToWorkOrderE2ETest" classname="Tests.Feature.QuoteToWorkOrderE2ETest" assertions="0" time="0.000000">
          <error type="PDOException">Tests\Feature\QuoteToWorkOrderE2ETest::test_approve_quote_changes_status&#13;
PDOException: There is already an active transaction
&#13;
C:\projetos\sistema\backend\vendor\laravel\framework\src\Illuminate\Database\SQLiteConnection.php:38
C:\projetos\sistema\backend\vendor\laravel\framework\src\Illuminate\Database\Concerns\ManagesTransactions.php:154
C:\projetos\sistema\backend\vendor\laravel\framework\src\Illuminate\Database\Concerns\ManagesTransactions.php:130
C:\projetos\sistema\backend\vendor\laravel\framework\src\Illuminate\Foundation\Testing\RefreshDatabase.php:147
C:\projetos\sistema\backend\vendor\laravel\framework\src\Illuminate\Foundation\Testing\RefreshDatabase.php:93
C:\projetos\sistema\backend\vendor\laravel\framework\src\Illuminate\Foundation\Testing\RefreshDatabase.php:25
C:\projetos\sistema\backend\vendor\laravel\framework\src\Illuminate\Foundation\Testing\Concerns\InteractsWithTestCaseLifecycle.php:217
C:\projetos\sistema\backend\vendor\laravel\framework\src\Illuminate\Foundation\Testing\Concerns\InteractsWithTestCaseLifecycle.php:101
C:\projetos\sistema\backend\vendor\laravel\framework\src\Illuminate\Foundation\Testing\TestCase.php:63
C:\projetos\sistema\backend\tests\Feature\QuoteToWorkOrderE2ETest.php:34</error>
        </testcase>
        <testcase name="test_convert_creates_work_order" file="C:\projetos\sistema\backend\tests\Feature\QuoteToWorkOrderE2ETest.php" line="146" class="Tests\Feature\QuoteToWorkOrderE2ETest" classname="Tests.Feature.QuoteToWorkOrderE2ETest" assertions="0" time="0.000000">
          <error type="PDOException">Tests\Feature\QuoteToWorkOrderE2ETest::test_convert_creates_work_order&#13;
PDOException: There is already an active transaction
&#13;
C:\projetos\sistema\backend\vendor\laravel\framework\src\Illuminate\Database\SQLiteConnection.php:38
C:\projetos\sistema\backend\vendor\laravel\framework\src\Illuminate\Database\Concerns\ManagesTransactions.php:154
C:\projetos\sistema\backend\vendor\laravel\framework\src\Illuminate\Database\Concerns\ManagesTransactions.php:130
C:\projetos\sistema\backend\vendor\laravel\framework\src\Illuminate\Foundation\Testing\RefreshDatabase.php:147
C:\projetos\sistema\backend\vendor\laravel\framework\src\Illuminate\Foundation\Testing\RefreshDatabase.php:93
C:\projetos\sistema\backend\vendor\laravel\framework\src\Illuminate\Foundation\Testing\RefreshDatabase.php:25
C:\projetos\sistema\backend\vendor\laravel\framework\src\Illuminate\Foundation\Testing\Concerns\InteractsWithTestCaseLifecycle.php:217
C:\projetos\sistema\backend\vendor\laravel\framework\src\Illuminate\Foundation\Testing\Concerns\InteractsWithTestCaseLifecycle.php:101
C:\projetos\sistema\backend\vendor\laravel\framework\src\Illuminate\Foundation\Testing\TestCase.php:63
C:\projetos\sistema\backend\tests\Feature\QuoteToWorkOrderE2ETest.php:34</error>
        </testcase>
        <testcase name="test_work_order_inherits_quote_customer" file="C:\projetos\sistema\backend\tests\Feature\QuoteToWorkOrderE2ETest.php" line="177" class="Tests\Feature\QuoteToWorkOrderE2ETest" classname="Tests.Feature.QuoteToWorkOrderE2ETest" assertions="0" time="0.000000">
          <error type="PDOException">Tests\Feature\QuoteToWorkOrderE2ETest::test_work_order_inherits_quote_customer&#13;
PDOException: There is already an active transaction
&#13;
C:\projetos\sistema\backend\vendor\laravel\framework\src\Illuminate\Database\SQLiteConnection.php:38
C:\projetos\sistema\backend\vendor\laravel\framework\src\Illuminate\Database\Concerns\ManagesTransactions.php:154
C:\projetos\sistema\backend\vendor\laravel\framework\src\Illuminate\Database\Concerns\ManagesTransactions.php:130
C:\projetos\sistema\backend\vendor\laravel\framework\src\Illuminate\Foundation\Testing\RefreshDatabase.php:147
C:\projetos\sistema\backend\vendor\laravel\framework\src\Illuminate\Foundation\Testing\RefreshDatabase.php:93
C:\projetos\sistema\backend\vendor\laravel\framework\src\Illuminate\Foundation\Testing\RefreshDatabase.php:25
C:\projetos\sistema\backend\vendor\laravel\framework\src\Illuminate\Foundation\Testing\Concerns\InteractsWithTestCaseLifecycle.php:217
C:\projetos\sistema\backend\vendor\laravel\framework\src\Illuminate\Foundation\Testing\Concerns\InteractsWithTestCaseLifecycle.php:101
C:\projetos\sistema\backend\vendor\laravel\framework\src\Illuminate\Foundation\Testing\TestCase.php:63
C:\projetos\sistema\backend\tests\Feature\QuoteToWorkOrderE2ETest.php:34</error>
        </testcase>
        <testcase name="test_full_quote_to_work_order_flow" file="C:\projetos\sistema\backend\tests\Feature\QuoteToWorkOrderE2ETest.php" line="197" class="Tests\Feature\QuoteToWorkOrderE2ETest" classname="Tests.Feature.QuoteToWorkOrderE2ETest" assertions="0" time="0.000000">
          <error type="PDOException">Tests\Feature\QuoteToWorkOrderE2ETest::test_full_quote_to_work_order_flow&#13;
PDOException: There is already an active transaction
&#13;
C:\projetos\sistema\backend\vendor\laravel\framework\src\Illuminate\Database\SQLiteConnection.php:38
C:\projetos\sistema\backend\vendor\laravel\framework\src\Illuminate\Database\Concerns\ManagesTransactions.php:154
C:\projetos\sistema\backend\vendor\laravel\framework\src\Illuminate\Database\Concerns\ManagesTransactions.php:130
C:\projetos\sistema\backend\vendor\laravel\framework\src\Illuminate\Foundation\Testing\RefreshDatabase.php:147
C:\projetos\sistema\backend\vendor\laravel\framework\src\Illuminate\Foundation\Testing\RefreshDatabase.php:93
C:\projetos\sistema\backend\vendor\laravel\framework\src\Illuminate\Foundation\Testing\RefreshDatabase.php:25
C:\projetos\sistema\backend\vendor\laravel\framework\src\Illuminate\Foundation\Testing\Concerns\InteractsWithTestCaseLifecycle.php:217
C:\projetos\sistema\backend\vendor\laravel\framework\src\Illuminate\Foundation\Testing\Concerns\InteractsWithTestCaseLifecycle.php:101
C:\projetos\sistema\backend\vendor\laravel\framework\src\Illuminate\Foundation\Testing\TestCase.php:63
C:\projetos\sistema\backend\tests\Feature\QuoteToWorkOrderE2ETest.php:34</error>
        </testcase>
      </testsuite>
      <testsuite name="Tests\Feature\RecurringContractProfessionalTest" file="C:\projetos\sistema\backend\tests\Feature\RecurringContractProfessionalTest.php" tests="10" assertions="0" errors="10" failures="0" skipped="0" time="0.000000">
        <testcase name="test_create_contract_with_items_persists" file="C:\projetos\sistema\backend\tests\Feature\RecurringContractProfessionalTest.php" line="52" class="Tests\Feature\RecurringContractProfessionalTest" classname="Tests.Feature.RecurringContractProfessionalTest" assertions="0" time="0.000000">
          <error type="PDOException">Tests\Feature\RecurringContractProfessionalTest::test_create_contract_with_items_persists&#13;
PDOException: There is already an active transaction
&#13;
C:\projetos\sistema\backend\vendor\laravel\framework\src\Illuminate\Database\SQLiteConnection.php:38
C:\projetos\sistema\backend\vendor\laravel\framework\src\Illuminate\Database\Concerns\ManagesTransactions.php:154
C:\projetos\sistema\backend\vendor\laravel\framework\src\Illuminate\Database\Concerns\ManagesTransactions.php:130
C:\projetos\sistema\backend\vendor\laravel\framework\src\Illuminate\Foundation\Testing\RefreshDatabase.php:147
C:\projetos\sistema\backend\vendor\laravel\framework\src\Illuminate\Foundation\Testing\RefreshDatabase.php:93
C:\projetos\sistema\backend\vendor\laravel\framework\src\Illuminate\Foundation\Testing\RefreshDatabase.php:25
C:\projetos\sistema\backend\vendor\laravel\framework\src\Illuminate\Foundation\Testing\Concerns\InteractsWithTestCaseLifecycle.php:217
C:\projetos\sistema\backend\vendor\laravel\framework\src\Illuminate\Foundation\Testing\Concerns\InteractsWithTestCaseLifecycle.php:101
C:\projetos\sistema\backend\vendor\laravel\framework\src\Illuminate\Foundation\Testing\TestCase.php:63
C:\projetos\sistema\backend\tests\Feature\RecurringContractProfessionalTest.php:29</error>
        </testcase>
        <testcase name="test_create_contract_requires_customer_and_name" file="C:\projetos\sistema\backend\tests\Feature\RecurringContractProfessionalTest.php" line="90" class="Tests\Feature\RecurringContractProfessionalTest" classname="Tests.Feature.RecurringContractProfessionalTest" assertions="0" time="0.000000">
          <error type="PDOException">Tests\Feature\RecurringContractProfessionalTest::test_create_contract_requires_customer_and_name&#13;
PDOException: There is already an active transaction
&#13;
C:\projetos\sistema\backend\vendor\laravel\framework\src\Illuminate\Database\SQLiteConnection.php:38
C:\projetos\sistema\backend\vendor\laravel\framework\src\Illuminate\Database\Concerns\ManagesTransactions.php:154
C:\projetos\sistema\backend\vendor\laravel\framework\src\Illuminate\Database\Concerns\ManagesTransactions.php:130
C:\projetos\sistema\backend\vendor\laravel\framework\src\Illuminate\Foundation\Testing\RefreshDatabase.php:147
C:\projetos\sistema\backend\vendor\laravel\framework\src\Illuminate\Foundation\Testing\RefreshDatabase.php:93
C:\projetos\sistema\backend\vendor\laravel\framework\src\Illuminate\Foundation\Testing\RefreshDatabase.php:25
C:\projetos\sistema\backend\vendor\laravel\framework\src\Illuminate\Foundation\Testing\Concerns\InteractsWithTestCaseLifecycle.php:217
C:\projetos\sistema\backend\vendor\laravel\framework\src\Illuminate\Foundation\Testing\Concerns\InteractsWithTestCaseLifecycle.php:101
C:\projetos\sistema\backend\vendor\laravel\framework\src\Illuminate\Foundation\Testing\TestCase.php:63
C:\projetos\sistema\backend\tests\Feature\RecurringContractProfessionalTest.php:29</error>
        </testcase>
        <testcase name="test_create_contract_validates_frequency_enum" file="C:\projetos\sistema\backend\tests\Feature\RecurringContractProfessionalTest.php" line="100" class="Tests\Feature\RecurringContractProfessionalTest" classname="Tests.Feature.RecurringContractProfessionalTest" assertions="0" time="0.000000">
          <error type="PDOException">Tests\Feature\RecurringContractProfessionalTest::test_create_contract_validates_frequency_enum&#13;
PDOException: There is already an active transaction
&#13;
C:\projetos\sistema\backend\vendor\laravel\framework\src\Illuminate\Database\SQLiteConnection.php:38
C:\projetos\sistema\backend\vendor\laravel\framework\src\Illuminate\Database\Concerns\ManagesTransactions.php:154
C:\projetos\sistema\backend\vendor\laravel\framework\src\Illuminate\Database\Concerns\ManagesTransactions.php:130
C:\projetos\sistema\backend\vendor\laravel\framework\src\Illuminate\Foundation\Testing\RefreshDatabase.php:147
C:\projetos\sistema\backend\vendor\laravel\framework\src\Illuminate\Foundation\Testing\RefreshDatabase.php:93
C:\projetos\sistema\backend\vendor\laravel\framework\src\Illuminate\Foundation\Testing\RefreshDatabase.php:25
C:\projetos\sistema\backend\vendor\laravel\framework\src\Illuminate\Foundation\Testing\Concerns\InteractsWithTestCaseLifecycle.php:217
C:\projetos\sistema\backend\vendor\laravel\framework\src\Illuminate\Foundation\Testing\Concerns\InteractsWithTestCaseLifecycle.php:101
C:\projetos\sistema\backend\vendor\laravel\framework\src\Illuminate\Foundation\Testing\TestCase.php:63
C:\projetos\sistema\backend\tests\Feature\RecurringContractProfessionalTest.php:29</error>
        </testcase>
        <testcase name="test_list_contracts_returns_paginated" file="C:\projetos\sistema\backend\tests\Feature\RecurringContractProfessionalTest.php" line="115" class="Tests\Feature\RecurringContractProfessionalTest" classname="Tests.Feature.RecurringContractProfessionalTest" assertions="0" time="0.000000">
          <error type="PDOException">Tests\Feature\RecurringContractProfessionalTest::test_list_contracts_returns_paginated&#13;
PDOException: There is already an active transaction
&#13;
C:\projetos\sistema\backend\vendor\laravel\framework\src\Illuminate\Database\SQLiteConnection.php:38
C:\projetos\sistema\backend\vendor\laravel\framework\src\Illuminate\Database\Concerns\ManagesTransactions.php:154
C:\projetos\sistema\backend\vendor\laravel\framework\src\Illuminate\Database\Concerns\ManagesTransactions.php:130
C:\projetos\sistema\backend\vendor\laravel\framework\src\Illuminate\Foundation\Testing\RefreshDatabase.php:147
C:\projetos\sistema\backend\vendor\laravel\framework\src\Illuminate\Foundation\Testing\RefreshDatabase.php:93
C:\projetos\sistema\backend\vendor\laravel\framework\src\Illuminate\Foundation\Testing\RefreshDatabase.php:25
C:\projetos\sistema\backend\vendor\laravel\framework\src\Illuminate\Foundation\Testing\Concerns\InteractsWithTestCaseLifecycle.php:217
C:\projetos\sistema\backend\vendor\laravel\framework\src\Illuminate\Foundation\Testing\Concerns\InteractsWithTestCaseLifecycle.php:101
C:\projetos\sistema\backend\vendor\laravel\framework\src\Illuminate\Foundation\Testing\TestCase.php:63
C:\projetos\sistema\backend\tests\Feature\RecurringContractProfessionalTest.php:29</error>
        </testcase>
        <testcase name="test_show_contract_returns_with_items_and_customer" file="C:\projetos\sistema\backend\tests\Feature\RecurringContractProfessionalTest.php" line="129" class="Tests\Feature\RecurringContractProfessionalTest" classname="Tests.Feature.RecurringContractProfessionalTest" assertions="0" time="0.000000">
          <error type="PDOException">Tests\Feature\RecurringContractProfessionalTest::test_show_contract_returns_with_items_and_customer&#13;
PDOException: There is already an active transaction
&#13;
C:\projetos\sistema\backend\vendor\laravel\framework\src\Illuminate\Database\SQLiteConnection.php:38
C:\projetos\sistema\backend\vendor\laravel\framework\src\Illuminate\Database\Concerns\ManagesTransactions.php:154
C:\projetos\sistema\backend\vendor\laravel\framework\src\Illuminate\Database\Concerns\ManagesTransactions.php:130
C:\projetos\sistema\backend\vendor\laravel\framework\src\Illuminate\Foundation\Testing\RefreshDatabase.php:147
C:\projetos\sistema\backend\vendor\laravel\framework\src\Illuminate\Foundation\Testing\RefreshDatabase.php:93
C:\projetos\sistema\backend\vendor\laravel\framework\src\Illuminate\Foundation\Testing\RefreshDatabase.php:25
C:\projetos\sistema\backend\vendor\laravel\framework\src\Illuminate\Foundation\Testing\Concerns\InteractsWithTestCaseLifecycle.php:217
C:\projetos\sistema\backend\vendor\laravel\framework\src\Illuminate\Foundation\Testing\Concerns\InteractsWithTestCaseLifecycle.php:101
C:\projetos\sistema\backend\vendor\laravel\framework\src\Illuminate\Foundation\Testing\TestCase.php:63
C:\projetos\sistema\backend\tests\Feature\RecurringContractProfessionalTest.php:29</error>
        </testcase>
        <testcase name="test_update_contract_persists_changes" file="C:\projetos\sistema\backend\tests\Feature\RecurringContractProfessionalTest.php" line="146" class="Tests\Feature\RecurringContractProfessionalTest" classname="Tests.Feature.RecurringContractProfessionalTest" assertions="0" time="0.000000">
          <error type="PDOException">Tests\Feature\RecurringContractProfessionalTest::test_update_contract_persists_changes&#13;
PDOException: There is already an active transaction
&#13;
C:\projetos\sistema\backend\vendor\laravel\framework\src\Illuminate\Database\SQLiteConnection.php:38
C:\projetos\sistema\backend\vendor\laravel\framework\src\Illuminate\Database\Concerns\ManagesTransactions.php:154
C:\projetos\sistema\backend\vendor\laravel\framework\src\Illuminate\Database\Concerns\ManagesTransactions.php:130
C:\projetos\sistema\backend\vendor\laravel\framework\src\Illuminate\Foundation\Testing\RefreshDatabase.php:147
C:\projetos\sistema\backend\vendor\laravel\framework\src\Illuminate\Foundation\Testing\RefreshDatabase.php:93
C:\projetos\sistema\backend\vendor\laravel\framework\src\Illuminate\Foundation\Testing\RefreshDatabase.php:25
C:\projetos\sistema\backend\vendor\laravel\framework\src\Illuminate\Foundation\Testing\Concerns\InteractsWithTestCaseLifecycle.php:217
C:\projetos\sistema\backend\vendor\laravel\framework\src\Illuminate\Foundation\Testing\Concerns\InteractsWithTestCaseLifecycle.php:101
C:\projetos\sistema\backend\vendor\laravel\framework\src\Illuminate\Foundation\Testing\TestCase.php:63
C:\projetos\sistema\backend\tests\Feature\RecurringContractProfessionalTest.php:29</error>
        </testcase>
        <testcase name="test_generate_wo_from_active_contract_creates_work_order" file="C:\projetos\sistema\backend\tests\Feature\RecurringContractProfessionalTest.php" line="172" class="Tests\Feature\RecurringContractProfessionalTest" classname="Tests.Feature.RecurringContractProfessionalTest" assertions="0" time="0.000000">
          <error type="PDOException">Tests\Feature\RecurringContractProfessionalTest::test_generate_wo_from_active_contract_creates_work_order&#13;
PDOException: There is already an active transaction
&#13;
C:\projetos\sistema\backend\vendor\laravel\framework\src\Illuminate\Database\SQLiteConnection.php:38
C:\projetos\sistema\backend\vendor\laravel\framework\src\Illuminate\Database\Concerns\ManagesTransactions.php:154
C:\projetos\sistema\backend\vendor\laravel\framework\src\Illuminate\Database\Concerns\ManagesTransactions.php:130
C:\projetos\sistema\backend\vendor\laravel\framework\src\Illuminate\Foundation\Testing\RefreshDatabase.php:147
C:\projetos\sistema\backend\vendor\laravel\framework\src\Illuminate\Foundation\Testing\RefreshDatabase.php:93
C:\projetos\sistema\backend\vendor\laravel\framework\src\Illuminate\Foundation\Testing\RefreshDatabase.php:25
C:\projetos\sistema\backend\vendor\laravel\framework\src\Illuminate\Foundation\Testing\Concerns\InteractsWithTestCaseLifecycle.php:217
C:\projetos\sistema\backend\vendor\laravel\framework\src\Illuminate\Foundation\Testing\Concerns\InteractsWithTestCaseLifecycle.php:101
C:\projetos\sistema\backend\vendor\laravel\framework\src\Illuminate\Foundation\Testing\TestCase.php:63
C:\projetos\sistema\backend\tests\Feature\RecurringContractProfessionalTest.php:29</error>
        </testcase>
        <testcase name="test_generate_rejects_inactive_contract" file="C:\projetos\sistema\backend\tests\Feature\RecurringContractProfessionalTest.php" line="205" class="Tests\Feature\RecurringContractProfessionalTest" classname="Tests.Feature.RecurringContractProfessionalTest" assertions="0" time="0.000000">
          <error type="PDOException">Tests\Feature\RecurringContractProfessionalTest::test_generate_rejects_inactive_contract&#13;
PDOException: There is already an active transaction
&#13;
C:\projetos\sistema\backend\vendor\laravel\framework\src\Illuminate\Database\SQLiteConnection.php:38
C:\projetos\sistema\backend\vendor\laravel\framework\src\Illuminate\Database\Concerns\ManagesTransactions.php:154
C:\projetos\sistema\backend\vendor\laravel\framework\src\Illuminate\Database\Concerns\ManagesTransactions.php:130
C:\projetos\sistema\backend\vendor\laravel\framework\src\Illuminate\Foundation\Testing\RefreshDatabase.php:147
C:\projetos\sistema\backend\vendor\laravel\framework\src\Illuminate\Foundation\Testing\RefreshDatabase.php:93
C:\projetos\sistema\backend\vendor\laravel\framework\src\Illuminate\Foundation\Testing\RefreshDatabase.php:25
C:\projetos\sistema\backend\vendor\laravel\framework\src\Illuminate\Foundation\Testing\Concerns\InteractsWithTestCaseLifecycle.php:217
C:\projetos\sistema\backend\vendor\laravel\framework\src\Illuminate\Foundation\Testing\Concerns\InteractsWithTestCaseLifecycle.php:101
C:\projetos\sistema\backend\vendor\laravel\framework\src\Illuminate\Foundation\Testing\TestCase.php:63
C:\projetos\sistema\backend\tests\Feature\RecurringContractProfessionalTest.php:29</error>
        </testcase>
        <testcase name="test_delete_contract_soft_deletes" file="C:\projetos\sistema\backend\tests\Feature\RecurringContractProfessionalTest.php" line="221" class="Tests\Feature\RecurringContractProfessionalTest" classname="Tests.Feature.RecurringContractProfessionalTest" assertions="0" time="0.000000">
          <error type="PDOException">Tests\Feature\RecurringContractProfessionalTest::test_delete_contract_soft_deletes&#13;
PDOException: There is already an active transaction
&#13;
C:\projetos\sistema\backend\vendor\laravel\framework\src\Illuminate\Database\SQLiteConnection.php:38
C:\projetos\sistema\backend\vendor\laravel\framework\src\Illuminate\Database\Concerns\ManagesTransactions.php:154
C:\projetos\sistema\backend\vendor\laravel\framework\src\Illuminate\Database\Concerns\ManagesTransactions.php:130
C:\projetos\sistema\backend\vendor\laravel\framework\src\Illuminate\Foundation\Testing\RefreshDatabase.php:147
C:\projetos\sistema\backend\vendor\laravel\framework\src\Illuminate\Foundation\Testing\RefreshDatabase.php:93
C:\projetos\sistema\backend\vendor\laravel\framework\src\Illuminate\Foundation\Testing\RefreshDatabase.php:25
C:\projetos\sistema\backend\vendor\laravel\framework\src\Illuminate\Foundation\Testing\Concerns\InteractsWithTestCaseLifecycle.php:217
C:\projetos\sistema\backend\vendor\laravel\framework\src\Illuminate\Foundation\Testing\Concerns\InteractsWithTestCaseLifecycle.php:101
C:\projetos\sistema\backend\vendor\laravel\framework\src\Illuminate\Foundation\Testing\TestCase.php:63
C:\projetos\sistema\backend\tests\Feature\RecurringContractProfessionalTest.php:29</error>
        </testcase>
        <testcase name="test_contract_from_other_tenant_not_visible" file="C:\projetos\sistema\backend\tests\Feature\RecurringContractProfessionalTest.php" line="237" class="Tests\Feature\RecurringContractProfessionalTest" classname="Tests.Feature.RecurringContractProfessionalTest" assertions="0" time="0.000000">
          <error type="PDOException">Tests\Feature\RecurringContractProfessionalTest::test_contract_from_other_tenant_not_visible&#13;
PDOException: There is already an active transaction
&#13;
C:\projetos\sistema\backend\vendor\laravel\framework\src\Illuminate\Database\SQLiteConnection.php:38
C:\projetos\sistema\backend\vendor\laravel\framework\src\Illuminate\Database\Concerns\ManagesTransactions.php:154
C:\projetos\sistema\backend\vendor\laravel\framework\src\Illuminate\Database\Concerns\ManagesTransactions.php:130
C:\projetos\sistema\backend\vendor\laravel\framework\src\Illuminate\Foundation\Testing\RefreshDatabase.php:147
C:\projetos\sistema\backend\vendor\laravel\framework\src\Illuminate\Foundation\Testing\RefreshDatabase.php:93
C:\projetos\sistema\backend\vendor\laravel\framework\src\Illuminate\Foundation\Testing\RefreshDatabase.php:25
C:\projetos\sistema\backend\vendor\laravel\framework\src\Illuminate\Foundation\Testing\Concerns\InteractsWithTestCaseLifecycle.php:217
C:\projetos\sistema\backend\vendor\laravel\framework\src\Illuminate\Foundation\Testing\Concerns\InteractsWithTestCaseLifecycle.php:101
C:\projetos\sistema\backend\vendor\laravel\framework\src\Illuminate\Foundation\Testing\TestCase.php:63
C:\projetos\sistema\backend\tests\Feature\RecurringContractProfessionalTest.php:29</error>
        </testcase>
      </testsuite>
      <testsuite name="Tests\Feature\RecurringFlowTest" file="C:\projetos\sistema\backend\tests\Feature\RecurringFlowTest.php" tests="5" assertions="0" errors="5" failures="0" skipped="0" time="0.000000">
        <testcase name="test_store_recurring_contract_rejects_foreign_tenant_relations" file="C:\projetos\sistema\backend\tests\Feature\RecurringFlowTest.php" line="49" class="Tests\Feature\RecurringFlowTest" classname="Tests.Feature.RecurringFlowTest" assertions="0" time="0.000000">
          <error type="PDOException">Tests\Feature\RecurringFlowTest::test_store_recurring_contract_rejects_foreign_tenant_relations&#13;
PDOException: There is already an active transaction
&#13;
C:\projetos\sistema\backend\vendor\laravel\framework\src\Illuminate\Database\SQLiteConnection.php:38
C:\projetos\sistema\backend\vendor\laravel\framework\src\Illuminate\Database\Concerns\ManagesTransactions.php:154
C:\projetos\sistema\backend\vendor\laravel\framework\src\Illuminate\Database\Concerns\ManagesTransactions.php:130
C:\projetos\sistema\backend\vendor\laravel\framework\src\Illuminate\Foundation\Testing\RefreshDatabase.php:147
C:\projetos\sistema\backend\vendor\laravel\framework\src\Illuminate\Foundation\Testing\RefreshDatabase.php:93
C:\projetos\sistema\backend\vendor\laravel\framework\src\Illuminate\Foundation\Testing\RefreshDatabase.php:25
C:\projetos\sistema\backend\vendor\laravel\framework\src\Illuminate\Foundation\Testing\Concerns\InteractsWithTestCaseLifecycle.php:217
C:\projetos\sistema\backend\vendor\laravel\framework\src\Illuminate\Foundation\Testing\Concerns\InteractsWithTestCaseLifecycle.php:101
C:\projetos\sistema\backend\vendor\laravel\framework\src\Illuminate\Foundation\Testing\TestCase.php:63
C:\projetos\sistema\backend\tests\Feature\RecurringFlowTest.php:28</error>
        </testcase>
        <testcase name="test_process_monthly_generates_commission_for_active_recurring_contract" file="C:\projetos\sistema\backend\tests\Feature\RecurringFlowTest.php" line="75" class="Tests\Feature\RecurringFlowTest" classname="Tests.Feature.RecurringFlowTest" assertions="0" time="0.000000">
          <error type="PDOException">Tests\Feature\RecurringFlowTest::test_process_monthly_generates_commission_for_active_recurring_contract&#13;
PDOException: There is already an active transaction
&#13;
C:\projetos\sistema\backend\vendor\laravel\framework\src\Illuminate\Database\SQLiteConnection.php:38
C:\projetos\sistema\backend\vendor\laravel\framework\src\Illuminate\Database\Concerns\ManagesTransactions.php:154
C:\projetos\sistema\backend\vendor\laravel\framework\src\Illuminate\Database\Concerns\ManagesTransactions.php:130
C:\projetos\sistema\backend\vendor\laravel\framework\src\Illuminate\Foundation\Testing\RefreshDatabase.php:147
C:\projetos\sistema\backend\vendor\laravel\framework\src\Illuminate\Foundation\Testing\RefreshDatabase.php:93
C:\projetos\sistema\backend\vendor\laravel\framework\src\Illuminate\Foundation\Testing\RefreshDatabase.php:25
C:\projetos\sistema\backend\vendor\laravel\framework\src\Illuminate\Foundation\Testing\Concerns\InteractsWithTestCaseLifecycle.php:217
C:\projetos\sistema\backend\vendor\laravel\framework\src\Illuminate\Foundation\Testing\Concerns\InteractsWithTestCaseLifecycle.php:101
C:\projetos\sistema\backend\vendor\laravel\framework\src\Illuminate\Foundation\Testing\TestCase.php:63
C:\projetos\sistema\backend\tests\Feature\RecurringFlowTest.php:28</error>
        </testcase>
        <testcase name="test_contract_billing_command_generates_only_one_receivable_per_month" file="C:\projetos\sistema\backend\tests\Feature\RecurringFlowTest.php" line="137" class="Tests\Feature\RecurringFlowTest" classname="Tests.Feature.RecurringFlowTest" assertions="0" time="0.000000">
          <error type="PDOException">Tests\Feature\RecurringFlowTest::test_contract_billing_command_generates_only_one_receivable_per_month&#13;
PDOException: There is already an active transaction
&#13;
C:\projetos\sistema\backend\vendor\laravel\framework\src\Illuminate\Database\SQLiteConnection.php:38
C:\projetos\sistema\backend\vendor\laravel\framework\src\Illuminate\Database\Concerns\ManagesTransactions.php:154
C:\projetos\sistema\backend\vendor\laravel\framework\src\Illuminate\Database\Concerns\ManagesTransactions.php:130
C:\projetos\sistema\backend\vendor\laravel\framework\src\Illuminate\Foundation\Testing\RefreshDatabase.php:147
C:\projetos\sistema\backend\vendor\laravel\framework\src\Illuminate\Foundation\Testing\RefreshDatabase.php:93
C:\projetos\sistema\backend\vendor\laravel\framework\src\Illuminate\Foundation\Testing\RefreshDatabase.php:25
C:\projetos\sistema\backend\vendor\laravel\framework\src\Illuminate\Foundation\Testing\Concerns\InteractsWithTestCaseLifecycle.php:217
C:\projetos\sistema\backend\vendor\laravel\framework\src\Illuminate\Foundation\Testing\Concerns\InteractsWithTestCaseLifecycle.php:101
C:\projetos\sistema\backend\vendor\laravel\framework\src\Illuminate\Foundation\Testing\TestCase.php:63
C:\projetos\sistema\backend\tests\Feature\RecurringFlowTest.php:28</error>
        </testcase>
        <testcase name="test_contract_billing_command_handles_same_name_contracts_without_skipping" file="C:\projetos\sistema\backend\tests\Feature\RecurringFlowTest.php" line="170" class="Tests\Feature\RecurringFlowTest" classname="Tests.Feature.RecurringFlowTest" assertions="0" time="0.000000">
          <error type="PDOException">Tests\Feature\RecurringFlowTest::test_contract_billing_command_handles_same_name_contracts_without_skipping&#13;
PDOException: There is already an active transaction
&#13;
C:\projetos\sistema\backend\vendor\laravel\framework\src\Illuminate\Database\SQLiteConnection.php:38
C:\projetos\sistema\backend\vendor\laravel\framework\src\Illuminate\Database\Concerns\ManagesTransactions.php:154
C:\projetos\sistema\backend\vendor\laravel\framework\src\Illuminate\Database\Concerns\ManagesTransactions.php:130
C:\projetos\sistema\backend\vendor\laravel\framework\src\Illuminate\Foundation\Testing\RefreshDatabase.php:147
C:\projetos\sistema\backend\vendor\laravel\framework\src\Illuminate\Foundation\Testing\RefreshDatabase.php:93
C:\projetos\sistema\backend\vendor\laravel\framework\src\Illuminate\Foundation\Testing\RefreshDatabase.php:25
C:\projetos\sistema\backend\vendor\laravel\framework\src\Illuminate\Foundation\Testing\Concerns\InteractsWithTestCaseLifecycle.php:217
C:\projetos\sistema\backend\vendor\laravel\framework\src\Illuminate\Foundation\Testing\Concerns\InteractsWithTestCaseLifecycle.php:101
C:\projetos\sistema\backend\vendor\laravel\framework\src\Illuminate\Foundation\Testing\TestCase.php:63
C:\projetos\sistema\backend\tests\Feature\RecurringFlowTest.php:28</error>
        </testcase>
        <testcase name="test_create_central_item_on_contract_uses_assigned_user" file="C:\projetos\sistema\backend\tests\Feature\RecurringFlowTest.php" line="227" class="Tests\Feature\RecurringFlowTest" classname="Tests.Feature.RecurringFlowTest" assertions="0" time="0.000000">
          <error type="PDOException">Tests\Feature\RecurringFlowTest::test_create_central_item_on_contract_uses_assigned_user&#13;
PDOException: There is already an active transaction
&#13;
C:\projetos\sistema\backend\vendor\laravel\framework\src\Illuminate\Database\SQLiteConnection.php:38
C:\projetos\sistema\backend\vendor\laravel\framework\src\Illuminate\Database\Concerns\ManagesTransactions.php:154
C:\projetos\sistema\backend\vendor\laravel\framework\src\Illuminate\Database\Concerns\ManagesTransactions.php:130
C:\projetos\sistema\backend\vendor\laravel\framework\src\Illuminate\Foundation\Testing\RefreshDatabase.php:147
C:\projetos\sistema\backend\vendor\laravel\framework\src\Illuminate\Foundation\Testing\RefreshDatabase.php:93
C:\projetos\sistema\backend\vendor\laravel\framework\src\Illuminate\Foundation\Testing\RefreshDatabase.php:25
C:\projetos\sistema\backend\vendor\laravel\framework\src\Illuminate\Foundation\Testing\Concerns\InteractsWithTestCaseLifecycle.php:217
C:\projetos\sistema\backend\vendor\laravel\framework\src\Illuminate\Foundation\Testing\Concerns\InteractsWithTestCaseLifecycle.php:101
C:\projetos\sistema\backend\vendor\laravel\framework\src\Illuminate\Foundation\Testing\TestCase.php:63
C:\projetos\sistema\backend\tests\Feature\RecurringFlowTest.php:28</error>
        </testcase>
      </testsuite>
      <testsuite name="Tests\Feature\ReportTest" file="C:\projetos\sistema\backend\tests\Feature\ReportTest.php" tests="13" assertions="0" errors="13" failures="0" skipped="0" time="0.000000">
        <testcase name="test_work_orders_report_is_tenant_scoped" file="C:\projetos\sistema\backend\tests\Feature\ReportTest.php" line="88" class="Tests\Feature\ReportTest" classname="Tests.Feature.ReportTest" assertions="0" time="0.000000">
          <error type="PDOException">Tests\Feature\ReportTest::test_work_orders_report_is_tenant_scoped&#13;
PDOException: There is already an active transaction
&#13;
C:\projetos\sistema\backend\vendor\laravel\framework\src\Illuminate\Database\SQLiteConnection.php:38
C:\projetos\sistema\backend\vendor\laravel\framework\src\Illuminate\Database\Concerns\ManagesTransactions.php:154
C:\projetos\sistema\backend\vendor\laravel\framework\src\Illuminate\Database\Concerns\ManagesTransactions.php:130
C:\projetos\sistema\backend\vendor\laravel\framework\src\Illuminate\Foundation\Testing\RefreshDatabase.php:147
C:\projetos\sistema\backend\vendor\laravel\framework\src\Illuminate\Foundation\Testing\RefreshDatabase.php:93
C:\projetos\sistema\backend\vendor\laravel\framework\src\Illuminate\Foundation\Testing\RefreshDatabase.php:25
C:\projetos\sistema\backend\vendor\laravel\framework\src\Illuminate\Foundation\Testing\Concerns\InteractsWithTestCaseLifecycle.php:217
C:\projetos\sistema\backend\vendor\laravel\framework\src\Illuminate\Foundation\Testing\Concerns\InteractsWithTestCaseLifecycle.php:101
C:\projetos\sistema\backend\vendor\laravel\framework\src\Illuminate\Foundation\Testing\TestCase.php:63
C:\projetos\sistema\backend\tests\Feature\ReportTest.php:42</error>
        </testcase>
        <testcase name="test_productivity_report_uses_technician_id_and_returns_data" file="C:\projetos\sistema\backend\tests\Feature\ReportTest.php" line="115" class="Tests\Feature\ReportTest" classname="Tests.Feature.ReportTest" assertions="0" time="0.000000">
          <error type="PDOException">Tests\Feature\ReportTest::test_productivity_report_uses_technician_id_and_returns_data&#13;
PDOException: There is already an active transaction
&#13;
C:\projetos\sistema\backend\vendor\laravel\framework\src\Illuminate\Database\SQLiteConnection.php:38
C:\projetos\sistema\backend\vendor\laravel\framework\src\Illuminate\Database\Concerns\ManagesTransactions.php:154
C:\projetos\sistema\backend\vendor\laravel\framework\src\Illuminate\Database\Concerns\ManagesTransactions.php:130
C:\projetos\sistema\backend\vendor\laravel\framework\src\Illuminate\Foundation\Testing\RefreshDatabase.php:147
C:\projetos\sistema\backend\vendor\laravel\framework\src\Illuminate\Foundation\Testing\RefreshDatabase.php:93
C:\projetos\sistema\backend\vendor\laravel\framework\src\Illuminate\Foundation\Testing\RefreshDatabase.php:25
C:\projetos\sistema\backend\vendor\laravel\framework\src\Illuminate\Foundation\Testing\Concerns\InteractsWithTestCaseLifecycle.php:217
C:\projetos\sistema\backend\vendor\laravel\framework\src\Illuminate\Foundation\Testing\Concerns\InteractsWithTestCaseLifecycle.php:101
C:\projetos\sistema\backend\vendor\laravel\framework\src\Illuminate\Foundation\Testing\TestCase.php:63
C:\projetos\sistema\backend\tests\Feature\ReportTest.php:42</error>
        </testcase>
        <testcase name="test_quotes_report_counts_invoiced_as_converted" file="C:\projetos\sistema\backend\tests\Feature\ReportTest.php" line="146" class="Tests\Feature\ReportTest" classname="Tests.Feature.ReportTest" assertions="0" time="0.000000">
          <error type="PDOException">Tests\Feature\ReportTest::test_quotes_report_counts_invoiced_as_converted&#13;
PDOException: There is already an active transaction
&#13;
C:\projetos\sistema\backend\vendor\laravel\framework\src\Illuminate\Database\SQLiteConnection.php:38
C:\projetos\sistema\backend\vendor\laravel\framework\src\Illuminate\Database\Concerns\ManagesTransactions.php:154
C:\projetos\sistema\backend\vendor\laravel\framework\src\Illuminate\Database\Concerns\ManagesTransactions.php:130
C:\projetos\sistema\backend\vendor\laravel\framework\src\Illuminate\Foundation\Testing\RefreshDatabase.php:147
C:\projetos\sistema\backend\vendor\laravel\framework\src\Illuminate\Foundation\Testing\RefreshDatabase.php:93
C:\projetos\sistema\backend\vendor\laravel\framework\src\Illuminate\Foundation\Testing\RefreshDatabase.php:25
C:\projetos\sistema\backend\vendor\laravel\framework\src\Illuminate\Foundation\Testing\Concerns\InteractsWithTestCaseLifecycle.php:217
C:\projetos\sistema\backend\vendor\laravel\framework\src\Illuminate\Foundation\Testing\Concerns\InteractsWithTestCaseLifecycle.php:101
C:\projetos\sistema\backend\vendor\laravel\framework\src\Illuminate\Foundation\Testing\TestCase.php:63
C:\projetos\sistema\backend\tests\Feature\ReportTest.php:42</error>
        </testcase>
        <testcase name="test_service_calls_report_counts_completed_calls" file="C:\projetos\sistema\backend\tests\Feature\ReportTest.php" line="177" class="Tests\Feature\ReportTest" classname="Tests.Feature.ReportTest" assertions="0" time="0.000000">
          <error type="PDOException">Tests\Feature\ReportTest::test_service_calls_report_counts_completed_calls&#13;
PDOException: There is already an active transaction
&#13;
C:\projetos\sistema\backend\vendor\laravel\framework\src\Illuminate\Database\SQLiteConnection.php:38
C:\projetos\sistema\backend\vendor\laravel\framework\src\Illuminate\Database\Concerns\ManagesTransactions.php:154
C:\projetos\sistema\backend\vendor\laravel\framework\src\Illuminate\Database\Concerns\ManagesTransactions.php:130
C:\projetos\sistema\backend\vendor\laravel\framework\src\Illuminate\Foundation\Testing\RefreshDatabase.php:147
C:\projetos\sistema\backend\vendor\laravel\framework\src\Illuminate\Foundation\Testing\RefreshDatabase.php:93
C:\projetos\sistema\backend\vendor\laravel\framework\src\Illuminate\Foundation\Testing\RefreshDatabase.php:25
C:\projetos\sistema\backend\vendor\laravel\framework\src\Illuminate\Foundation\Testing\Concerns\InteractsWithTestCaseLifecycle.php:217
C:\projetos\sistema\backend\vendor\laravel\framework\src\Illuminate\Foundation\Testing\Concerns\InteractsWithTestCaseLifecycle.php:101
C:\projetos\sistema\backend\vendor\laravel\framework\src\Illuminate\Foundation\Testing\TestCase.php:63
C:\projetos\sistema\backend\tests\Feature\ReportTest.php:42</error>
        </testcase>
        <testcase name="test_financial_report_and_csv_export" file="C:\projetos\sistema\backend\tests\Feature\ReportTest.php" line="192" class="Tests\Feature\ReportTest" classname="Tests.Feature.ReportTest" assertions="0" time="0.000000">
          <error type="PDOException">Tests\Feature\ReportTest::test_financial_report_and_csv_export&#13;
PDOException: There is already an active transaction
&#13;
C:\projetos\sistema\backend\vendor\laravel\framework\src\Illuminate\Database\SQLiteConnection.php:38
C:\projetos\sistema\backend\vendor\laravel\framework\src\Illuminate\Database\Concerns\ManagesTransactions.php:154
C:\projetos\sistema\backend\vendor\laravel\framework\src\Illuminate\Database\Concerns\ManagesTransactions.php:130
C:\projetos\sistema\backend\vendor\laravel\framework\src\Illuminate\Foundation\Testing\RefreshDatabase.php:147
C:\projetos\sistema\backend\vendor\laravel\framework\src\Illuminate\Foundation\Testing\RefreshDatabase.php:93
C:\projetos\sistema\backend\vendor\laravel\framework\src\Illuminate\Foundation\Testing\RefreshDatabase.php:25
C:\projetos\sistema\backend\vendor\laravel\framework\src\Illuminate\Foundation\Testing\Concerns\InteractsWithTestCaseLifecycle.php:217
C:\projetos\sistema\backend\vendor\laravel\framework\src\Illuminate\Foundation\Testing\Concerns\InteractsWithTestCaseLifecycle.php:101
C:\projetos\sistema\backend\vendor\laravel\framework\src\Illuminate\Foundation\Testing\TestCase.php:63
C:\projetos\sistema\backend\tests\Feature\ReportTest.php:42</error>
        </testcase>
        <testcase name="test_financial_report_monthly_flow_includes_expenses" file="C:\projetos\sistema\backend\tests\Feature\ReportTest.php" line="250" class="Tests\Feature\ReportTest" classname="Tests.Feature.ReportTest" assertions="0" time="0.000000">
          <error type="PDOException">Tests\Feature\ReportTest::test_financial_report_monthly_flow_includes_expenses&#13;
PDOException: There is already an active transaction
&#13;
C:\projetos\sistema\backend\vendor\laravel\framework\src\Illuminate\Database\SQLiteConnection.php:38
C:\projetos\sistema\backend\vendor\laravel\framework\src\Illuminate\Database\Concerns\ManagesTransactions.php:154
C:\projetos\sistema\backend\vendor\laravel\framework\src\Illuminate\Database\Concerns\ManagesTransactions.php:130
C:\projetos\sistema\backend\vendor\laravel\framework\src\Illuminate\Foundation\Testing\RefreshDatabase.php:147
C:\projetos\sistema\backend\vendor\laravel\framework\src\Illuminate\Foundation\Testing\RefreshDatabase.php:93
C:\projetos\sistema\backend\vendor\laravel\framework\src\Illuminate\Foundation\Testing\RefreshDatabase.php:25
C:\projetos\sistema\backend\vendor\laravel\framework\src\Illuminate\Foundation\Testing\Concerns\InteractsWithTestCaseLifecycle.php:217
C:\projetos\sistema\backend\vendor\laravel\framework\src\Illuminate\Foundation\Testing\Concerns\InteractsWithTestCaseLifecycle.php:101
C:\projetos\sistema\backend\vendor\laravel\framework\src\Illuminate\Foundation\Testing\TestCase.php:63
C:\projetos\sistema\backend\tests\Feature\ReportTest.php:42</error>
        </testcase>
        <testcase name="test_financial_reports_accept_os_number_filter" file="C:\projetos\sistema\backend\tests\Feature\ReportTest.php" line="294" class="Tests\Feature\ReportTest" classname="Tests.Feature.ReportTest" assertions="0" time="0.000000">
          <error type="PDOException">Tests\Feature\ReportTest::test_financial_reports_accept_os_number_filter&#13;
PDOException: There is already an active transaction
&#13;
C:\projetos\sistema\backend\vendor\laravel\framework\src\Illuminate\Database\SQLiteConnection.php:38
C:\projetos\sistema\backend\vendor\laravel\framework\src\Illuminate\Database\Concerns\ManagesTransactions.php:154
C:\projetos\sistema\backend\vendor\laravel\framework\src\Illuminate\Database\Concerns\ManagesTransactions.php:130
C:\projetos\sistema\backend\vendor\laravel\framework\src\Illuminate\Foundation\Testing\RefreshDatabase.php:147
C:\projetos\sistema\backend\vendor\laravel\framework\src\Illuminate\Foundation\Testing\RefreshDatabase.php:93
C:\projetos\sistema\backend\vendor\laravel\framework\src\Illuminate\Foundation\Testing\RefreshDatabase.php:25
C:\projetos\sistema\backend\vendor\laravel\framework\src\Illuminate\Foundation\Testing\Concerns\InteractsWithTestCaseLifecycle.php:217
C:\projetos\sistema\backend\vendor\laravel\framework\src\Illuminate\Foundation\Testing\Concerns\InteractsWithTestCaseLifecycle.php:101
C:\projetos\sistema\backend\vendor\laravel\framework\src\Illuminate\Foundation\Testing\TestCase.php:63
C:\projetos\sistema\backend\tests\Feature\ReportTest.php:42</error>
        </testcase>
        <testcase name="test_crm_and_equipment_reports_return_frontend_compatible_fields" file="C:\projetos\sistema\backend\tests\Feature\ReportTest.php" line="417" class="Tests\Feature\ReportTest" classname="Tests.Feature.ReportTest" assertions="0" time="0.000000">
          <error type="PDOException">Tests\Feature\ReportTest::test_crm_and_equipment_reports_return_frontend_compatible_fields&#13;
PDOException: There is already an active transaction
&#13;
C:\projetos\sistema\backend\vendor\laravel\framework\src\Illuminate\Database\SQLiteConnection.php:38
C:\projetos\sistema\backend\vendor\laravel\framework\src\Illuminate\Database\Concerns\ManagesTransactions.php:154
C:\projetos\sistema\backend\vendor\laravel\framework\src\Illuminate\Database\Concerns\ManagesTransactions.php:130
C:\projetos\sistema\backend\vendor\laravel\framework\src\Illuminate\Foundation\Testing\RefreshDatabase.php:147
C:\projetos\sistema\backend\vendor\laravel\framework\src\Illuminate\Foundation\Testing\RefreshDatabase.php:93
C:\projetos\sistema\backend\vendor\laravel\framework\src\Illuminate\Foundation\Testing\RefreshDatabase.php:25
C:\projetos\sistema\backend\vendor\laravel\framework\src\Illuminate\Foundation\Testing\Concerns\InteractsWithTestCaseLifecycle.php:217
C:\projetos\sistema\backend\vendor\laravel\framework\src\Illuminate\Foundation\Testing\Concerns\InteractsWithTestCaseLifecycle.php:101
C:\projetos\sistema\backend\vendor\laravel\framework\src\Illuminate\Foundation\Testing\TestCase.php:63
C:\projetos\sistema\backend\tests\Feature\ReportTest.php:42</error>
        </testcase>
        <testcase name="test_report_export_accepts_legacy_tab_alias" file="C:\projetos\sistema\backend\tests\Feature\ReportTest.php" line="481" class="Tests\Feature\ReportTest" classname="Tests.Feature.ReportTest" assertions="0" time="0.000000">
          <error type="PDOException">Tests\Feature\ReportTest::test_report_export_accepts_legacy_tab_alias&#13;
PDOException: There is already an active transaction
&#13;
C:\projetos\sistema\backend\vendor\laravel\framework\src\Illuminate\Database\SQLiteConnection.php:38
C:\projetos\sistema\backend\vendor\laravel\framework\src\Illuminate\Database\Concerns\ManagesTransactions.php:154
C:\projetos\sistema\backend\vendor\laravel\framework\src\Illuminate\Database\Concerns\ManagesTransactions.php:130
C:\projetos\sistema\backend\vendor\laravel\framework\src\Illuminate\Foundation\Testing\RefreshDatabase.php:147
C:\projetos\sistema\backend\vendor\laravel\framework\src\Illuminate\Foundation\Testing\RefreshDatabase.php:93
C:\projetos\sistema\backend\vendor\laravel\framework\src\Illuminate\Foundation\Testing\RefreshDatabase.php:25
C:\projetos\sistema\backend\vendor\laravel\framework\src\Illuminate\Foundation\Testing\Concerns\InteractsWithTestCaseLifecycle.php:217
C:\projetos\sistema\backend\vendor\laravel\framework\src\Illuminate\Foundation\Testing\Concerns\InteractsWithTestCaseLifecycle.php:101
C:\projetos\sistema\backend\vendor\laravel\framework\src\Illuminate\Foundation\Testing\TestCase.php:63
C:\projetos\sistema\backend\tests\Feature\ReportTest.php:42</error>
        </testcase>
        <testcase name="test_suppliers_report_returns_ranking_and_categories" file="C:\projetos\sistema\backend\tests\Feature\ReportTest.php" line="497" class="Tests\Feature\ReportTest" classname="Tests.Feature.ReportTest" assertions="0" time="0.000000">
          <error type="PDOException">Tests\Feature\ReportTest::test_suppliers_report_returns_ranking_and_categories&#13;
PDOException: There is already an active transaction
&#13;
C:\projetos\sistema\backend\vendor\laravel\framework\src\Illuminate\Database\SQLiteConnection.php:38
C:\projetos\sistema\backend\vendor\laravel\framework\src\Illuminate\Database\Concerns\ManagesTransactions.php:154
C:\projetos\sistema\backend\vendor\laravel\framework\src\Illuminate\Database\Concerns\ManagesTransactions.php:130
C:\projetos\sistema\backend\vendor\laravel\framework\src\Illuminate\Foundation\Testing\RefreshDatabase.php:147
C:\projetos\sistema\backend\vendor\laravel\framework\src\Illuminate\Foundation\Testing\RefreshDatabase.php:93
C:\projetos\sistema\backend\vendor\laravel\framework\src\Illuminate\Foundation\Testing\RefreshDatabase.php:25
C:\projetos\sistema\backend\vendor\laravel\framework\src\Illuminate\Foundation\Testing\Concerns\InteractsWithTestCaseLifecycle.php:217
C:\projetos\sistema\backend\vendor\laravel\framework\src\Illuminate\Foundation\Testing\Concerns\InteractsWithTestCaseLifecycle.php:101
C:\projetos\sistema\backend\vendor\laravel\framework\src\Illuminate\Foundation\Testing\TestCase.php:63
C:\projetos\sistema\backend\tests\Feature\ReportTest.php:42</error>
        </testcase>
        <testcase name="test_stock_report_returns_products_and_summary" file="C:\projetos\sistema\backend\tests\Feature\ReportTest.php" line="524" class="Tests\Feature\ReportTest" classname="Tests.Feature.ReportTest" assertions="0" time="0.000000">
          <error type="PDOException">Tests\Feature\ReportTest::test_stock_report_returns_products_and_summary&#13;
PDOException: There is already an active transaction
&#13;
C:\projetos\sistema\backend\vendor\laravel\framework\src\Illuminate\Database\SQLiteConnection.php:38
C:\projetos\sistema\backend\vendor\laravel\framework\src\Illuminate\Database\Concerns\ManagesTransactions.php:154
C:\projetos\sistema\backend\vendor\laravel\framework\src\Illuminate\Database\Concerns\ManagesTransactions.php:130
C:\projetos\sistema\backend\vendor\laravel\framework\src\Illuminate\Foundation\Testing\RefreshDatabase.php:147
C:\projetos\sistema\backend\vendor\laravel\framework\src\Illuminate\Foundation\Testing\RefreshDatabase.php:93
C:\projetos\sistema\backend\vendor\laravel\framework\src\Illuminate\Foundation\Testing\RefreshDatabase.php:25
C:\projetos\sistema\backend\vendor\laravel\framework\src\Illuminate\Foundation\Testing\Concerns\InteractsWithTestCaseLifecycle.php:217
C:\projetos\sistema\backend\vendor\laravel\framework\src\Illuminate\Foundation\Testing\Concerns\InteractsWithTestCaseLifecycle.php:101
C:\projetos\sistema\backend\vendor\laravel\framework\src\Illuminate\Foundation\Testing\TestCase.php:63
C:\projetos\sistema\backend\tests\Feature\ReportTest.php:42</error>
        </testcase>
        <testcase name="test_technician_cash_report_returns_fund_data" file="C:\projetos\sistema\backend\tests\Feature\ReportTest.php" line="554" class="Tests\Feature\ReportTest" classname="Tests.Feature.ReportTest" assertions="0" time="0.000000">
          <error type="PDOException">Tests\Feature\ReportTest::test_technician_cash_report_returns_fund_data&#13;
PDOException: There is already an active transaction
&#13;
C:\projetos\sistema\backend\vendor\laravel\framework\src\Illuminate\Database\SQLiteConnection.php:38
C:\projetos\sistema\backend\vendor\laravel\framework\src\Illuminate\Database\Concerns\ManagesTransactions.php:154
C:\projetos\sistema\backend\vendor\laravel\framework\src\Illuminate\Database\Concerns\ManagesTransactions.php:130
C:\projetos\sistema\backend\vendor\laravel\framework\src\Illuminate\Foundation\Testing\RefreshDatabase.php:147
C:\projetos\sistema\backend\vendor\laravel\framework\src\Illuminate\Foundation\Testing\RefreshDatabase.php:93
C:\projetos\sistema\backend\vendor\laravel\framework\src\Illuminate\Foundation\Testing\RefreshDatabase.php:25
C:\projetos\sistema\backend\vendor\laravel\framework\src\Illuminate\Foundation\Testing\Concerns\InteractsWithTestCaseLifecycle.php:217
C:\projetos\sistema\backend\vendor\laravel\framework\src\Illuminate\Foundation\Testing\Concerns\InteractsWithTestCaseLifecycle.php:101
C:\projetos\sistema\backend\vendor\laravel\framework\src\Illuminate\Foundation\Testing\TestCase.php:63
C:\projetos\sistema\backend\tests\Feature\ReportTest.php:42</error>
        </testcase>
        <testcase name="test_csv_export_works_for_all_report_types" file="C:\projetos\sistema\backend\tests\Feature\ReportTest.php" line="581" class="Tests\Feature\ReportTest" classname="Tests.Feature.ReportTest" assertions="0" time="0.000000">
          <error type="PDOException">Tests\Feature\ReportTest::test_csv_export_works_for_all_report_types&#13;
PDOException: There is already an active transaction
&#13;
C:\projetos\sistema\backend\vendor\laravel\framework\src\Illuminate\Database\SQLiteConnection.php:38
C:\projetos\sistema\backend\vendor\laravel\framework\src\Illuminate\Database\Concerns\ManagesTransactions.php:154
C:\projetos\sistema\backend\vendor\laravel\framework\src\Illuminate\Database\Concerns\ManagesTransactions.php:130
C:\projetos\sistema\backend\vendor\laravel\framework\src\Illuminate\Foundation\Testing\RefreshDatabase.php:147
C:\projetos\sistema\backend\vendor\laravel\framework\src\Illuminate\Foundation\Testing\RefreshDatabase.php:93
C:\projetos\sistema\backend\vendor\laravel\framework\src\Illuminate\Foundation\Testing\RefreshDatabase.php:25
C:\projetos\sistema\backend\vendor\laravel\framework\src\Illuminate\Foundation\Testing\Concerns\InteractsWithTestCaseLifecycle.php:217
C:\projetos\sistema\backend\vendor\laravel\framework\src\Illuminate\Foundation\Testing\Concerns\InteractsWithTestCaseLifecycle.php:101
C:\projetos\sistema\backend\vendor\laravel\framework\src\Illuminate\Foundation\Testing\TestCase.php:63
C:\projetos\sistema\backend\tests\Feature\ReportTest.php:42</error>
        </testcase>
      </testsuite>
      <testsuite name="Tests\Feature\ResponseTimeTest" file="C:\projetos\sistema\backend\tests\Feature\ResponseTimeTest.php" tests="8" assertions="0" errors="8" failures="0" skipped="0" time="0.000000">
        <testcase name="test_customer_list_under_500ms_with_100_records" file="C:\projetos\sistema\backend\tests\Feature\ResponseTimeTest.php" line="53" class="Tests\Feature\ResponseTimeTest" classname="Tests.Feature.ResponseTimeTest" assertions="0" time="0.000000">
          <error type="PDOException">Tests\Feature\ResponseTimeTest::test_customer_list_under_500ms_with_100_records&#13;
PDOException: There is already an active transaction
&#13;
C:\projetos\sistema\backend\vendor\laravel\framework\src\Illuminate\Database\SQLiteConnection.php:38
C:\projetos\sistema\backend\vendor\laravel\framework\src\Illuminate\Database\Concerns\ManagesTransactions.php:154
C:\projetos\sistema\backend\vendor\laravel\framework\src\Illuminate\Database\Concerns\ManagesTransactions.php:130
C:\projetos\sistema\backend\vendor\laravel\framework\src\Illuminate\Foundation\Testing\RefreshDatabase.php:147
C:\projetos\sistema\backend\vendor\laravel\framework\src\Illuminate\Foundation\Testing\RefreshDatabase.php:93
C:\projetos\sistema\backend\vendor\laravel\framework\src\Illuminate\Foundation\Testing\RefreshDatabase.php:25
C:\projetos\sistema\backend\vendor\laravel\framework\src\Illuminate\Foundation\Testing\Concerns\InteractsWithTestCaseLifecycle.php:217
C:\projetos\sistema\backend\vendor\laravel\framework\src\Illuminate\Foundation\Testing\Concerns\InteractsWithTestCaseLifecycle.php:101
C:\projetos\sistema\backend\vendor\laravel\framework\src\Illuminate\Foundation\Testing\TestCase.php:63
C:\projetos\sistema\backend\tests\Feature\ResponseTimeTest.php:31</error>
        </testcase>
        <testcase name="test_work_order_list_under_500ms_with_100_records" file="C:\projetos\sistema\backend\tests\Feature\ResponseTimeTest.php" line="67" class="Tests\Feature\ResponseTimeTest" classname="Tests.Feature.ResponseTimeTest" assertions="0" time="0.000000">
          <error type="PDOException">Tests\Feature\ResponseTimeTest::test_work_order_list_under_500ms_with_100_records&#13;
PDOException: There is already an active transaction
&#13;
C:\projetos\sistema\backend\vendor\laravel\framework\src\Illuminate\Database\SQLiteConnection.php:38
C:\projetos\sistema\backend\vendor\laravel\framework\src\Illuminate\Database\Concerns\ManagesTransactions.php:154
C:\projetos\sistema\backend\vendor\laravel\framework\src\Illuminate\Database\Concerns\ManagesTransactions.php:130
C:\projetos\sistema\backend\vendor\laravel\framework\src\Illuminate\Foundation\Testing\RefreshDatabase.php:147
C:\projetos\sistema\backend\vendor\laravel\framework\src\Illuminate\Foundation\Testing\RefreshDatabase.php:93
C:\projetos\sistema\backend\vendor\laravel\framework\src\Illuminate\Foundation\Testing\RefreshDatabase.php:25
C:\projetos\sistema\backend\vendor\laravel\framework\src\Illuminate\Foundation\Testing\Concerns\InteractsWithTestCaseLifecycle.php:217
C:\projetos\sistema\backend\vendor\laravel\framework\src\Illuminate\Foundation\Testing\Concerns\InteractsWithTestCaseLifecycle.php:101
C:\projetos\sistema\backend\vendor\laravel\framework\src\Illuminate\Foundation\Testing\TestCase.php:63
C:\projetos\sistema\backend\tests\Feature\ResponseTimeTest.php:31</error>
        </testcase>
        <testcase name="test_product_list_under_500ms_with_200_records" file="C:\projetos\sistema\backend\tests\Feature\ResponseTimeTest.php" line="87" class="Tests\Feature\ResponseTimeTest" classname="Tests.Feature.ResponseTimeTest" assertions="0" time="0.000000">
          <error type="PDOException">Tests\Feature\ResponseTimeTest::test_product_list_under_500ms_with_200_records&#13;
PDOException: There is already an active transaction
&#13;
C:\projetos\sistema\backend\vendor\laravel\framework\src\Illuminate\Database\SQLiteConnection.php:38
C:\projetos\sistema\backend\vendor\laravel\framework\src\Illuminate\Database\Concerns\ManagesTransactions.php:154
C:\projetos\sistema\backend\vendor\laravel\framework\src\Illuminate\Database\Concerns\ManagesTransactions.php:130
C:\projetos\sistema\backend\vendor\laravel\framework\src\Illuminate\Foundation\Testing\RefreshDatabase.php:147
C:\projetos\sistema\backend\vendor\laravel\framework\src\Illuminate\Foundation\Testing\RefreshDatabase.php:93
C:\projetos\sistema\backend\vendor\laravel\framework\src\Illuminate\Foundation\Testing\RefreshDatabase.php:25
C:\projetos\sistema\backend\vendor\laravel\framework\src\Illuminate\Foundation\Testing\Concerns\InteractsWithTestCaseLifecycle.php:217
C:\projetos\sistema\backend\vendor\laravel\framework\src\Illuminate\Foundation\Testing\Concerns\InteractsWithTestCaseLifecycle.php:101
C:\projetos\sistema\backend\vendor\laravel\framework\src\Illuminate\Foundation\Testing\TestCase.php:63
C:\projetos\sistema\backend\tests\Feature\ResponseTimeTest.php:31</error>
        </testcase>
        <testcase name="test_equipment_list_under_500ms_with_100_records" file="C:\projetos\sistema\backend\tests\Feature\ResponseTimeTest.php" line="101" class="Tests\Feature\ResponseTimeTest" classname="Tests.Feature.ResponseTimeTest" assertions="0" time="0.000000">
          <error type="PDOException">Tests\Feature\ResponseTimeTest::test_equipment_list_under_500ms_with_100_records&#13;
PDOException: There is already an active transaction
&#13;
C:\projetos\sistema\backend\vendor\laravel\framework\src\Illuminate\Database\SQLiteConnection.php:38
C:\projetos\sistema\backend\vendor\laravel\framework\src\Illuminate\Database\Concerns\ManagesTransactions.php:154
C:\projetos\sistema\backend\vendor\laravel\framework\src\Illuminate\Database\Concerns\ManagesTransactions.php:130
C:\projetos\sistema\backend\vendor\laravel\framework\src\Illuminate\Foundation\Testing\RefreshDatabase.php:147
C:\projetos\sistema\backend\vendor\laravel\framework\src\Illuminate\Foundation\Testing\RefreshDatabase.php:93
C:\projetos\sistema\backend\vendor\laravel\framework\src\Illuminate\Foundation\Testing\RefreshDatabase.php:25
C:\projetos\sistema\backend\vendor\laravel\framework\src\Illuminate\Foundation\Testing\Concerns\InteractsWithTestCaseLifecycle.php:217
C:\projetos\sistema\backend\vendor\laravel\framework\src\Illuminate\Foundation\Testing\Concerns\InteractsWithTestCaseLifecycle.php:101
C:\projetos\sistema\backend\vendor\laravel\framework\src\Illuminate\Foundation\Testing\TestCase.php:63
C:\projetos\sistema\backend\tests\Feature\ResponseTimeTest.php:31</error>
        </testcase>
        <testcase name="test_dashboard_stats_under_500ms" file="C:\projetos\sistema\backend\tests\Feature\ResponseTimeTest.php" line="120" class="Tests\Feature\ResponseTimeTest" classname="Tests.Feature.ResponseTimeTest" assertions="0" time="0.000000">
          <error type="PDOException">Tests\Feature\ResponseTimeTest::test_dashboard_stats_under_500ms&#13;
PDOException: There is already an active transaction
&#13;
C:\projetos\sistema\backend\vendor\laravel\framework\src\Illuminate\Database\SQLiteConnection.php:38
C:\projetos\sistema\backend\vendor\laravel\framework\src\Illuminate\Database\Concerns\ManagesTransactions.php:154
C:\projetos\sistema\backend\vendor\laravel\framework\src\Illuminate\Database\Concerns\ManagesTransactions.php:130
C:\projetos\sistema\backend\vendor\laravel\framework\src\Illuminate\Foundation\Testing\RefreshDatabase.php:147
C:\projetos\sistema\backend\vendor\laravel\framework\src\Illuminate\Foundation\Testing\RefreshDatabase.php:93
C:\projetos\sistema\backend\vendor\laravel\framework\src\Illuminate\Foundation\Testing\RefreshDatabase.php:25
C:\projetos\sistema\backend\vendor\laravel\framework\src\Illuminate\Foundation\Testing\Concerns\InteractsWithTestCaseLifecycle.php:217
C:\projetos\sistema\backend\vendor\laravel\framework\src\Illuminate\Foundation\Testing\Concerns\InteractsWithTestCaseLifecycle.php:101
C:\projetos\sistema\backend\vendor\laravel\framework\src\Illuminate\Foundation\Testing\TestCase.php:63
C:\projetos\sistema\backend\tests\Feature\ResponseTimeTest.php:31</error>
        </testcase>
        <testcase name="test_cash_flow_under_500ms" file="C:\projetos\sistema\backend\tests\Feature\ResponseTimeTest.php" line="140" class="Tests\Feature\ResponseTimeTest" classname="Tests.Feature.ResponseTimeTest" assertions="0" time="0.000000">
          <error type="PDOException">Tests\Feature\ResponseTimeTest::test_cash_flow_under_500ms&#13;
PDOException: There is already an active transaction
&#13;
C:\projetos\sistema\backend\vendor\laravel\framework\src\Illuminate\Database\SQLiteConnection.php:38
C:\projetos\sistema\backend\vendor\laravel\framework\src\Illuminate\Database\Concerns\ManagesTransactions.php:154
C:\projetos\sistema\backend\vendor\laravel\framework\src\Illuminate\Database\Concerns\ManagesTransactions.php:130
C:\projetos\sistema\backend\vendor\laravel\framework\src\Illuminate\Foundation\Testing\RefreshDatabase.php:147
C:\projetos\sistema\backend\vendor\laravel\framework\src\Illuminate\Foundation\Testing\RefreshDatabase.php:93
C:\projetos\sistema\backend\vendor\laravel\framework\src\Illuminate\Foundation\Testing\RefreshDatabase.php:25
C:\projetos\sistema\backend\vendor\laravel\framework\src\Illuminate\Foundation\Testing\Concerns\InteractsWithTestCaseLifecycle.php:217
C:\projetos\sistema\backend\vendor\laravel\framework\src\Illuminate\Foundation\Testing\Concerns\InteractsWithTestCaseLifecycle.php:101
C:\projetos\sistema\backend\vendor\laravel\framework\src\Illuminate\Foundation\Testing\TestCase.php:63
C:\projetos\sistema\backend\tests\Feature\ResponseTimeTest.php:31</error>
        </testcase>
        <testcase name="test_dre_under_500ms" file="C:\projetos\sistema\backend\tests\Feature\ResponseTimeTest.php" line="150" class="Tests\Feature\ResponseTimeTest" classname="Tests.Feature.ResponseTimeTest" assertions="0" time="0.000000">
          <error type="PDOException">Tests\Feature\ResponseTimeTest::test_dre_under_500ms&#13;
PDOException: There is already an active transaction
&#13;
C:\projetos\sistema\backend\vendor\laravel\framework\src\Illuminate\Database\SQLiteConnection.php:38
C:\projetos\sistema\backend\vendor\laravel\framework\src\Illuminate\Database\Concerns\ManagesTransactions.php:154
C:\projetos\sistema\backend\vendor\laravel\framework\src\Illuminate\Database\Concerns\ManagesTransactions.php:130
C:\projetos\sistema\backend\vendor\laravel\framework\src\Illuminate\Foundation\Testing\RefreshDatabase.php:147
C:\projetos\sistema\backend\vendor\laravel\framework\src\Illuminate\Foundation\Testing\RefreshDatabase.php:93
C:\projetos\sistema\backend\vendor\laravel\framework\src\Illuminate\Foundation\Testing\RefreshDatabase.php:25
C:\projetos\sistema\backend\vendor\laravel\framework\src\Illuminate\Foundation\Testing\Concerns\InteractsWithTestCaseLifecycle.php:217
C:\projetos\sistema\backend\vendor\laravel\framework\src\Illuminate\Foundation\Testing\Concerns\InteractsWithTestCaseLifecycle.php:101
C:\projetos\sistema\backend\vendor\laravel\framework\src\Illuminate\Foundation\Testing\TestCase.php:63
C:\projetos\sistema\backend\tests\Feature\ResponseTimeTest.php:31</error>
        </testcase>
        <testcase name="test_customer_search_under_300ms" file="C:\projetos\sistema\backend\tests\Feature\ResponseTimeTest.php" line="162" class="Tests\Feature\ResponseTimeTest" classname="Tests.Feature.ResponseTimeTest" assertions="0" time="0.000000">
          <error type="PDOException">Tests\Feature\ResponseTimeTest::test_customer_search_under_300ms&#13;
PDOException: There is already an active transaction
&#13;
C:\projetos\sistema\backend\vendor\laravel\framework\src\Illuminate\Database\SQLiteConnection.php:38
C:\projetos\sistema\backend\vendor\laravel\framework\src\Illuminate\Database\Concerns\ManagesTransactions.php:154
C:\projetos\sistema\backend\vendor\laravel\framework\src\Illuminate\Database\Concerns\ManagesTransactions.php:130
C:\projetos\sistema\backend\vendor\laravel\framework\src\Illuminate\Foundation\Testing\RefreshDatabase.php:147
C:\projetos\sistema\backend\vendor\laravel\framework\src\Illuminate\Foundation\Testing\RefreshDatabase.php:93
C:\projetos\sistema\backend\vendor\laravel\framework\src\Illuminate\Foundation\Testing\RefreshDatabase.php:25
C:\projetos\sistema\backend\vendor\laravel\framework\src\Illuminate\Foundation\Testing\Concerns\InteractsWithTestCaseLifecycle.php:217
C:\projetos\sistema\backend\vendor\laravel\framework\src\Illuminate\Foundation\Testing\Concerns\InteractsWithTestCaseLifecycle.php:101
C:\projetos\sistema\backend\vendor\laravel\framework\src\Illuminate\Foundation\Testing\TestCase.php:63
C:\projetos\sistema\backend\tests\Feature\ResponseTimeTest.php:31</error>
        </testcase>
      </testsuite>
      <testsuite name="Tests\Feature\RoleIsolationTest" file="C:\projetos\sistema\backend\tests\Feature\RoleIsolationTest.php" tests="3" assertions="0" errors="3" failures="0" skipped="0" time="0.000000">
        <testcase name="test_can_create_roles_with_same_name_in_different_tenants" file="C:\projetos\sistema\backend\tests\Feature\RoleIsolationTest.php" line="46" class="Tests\Feature\RoleIsolationTest" classname="Tests.Feature.RoleIsolationTest" assertions="0" time="0.000000">
          <error type="PDOException">Tests\Feature\RoleIsolationTest::test_can_create_roles_with_same_name_in_different_tenants&#13;
PDOException: There is already an active transaction
&#13;
C:\projetos\sistema\backend\vendor\laravel\framework\src\Illuminate\Database\SQLiteConnection.php:38
C:\projetos\sistema\backend\vendor\laravel\framework\src\Illuminate\Database\Concerns\ManagesTransactions.php:154
C:\projetos\sistema\backend\vendor\laravel\framework\src\Illuminate\Database\Concerns\ManagesTransactions.php:130
C:\projetos\sistema\backend\vendor\laravel\framework\src\Illuminate\Foundation\Testing\RefreshDatabase.php:147
C:\projetos\sistema\backend\vendor\laravel\framework\src\Illuminate\Foundation\Testing\RefreshDatabase.php:93
C:\projetos\sistema\backend\vendor\laravel\framework\src\Illuminate\Foundation\Testing\RefreshDatabase.php:25
C:\projetos\sistema\backend\vendor\laravel\framework\src\Illuminate\Foundation\Testing\Concerns\InteractsWithTestCaseLifecycle.php:217
C:\projetos\sistema\backend\vendor\laravel\framework\src\Illuminate\Foundation\Testing\Concerns\InteractsWithTestCaseLifecycle.php:101
C:\projetos\sistema\backend\vendor\laravel\framework\src\Illuminate\Foundation\Testing\TestCase.php:63
C:\projetos\sistema\backend\tests\Feature\RoleIsolationTest.php:24</error>
        </testcase>
        <testcase name="test_cannot_create_duplicate_role_in_same_tenant" file="C:\projetos\sistema\backend\tests\Feature\RoleIsolationTest.php" line="82" class="Tests\Feature\RoleIsolationTest" classname="Tests.Feature.RoleIsolationTest" assertions="0" time="0.000000">
          <error type="PDOException">Tests\Feature\RoleIsolationTest::test_cannot_create_duplicate_role_in_same_tenant&#13;
PDOException: There is already an active transaction
&#13;
C:\projetos\sistema\backend\vendor\laravel\framework\src\Illuminate\Database\SQLiteConnection.php:38
C:\projetos\sistema\backend\vendor\laravel\framework\src\Illuminate\Database\Concerns\ManagesTransactions.php:154
C:\projetos\sistema\backend\vendor\laravel\framework\src\Illuminate\Database\Concerns\ManagesTransactions.php:130
C:\projetos\sistema\backend\vendor\laravel\framework\src\Illuminate\Foundation\Testing\RefreshDatabase.php:147
C:\projetos\sistema\backend\vendor\laravel\framework\src\Illuminate\Foundation\Testing\RefreshDatabase.php:93
C:\projetos\sistema\backend\vendor\laravel\framework\src\Illuminate\Foundation\Testing\RefreshDatabase.php:25
C:\projetos\sistema\backend\vendor\laravel\framework\src\Illuminate\Foundation\Testing\Concerns\InteractsWithTestCaseLifecycle.php:217
C:\projetos\sistema\backend\vendor\laravel\framework\src\Illuminate\Foundation\Testing\Concerns\InteractsWithTestCaseLifecycle.php:101
C:\projetos\sistema\backend\vendor\laravel\framework\src\Illuminate\Foundation\Testing\TestCase.php:63
C:\projetos\sistema\backend\tests\Feature\RoleIsolationTest.php:24</error>
        </testcase>
        <testcase name="test_roles_list_is_scoped_by_tenant" file="C:\projetos\sistema\backend\tests\Feature\RoleIsolationTest.php" line="97" class="Tests\Feature\RoleIsolationTest" classname="Tests.Feature.RoleIsolationTest" assertions="0" time="0.000000">
          <error type="PDOException">Tests\Feature\RoleIsolationTest::test_roles_list_is_scoped_by_tenant&#13;
PDOException: There is already an active transaction
&#13;
C:\projetos\sistema\backend\vendor\laravel\framework\src\Illuminate\Database\SQLiteConnection.php:38
C:\projetos\sistema\backend\vendor\laravel\framework\src\Illuminate\Database\Concerns\ManagesTransactions.php:154
C:\projetos\sistema\backend\vendor\laravel\framework\src\Illuminate\Database\Concerns\ManagesTransactions.php:130
C:\projetos\sistema\backend\vendor\laravel\framework\src\Illuminate\Foundation\Testing\RefreshDatabase.php:147
C:\projetos\sistema\backend\vendor\laravel\framework\src\Illuminate\Foundation\Testing\RefreshDatabase.php:93
C:\projetos\sistema\backend\vendor\laravel\framework\src\Illuminate\Foundation\Testing\RefreshDatabase.php:25
C:\projetos\sistema\backend\vendor\laravel\framework\src\Illuminate\Foundation\Testing\Concerns\InteractsWithTestCaseLifecycle.php:217
C:\projetos\sistema\backend\vendor\laravel\framework\src\Illuminate\Foundation\Testing\Concerns\InteractsWithTestCaseLifecycle.php:101
C:\projetos\sistema\backend\vendor\laravel\framework\src\Illuminate\Foundation\Testing\TestCase.php:63
C:\projetos\sistema\backend\tests\Feature\RoleIsolationTest.php:24</error>
        </testcase>
      </testsuite>
      <testsuite name="Tests\Feature\RoutePermissionHardeningTest" file="C:\projetos\sistema\backend\tests\Feature\RoutePermissionHardeningTest.php" tests="23" assertions="0" errors="23" failures="0" skipped="0" time="0.000000">
        <testcase name="test_payment_methods_index_requires_any_financial_view_permission" file="C:\projetos\sistema\backend\tests\Feature\RoutePermissionHardeningTest.php" line="68" class="Tests\Feature\RoutePermissionHardeningTest" classname="Tests.Feature.RoutePermissionHardeningTest" assertions="0" time="0.000000">
          <error type="PDOException">Tests\Feature\RoutePermissionHardeningTest::test_payment_methods_index_requires_any_financial_view_permission&#13;
PDOException: There is already an active transaction
&#13;
C:\projetos\sistema\backend\vendor\laravel\framework\src\Illuminate\Database\SQLiteConnection.php:38
C:\projetos\sistema\backend\vendor\laravel\framework\src\Illuminate\Database\Concerns\ManagesTransactions.php:154
C:\projetos\sistema\backend\vendor\laravel\framework\src\Illuminate\Database\Concerns\ManagesTransactions.php:130
C:\projetos\sistema\backend\vendor\laravel\framework\src\Illuminate\Foundation\Testing\RefreshDatabase.php:147
C:\projetos\sistema\backend\vendor\laravel\framework\src\Illuminate\Foundation\Testing\RefreshDatabase.php:93
C:\projetos\sistema\backend\vendor\laravel\framework\src\Illuminate\Foundation\Testing\RefreshDatabase.php:25
C:\projetos\sistema\backend\vendor\laravel\framework\src\Illuminate\Foundation\Testing\Concerns\InteractsWithTestCaseLifecycle.php:217
C:\projetos\sistema\backend\vendor\laravel\framework\src\Illuminate\Foundation\Testing\Concerns\InteractsWithTestCaseLifecycle.php:101
C:\projetos\sistema\backend\vendor\laravel\framework\src\Illuminate\Foundation\Testing\TestCase.php:63
C:\projetos\sistema\backend\tests\Feature\RoutePermissionHardeningTest.php:38</error>
        </testcase>
        <testcase name="test_payment_methods_crud_requires_granular_finance_payable_permissions" file="C:\projetos\sistema\backend\tests\Feature\RoutePermissionHardeningTest.php" line="94" class="Tests\Feature\RoutePermissionHardeningTest" classname="Tests.Feature.RoutePermissionHardeningTest" assertions="0" time="0.000000">
          <error type="PDOException">Tests\Feature\RoutePermissionHardeningTest::test_payment_methods_crud_requires_granular_finance_payable_permissions&#13;
PDOException: There is already an active transaction
&#13;
C:\projetos\sistema\backend\vendor\laravel\framework\src\Illuminate\Database\SQLiteConnection.php:38
C:\projetos\sistema\backend\vendor\laravel\framework\src\Illuminate\Database\Concerns\ManagesTransactions.php:154
C:\projetos\sistema\backend\vendor\laravel\framework\src\Illuminate\Database\Concerns\ManagesTransactions.php:130
C:\projetos\sistema\backend\vendor\laravel\framework\src\Illuminate\Foundation\Testing\RefreshDatabase.php:147
C:\projetos\sistema\backend\vendor\laravel\framework\src\Illuminate\Foundation\Testing\RefreshDatabase.php:93
C:\projetos\sistema\backend\vendor\laravel\framework\src\Illuminate\Foundation\Testing\RefreshDatabase.php:25
C:\projetos\sistema\backend\vendor\laravel\framework\src\Illuminate\Foundation\Testing\Concerns\InteractsWithTestCaseLifecycle.php:217
C:\projetos\sistema\backend\vendor\laravel\framework\src\Illuminate\Foundation\Testing\Concerns\InteractsWithTestCaseLifecycle.php:101
C:\projetos\sistema\backend\vendor\laravel\framework\src\Illuminate\Foundation\Testing\TestCase.php:63
C:\projetos\sistema\backend\tests\Feature\RoutePermissionHardeningTest.php:38</error>
        </testcase>
        <testcase name="test_payments_routes_require_any_financial_view_permission" file="C:\projetos\sistema\backend\tests\Feature\RoutePermissionHardeningTest.php" line="135" class="Tests\Feature\RoutePermissionHardeningTest" classname="Tests.Feature.RoutePermissionHardeningTest" assertions="0" time="0.000000">
          <error type="PDOException">Tests\Feature\RoutePermissionHardeningTest::test_payments_routes_require_any_financial_view_permission&#13;
PDOException: There is already an active transaction
&#13;
C:\projetos\sistema\backend\vendor\laravel\framework\src\Illuminate\Database\SQLiteConnection.php:38
C:\projetos\sistema\backend\vendor\laravel\framework\src\Illuminate\Database\Concerns\ManagesTransactions.php:154
C:\projetos\sistema\backend\vendor\laravel\framework\src\Illuminate\Database\Concerns\ManagesTransactions.php:130
C:\projetos\sistema\backend\vendor\laravel\framework\src\Illuminate\Foundation\Testing\RefreshDatabase.php:147
C:\projetos\sistema\backend\vendor\laravel\framework\src\Illuminate\Foundation\Testing\RefreshDatabase.php:93
C:\projetos\sistema\backend\vendor\laravel\framework\src\Illuminate\Foundation\Testing\RefreshDatabase.php:25
C:\projetos\sistema\backend\vendor\laravel\framework\src\Illuminate\Foundation\Testing\Concerns\InteractsWithTestCaseLifecycle.php:217
C:\projetos\sistema\backend\vendor\laravel\framework\src\Illuminate\Foundation\Testing\Concerns\InteractsWithTestCaseLifecycle.php:101
C:\projetos\sistema\backend\vendor\laravel\framework\src\Illuminate\Foundation\Testing\TestCase.php:63
C:\projetos\sistema\backend\tests\Feature\RoutePermissionHardeningTest.php:38</error>
        </testcase>
        <testcase name="test_payment_destroy_accepts_any_settle_permission" file="C:\projetos\sistema\backend\tests\Feature\RoutePermissionHardeningTest.php" line="204" class="Tests\Feature\RoutePermissionHardeningTest" classname="Tests.Feature.RoutePermissionHardeningTest" assertions="0" time="0.000000">
          <error type="PDOException">Tests\Feature\RoutePermissionHardeningTest::test_payment_destroy_accepts_any_settle_permission&#13;
PDOException: There is already an active transaction
&#13;
C:\projetos\sistema\backend\vendor\laravel\framework\src\Illuminate\Database\SQLiteConnection.php:38
C:\projetos\sistema\backend\vendor\laravel\framework\src\Illuminate\Database\Concerns\ManagesTransactions.php:154
C:\projetos\sistema\backend\vendor\laravel\framework\src\Illuminate\Database\Concerns\ManagesTransactions.php:130
C:\projetos\sistema\backend\vendor\laravel\framework\src\Illuminate\Foundation\Testing\RefreshDatabase.php:147
C:\projetos\sistema\backend\vendor\laravel\framework\src\Illuminate\Foundation\Testing\RefreshDatabase.php:93
C:\projetos\sistema\backend\vendor\laravel\framework\src\Illuminate\Foundation\Testing\RefreshDatabase.php:25
C:\projetos\sistema\backend\vendor\laravel\framework\src\Illuminate\Foundation\Testing\Concerns\InteractsWithTestCaseLifecycle.php:217
C:\projetos\sistema\backend\vendor\laravel\framework\src\Illuminate\Foundation\Testing\Concerns\InteractsWithTestCaseLifecycle.php:101
C:\projetos\sistema\backend\vendor\laravel\framework\src\Illuminate\Foundation\Testing\TestCase.php:63
C:\projetos\sistema\backend\tests\Feature\RoutePermissionHardeningTest.php:38</error>
        </testcase>
        <testcase name="test_bank_reconciliation_view_routes_require_finance_receivable_view" file="C:\projetos\sistema\backend\tests\Feature\RoutePermissionHardeningTest.php" line="237" class="Tests\Feature\RoutePermissionHardeningTest" classname="Tests.Feature.RoutePermissionHardeningTest" assertions="0" time="0.000000">
          <error type="PDOException">Tests\Feature\RoutePermissionHardeningTest::test_bank_reconciliation_view_routes_require_finance_receivable_view&#13;
PDOException: There is already an active transaction
&#13;
C:\projetos\sistema\backend\vendor\laravel\framework\src\Illuminate\Database\SQLiteConnection.php:38
C:\projetos\sistema\backend\vendor\laravel\framework\src\Illuminate\Database\Concerns\ManagesTransactions.php:154
C:\projetos\sistema\backend\vendor\laravel\framework\src\Illuminate\Database\Concerns\ManagesTransactions.php:130
C:\projetos\sistema\backend\vendor\laravel\framework\src\Illuminate\Foundation\Testing\RefreshDatabase.php:147
C:\projetos\sistema\backend\vendor\laravel\framework\src\Illuminate\Foundation\Testing\RefreshDatabase.php:93
C:\projetos\sistema\backend\vendor\laravel\framework\src\Illuminate\Foundation\Testing\RefreshDatabase.php:25
C:\projetos\sistema\backend\vendor\laravel\framework\src\Illuminate\Foundation\Testing\Concerns\InteractsWithTestCaseLifecycle.php:217
C:\projetos\sistema\backend\vendor\laravel\framework\src\Illuminate\Foundation\Testing\Concerns\InteractsWithTestCaseLifecycle.php:101
C:\projetos\sistema\backend\vendor\laravel\framework\src\Illuminate\Foundation\Testing\TestCase.php:63
C:\projetos\sistema\backend\tests\Feature\RoutePermissionHardeningTest.php:38</error>
        </testcase>
        <testcase name="test_bank_reconciliation_mutation_routes_require_finance_receivable_create" file="C:\projetos\sistema\backend\tests\Feature\RoutePermissionHardeningTest.php" line="274" class="Tests\Feature\RoutePermissionHardeningTest" classname="Tests.Feature.RoutePermissionHardeningTest" assertions="0" time="0.000000">
          <error type="PDOException">Tests\Feature\RoutePermissionHardeningTest::test_bank_reconciliation_mutation_routes_require_finance_receivable_create&#13;
PDOException: There is already an active transaction
&#13;
C:\projetos\sistema\backend\vendor\laravel\framework\src\Illuminate\Database\SQLiteConnection.php:38
C:\projetos\sistema\backend\vendor\laravel\framework\src\Illuminate\Database\Concerns\ManagesTransactions.php:154
C:\projetos\sistema\backend\vendor\laravel\framework\src\Illuminate\Database\Concerns\ManagesTransactions.php:130
C:\projetos\sistema\backend\vendor\laravel\framework\src\Illuminate\Foundation\Testing\RefreshDatabase.php:147
C:\projetos\sistema\backend\vendor\laravel\framework\src\Illuminate\Foundation\Testing\RefreshDatabase.php:93
C:\projetos\sistema\backend\vendor\laravel\framework\src\Illuminate\Foundation\Testing\RefreshDatabase.php:25
C:\projetos\sistema\backend\vendor\laravel\framework\src\Illuminate\Foundation\Testing\Concerns\InteractsWithTestCaseLifecycle.php:217
C:\projetos\sistema\backend\vendor\laravel\framework\src\Illuminate\Foundation\Testing\Concerns\InteractsWithTestCaseLifecycle.php:101
C:\projetos\sistema\backend\vendor\laravel\framework\src\Illuminate\Foundation\Testing\TestCase.php:63
C:\projetos\sistema\backend\tests\Feature\RoutePermissionHardeningTest.php:38</error>
        </testcase>
        <testcase name="test_chart_of_accounts_routes_require_granular_permissions" file="C:\projetos\sistema\backend\tests\Feature\RoutePermissionHardeningTest.php" line="327" class="Tests\Feature\RoutePermissionHardeningTest" classname="Tests.Feature.RoutePermissionHardeningTest" assertions="0" time="0.000000">
          <error type="PDOException">Tests\Feature\RoutePermissionHardeningTest::test_chart_of_accounts_routes_require_granular_permissions&#13;
PDOException: There is already an active transaction
&#13;
C:\projetos\sistema\backend\vendor\laravel\framework\src\Illuminate\Database\SQLiteConnection.php:38
C:\projetos\sistema\backend\vendor\laravel\framework\src\Illuminate\Database\Concerns\ManagesTransactions.php:154
C:\projetos\sistema\backend\vendor\laravel\framework\src\Illuminate\Database\Concerns\ManagesTransactions.php:130
C:\projetos\sistema\backend\vendor\laravel\framework\src\Illuminate\Foundation\Testing\RefreshDatabase.php:147
C:\projetos\sistema\backend\vendor\laravel\framework\src\Illuminate\Foundation\Testing\RefreshDatabase.php:93
C:\projetos\sistema\backend\vendor\laravel\framework\src\Illuminate\Foundation\Testing\RefreshDatabase.php:25
C:\projetos\sistema\backend\vendor\laravel\framework\src\Illuminate\Foundation\Testing\Concerns\InteractsWithTestCaseLifecycle.php:217
C:\projetos\sistema\backend\vendor\laravel\framework\src\Illuminate\Foundation\Testing\Concerns\InteractsWithTestCaseLifecycle.php:101
C:\projetos\sistema\backend\vendor\laravel\framework\src\Illuminate\Foundation\Testing\TestCase.php:63
C:\projetos\sistema\backend\tests\Feature\RoutePermissionHardeningTest.php:38</error>
        </testcase>
        <testcase name="test_invoice_routes_require_granular_finance_receivable_permissions" file="C:\projetos\sistema\backend\tests\Feature\RoutePermissionHardeningTest.php" line="385" class="Tests\Feature\RoutePermissionHardeningTest" classname="Tests.Feature.RoutePermissionHardeningTest" assertions="0" time="0.000000">
          <error type="PDOException">Tests\Feature\RoutePermissionHardeningTest::test_invoice_routes_require_granular_finance_receivable_permissions&#13;
PDOException: There is already an active transaction
&#13;
C:\projetos\sistema\backend\vendor\laravel\framework\src\Illuminate\Database\SQLiteConnection.php:38
C:\projetos\sistema\backend\vendor\laravel\framework\src\Illuminate\Database\Concerns\ManagesTransactions.php:154
C:\projetos\sistema\backend\vendor\laravel\framework\src\Illuminate\Database\Concerns\ManagesTransactions.php:130
C:\projetos\sistema\backend\vendor\laravel\framework\src\Illuminate\Foundation\Testing\RefreshDatabase.php:147
C:\projetos\sistema\backend\vendor\laravel\framework\src\Illuminate\Foundation\Testing\RefreshDatabase.php:93
C:\projetos\sistema\backend\vendor\laravel\framework\src\Illuminate\Foundation\Testing\RefreshDatabase.php:25
C:\projetos\sistema\backend\vendor\laravel\framework\src\Illuminate\Foundation\Testing\Concerns\InteractsWithTestCaseLifecycle.php:217
C:\projetos\sistema\backend\vendor\laravel\framework\src\Illuminate\Foundation\Testing\Concerns\InteractsWithTestCaseLifecycle.php:101
C:\projetos\sistema\backend\vendor\laravel\framework\src\Illuminate\Foundation\Testing\TestCase.php:63
C:\projetos\sistema\backend\tests\Feature\RoutePermissionHardeningTest.php:38</error>
        </testcase>
        <testcase name="test_dre_comparativo_requires_finance_dre_view_permission" file="C:\projetos\sistema\backend\tests\Feature\RoutePermissionHardeningTest.php" line="447" class="Tests\Feature\RoutePermissionHardeningTest" classname="Tests.Feature.RoutePermissionHardeningTest" assertions="0" time="0.000000">
          <error type="PDOException">Tests\Feature\RoutePermissionHardeningTest::test_dre_comparativo_requires_finance_dre_view_permission&#13;
PDOException: There is already an active transaction
&#13;
C:\projetos\sistema\backend\vendor\laravel\framework\src\Illuminate\Database\SQLiteConnection.php:38
C:\projetos\sistema\backend\vendor\laravel\framework\src\Illuminate\Database\Concerns\ManagesTransactions.php:154
C:\projetos\sistema\backend\vendor\laravel\framework\src\Illuminate\Database\Concerns\ManagesTransactions.php:130
C:\projetos\sistema\backend\vendor\laravel\framework\src\Illuminate\Foundation\Testing\RefreshDatabase.php:147
C:\projetos\sistema\backend\vendor\laravel\framework\src\Illuminate\Foundation\Testing\RefreshDatabase.php:93
C:\projetos\sistema\backend\vendor\laravel\framework\src\Illuminate\Foundation\Testing\RefreshDatabase.php:25
C:\projetos\sistema\backend\vendor\laravel\framework\src\Illuminate\Foundation\Testing\Concerns\InteractsWithTestCaseLifecycle.php:217
C:\projetos\sistema\backend\vendor\laravel\framework\src\Illuminate\Foundation\Testing\Concerns\InteractsWithTestCaseLifecycle.php:101
C:\projetos\sistema\backend\vendor\laravel\framework\src\Illuminate\Foundation\Testing\TestCase.php:63
C:\projetos\sistema\backend\tests\Feature\RoutePermissionHardeningTest.php:38</error>
        </testcase>
        <testcase name="test_cash_flow_requires_finance_cashflow_view_permission" file="C:\projetos\sistema\backend\tests\Feature\RoutePermissionHardeningTest.php" line="465" class="Tests\Feature\RoutePermissionHardeningTest" classname="Tests.Feature.RoutePermissionHardeningTest" assertions="0" time="0.000000">
          <error type="PDOException">Tests\Feature\RoutePermissionHardeningTest::test_cash_flow_requires_finance_cashflow_view_permission&#13;
PDOException: There is already an active transaction
&#13;
C:\projetos\sistema\backend\vendor\laravel\framework\src\Illuminate\Database\SQLiteConnection.php:38
C:\projetos\sistema\backend\vendor\laravel\framework\src\Illuminate\Database\Concerns\ManagesTransactions.php:154
C:\projetos\sistema\backend\vendor\laravel\framework\src\Illuminate\Database\Concerns\ManagesTransactions.php:130
C:\projetos\sistema\backend\vendor\laravel\framework\src\Illuminate\Foundation\Testing\RefreshDatabase.php:147
C:\projetos\sistema\backend\vendor\laravel\framework\src\Illuminate\Foundation\Testing\RefreshDatabase.php:93
C:\projetos\sistema\backend\vendor\laravel\framework\src\Illuminate\Foundation\Testing\RefreshDatabase.php:25
C:\projetos\sistema\backend\vendor\laravel\framework\src\Illuminate\Foundation\Testing\Concerns\InteractsWithTestCaseLifecycle.php:217
C:\projetos\sistema\backend\vendor\laravel\framework\src\Illuminate\Foundation\Testing\Concerns\InteractsWithTestCaseLifecycle.php:101
C:\projetos\sistema\backend\vendor\laravel\framework\src\Illuminate\Foundation\Testing\TestCase.php:63
C:\projetos\sistema\backend\tests\Feature\RoutePermissionHardeningTest.php:38</error>
        </testcase>
        <testcase name="test_dre_requires_finance_dre_view_permission" file="C:\projetos\sistema\backend\tests\Feature\RoutePermissionHardeningTest.php" line="476" class="Tests\Feature\RoutePermissionHardeningTest" classname="Tests.Feature.RoutePermissionHardeningTest" assertions="0" time="0.000000">
          <error type="PDOException">Tests\Feature\RoutePermissionHardeningTest::test_dre_requires_finance_dre_view_permission&#13;
PDOException: There is already an active transaction
&#13;
C:\projetos\sistema\backend\vendor\laravel\framework\src\Illuminate\Database\SQLiteConnection.php:38
C:\projetos\sistema\backend\vendor\laravel\framework\src\Illuminate\Database\Concerns\ManagesTransactions.php:154
C:\projetos\sistema\backend\vendor\laravel\framework\src\Illuminate\Database\Concerns\ManagesTransactions.php:130
C:\projetos\sistema\backend\vendor\laravel\framework\src\Illuminate\Foundation\Testing\RefreshDatabase.php:147
C:\projetos\sistema\backend\vendor\laravel\framework\src\Illuminate\Foundation\Testing\RefreshDatabase.php:93
C:\projetos\sistema\backend\vendor\laravel\framework\src\Illuminate\Foundation\Testing\RefreshDatabase.php:25
C:\projetos\sistema\backend\vendor\laravel\framework\src\Illuminate\Foundation\Testing\Concerns\InteractsWithTestCaseLifecycle.php:217
C:\projetos\sistema\backend\vendor\laravel\framework\src\Illuminate\Foundation\Testing\Concerns\InteractsWithTestCaseLifecycle.php:101
C:\projetos\sistema\backend\vendor\laravel\framework\src\Illuminate\Foundation\Testing\TestCase.php:63
C:\projetos\sistema\backend\tests\Feature\RoutePermissionHardeningTest.php:38</error>
        </testcase>
        <testcase name="test_sla_dashboard_requires_os_work_order_view_permission" file="C:\projetos\sistema\backend\tests\Feature\RoutePermissionHardeningTest.php" line="495" class="Tests\Feature\RoutePermissionHardeningTest" classname="Tests.Feature.RoutePermissionHardeningTest" assertions="0" time="0.000000">
          <error type="PDOException">Tests\Feature\RoutePermissionHardeningTest::test_sla_dashboard_requires_os_work_order_view_permission&#13;
PDOException: There is already an active transaction
&#13;
C:\projetos\sistema\backend\vendor\laravel\framework\src\Illuminate\Database\SQLiteConnection.php:38
C:\projetos\sistema\backend\vendor\laravel\framework\src\Illuminate\Database\Concerns\ManagesTransactions.php:154
C:\projetos\sistema\backend\vendor\laravel\framework\src\Illuminate\Database\Concerns\ManagesTransactions.php:130
C:\projetos\sistema\backend\vendor\laravel\framework\src\Illuminate\Foundation\Testing\RefreshDatabase.php:147
C:\projetos\sistema\backend\vendor\laravel\framework\src\Illuminate\Foundation\Testing\RefreshDatabase.php:93
C:\projetos\sistema\backend\vendor\laravel\framework\src\Illuminate\Foundation\Testing\RefreshDatabase.php:25
C:\projetos\sistema\backend\vendor\laravel\framework\src\Illuminate\Foundation\Testing\Concerns\InteractsWithTestCaseLifecycle.php:217
C:\projetos\sistema\backend\vendor\laravel\framework\src\Illuminate\Foundation\Testing\Concerns\InteractsWithTestCaseLifecycle.php:101
C:\projetos\sistema\backend\vendor\laravel\framework\src\Illuminate\Foundation\Testing\TestCase.php:63
C:\projetos\sistema\backend\tests\Feature\RoutePermissionHardeningTest.php:38</error>
        </testcase>
        <testcase name="test_sla_dashboard_ignores_company_header_override_and_uses_current_tenant" file="C:\projetos\sistema\backend\tests\Feature\RoutePermissionHardeningTest.php" line="506" class="Tests\Feature\RoutePermissionHardeningTest" classname="Tests.Feature.RoutePermissionHardeningTest" assertions="0" time="0.000000">
          <error type="PDOException">Tests\Feature\RoutePermissionHardeningTest::test_sla_dashboard_ignores_company_header_override_and_uses_current_tenant&#13;
PDOException: There is already an active transaction
&#13;
C:\projetos\sistema\backend\vendor\laravel\framework\src\Illuminate\Database\SQLiteConnection.php:38
C:\projetos\sistema\backend\vendor\laravel\framework\src\Illuminate\Database\Concerns\ManagesTransactions.php:154
C:\projetos\sistema\backend\vendor\laravel\framework\src\Illuminate\Database\Concerns\ManagesTransactions.php:130
C:\projetos\sistema\backend\vendor\laravel\framework\src\Illuminate\Foundation\Testing\RefreshDatabase.php:147
C:\projetos\sistema\backend\vendor\laravel\framework\src\Illuminate\Foundation\Testing\RefreshDatabase.php:93
C:\projetos\sistema\backend\vendor\laravel\framework\src\Illuminate\Foundation\Testing\RefreshDatabase.php:25
C:\projetos\sistema\backend\vendor\laravel\framework\src\Illuminate\Foundation\Testing\Concerns\InteractsWithTestCaseLifecycle.php:217
C:\projetos\sistema\backend\vendor\laravel\framework\src\Illuminate\Foundation\Testing\Concerns\InteractsWithTestCaseLifecycle.php:101
C:\projetos\sistema\backend\vendor\laravel\framework\src\Illuminate\Foundation\Testing\TestCase.php:63
C:\projetos\sistema\backend\tests\Feature\RoutePermissionHardeningTest.php:38</error>
        </testcase>
        <testcase name="test_central_routes_enforce_granular_permissions" file="C:\projetos\sistema\backend\tests\Feature\RoutePermissionHardeningTest.php" line="566" class="Tests\Feature\RoutePermissionHardeningTest" classname="Tests.Feature.RoutePermissionHardeningTest" assertions="0" time="0.000000">
          <error type="PDOException">Tests\Feature\RoutePermissionHardeningTest::test_central_routes_enforce_granular_permissions&#13;
PDOException: There is already an active transaction
&#13;
C:\projetos\sistema\backend\vendor\laravel\framework\src\Illuminate\Database\SQLiteConnection.php:38
C:\projetos\sistema\backend\vendor\laravel\framework\src\Illuminate\Database\Concerns\ManagesTransactions.php:154
C:\projetos\sistema\backend\vendor\laravel\framework\src\Illuminate\Database\Concerns\ManagesTransactions.php:130
C:\projetos\sistema\backend\vendor\laravel\framework\src\Illuminate\Foundation\Testing\RefreshDatabase.php:147
C:\projetos\sistema\backend\vendor\laravel\framework\src\Illuminate\Foundation\Testing\RefreshDatabase.php:93
C:\projetos\sistema\backend\vendor\laravel\framework\src\Illuminate\Foundation\Testing\RefreshDatabase.php:25
C:\projetos\sistema\backend\vendor\laravel\framework\src\Illuminate\Foundation\Testing\Concerns\InteractsWithTestCaseLifecycle.php:217
C:\projetos\sistema\backend\vendor\laravel\framework\src\Illuminate\Foundation\Testing\Concerns\InteractsWithTestCaseLifecycle.php:101
C:\projetos\sistema\backend\vendor\laravel\framework\src\Illuminate\Foundation\Testing\TestCase.php:63
C:\projetos\sistema\backend\tests\Feature\RoutePermissionHardeningTest.php:38</error>
        </testcase>
        <testcase name="test_notifications_routes_require_specific_permissions" file="C:\projetos\sistema\backend\tests\Feature\RoutePermissionHardeningTest.php" line="598" class="Tests\Feature\RoutePermissionHardeningTest" classname="Tests.Feature.RoutePermissionHardeningTest" assertions="0" time="0.000000">
          <error type="PDOException">Tests\Feature\RoutePermissionHardeningTest::test_notifications_routes_require_specific_permissions&#13;
PDOException: There is already an active transaction
&#13;
C:\projetos\sistema\backend\vendor\laravel\framework\src\Illuminate\Database\SQLiteConnection.php:38
C:\projetos\sistema\backend\vendor\laravel\framework\src\Illuminate\Database\Concerns\ManagesTransactions.php:154
C:\projetos\sistema\backend\vendor\laravel\framework\src\Illuminate\Database\Concerns\ManagesTransactions.php:130
C:\projetos\sistema\backend\vendor\laravel\framework\src\Illuminate\Foundation\Testing\RefreshDatabase.php:147
C:\projetos\sistema\backend\vendor\laravel\framework\src\Illuminate\Foundation\Testing\RefreshDatabase.php:93
C:\projetos\sistema\backend\vendor\laravel\framework\src\Illuminate\Foundation\Testing\RefreshDatabase.php:25
C:\projetos\sistema\backend\vendor\laravel\framework\src\Illuminate\Foundation\Testing\Concerns\InteractsWithTestCaseLifecycle.php:217
C:\projetos\sistema\backend\vendor\laravel\framework\src\Illuminate\Foundation\Testing\Concerns\InteractsWithTestCaseLifecycle.php:101
C:\projetos\sistema\backend\vendor\laravel\framework\src\Illuminate\Foundation\Testing\TestCase.php:63
C:\projetos\sistema\backend\tests\Feature\RoutePermissionHardeningTest.php:38</error>
        </testcase>
        <testcase name="test_report_export_requires_granular_export_permission" file="C:\projetos\sistema\backend\tests\Feature\RoutePermissionHardeningTest.php" line="628" class="Tests\Feature\RoutePermissionHardeningTest" classname="Tests.Feature.RoutePermissionHardeningTest" assertions="0" time="0.000000">
          <error type="PDOException">Tests\Feature\RoutePermissionHardeningTest::test_report_export_requires_granular_export_permission&#13;
PDOException: There is already an active transaction
&#13;
C:\projetos\sistema\backend\vendor\laravel\framework\src\Illuminate\Database\SQLiteConnection.php:38
C:\projetos\sistema\backend\vendor\laravel\framework\src\Illuminate\Database\Concerns\ManagesTransactions.php:154
C:\projetos\sistema\backend\vendor\laravel\framework\src\Illuminate\Database\Concerns\ManagesTransactions.php:130
C:\projetos\sistema\backend\vendor\laravel\framework\src\Illuminate\Foundation\Testing\RefreshDatabase.php:147
C:\projetos\sistema\backend\vendor\laravel\framework\src\Illuminate\Foundation\Testing\RefreshDatabase.php:93
C:\projetos\sistema\backend\vendor\laravel\framework\src\Illuminate\Foundation\Testing\RefreshDatabase.php:25
C:\projetos\sistema\backend\vendor\laravel\framework\src\Illuminate\Foundation\Testing\Concerns\InteractsWithTestCaseLifecycle.php:217
C:\projetos\sistema\backend\vendor\laravel\framework\src\Illuminate\Foundation\Testing\Concerns\InteractsWithTestCaseLifecycle.php:101
C:\projetos\sistema\backend\vendor\laravel\framework\src\Illuminate\Foundation\Testing\TestCase.php:63
C:\projetos\sistema\backend\tests\Feature\RoutePermissionHardeningTest.php:38</error>
        </testcase>
        <testcase name="test_report_export_rejects_invalid_type_with_422" file="C:\projetos\sistema\backend\tests\Feature\RoutePermissionHardeningTest.php" line="641" class="Tests\Feature\RoutePermissionHardeningTest" classname="Tests.Feature.RoutePermissionHardeningTest" assertions="0" time="0.000000">
          <error type="PDOException">Tests\Feature\RoutePermissionHardeningTest::test_report_export_rejects_invalid_type_with_422&#13;
PDOException: There is already an active transaction
&#13;
C:\projetos\sistema\backend\vendor\laravel\framework\src\Illuminate\Database\SQLiteConnection.php:38
C:\projetos\sistema\backend\vendor\laravel\framework\src\Illuminate\Database\Concerns\ManagesTransactions.php:154
C:\projetos\sistema\backend\vendor\laravel\framework\src\Illuminate\Database\Concerns\ManagesTransactions.php:130
C:\projetos\sistema\backend\vendor\laravel\framework\src\Illuminate\Foundation\Testing\RefreshDatabase.php:147
C:\projetos\sistema\backend\vendor\laravel\framework\src\Illuminate\Foundation\Testing\RefreshDatabase.php:93
C:\projetos\sistema\backend\vendor\laravel\framework\src\Illuminate\Foundation\Testing\RefreshDatabase.php:25
C:\projetos\sistema\backend\vendor\laravel\framework\src\Illuminate\Foundation\Testing\Concerns\InteractsWithTestCaseLifecycle.php:217
C:\projetos\sistema\backend\vendor\laravel\framework\src\Illuminate\Foundation\Testing\Concerns\InteractsWithTestCaseLifecycle.php:101
C:\projetos\sistema\backend\vendor\laravel\framework\src\Illuminate\Foundation\Testing\TestCase.php:63
C:\projetos\sistema\backend\tests\Feature\RoutePermissionHardeningTest.php:38</error>
        </testcase>
        <testcase name="test_service_call_assignees_requires_service_call_view_permission" file="C:\projetos\sistema\backend\tests\Feature\RoutePermissionHardeningTest.php" line="650" class="Tests\Feature\RoutePermissionHardeningTest" classname="Tests.Feature.RoutePermissionHardeningTest" assertions="0" time="0.000000">
          <error type="PDOException">Tests\Feature\RoutePermissionHardeningTest::test_service_call_assignees_requires_service_call_view_permission&#13;
PDOException: There is already an active transaction
&#13;
C:\projetos\sistema\backend\vendor\laravel\framework\src\Illuminate\Database\SQLiteConnection.php:38
C:\projetos\sistema\backend\vendor\laravel\framework\src\Illuminate\Database\Concerns\ManagesTransactions.php:154
C:\projetos\sistema\backend\vendor\laravel\framework\src\Illuminate\Database\Concerns\ManagesTransactions.php:130
C:\projetos\sistema\backend\vendor\laravel\framework\src\Illuminate\Foundation\Testing\RefreshDatabase.php:147
C:\projetos\sistema\backend\vendor\laravel\framework\src\Illuminate\Foundation\Testing\RefreshDatabase.php:93
C:\projetos\sistema\backend\vendor\laravel\framework\src\Illuminate\Foundation\Testing\RefreshDatabase.php:25
C:\projetos\sistema\backend\vendor\laravel\framework\src\Illuminate\Foundation\Testing\Concerns\InteractsWithTestCaseLifecycle.php:217
C:\projetos\sistema\backend\vendor\laravel\framework\src\Illuminate\Foundation\Testing\Concerns\InteractsWithTestCaseLifecycle.php:101
C:\projetos\sistema\backend\vendor\laravel\framework\src\Illuminate\Foundation\Testing\TestCase.php:63
C:\projetos\sistema\backend\tests\Feature\RoutePermissionHardeningTest.php:38</error>
        </testcase>
        <testcase name="test_service_call_store_blocks_assignment_fields_without_assign_permission" file="C:\projetos\sistema\backend\tests\Feature\RoutePermissionHardeningTest.php" line="665" class="Tests\Feature\RoutePermissionHardeningTest" classname="Tests.Feature.RoutePermissionHardeningTest" assertions="0" time="0.000000">
          <error type="PDOException">Tests\Feature\RoutePermissionHardeningTest::test_service_call_store_blocks_assignment_fields_without_assign_permission&#13;
PDOException: There is already an active transaction
&#13;
C:\projetos\sistema\backend\vendor\laravel\framework\src\Illuminate\Database\SQLiteConnection.php:38
C:\projetos\sistema\backend\vendor\laravel\framework\src\Illuminate\Database\Concerns\ManagesTransactions.php:154
C:\projetos\sistema\backend\vendor\laravel\framework\src\Illuminate\Database\Concerns\ManagesTransactions.php:130
C:\projetos\sistema\backend\vendor\laravel\framework\src\Illuminate\Foundation\Testing\RefreshDatabase.php:147
C:\projetos\sistema\backend\vendor\laravel\framework\src\Illuminate\Foundation\Testing\RefreshDatabase.php:93
C:\projetos\sistema\backend\vendor\laravel\framework\src\Illuminate\Foundation\Testing\RefreshDatabase.php:25
C:\projetos\sistema\backend\vendor\laravel\framework\src\Illuminate\Foundation\Testing\Concerns\InteractsWithTestCaseLifecycle.php:217
C:\projetos\sistema\backend\vendor\laravel\framework\src\Illuminate\Foundation\Testing\Concerns\InteractsWithTestCaseLifecycle.php:101
C:\projetos\sistema\backend\vendor\laravel\framework\src\Illuminate\Foundation\Testing\TestCase.php:63
C:\projetos\sistema\backend\tests\Feature\RoutePermissionHardeningTest.php:38</error>
        </testcase>
        <testcase name="test_service_call_update_blocks_assignment_fields_without_assign_permission" file="C:\projetos\sistema\backend\tests\Feature\RoutePermissionHardeningTest.php" line="687" class="Tests\Feature\RoutePermissionHardeningTest" classname="Tests.Feature.RoutePermissionHardeningTest" assertions="0" time="0.000000">
          <error type="PDOException">Tests\Feature\RoutePermissionHardeningTest::test_service_call_update_blocks_assignment_fields_without_assign_permission&#13;
PDOException: There is already an active transaction
&#13;
C:\projetos\sistema\backend\vendor\laravel\framework\src\Illuminate\Database\SQLiteConnection.php:38
C:\projetos\sistema\backend\vendor\laravel\framework\src\Illuminate\Database\Concerns\ManagesTransactions.php:154
C:\projetos\sistema\backend\vendor\laravel\framework\src\Illuminate\Database\Concerns\ManagesTransactions.php:130
C:\projetos\sistema\backend\vendor\laravel\framework\src\Illuminate\Foundation\Testing\RefreshDatabase.php:147
C:\projetos\sistema\backend\vendor\laravel\framework\src\Illuminate\Foundation\Testing\RefreshDatabase.php:93
C:\projetos\sistema\backend\vendor\laravel\framework\src\Illuminate\Foundation\Testing\RefreshDatabase.php:25
C:\projetos\sistema\backend\vendor\laravel\framework\src\Illuminate\Foundation\Testing\Concerns\InteractsWithTestCaseLifecycle.php:217
C:\projetos\sistema\backend\vendor\laravel\framework\src\Illuminate\Foundation\Testing\Concerns\InteractsWithTestCaseLifecycle.php:101
C:\projetos\sistema\backend\vendor\laravel\framework\src\Illuminate\Foundation\Testing\TestCase.php:63
C:\projetos\sistema\backend\tests\Feature\RoutePermissionHardeningTest.php:38</error>
        </testcase>
        <testcase name="test_service_call_store_allows_assignment_fields_with_assign_permission" file="C:\projetos\sistema\backend\tests\Feature\RoutePermissionHardeningTest.php" line="718" class="Tests\Feature\RoutePermissionHardeningTest" classname="Tests.Feature.RoutePermissionHardeningTest" assertions="0" time="0.000000">
          <error type="PDOException">Tests\Feature\RoutePermissionHardeningTest::test_service_call_store_allows_assignment_fields_with_assign_permission&#13;
PDOException: There is already an active transaction
&#13;
C:\projetos\sistema\backend\vendor\laravel\framework\src\Illuminate\Database\SQLiteConnection.php:38
C:\projetos\sistema\backend\vendor\laravel\framework\src\Illuminate\Database\Concerns\ManagesTransactions.php:154
C:\projetos\sistema\backend\vendor\laravel\framework\src\Illuminate\Database\Concerns\ManagesTransactions.php:130
C:\projetos\sistema\backend\vendor\laravel\framework\src\Illuminate\Foundation\Testing\RefreshDatabase.php:147
C:\projetos\sistema\backend\vendor\laravel\framework\src\Illuminate\Foundation\Testing\RefreshDatabase.php:93
C:\projetos\sistema\backend\vendor\laravel\framework\src\Illuminate\Foundation\Testing\RefreshDatabase.php:25
C:\projetos\sistema\backend\vendor\laravel\framework\src\Illuminate\Foundation\Testing\Concerns\InteractsWithTestCaseLifecycle.php:217
C:\projetos\sistema\backend\vendor\laravel\framework\src\Illuminate\Foundation\Testing\Concerns\InteractsWithTestCaseLifecycle.php:101
C:\projetos\sistema\backend\vendor\laravel\framework\src\Illuminate\Foundation\Testing\TestCase.php:63
C:\projetos\sistema\backend\tests\Feature\RoutePermissionHardeningTest.php:38</error>
        </testcase>
        <testcase name="test_service_call_update_allows_assignment_fields_with_assign_permission" file="C:\projetos\sistema\backend\tests\Feature\RoutePermissionHardeningTest.php" line="748" class="Tests\Feature\RoutePermissionHardeningTest" classname="Tests.Feature.RoutePermissionHardeningTest" assertions="0" time="0.000000">
          <error type="PDOException">Tests\Feature\RoutePermissionHardeningTest::test_service_call_update_allows_assignment_fields_with_assign_permission&#13;
PDOException: There is already an active transaction
&#13;
C:\projetos\sistema\backend\vendor\laravel\framework\src\Illuminate\Database\SQLiteConnection.php:38
C:\projetos\sistema\backend\vendor\laravel\framework\src\Illuminate\Database\Concerns\ManagesTransactions.php:154
C:\projetos\sistema\backend\vendor\laravel\framework\src\Illuminate\Database\Concerns\ManagesTransactions.php:130
C:\projetos\sistema\backend\vendor\laravel\framework\src\Illuminate\Foundation\Testing\RefreshDatabase.php:147
C:\projetos\sistema\backend\vendor\laravel\framework\src\Illuminate\Foundation\Testing\RefreshDatabase.php:93
C:\projetos\sistema\backend\vendor\laravel\framework\src\Illuminate\Foundation\Testing\RefreshDatabase.php:25
C:\projetos\sistema\backend\vendor\laravel\framework\src\Illuminate\Foundation\Testing\Concerns\InteractsWithTestCaseLifecycle.php:217
C:\projetos\sistema\backend\vendor\laravel\framework\src\Illuminate\Foundation\Testing\Concerns\InteractsWithTestCaseLifecycle.php:101
C:\projetos\sistema\backend\vendor\laravel\framework\src\Illuminate\Foundation\Testing\TestCase.php:63
C:\projetos\sistema\backend\tests\Feature\RoutePermissionHardeningTest.php:38</error>
        </testcase>
        <testcase name="test_technicians_options_requires_any_technician_or_os_view_permission" file="C:\projetos\sistema\backend\tests\Feature\RoutePermissionHardeningTest.php" line="772" class="Tests\Feature\RoutePermissionHardeningTest" classname="Tests.Feature.RoutePermissionHardeningTest" assertions="0" time="0.000000">
          <error type="PDOException">Tests\Feature\RoutePermissionHardeningTest::test_technicians_options_requires_any_technician_or_os_view_permission&#13;
PDOException: There is already an active transaction
&#13;
C:\projetos\sistema\backend\vendor\laravel\framework\src\Illuminate\Database\SQLiteConnection.php:38
C:\projetos\sistema\backend\vendor\laravel\framework\src\Illuminate\Database\Concerns\ManagesTransactions.php:154
C:\projetos\sistema\backend\vendor\laravel\framework\src\Illuminate\Database\Concerns\ManagesTransactions.php:130
C:\projetos\sistema\backend\vendor\laravel\framework\src\Illuminate\Foundation\Testing\RefreshDatabase.php:147
C:\projetos\sistema\backend\vendor\laravel\framework\src\Illuminate\Foundation\Testing\RefreshDatabase.php:93
C:\projetos\sistema\backend\vendor\laravel\framework\src\Illuminate\Foundation\Testing\RefreshDatabase.php:25
C:\projetos\sistema\backend\vendor\laravel\framework\src\Illuminate\Foundation\Testing\Concerns\InteractsWithTestCaseLifecycle.php:217
C:\projetos\sistema\backend\vendor\laravel\framework\src\Illuminate\Foundation\Testing\Concerns\InteractsWithTestCaseLifecycle.php:101
C:\projetos\sistema\backend\vendor\laravel\framework\src\Illuminate\Foundation\Testing\TestCase.php:63
C:\projetos\sistema\backend\tests\Feature\RoutePermissionHardeningTest.php:38</error>
        </testcase>
      </testsuite>
      <testsuite name="Tests\Feature\ScheduleProfessionalTest" file="C:\projetos\sistema\backend\tests\Feature\ScheduleProfessionalTest.php" tests="11" assertions="0" errors="11" failures="0" skipped="0" time="0.000000">
        <testcase name="test_create_schedule_returns_201_and_persists" file="C:\projetos\sistema\backend\tests\Feature\ScheduleProfessionalTest.php" line="52" class="Tests\Feature\ScheduleProfessionalTest" classname="Tests.Feature.ScheduleProfessionalTest" assertions="0" time="0.000000">
          <error type="PDOException">Tests\Feature\ScheduleProfessionalTest::test_create_schedule_returns_201_and_persists&#13;
PDOException: There is already an active transaction
&#13;
C:\projetos\sistema\backend\vendor\laravel\framework\src\Illuminate\Database\SQLiteConnection.php:38
C:\projetos\sistema\backend\vendor\laravel\framework\src\Illuminate\Database\Concerns\ManagesTransactions.php:154
C:\projetos\sistema\backend\vendor\laravel\framework\src\Illuminate\Database\Concerns\ManagesTransactions.php:130
C:\projetos\sistema\backend\vendor\laravel\framework\src\Illuminate\Foundation\Testing\RefreshDatabase.php:147
C:\projetos\sistema\backend\vendor\laravel\framework\src\Illuminate\Foundation\Testing\RefreshDatabase.php:93
C:\projetos\sistema\backend\vendor\laravel\framework\src\Illuminate\Foundation\Testing\RefreshDatabase.php:25
C:\projetos\sistema\backend\vendor\laravel\framework\src\Illuminate\Foundation\Testing\Concerns\InteractsWithTestCaseLifecycle.php:217
C:\projetos\sistema\backend\vendor\laravel\framework\src\Illuminate\Foundation\Testing\Concerns\InteractsWithTestCaseLifecycle.php:101
C:\projetos\sistema\backend\vendor\laravel\framework\src\Illuminate\Foundation\Testing\TestCase.php:63
C:\projetos\sistema\backend\tests\Feature\ScheduleProfessionalTest.php:29</error>
        </testcase>
        <testcase name="test_create_schedule_validates_required_fields" file="C:\projetos\sistema\backend\tests\Feature\ScheduleProfessionalTest.php" line="79" class="Tests\Feature\ScheduleProfessionalTest" classname="Tests.Feature.ScheduleProfessionalTest" assertions="0" time="0.000000">
          <error type="PDOException">Tests\Feature\ScheduleProfessionalTest::test_create_schedule_validates_required_fields&#13;
PDOException: There is already an active transaction
&#13;
C:\projetos\sistema\backend\vendor\laravel\framework\src\Illuminate\Database\SQLiteConnection.php:38
C:\projetos\sistema\backend\vendor\laravel\framework\src\Illuminate\Database\Concerns\ManagesTransactions.php:154
C:\projetos\sistema\backend\vendor\laravel\framework\src\Illuminate\Database\Concerns\ManagesTransactions.php:130
C:\projetos\sistema\backend\vendor\laravel\framework\src\Illuminate\Foundation\Testing\RefreshDatabase.php:147
C:\projetos\sistema\backend\vendor\laravel\framework\src\Illuminate\Foundation\Testing\RefreshDatabase.php:93
C:\projetos\sistema\backend\vendor\laravel\framework\src\Illuminate\Foundation\Testing\RefreshDatabase.php:25
C:\projetos\sistema\backend\vendor\laravel\framework\src\Illuminate\Foundation\Testing\Concerns\InteractsWithTestCaseLifecycle.php:217
C:\projetos\sistema\backend\vendor\laravel\framework\src\Illuminate\Foundation\Testing\Concerns\InteractsWithTestCaseLifecycle.php:101
C:\projetos\sistema\backend\vendor\laravel\framework\src\Illuminate\Foundation\Testing\TestCase.php:63
C:\projetos\sistema\backend\tests\Feature\ScheduleProfessionalTest.php:29</error>
        </testcase>
        <testcase name="test_list_schedules_returns_paginated" file="C:\projetos\sistema\backend\tests\Feature\ScheduleProfessionalTest.php" line="87" class="Tests\Feature\ScheduleProfessionalTest" classname="Tests.Feature.ScheduleProfessionalTest" assertions="0" time="0.000000">
          <error type="PDOException">Tests\Feature\ScheduleProfessionalTest::test_list_schedules_returns_paginated&#13;
PDOException: There is already an active transaction
&#13;
C:\projetos\sistema\backend\vendor\laravel\framework\src\Illuminate\Database\SQLiteConnection.php:38
C:\projetos\sistema\backend\vendor\laravel\framework\src\Illuminate\Database\Concerns\ManagesTransactions.php:154
C:\projetos\sistema\backend\vendor\laravel\framework\src\Illuminate\Database\Concerns\ManagesTransactions.php:130
C:\projetos\sistema\backend\vendor\laravel\framework\src\Illuminate\Foundation\Testing\RefreshDatabase.php:147
C:\projetos\sistema\backend\vendor\laravel\framework\src\Illuminate\Foundation\Testing\RefreshDatabase.php:93
C:\projetos\sistema\backend\vendor\laravel\framework\src\Illuminate\Foundation\Testing\RefreshDatabase.php:25
C:\projetos\sistema\backend\vendor\laravel\framework\src\Illuminate\Foundation\Testing\Concerns\InteractsWithTestCaseLifecycle.php:217
C:\projetos\sistema\backend\vendor\laravel\framework\src\Illuminate\Foundation\Testing\Concerns\InteractsWithTestCaseLifecycle.php:101
C:\projetos\sistema\backend\vendor\laravel\framework\src\Illuminate\Foundation\Testing\TestCase.php:63
C:\projetos\sistema\backend\tests\Feature\ScheduleProfessionalTest.php:29</error>
        </testcase>
        <testcase name="test_unified_schedule_returns_combined_view" file="C:\projetos\sistema\backend\tests\Feature\ScheduleProfessionalTest.php" line="95" class="Tests\Feature\ScheduleProfessionalTest" classname="Tests.Feature.ScheduleProfessionalTest" assertions="0" time="0.000000">
          <error type="PDOException">Tests\Feature\ScheduleProfessionalTest::test_unified_schedule_returns_combined_view&#13;
PDOException: There is already an active transaction
&#13;
C:\projetos\sistema\backend\vendor\laravel\framework\src\Illuminate\Database\SQLiteConnection.php:38
C:\projetos\sistema\backend\vendor\laravel\framework\src\Illuminate\Database\Concerns\ManagesTransactions.php:154
C:\projetos\sistema\backend\vendor\laravel\framework\src\Illuminate\Database\Concerns\ManagesTransactions.php:130
C:\projetos\sistema\backend\vendor\laravel\framework\src\Illuminate\Foundation\Testing\RefreshDatabase.php:147
C:\projetos\sistema\backend\vendor\laravel\framework\src\Illuminate\Foundation\Testing\RefreshDatabase.php:93
C:\projetos\sistema\backend\vendor\laravel\framework\src\Illuminate\Foundation\Testing\RefreshDatabase.php:25
C:\projetos\sistema\backend\vendor\laravel\framework\src\Illuminate\Foundation\Testing\Concerns\InteractsWithTestCaseLifecycle.php:217
C:\projetos\sistema\backend\vendor\laravel\framework\src\Illuminate\Foundation\Testing\Concerns\InteractsWithTestCaseLifecycle.php:101
C:\projetos\sistema\backend\vendor\laravel\framework\src\Illuminate\Foundation\Testing\TestCase.php:63
C:\projetos\sistema\backend\tests\Feature\ScheduleProfessionalTest.php:29</error>
        </testcase>
        <testcase name="test_schedule_conflicts_endpoint_works" file="C:\projetos\sistema\backend\tests\Feature\ScheduleProfessionalTest.php" line="102" class="Tests\Feature\ScheduleProfessionalTest" classname="Tests.Feature.ScheduleProfessionalTest" assertions="0" time="0.000000">
          <error type="PDOException">Tests\Feature\ScheduleProfessionalTest::test_schedule_conflicts_endpoint_works&#13;
PDOException: There is already an active transaction
&#13;
C:\projetos\sistema\backend\vendor\laravel\framework\src\Illuminate\Database\SQLiteConnection.php:38
C:\projetos\sistema\backend\vendor\laravel\framework\src\Illuminate\Database\Concerns\ManagesTransactions.php:154
C:\projetos\sistema\backend\vendor\laravel\framework\src\Illuminate\Database\Concerns\ManagesTransactions.php:130
C:\projetos\sistema\backend\vendor\laravel\framework\src\Illuminate\Foundation\Testing\RefreshDatabase.php:147
C:\projetos\sistema\backend\vendor\laravel\framework\src\Illuminate\Foundation\Testing\RefreshDatabase.php:93
C:\projetos\sistema\backend\vendor\laravel\framework\src\Illuminate\Foundation\Testing\RefreshDatabase.php:25
C:\projetos\sistema\backend\vendor\laravel\framework\src\Illuminate\Foundation\Testing\Concerns\InteractsWithTestCaseLifecycle.php:217
C:\projetos\sistema\backend\vendor\laravel\framework\src\Illuminate\Foundation\Testing\Concerns\InteractsWithTestCaseLifecycle.php:101
C:\projetos\sistema\backend\vendor\laravel\framework\src\Illuminate\Foundation\Testing\TestCase.php:63
C:\projetos\sistema\backend\tests\Feature\ScheduleProfessionalTest.php:29</error>
        </testcase>
        <testcase name="test_schedule_workload_summary_returns_data" file="C:\projetos\sistema\backend\tests\Feature\ScheduleProfessionalTest.php" line="109" class="Tests\Feature\ScheduleProfessionalTest" classname="Tests.Feature.ScheduleProfessionalTest" assertions="0" time="0.000000">
          <error type="PDOException">Tests\Feature\ScheduleProfessionalTest::test_schedule_workload_summary_returns_data&#13;
PDOException: There is already an active transaction
&#13;
C:\projetos\sistema\backend\vendor\laravel\framework\src\Illuminate\Database\SQLiteConnection.php:38
C:\projetos\sistema\backend\vendor\laravel\framework\src\Illuminate\Database\Concerns\ManagesTransactions.php:154
C:\projetos\sistema\backend\vendor\laravel\framework\src\Illuminate\Database\Concerns\ManagesTransactions.php:130
C:\projetos\sistema\backend\vendor\laravel\framework\src\Illuminate\Foundation\Testing\RefreshDatabase.php:147
C:\projetos\sistema\backend\vendor\laravel\framework\src\Illuminate\Foundation\Testing\RefreshDatabase.php:93
C:\projetos\sistema\backend\vendor\laravel\framework\src\Illuminate\Foundation\Testing\RefreshDatabase.php:25
C:\projetos\sistema\backend\vendor\laravel\framework\src\Illuminate\Foundation\Testing\Concerns\InteractsWithTestCaseLifecycle.php:217
C:\projetos\sistema\backend\vendor\laravel\framework\src\Illuminate\Foundation\Testing\Concerns\InteractsWithTestCaseLifecycle.php:101
C:\projetos\sistema\backend\vendor\laravel\framework\src\Illuminate\Foundation\Testing\TestCase.php:63
C:\projetos\sistema\backend\tests\Feature\ScheduleProfessionalTest.php:29</error>
        </testcase>
        <testcase name="test_start_time_entry_creates_record_with_start_time" file="C:\projetos\sistema\backend\tests\Feature\ScheduleProfessionalTest.php" line="118" class="Tests\Feature\ScheduleProfessionalTest" classname="Tests.Feature.ScheduleProfessionalTest" assertions="0" time="0.000000">
          <error type="PDOException">Tests\Feature\ScheduleProfessionalTest::test_start_time_entry_creates_record_with_start_time&#13;
PDOException: There is already an active transaction
&#13;
C:\projetos\sistema\backend\vendor\laravel\framework\src\Illuminate\Database\SQLiteConnection.php:38
C:\projetos\sistema\backend\vendor\laravel\framework\src\Illuminate\Database\Concerns\ManagesTransactions.php:154
C:\projetos\sistema\backend\vendor\laravel\framework\src\Illuminate\Database\Concerns\ManagesTransactions.php:130
C:\projetos\sistema\backend\vendor\laravel\framework\src\Illuminate\Foundation\Testing\RefreshDatabase.php:147
C:\projetos\sistema\backend\vendor\laravel\framework\src\Illuminate\Foundation\Testing\RefreshDatabase.php:93
C:\projetos\sistema\backend\vendor\laravel\framework\src\Illuminate\Foundation\Testing\RefreshDatabase.php:25
C:\projetos\sistema\backend\vendor\laravel\framework\src\Illuminate\Foundation\Testing\Concerns\InteractsWithTestCaseLifecycle.php:217
C:\projetos\sistema\backend\vendor\laravel\framework\src\Illuminate\Foundation\Testing\Concerns\InteractsWithTestCaseLifecycle.php:101
C:\projetos\sistema\backend\vendor\laravel\framework\src\Illuminate\Foundation\Testing\TestCase.php:63
C:\projetos\sistema\backend\tests\Feature\ScheduleProfessionalTest.php:29</error>
        </testcase>
        <testcase name="test_stop_time_entry_sets_end_time_and_calculates_duration" file="C:\projetos\sistema\backend\tests\Feature\ScheduleProfessionalTest.php" line="143" class="Tests\Feature\ScheduleProfessionalTest" classname="Tests.Feature.ScheduleProfessionalTest" assertions="0" time="0.000000">
          <error type="PDOException">Tests\Feature\ScheduleProfessionalTest::test_stop_time_entry_sets_end_time_and_calculates_duration&#13;
PDOException: There is already an active transaction
&#13;
C:\projetos\sistema\backend\vendor\laravel\framework\src\Illuminate\Database\SQLiteConnection.php:38
C:\projetos\sistema\backend\vendor\laravel\framework\src\Illuminate\Database\Concerns\ManagesTransactions.php:154
C:\projetos\sistema\backend\vendor\laravel\framework\src\Illuminate\Database\Concerns\ManagesTransactions.php:130
C:\projetos\sistema\backend\vendor\laravel\framework\src\Illuminate\Foundation\Testing\RefreshDatabase.php:147
C:\projetos\sistema\backend\vendor\laravel\framework\src\Illuminate\Foundation\Testing\RefreshDatabase.php:93
C:\projetos\sistema\backend\vendor\laravel\framework\src\Illuminate\Foundation\Testing\RefreshDatabase.php:25
C:\projetos\sistema\backend\vendor\laravel\framework\src\Illuminate\Foundation\Testing\Concerns\InteractsWithTestCaseLifecycle.php:217
C:\projetos\sistema\backend\vendor\laravel\framework\src\Illuminate\Foundation\Testing\Concerns\InteractsWithTestCaseLifecycle.php:101
C:\projetos\sistema\backend\vendor\laravel\framework\src\Illuminate\Foundation\Testing\TestCase.php:63
C:\projetos\sistema\backend\tests\Feature\ScheduleProfessionalTest.php:29</error>
        </testcase>
        <testcase name="test_list_time_entries_returns_data" file="C:\projetos\sistema\backend\tests\Feature\ScheduleProfessionalTest.php" line="169" class="Tests\Feature\ScheduleProfessionalTest" classname="Tests.Feature.ScheduleProfessionalTest" assertions="0" time="0.000000">
          <error type="PDOException">Tests\Feature\ScheduleProfessionalTest::test_list_time_entries_returns_data&#13;
PDOException: There is already an active transaction
&#13;
C:\projetos\sistema\backend\vendor\laravel\framework\src\Illuminate\Database\SQLiteConnection.php:38
C:\projetos\sistema\backend\vendor\laravel\framework\src\Illuminate\Database\Concerns\ManagesTransactions.php:154
C:\projetos\sistema\backend\vendor\laravel\framework\src\Illuminate\Database\Concerns\ManagesTransactions.php:130
C:\projetos\sistema\backend\vendor\laravel\framework\src\Illuminate\Foundation\Testing\RefreshDatabase.php:147
C:\projetos\sistema\backend\vendor\laravel\framework\src\Illuminate\Foundation\Testing\RefreshDatabase.php:93
C:\projetos\sistema\backend\vendor\laravel\framework\src\Illuminate\Foundation\Testing\RefreshDatabase.php:25
C:\projetos\sistema\backend\vendor\laravel\framework\src\Illuminate\Foundation\Testing\Concerns\InteractsWithTestCaseLifecycle.php:217
C:\projetos\sistema\backend\vendor\laravel\framework\src\Illuminate\Foundation\Testing\Concerns\InteractsWithTestCaseLifecycle.php:101
C:\projetos\sistema\backend\vendor\laravel\framework\src\Illuminate\Foundation\Testing\TestCase.php:63
C:\projetos\sistema\backend\tests\Feature\ScheduleProfessionalTest.php:29</error>
        </testcase>
        <testcase name="test_time_entries_summary_returns_aggregated_data" file="C:\projetos\sistema\backend\tests\Feature\ScheduleProfessionalTest.php" line="176" class="Tests\Feature\ScheduleProfessionalTest" classname="Tests.Feature.ScheduleProfessionalTest" assertions="0" time="0.000000">
          <error type="PDOException">Tests\Feature\ScheduleProfessionalTest::test_time_entries_summary_returns_aggregated_data&#13;
PDOException: There is already an active transaction
&#13;
C:\projetos\sistema\backend\vendor\laravel\framework\src\Illuminate\Database\SQLiteConnection.php:38
C:\projetos\sistema\backend\vendor\laravel\framework\src\Illuminate\Database\Concerns\ManagesTransactions.php:154
C:\projetos\sistema\backend\vendor\laravel\framework\src\Illuminate\Database\Concerns\ManagesTransactions.php:130
C:\projetos\sistema\backend\vendor\laravel\framework\src\Illuminate\Foundation\Testing\RefreshDatabase.php:147
C:\projetos\sistema\backend\vendor\laravel\framework\src\Illuminate\Foundation\Testing\RefreshDatabase.php:93
C:\projetos\sistema\backend\vendor\laravel\framework\src\Illuminate\Foundation\Testing\RefreshDatabase.php:25
C:\projetos\sistema\backend\vendor\laravel\framework\src\Illuminate\Foundation\Testing\Concerns\InteractsWithTestCaseLifecycle.php:217
C:\projetos\sistema\backend\vendor\laravel\framework\src\Illuminate\Foundation\Testing\Concerns\InteractsWithTestCaseLifecycle.php:101
C:\projetos\sistema\backend\vendor\laravel\framework\src\Illuminate\Foundation\Testing\TestCase.php:63
C:\projetos\sistema\backend\tests\Feature\ScheduleProfessionalTest.php:29</error>
        </testcase>
        <testcase name="test_cannot_start_two_entries_simultaneously" file="C:\projetos\sistema\backend\tests\Feature\ScheduleProfessionalTest.php" line="185" class="Tests\Feature\ScheduleProfessionalTest" classname="Tests.Feature.ScheduleProfessionalTest" assertions="0" time="0.000000">
          <error type="PDOException">Tests\Feature\ScheduleProfessionalTest::test_cannot_start_two_entries_simultaneously&#13;
PDOException: There is already an active transaction
&#13;
C:\projetos\sistema\backend\vendor\laravel\framework\src\Illuminate\Database\SQLiteConnection.php:38
C:\projetos\sistema\backend\vendor\laravel\framework\src\Illuminate\Database\Concerns\ManagesTransactions.php:154
C:\projetos\sistema\backend\vendor\laravel\framework\src\Illuminate\Database\Concerns\ManagesTransactions.php:130
C:\projetos\sistema\backend\vendor\laravel\framework\src\Illuminate\Foundation\Testing\RefreshDatabase.php:147
C:\projetos\sistema\backend\vendor\laravel\framework\src\Illuminate\Foundation\Testing\RefreshDatabase.php:93
C:\projetos\sistema\backend\vendor\laravel\framework\src\Illuminate\Foundation\Testing\RefreshDatabase.php:25
C:\projetos\sistema\backend\vendor\laravel\framework\src\Illuminate\Foundation\Testing\Concerns\InteractsWithTestCaseLifecycle.php:217
C:\projetos\sistema\backend\vendor\laravel\framework\src\Illuminate\Foundation\Testing\Concerns\InteractsWithTestCaseLifecycle.php:101
C:\projetos\sistema\backend\vendor\laravel\framework\src\Illuminate\Foundation\Testing\TestCase.php:63
C:\projetos\sistema\backend\tests\Feature\ScheduleProfessionalTest.php:29</error>
        </testcase>
      </testsuite>
      <testsuite name="Tests\Feature\ScheduleTimeEntryTest" file="C:\projetos\sistema\backend\tests\Feature\ScheduleTimeEntryTest.php" tests="8" assertions="0" errors="8" failures="0" skipped="0" time="0.000000">
        <testcase name="test_list_schedules" file="C:\projetos\sistema\backend\tests\Feature\ScheduleTimeEntryTest.php" line="45" class="Tests\Feature\ScheduleTimeEntryTest" classname="Tests.Feature.ScheduleTimeEntryTest" assertions="0" time="0.000000">
          <error type="PDOException">Tests\Feature\ScheduleTimeEntryTest::test_list_schedules&#13;
PDOException: There is already an active transaction
&#13;
C:\projetos\sistema\backend\vendor\laravel\framework\src\Illuminate\Database\SQLiteConnection.php:38
C:\projetos\sistema\backend\vendor\laravel\framework\src\Illuminate\Database\Concerns\ManagesTransactions.php:154
C:\projetos\sistema\backend\vendor\laravel\framework\src\Illuminate\Database\Concerns\ManagesTransactions.php:130
C:\projetos\sistema\backend\vendor\laravel\framework\src\Illuminate\Foundation\Testing\RefreshDatabase.php:147
C:\projetos\sistema\backend\vendor\laravel\framework\src\Illuminate\Foundation\Testing\RefreshDatabase.php:93
C:\projetos\sistema\backend\vendor\laravel\framework\src\Illuminate\Foundation\Testing\RefreshDatabase.php:25
C:\projetos\sistema\backend\vendor\laravel\framework\src\Illuminate\Foundation\Testing\Concerns\InteractsWithTestCaseLifecycle.php:217
C:\projetos\sistema\backend\vendor\laravel\framework\src\Illuminate\Foundation\Testing\Concerns\InteractsWithTestCaseLifecycle.php:101
C:\projetos\sistema\backend\vendor\laravel\framework\src\Illuminate\Foundation\Testing\TestCase.php:63
C:\projetos\sistema\backend\tests\Feature\ScheduleTimeEntryTest.php:26</error>
        </testcase>
        <testcase name="test_unified_schedule_view" file="C:\projetos\sistema\backend\tests\Feature\ScheduleTimeEntryTest.php" line="51" class="Tests\Feature\ScheduleTimeEntryTest" classname="Tests.Feature.ScheduleTimeEntryTest" assertions="0" time="0.000000">
          <error type="PDOException">Tests\Feature\ScheduleTimeEntryTest::test_unified_schedule_view&#13;
PDOException: There is already an active transaction
&#13;
C:\projetos\sistema\backend\vendor\laravel\framework\src\Illuminate\Database\SQLiteConnection.php:38
C:\projetos\sistema\backend\vendor\laravel\framework\src\Illuminate\Database\Concerns\ManagesTransactions.php:154
C:\projetos\sistema\backend\vendor\laravel\framework\src\Illuminate\Database\Concerns\ManagesTransactions.php:130
C:\projetos\sistema\backend\vendor\laravel\framework\src\Illuminate\Foundation\Testing\RefreshDatabase.php:147
C:\projetos\sistema\backend\vendor\laravel\framework\src\Illuminate\Foundation\Testing\RefreshDatabase.php:93
C:\projetos\sistema\backend\vendor\laravel\framework\src\Illuminate\Foundation\Testing\RefreshDatabase.php:25
C:\projetos\sistema\backend\vendor\laravel\framework\src\Illuminate\Foundation\Testing\Concerns\InteractsWithTestCaseLifecycle.php:217
C:\projetos\sistema\backend\vendor\laravel\framework\src\Illuminate\Foundation\Testing\Concerns\InteractsWithTestCaseLifecycle.php:101
C:\projetos\sistema\backend\vendor\laravel\framework\src\Illuminate\Foundation\Testing\TestCase.php:63
C:\projetos\sistema\backend\tests\Feature\ScheduleTimeEntryTest.php:26</error>
        </testcase>
        <testcase name="test_create_schedule" file="C:\projetos\sistema\backend\tests\Feature\ScheduleTimeEntryTest.php" line="57" class="Tests\Feature\ScheduleTimeEntryTest" classname="Tests.Feature.ScheduleTimeEntryTest" assertions="0" time="0.000000">
          <error type="PDOException">Tests\Feature\ScheduleTimeEntryTest::test_create_schedule&#13;
PDOException: There is already an active transaction
&#13;
C:\projetos\sistema\backend\vendor\laravel\framework\src\Illuminate\Database\SQLiteConnection.php:38
C:\projetos\sistema\backend\vendor\laravel\framework\src\Illuminate\Database\Concerns\ManagesTransactions.php:154
C:\projetos\sistema\backend\vendor\laravel\framework\src\Illuminate\Database\Concerns\ManagesTransactions.php:130
C:\projetos\sistema\backend\vendor\laravel\framework\src\Illuminate\Foundation\Testing\RefreshDatabase.php:147
C:\projetos\sistema\backend\vendor\laravel\framework\src\Illuminate\Foundation\Testing\RefreshDatabase.php:93
C:\projetos\sistema\backend\vendor\laravel\framework\src\Illuminate\Foundation\Testing\RefreshDatabase.php:25
C:\projetos\sistema\backend\vendor\laravel\framework\src\Illuminate\Foundation\Testing\Concerns\InteractsWithTestCaseLifecycle.php:217
C:\projetos\sistema\backend\vendor\laravel\framework\src\Illuminate\Foundation\Testing\Concerns\InteractsWithTestCaseLifecycle.php:101
C:\projetos\sistema\backend\vendor\laravel\framework\src\Illuminate\Foundation\Testing\TestCase.php:63
C:\projetos\sistema\backend\tests\Feature\ScheduleTimeEntryTest.php:26</error>
        </testcase>
        <testcase name="test_schedule_conflicts" file="C:\projetos\sistema\backend\tests\Feature\ScheduleTimeEntryTest.php" line="73" class="Tests\Feature\ScheduleTimeEntryTest" classname="Tests.Feature.ScheduleTimeEntryTest" assertions="0" time="0.000000">
          <error type="PDOException">Tests\Feature\ScheduleTimeEntryTest::test_schedule_conflicts&#13;
PDOException: There is already an active transaction
&#13;
C:\projetos\sistema\backend\vendor\laravel\framework\src\Illuminate\Database\SQLiteConnection.php:38
C:\projetos\sistema\backend\vendor\laravel\framework\src\Illuminate\Database\Concerns\ManagesTransactions.php:154
C:\projetos\sistema\backend\vendor\laravel\framework\src\Illuminate\Database\Concerns\ManagesTransactions.php:130
C:\projetos\sistema\backend\vendor\laravel\framework\src\Illuminate\Foundation\Testing\RefreshDatabase.php:147
C:\projetos\sistema\backend\vendor\laravel\framework\src\Illuminate\Foundation\Testing\RefreshDatabase.php:93
C:\projetos\sistema\backend\vendor\laravel\framework\src\Illuminate\Foundation\Testing\RefreshDatabase.php:25
C:\projetos\sistema\backend\vendor\laravel\framework\src\Illuminate\Foundation\Testing\Concerns\InteractsWithTestCaseLifecycle.php:217
C:\projetos\sistema\backend\vendor\laravel\framework\src\Illuminate\Foundation\Testing\Concerns\InteractsWithTestCaseLifecycle.php:101
C:\projetos\sistema\backend\vendor\laravel\framework\src\Illuminate\Foundation\Testing\TestCase.php:63
C:\projetos\sistema\backend\tests\Feature\ScheduleTimeEntryTest.php:26</error>
        </testcase>
        <testcase name="test_schedule_workload_summary" file="C:\projetos\sistema\backend\tests\Feature\ScheduleTimeEntryTest.php" line="79" class="Tests\Feature\ScheduleTimeEntryTest" classname="Tests.Feature.ScheduleTimeEntryTest" assertions="0" time="0.000000">
          <error type="PDOException">Tests\Feature\ScheduleTimeEntryTest::test_schedule_workload_summary&#13;
PDOException: There is already an active transaction
&#13;
C:\projetos\sistema\backend\vendor\laravel\framework\src\Illuminate\Database\SQLiteConnection.php:38
C:\projetos\sistema\backend\vendor\laravel\framework\src\Illuminate\Database\Concerns\ManagesTransactions.php:154
C:\projetos\sistema\backend\vendor\laravel\framework\src\Illuminate\Database\Concerns\ManagesTransactions.php:130
C:\projetos\sistema\backend\vendor\laravel\framework\src\Illuminate\Foundation\Testing\RefreshDatabase.php:147
C:\projetos\sistema\backend\vendor\laravel\framework\src\Illuminate\Foundation\Testing\RefreshDatabase.php:93
C:\projetos\sistema\backend\vendor\laravel\framework\src\Illuminate\Foundation\Testing\RefreshDatabase.php:25
C:\projetos\sistema\backend\vendor\laravel\framework\src\Illuminate\Foundation\Testing\Concerns\InteractsWithTestCaseLifecycle.php:217
C:\projetos\sistema\backend\vendor\laravel\framework\src\Illuminate\Foundation\Testing\Concerns\InteractsWithTestCaseLifecycle.php:101
C:\projetos\sistema\backend\vendor\laravel\framework\src\Illuminate\Foundation\Testing\TestCase.php:63
C:\projetos\sistema\backend\tests\Feature\ScheduleTimeEntryTest.php:26</error>
        </testcase>
        <testcase name="test_list_time_entries" file="C:\projetos\sistema\backend\tests\Feature\ScheduleTimeEntryTest.php" line="87" class="Tests\Feature\ScheduleTimeEntryTest" classname="Tests.Feature.ScheduleTimeEntryTest" assertions="0" time="0.000000">
          <error type="PDOException">Tests\Feature\ScheduleTimeEntryTest::test_list_time_entries&#13;
PDOException: There is already an active transaction
&#13;
C:\projetos\sistema\backend\vendor\laravel\framework\src\Illuminate\Database\SQLiteConnection.php:38
C:\projetos\sistema\backend\vendor\laravel\framework\src\Illuminate\Database\Concerns\ManagesTransactions.php:154
C:\projetos\sistema\backend\vendor\laravel\framework\src\Illuminate\Database\Concerns\ManagesTransactions.php:130
C:\projetos\sistema\backend\vendor\laravel\framework\src\Illuminate\Foundation\Testing\RefreshDatabase.php:147
C:\projetos\sistema\backend\vendor\laravel\framework\src\Illuminate\Foundation\Testing\RefreshDatabase.php:93
C:\projetos\sistema\backend\vendor\laravel\framework\src\Illuminate\Foundation\Testing\RefreshDatabase.php:25
C:\projetos\sistema\backend\vendor\laravel\framework\src\Illuminate\Foundation\Testing\Concerns\InteractsWithTestCaseLifecycle.php:217
C:\projetos\sistema\backend\vendor\laravel\framework\src\Illuminate\Foundation\Testing\Concerns\InteractsWithTestCaseLifecycle.php:101
C:\projetos\sistema\backend\vendor\laravel\framework\src\Illuminate\Foundation\Testing\TestCase.php:63
C:\projetos\sistema\backend\tests\Feature\ScheduleTimeEntryTest.php:26</error>
        </testcase>
        <testcase name="test_time_entries_summary" file="C:\projetos\sistema\backend\tests\Feature\ScheduleTimeEntryTest.php" line="93" class="Tests\Feature\ScheduleTimeEntryTest" classname="Tests.Feature.ScheduleTimeEntryTest" assertions="0" time="0.000000">
          <error type="PDOException">Tests\Feature\ScheduleTimeEntryTest::test_time_entries_summary&#13;
PDOException: There is already an active transaction
&#13;
C:\projetos\sistema\backend\vendor\laravel\framework\src\Illuminate\Database\SQLiteConnection.php:38
C:\projetos\sistema\backend\vendor\laravel\framework\src\Illuminate\Database\Concerns\ManagesTransactions.php:154
C:\projetos\sistema\backend\vendor\laravel\framework\src\Illuminate\Database\Concerns\ManagesTransactions.php:130
C:\projetos\sistema\backend\vendor\laravel\framework\src\Illuminate\Foundation\Testing\RefreshDatabase.php:147
C:\projetos\sistema\backend\vendor\laravel\framework\src\Illuminate\Foundation\Testing\RefreshDatabase.php:93
C:\projetos\sistema\backend\vendor\laravel\framework\src\Illuminate\Foundation\Testing\RefreshDatabase.php:25
C:\projetos\sistema\backend\vendor\laravel\framework\src\Illuminate\Foundation\Testing\Concerns\InteractsWithTestCaseLifecycle.php:217
C:\projetos\sistema\backend\vendor\laravel\framework\src\Illuminate\Foundation\Testing\Concerns\InteractsWithTestCaseLifecycle.php:101
C:\projetos\sistema\backend\vendor\laravel\framework\src\Illuminate\Foundation\Testing\TestCase.php:63
C:\projetos\sistema\backend\tests\Feature\ScheduleTimeEntryTest.php:26</error>
        </testcase>
        <testcase name="test_start_time_entry" file="C:\projetos\sistema\backend\tests\Feature\ScheduleTimeEntryTest.php" line="99" class="Tests\Feature\ScheduleTimeEntryTest" classname="Tests.Feature.ScheduleTimeEntryTest" assertions="0" time="0.000000">
          <error type="PDOException">Tests\Feature\ScheduleTimeEntryTest::test_start_time_entry&#13;
PDOException: There is already an active transaction
&#13;
C:\projetos\sistema\backend\vendor\laravel\framework\src\Illuminate\Database\SQLiteConnection.php:38
C:\projetos\sistema\backend\vendor\laravel\framework\src\Illuminate\Database\Concerns\ManagesTransactions.php:154
C:\projetos\sistema\backend\vendor\laravel\framework\src\Illuminate\Database\Concerns\ManagesTransactions.php:130
C:\projetos\sistema\backend\vendor\laravel\framework\src\Illuminate\Foundation\Testing\RefreshDatabase.php:147
C:\projetos\sistema\backend\vendor\laravel\framework\src\Illuminate\Foundation\Testing\RefreshDatabase.php:93
C:\projetos\sistema\backend\vendor\laravel\framework\src\Illuminate\Foundation\Testing\RefreshDatabase.php:25
C:\projetos\sistema\backend\vendor\laravel\framework\src\Illuminate\Foundation\Testing\Concerns\InteractsWithTestCaseLifecycle.php:217
C:\projetos\sistema\backend\vendor\laravel\framework\src\Illuminate\Foundation\Testing\Concerns\InteractsWithTestCaseLifecycle.php:101
C:\projetos\sistema\backend\vendor\laravel\framework\src\Illuminate\Foundation\Testing\TestCase.php:63
C:\projetos\sistema\backend\tests\Feature\ScheduleTimeEntryTest.php:26</error>
        </testcase>
      </testsuite>
      <testsuite name="Tests\Feature\SecurityHardeningTest" file="C:\projetos\sistema\backend\tests\Feature\SecurityHardeningTest.php" tests="10" assertions="0" errors="10" failures="0" skipped="0" time="0.000000">
        <testcase name="test_sql_injection_in_customer_search_blocked" file="C:\projetos\sistema\backend\tests\Feature\SecurityHardeningTest.php" line="58" class="Tests\Feature\SecurityHardeningTest" classname="Tests.Feature.SecurityHardeningTest" assertions="0" time="0.000000">
          <error type="PDOException">Tests\Feature\SecurityHardeningTest::test_sql_injection_in_customer_search_blocked&#13;
PDOException: There is already an active transaction
&#13;
C:\projetos\sistema\backend\vendor\laravel\framework\src\Illuminate\Database\SQLiteConnection.php:38
C:\projetos\sistema\backend\vendor\laravel\framework\src\Illuminate\Database\Concerns\ManagesTransactions.php:154
C:\projetos\sistema\backend\vendor\laravel\framework\src\Illuminate\Database\Concerns\ManagesTransactions.php:130
C:\projetos\sistema\backend\vendor\laravel\framework\src\Illuminate\Foundation\Testing\RefreshDatabase.php:147
C:\projetos\sistema\backend\vendor\laravel\framework\src\Illuminate\Foundation\Testing\RefreshDatabase.php:93
C:\projetos\sistema\backend\vendor\laravel\framework\src\Illuminate\Foundation\Testing\RefreshDatabase.php:25
C:\projetos\sistema\backend\vendor\laravel\framework\src\Illuminate\Foundation\Testing\Concerns\InteractsWithTestCaseLifecycle.php:217
C:\projetos\sistema\backend\vendor\laravel\framework\src\Illuminate\Foundation\Testing\Concerns\InteractsWithTestCaseLifecycle.php:101
C:\projetos\sistema\backend\vendor\laravel\framework\src\Illuminate\Foundation\Testing\TestCase.php:63
C:\projetos\sistema\backend\tests\Feature\SecurityHardeningTest.php:29</error>
        </testcase>
        <testcase name="test_sql_injection_in_work_order_search_blocked" file="C:\projetos\sistema\backend\tests\Feature\SecurityHardeningTest.php" line="76" class="Tests\Feature\SecurityHardeningTest" classname="Tests.Feature.SecurityHardeningTest" assertions="0" time="0.000000">
          <error type="PDOException">Tests\Feature\SecurityHardeningTest::test_sql_injection_in_work_order_search_blocked&#13;
PDOException: There is already an active transaction
&#13;
C:\projetos\sistema\backend\vendor\laravel\framework\src\Illuminate\Database\SQLiteConnection.php:38
C:\projetos\sistema\backend\vendor\laravel\framework\src\Illuminate\Database\Concerns\ManagesTransactions.php:154
C:\projetos\sistema\backend\vendor\laravel\framework\src\Illuminate\Database\Concerns\ManagesTransactions.php:130
C:\projetos\sistema\backend\vendor\laravel\framework\src\Illuminate\Foundation\Testing\RefreshDatabase.php:147
C:\projetos\sistema\backend\vendor\laravel\framework\src\Illuminate\Foundation\Testing\RefreshDatabase.php:93
C:\projetos\sistema\backend\vendor\laravel\framework\src\Illuminate\Foundation\Testing\RefreshDatabase.php:25
C:\projetos\sistema\backend\vendor\laravel\framework\src\Illuminate\Foundation\Testing\Concerns\InteractsWithTestCaseLifecycle.php:217
C:\projetos\sistema\backend\vendor\laravel\framework\src\Illuminate\Foundation\Testing\Concerns\InteractsWithTestCaseLifecycle.php:101
C:\projetos\sistema\backend\vendor\laravel\framework\src\Illuminate\Foundation\Testing\TestCase.php:63
C:\projetos\sistema\backend\tests\Feature\SecurityHardeningTest.php:29</error>
        </testcase>
        <testcase name="test_xss_in_customer_name_is_stored_escaped" file="C:\projetos\sistema\backend\tests\Feature\SecurityHardeningTest.php" line="87" class="Tests\Feature\SecurityHardeningTest" classname="Tests.Feature.SecurityHardeningTest" assertions="0" time="0.000000">
          <error type="PDOException">Tests\Feature\SecurityHardeningTest::test_xss_in_customer_name_is_stored_escaped&#13;
PDOException: There is already an active transaction
&#13;
C:\projetos\sistema\backend\vendor\laravel\framework\src\Illuminate\Database\SQLiteConnection.php:38
C:\projetos\sistema\backend\vendor\laravel\framework\src\Illuminate\Database\Concerns\ManagesTransactions.php:154
C:\projetos\sistema\backend\vendor\laravel\framework\src\Illuminate\Database\Concerns\ManagesTransactions.php:130
C:\projetos\sistema\backend\vendor\laravel\framework\src\Illuminate\Foundation\Testing\RefreshDatabase.php:147
C:\projetos\sistema\backend\vendor\laravel\framework\src\Illuminate\Foundation\Testing\RefreshDatabase.php:93
C:\projetos\sistema\backend\vendor\laravel\framework\src\Illuminate\Foundation\Testing\RefreshDatabase.php:25
C:\projetos\sistema\backend\vendor\laravel\framework\src\Illuminate\Foundation\Testing\Concerns\InteractsWithTestCaseLifecycle.php:217
C:\projetos\sistema\backend\vendor\laravel\framework\src\Illuminate\Foundation\Testing\Concerns\InteractsWithTestCaseLifecycle.php:101
C:\projetos\sistema\backend\vendor\laravel\framework\src\Illuminate\Foundation\Testing\TestCase.php:63
C:\projetos\sistema\backend\tests\Feature\SecurityHardeningTest.php:29</error>
        </testcase>
        <testcase name="test_mass_assignment_tenant_id_blocked_on_customer" file="C:\projetos\sistema\backend\tests\Feature\SecurityHardeningTest.php" line="104" class="Tests\Feature\SecurityHardeningTest" classname="Tests.Feature.SecurityHardeningTest" assertions="0" time="0.000000">
          <error type="PDOException">Tests\Feature\SecurityHardeningTest::test_mass_assignment_tenant_id_blocked_on_customer&#13;
PDOException: There is already an active transaction
&#13;
C:\projetos\sistema\backend\vendor\laravel\framework\src\Illuminate\Database\SQLiteConnection.php:38
C:\projetos\sistema\backend\vendor\laravel\framework\src\Illuminate\Database\Concerns\ManagesTransactions.php:154
C:\projetos\sistema\backend\vendor\laravel\framework\src\Illuminate\Database\Concerns\ManagesTransactions.php:130
C:\projetos\sistema\backend\vendor\laravel\framework\src\Illuminate\Foundation\Testing\RefreshDatabase.php:147
C:\projetos\sistema\backend\vendor\laravel\framework\src\Illuminate\Foundation\Testing\RefreshDatabase.php:93
C:\projetos\sistema\backend\vendor\laravel\framework\src\Illuminate\Foundation\Testing\RefreshDatabase.php:25
C:\projetos\sistema\backend\vendor\laravel\framework\src\Illuminate\Foundation\Testing\Concerns\InteractsWithTestCaseLifecycle.php:217
C:\projetos\sistema\backend\vendor\laravel\framework\src\Illuminate\Foundation\Testing\Concerns\InteractsWithTestCaseLifecycle.php:101
C:\projetos\sistema\backend\vendor\laravel\framework\src\Illuminate\Foundation\Testing\TestCase.php:63
C:\projetos\sistema\backend\tests\Feature\SecurityHardeningTest.php:29</error>
        </testcase>
        <testcase name="test_mass_assignment_tenant_id_blocked_on_work_order" file="C:\projetos\sistema\backend\tests\Feature\SecurityHardeningTest.php" line="121" class="Tests\Feature\SecurityHardeningTest" classname="Tests.Feature.SecurityHardeningTest" assertions="0" time="0.000000">
          <error type="PDOException">Tests\Feature\SecurityHardeningTest::test_mass_assignment_tenant_id_blocked_on_work_order&#13;
PDOException: There is already an active transaction
&#13;
C:\projetos\sistema\backend\vendor\laravel\framework\src\Illuminate\Database\SQLiteConnection.php:38
C:\projetos\sistema\backend\vendor\laravel\framework\src\Illuminate\Database\Concerns\ManagesTransactions.php:154
C:\projetos\sistema\backend\vendor\laravel\framework\src\Illuminate\Database\Concerns\ManagesTransactions.php:130
C:\projetos\sistema\backend\vendor\laravel\framework\src\Illuminate\Foundation\Testing\RefreshDatabase.php:147
C:\projetos\sistema\backend\vendor\laravel\framework\src\Illuminate\Foundation\Testing\RefreshDatabase.php:93
C:\projetos\sistema\backend\vendor\laravel\framework\src\Illuminate\Foundation\Testing\RefreshDatabase.php:25
C:\projetos\sistema\backend\vendor\laravel\framework\src\Illuminate\Foundation\Testing\Concerns\InteractsWithTestCaseLifecycle.php:217
C:\projetos\sistema\backend\vendor\laravel\framework\src\Illuminate\Foundation\Testing\Concerns\InteractsWithTestCaseLifecycle.php:101
C:\projetos\sistema\backend\vendor\laravel\framework\src\Illuminate\Foundation\Testing\TestCase.php:63
C:\projetos\sistema\backend\tests\Feature\SecurityHardeningTest.php:29</error>
        </testcase>
        <testcase name="test_user_cannot_view_other_tenant_customer_by_id" file="C:\projetos\sistema\backend\tests\Feature\SecurityHardeningTest.php" line="142" class="Tests\Feature\SecurityHardeningTest" classname="Tests.Feature.SecurityHardeningTest" assertions="0" time="0.000000">
          <error type="PDOException">Tests\Feature\SecurityHardeningTest::test_user_cannot_view_other_tenant_customer_by_id&#13;
PDOException: There is already an active transaction
&#13;
C:\projetos\sistema\backend\vendor\laravel\framework\src\Illuminate\Database\SQLiteConnection.php:38
C:\projetos\sistema\backend\vendor\laravel\framework\src\Illuminate\Database\Concerns\ManagesTransactions.php:154
C:\projetos\sistema\backend\vendor\laravel\framework\src\Illuminate\Database\Concerns\ManagesTransactions.php:130
C:\projetos\sistema\backend\vendor\laravel\framework\src\Illuminate\Foundation\Testing\RefreshDatabase.php:147
C:\projetos\sistema\backend\vendor\laravel\framework\src\Illuminate\Foundation\Testing\RefreshDatabase.php:93
C:\projetos\sistema\backend\vendor\laravel\framework\src\Illuminate\Foundation\Testing\RefreshDatabase.php:25
C:\projetos\sistema\backend\vendor\laravel\framework\src\Illuminate\Foundation\Testing\Concerns\InteractsWithTestCaseLifecycle.php:217
C:\projetos\sistema\backend\vendor\laravel\framework\src\Illuminate\Foundation\Testing\Concerns\InteractsWithTestCaseLifecycle.php:101
C:\projetos\sistema\backend\vendor\laravel\framework\src\Illuminate\Foundation\Testing\TestCase.php:63
C:\projetos\sistema\backend\tests\Feature\SecurityHardeningTest.php:29</error>
        </testcase>
        <testcase name="test_user_cannot_update_other_tenant_customer" file="C:\projetos\sistema\backend\tests\Feature\SecurityHardeningTest.php" line="158" class="Tests\Feature\SecurityHardeningTest" classname="Tests.Feature.SecurityHardeningTest" assertions="0" time="0.000000">
          <error type="PDOException">Tests\Feature\SecurityHardeningTest::test_user_cannot_update_other_tenant_customer&#13;
PDOException: There is already an active transaction
&#13;
C:\projetos\sistema\backend\vendor\laravel\framework\src\Illuminate\Database\SQLiteConnection.php:38
C:\projetos\sistema\backend\vendor\laravel\framework\src\Illuminate\Database\Concerns\ManagesTransactions.php:154
C:\projetos\sistema\backend\vendor\laravel\framework\src\Illuminate\Database\Concerns\ManagesTransactions.php:130
C:\projetos\sistema\backend\vendor\laravel\framework\src\Illuminate\Foundation\Testing\RefreshDatabase.php:147
C:\projetos\sistema\backend\vendor\laravel\framework\src\Illuminate\Foundation\Testing\RefreshDatabase.php:93
C:\projetos\sistema\backend\vendor\laravel\framework\src\Illuminate\Foundation\Testing\RefreshDatabase.php:25
C:\projetos\sistema\backend\vendor\laravel\framework\src\Illuminate\Foundation\Testing\Concerns\InteractsWithTestCaseLifecycle.php:217
C:\projetos\sistema\backend\vendor\laravel\framework\src\Illuminate\Foundation\Testing\Concerns\InteractsWithTestCaseLifecycle.php:101
C:\projetos\sistema\backend\vendor\laravel\framework\src\Illuminate\Foundation\Testing\TestCase.php:63
C:\projetos\sistema\backend\tests\Feature\SecurityHardeningTest.php:29</error>
        </testcase>
        <testcase name="test_user_cannot_delete_other_tenant_customer" file="C:\projetos\sistema\backend\tests\Feature\SecurityHardeningTest.php" line="177" class="Tests\Feature\SecurityHardeningTest" classname="Tests.Feature.SecurityHardeningTest" assertions="0" time="0.000000">
          <error type="PDOException">Tests\Feature\SecurityHardeningTest::test_user_cannot_delete_other_tenant_customer&#13;
PDOException: There is already an active transaction
&#13;
C:\projetos\sistema\backend\vendor\laravel\framework\src\Illuminate\Database\SQLiteConnection.php:38
C:\projetos\sistema\backend\vendor\laravel\framework\src\Illuminate\Database\Concerns\ManagesTransactions.php:154
C:\projetos\sistema\backend\vendor\laravel\framework\src\Illuminate\Database\Concerns\ManagesTransactions.php:130
C:\projetos\sistema\backend\vendor\laravel\framework\src\Illuminate\Foundation\Testing\RefreshDatabase.php:147
C:\projetos\sistema\backend\vendor\laravel\framework\src\Illuminate\Foundation\Testing\RefreshDatabase.php:93
C:\projetos\sistema\backend\vendor\laravel\framework\src\Illuminate\Foundation\Testing\RefreshDatabase.php:25
C:\projetos\sistema\backend\vendor\laravel\framework\src\Illuminate\Foundation\Testing\Concerns\InteractsWithTestCaseLifecycle.php:217
C:\projetos\sistema\backend\vendor\laravel\framework\src\Illuminate\Foundation\Testing\Concerns\InteractsWithTestCaseLifecycle.php:101
C:\projetos\sistema\backend\vendor\laravel\framework\src\Illuminate\Foundation\Testing\TestCase.php:63
C:\projetos\sistema\backend\tests\Feature\SecurityHardeningTest.php:29</error>
        </testcase>
        <testcase name="test_user_response_does_not_contain_password_hash" file="C:\projetos\sistema\backend\tests\Feature\SecurityHardeningTest.php" line="195" class="Tests\Feature\SecurityHardeningTest" classname="Tests.Feature.SecurityHardeningTest" assertions="0" time="0.000000">
          <error type="PDOException">Tests\Feature\SecurityHardeningTest::test_user_response_does_not_contain_password_hash&#13;
PDOException: There is already an active transaction
&#13;
C:\projetos\sistema\backend\vendor\laravel\framework\src\Illuminate\Database\SQLiteConnection.php:38
C:\projetos\sistema\backend\vendor\laravel\framework\src\Illuminate\Database\Concerns\ManagesTransactions.php:154
C:\projetos\sistema\backend\vendor\laravel\framework\src\Illuminate\Database\Concerns\ManagesTransactions.php:130
C:\projetos\sistema\backend\vendor\laravel\framework\src\Illuminate\Foundation\Testing\RefreshDatabase.php:147
C:\projetos\sistema\backend\vendor\laravel\framework\src\Illuminate\Foundation\Testing\RefreshDatabase.php:93
C:\projetos\sistema\backend\vendor\laravel\framework\src\Illuminate\Foundation\Testing\RefreshDatabase.php:25
C:\projetos\sistema\backend\vendor\laravel\framework\src\Illuminate\Foundation\Testing\Concerns\InteractsWithTestCaseLifecycle.php:217
C:\projetos\sistema\backend\vendor\laravel\framework\src\Illuminate\Foundation\Testing\Concerns\InteractsWithTestCaseLifecycle.php:101
C:\projetos\sistema\backend\vendor\laravel\framework\src\Illuminate\Foundation\Testing\TestCase.php:63
C:\projetos\sistema\backend\tests\Feature\SecurityHardeningTest.php:29</error>
        </testcase>
        <testcase name="test_user_listing_does_not_expose_passwords" file="C:\projetos\sistema\backend\tests\Feature\SecurityHardeningTest.php" line="206" class="Tests\Feature\SecurityHardeningTest" classname="Tests.Feature.SecurityHardeningTest" assertions="0" time="0.000000">
          <error type="PDOException">Tests\Feature\SecurityHardeningTest::test_user_listing_does_not_expose_passwords&#13;
PDOException: There is already an active transaction
&#13;
C:\projetos\sistema\backend\vendor\laravel\framework\src\Illuminate\Database\SQLiteConnection.php:38
C:\projetos\sistema\backend\vendor\laravel\framework\src\Illuminate\Database\Concerns\ManagesTransactions.php:154
C:\projetos\sistema\backend\vendor\laravel\framework\src\Illuminate\Database\Concerns\ManagesTransactions.php:130
C:\projetos\sistema\backend\vendor\laravel\framework\src\Illuminate\Foundation\Testing\RefreshDatabase.php:147
C:\projetos\sistema\backend\vendor\laravel\framework\src\Illuminate\Foundation\Testing\RefreshDatabase.php:93
C:\projetos\sistema\backend\vendor\laravel\framework\src\Illuminate\Foundation\Testing\RefreshDatabase.php:25
C:\projetos\sistema\backend\vendor\laravel\framework\src\Illuminate\Foundation\Testing\Concerns\InteractsWithTestCaseLifecycle.php:217
C:\projetos\sistema\backend\vendor\laravel\framework\src\Illuminate\Foundation\Testing\Concerns\InteractsWithTestCaseLifecycle.php:101
C:\projetos\sistema\backend\vendor\laravel\framework\src\Illuminate\Foundation\Testing\TestCase.php:63
C:\projetos\sistema\backend\tests\Feature\SecurityHardeningTest.php:29</error>
        </testcase>
      </testsuite>
      <testsuite name="Tests\Feature\ServiceCallExtendedTest" file="C:\projetos\sistema\backend\tests\Feature\ServiceCallExtendedTest.php" tests="15" assertions="0" errors="15" failures="0" skipped="0" time="0.000000">
        <testcase name="test_service_calls_index_returns_list" file="C:\projetos\sistema\backend\tests\Feature\ServiceCallExtendedTest.php" line="49" class="Tests\Feature\ServiceCallExtendedTest" classname="Tests.Feature.ServiceCallExtendedTest" assertions="0" time="0.000000">
          <error type="PDOException">Tests\Feature\ServiceCallExtendedTest::test_service_calls_index_returns_list&#13;
PDOException: There is already an active transaction
&#13;
C:\projetos\sistema\backend\vendor\laravel\framework\src\Illuminate\Database\SQLiteConnection.php:38
C:\projetos\sistema\backend\vendor\laravel\framework\src\Illuminate\Database\Concerns\ManagesTransactions.php:154
C:\projetos\sistema\backend\vendor\laravel\framework\src\Illuminate\Database\Concerns\ManagesTransactions.php:130
C:\projetos\sistema\backend\vendor\laravel\framework\src\Illuminate\Foundation\Testing\RefreshDatabase.php:147
C:\projetos\sistema\backend\vendor\laravel\framework\src\Illuminate\Foundation\Testing\RefreshDatabase.php:93
C:\projetos\sistema\backend\vendor\laravel\framework\src\Illuminate\Foundation\Testing\RefreshDatabase.php:25
C:\projetos\sistema\backend\vendor\laravel\framework\src\Illuminate\Foundation\Testing\Concerns\InteractsWithTestCaseLifecycle.php:217
C:\projetos\sistema\backend\vendor\laravel\framework\src\Illuminate\Foundation\Testing\Concerns\InteractsWithTestCaseLifecycle.php:101
C:\projetos\sistema\backend\vendor\laravel\framework\src\Illuminate\Foundation\Testing\TestCase.php:63
C:\projetos\sistema\backend\tests\Feature\ServiceCallExtendedTest.php:27</error>
        </testcase>
        <testcase name="test_service_calls_summary_returns_stats" file="C:\projetos\sistema\backend\tests\Feature\ServiceCallExtendedTest.php" line="55" class="Tests\Feature\ServiceCallExtendedTest" classname="Tests.Feature.ServiceCallExtendedTest" assertions="0" time="0.000000">
          <error type="PDOException">Tests\Feature\ServiceCallExtendedTest::test_service_calls_summary_returns_stats&#13;
PDOException: There is already an active transaction
&#13;
C:\projetos\sistema\backend\vendor\laravel\framework\src\Illuminate\Database\SQLiteConnection.php:38
C:\projetos\sistema\backend\vendor\laravel\framework\src\Illuminate\Database\Concerns\ManagesTransactions.php:154
C:\projetos\sistema\backend\vendor\laravel\framework\src\Illuminate\Database\Concerns\ManagesTransactions.php:130
C:\projetos\sistema\backend\vendor\laravel\framework\src\Illuminate\Foundation\Testing\RefreshDatabase.php:147
C:\projetos\sistema\backend\vendor\laravel\framework\src\Illuminate\Foundation\Testing\RefreshDatabase.php:93
C:\projetos\sistema\backend\vendor\laravel\framework\src\Illuminate\Foundation\Testing\RefreshDatabase.php:25
C:\projetos\sistema\backend\vendor\laravel\framework\src\Illuminate\Foundation\Testing\Concerns\InteractsWithTestCaseLifecycle.php:217
C:\projetos\sistema\backend\vendor\laravel\framework\src\Illuminate\Foundation\Testing\Concerns\InteractsWithTestCaseLifecycle.php:101
C:\projetos\sistema\backend\vendor\laravel\framework\src\Illuminate\Foundation\Testing\TestCase.php:63
C:\projetos\sistema\backend\tests\Feature\ServiceCallExtendedTest.php:27</error>
        </testcase>
        <testcase name="test_service_calls_map_data_returns_data" file="C:\projetos\sistema\backend\tests\Feature\ServiceCallExtendedTest.php" line="61" class="Tests\Feature\ServiceCallExtendedTest" classname="Tests.Feature.ServiceCallExtendedTest" assertions="0" time="0.000000">
          <error type="PDOException">Tests\Feature\ServiceCallExtendedTest::test_service_calls_map_data_returns_data&#13;
PDOException: There is already an active transaction
&#13;
C:\projetos\sistema\backend\vendor\laravel\framework\src\Illuminate\Database\SQLiteConnection.php:38
C:\projetos\sistema\backend\vendor\laravel\framework\src\Illuminate\Database\Concerns\ManagesTransactions.php:154
C:\projetos\sistema\backend\vendor\laravel\framework\src\Illuminate\Database\Concerns\ManagesTransactions.php:130
C:\projetos\sistema\backend\vendor\laravel\framework\src\Illuminate\Foundation\Testing\RefreshDatabase.php:147
C:\projetos\sistema\backend\vendor\laravel\framework\src\Illuminate\Foundation\Testing\RefreshDatabase.php:93
C:\projetos\sistema\backend\vendor\laravel\framework\src\Illuminate\Foundation\Testing\RefreshDatabase.php:25
C:\projetos\sistema\backend\vendor\laravel\framework\src\Illuminate\Foundation\Testing\Concerns\InteractsWithTestCaseLifecycle.php:217
C:\projetos\sistema\backend\vendor\laravel\framework\src\Illuminate\Foundation\Testing\Concerns\InteractsWithTestCaseLifecycle.php:101
C:\projetos\sistema\backend\vendor\laravel\framework\src\Illuminate\Foundation\Testing\TestCase.php:63
C:\projetos\sistema\backend\tests\Feature\ServiceCallExtendedTest.php:27</error>
        </testcase>
        <testcase name="test_service_calls_agenda_returns_schedule" file="C:\projetos\sistema\backend\tests\Feature\ServiceCallExtendedTest.php" line="67" class="Tests\Feature\ServiceCallExtendedTest" classname="Tests.Feature.ServiceCallExtendedTest" assertions="0" time="0.000000">
          <error type="PDOException">Tests\Feature\ServiceCallExtendedTest::test_service_calls_agenda_returns_schedule&#13;
PDOException: There is already an active transaction
&#13;
C:\projetos\sistema\backend\vendor\laravel\framework\src\Illuminate\Database\SQLiteConnection.php:38
C:\projetos\sistema\backend\vendor\laravel\framework\src\Illuminate\Database\Concerns\ManagesTransactions.php:154
C:\projetos\sistema\backend\vendor\laravel\framework\src\Illuminate\Database\Concerns\ManagesTransactions.php:130
C:\projetos\sistema\backend\vendor\laravel\framework\src\Illuminate\Foundation\Testing\RefreshDatabase.php:147
C:\projetos\sistema\backend\vendor\laravel\framework\src\Illuminate\Foundation\Testing\RefreshDatabase.php:93
C:\projetos\sistema\backend\vendor\laravel\framework\src\Illuminate\Foundation\Testing\RefreshDatabase.php:25
C:\projetos\sistema\backend\vendor\laravel\framework\src\Illuminate\Foundation\Testing\Concerns\InteractsWithTestCaseLifecycle.php:217
C:\projetos\sistema\backend\vendor\laravel\framework\src\Illuminate\Foundation\Testing\Concerns\InteractsWithTestCaseLifecycle.php:101
C:\projetos\sistema\backend\vendor\laravel\framework\src\Illuminate\Foundation\Testing\TestCase.php:63
C:\projetos\sistema\backend\tests\Feature\ServiceCallExtendedTest.php:27</error>
        </testcase>
        <testcase name="test_service_calls_assignees_returns_users" file="C:\projetos\sistema\backend\tests\Feature\ServiceCallExtendedTest.php" line="73" class="Tests\Feature\ServiceCallExtendedTest" classname="Tests.Feature.ServiceCallExtendedTest" assertions="0" time="0.000000">
          <error type="PDOException">Tests\Feature\ServiceCallExtendedTest::test_service_calls_assignees_returns_users&#13;
PDOException: There is already an active transaction
&#13;
C:\projetos\sistema\backend\vendor\laravel\framework\src\Illuminate\Database\SQLiteConnection.php:38
C:\projetos\sistema\backend\vendor\laravel\framework\src\Illuminate\Database\Concerns\ManagesTransactions.php:154
C:\projetos\sistema\backend\vendor\laravel\framework\src\Illuminate\Database\Concerns\ManagesTransactions.php:130
C:\projetos\sistema\backend\vendor\laravel\framework\src\Illuminate\Foundation\Testing\RefreshDatabase.php:147
C:\projetos\sistema\backend\vendor\laravel\framework\src\Illuminate\Foundation\Testing\RefreshDatabase.php:93
C:\projetos\sistema\backend\vendor\laravel\framework\src\Illuminate\Foundation\Testing\RefreshDatabase.php:25
C:\projetos\sistema\backend\vendor\laravel\framework\src\Illuminate\Foundation\Testing\Concerns\InteractsWithTestCaseLifecycle.php:217
C:\projetos\sistema\backend\vendor\laravel\framework\src\Illuminate\Foundation\Testing\Concerns\InteractsWithTestCaseLifecycle.php:101
C:\projetos\sistema\backend\vendor\laravel\framework\src\Illuminate\Foundation\Testing\TestCase.php:63
C:\projetos\sistema\backend\tests\Feature\ServiceCallExtendedTest.php:27</error>
        </testcase>
        <testcase name="test_service_calls_export_csv" file="C:\projetos\sistema\backend\tests\Feature\ServiceCallExtendedTest.php" line="79" class="Tests\Feature\ServiceCallExtendedTest" classname="Tests.Feature.ServiceCallExtendedTest" assertions="0" time="0.000000">
          <error type="PDOException">Tests\Feature\ServiceCallExtendedTest::test_service_calls_export_csv&#13;
PDOException: There is already an active transaction
&#13;
C:\projetos\sistema\backend\vendor\laravel\framework\src\Illuminate\Database\SQLiteConnection.php:38
C:\projetos\sistema\backend\vendor\laravel\framework\src\Illuminate\Database\Concerns\ManagesTransactions.php:154
C:\projetos\sistema\backend\vendor\laravel\framework\src\Illuminate\Database\Concerns\ManagesTransactions.php:130
C:\projetos\sistema\backend\vendor\laravel\framework\src\Illuminate\Foundation\Testing\RefreshDatabase.php:147
C:\projetos\sistema\backend\vendor\laravel\framework\src\Illuminate\Foundation\Testing\RefreshDatabase.php:93
C:\projetos\sistema\backend\vendor\laravel\framework\src\Illuminate\Foundation\Testing\RefreshDatabase.php:25
C:\projetos\sistema\backend\vendor\laravel\framework\src\Illuminate\Foundation\Testing\Concerns\InteractsWithTestCaseLifecycle.php:217
C:\projetos\sistema\backend\vendor\laravel\framework\src\Illuminate\Foundation\Testing\Concerns\InteractsWithTestCaseLifecycle.php:101
C:\projetos\sistema\backend\vendor\laravel\framework\src\Illuminate\Foundation\Testing\TestCase.php:63
C:\projetos\sistema\backend\tests\Feature\ServiceCallExtendedTest.php:27</error>
        </testcase>
        <testcase name="test_create_service_call_with_valid_data" file="C:\projetos\sistema\backend\tests\Feature\ServiceCallExtendedTest.php" line="87" class="Tests\Feature\ServiceCallExtendedTest" classname="Tests.Feature.ServiceCallExtendedTest" assertions="0" time="0.000000">
          <error type="PDOException">Tests\Feature\ServiceCallExtendedTest::test_create_service_call_with_valid_data&#13;
PDOException: There is already an active transaction
&#13;
C:\projetos\sistema\backend\vendor\laravel\framework\src\Illuminate\Database\SQLiteConnection.php:38
C:\projetos\sistema\backend\vendor\laravel\framework\src\Illuminate\Database\Concerns\ManagesTransactions.php:154
C:\projetos\sistema\backend\vendor\laravel\framework\src\Illuminate\Database\Concerns\ManagesTransactions.php:130
C:\projetos\sistema\backend\vendor\laravel\framework\src\Illuminate\Foundation\Testing\RefreshDatabase.php:147
C:\projetos\sistema\backend\vendor\laravel\framework\src\Illuminate\Foundation\Testing\RefreshDatabase.php:93
C:\projetos\sistema\backend\vendor\laravel\framework\src\Illuminate\Foundation\Testing\RefreshDatabase.php:25
C:\projetos\sistema\backend\vendor\laravel\framework\src\Illuminate\Foundation\Testing\Concerns\InteractsWithTestCaseLifecycle.php:217
C:\projetos\sistema\backend\vendor\laravel\framework\src\Illuminate\Foundation\Testing\Concerns\InteractsWithTestCaseLifecycle.php:101
C:\projetos\sistema\backend\vendor\laravel\framework\src\Illuminate\Foundation\Testing\TestCase.php:63
C:\projetos\sistema\backend\tests\Feature\ServiceCallExtendedTest.php:27</error>
        </testcase>
        <testcase name="test_create_service_call_requires_customer" file="C:\projetos\sistema\backend\tests\Feature\ServiceCallExtendedTest.php" line="103" class="Tests\Feature\ServiceCallExtendedTest" classname="Tests.Feature.ServiceCallExtendedTest" assertions="0" time="0.000000">
          <error type="PDOException">Tests\Feature\ServiceCallExtendedTest::test_create_service_call_requires_customer&#13;
PDOException: There is already an active transaction
&#13;
C:\projetos\sistema\backend\vendor\laravel\framework\src\Illuminate\Database\SQLiteConnection.php:38
C:\projetos\sistema\backend\vendor\laravel\framework\src\Illuminate\Database\Concerns\ManagesTransactions.php:154
C:\projetos\sistema\backend\vendor\laravel\framework\src\Illuminate\Database\Concerns\ManagesTransactions.php:130
C:\projetos\sistema\backend\vendor\laravel\framework\src\Illuminate\Foundation\Testing\RefreshDatabase.php:147
C:\projetos\sistema\backend\vendor\laravel\framework\src\Illuminate\Foundation\Testing\RefreshDatabase.php:93
C:\projetos\sistema\backend\vendor\laravel\framework\src\Illuminate\Foundation\Testing\RefreshDatabase.php:25
C:\projetos\sistema\backend\vendor\laravel\framework\src\Illuminate\Foundation\Testing\Concerns\InteractsWithTestCaseLifecycle.php:217
C:\projetos\sistema\backend\vendor\laravel\framework\src\Illuminate\Foundation\Testing\Concerns\InteractsWithTestCaseLifecycle.php:101
C:\projetos\sistema\backend\vendor\laravel\framework\src\Illuminate\Foundation\Testing\TestCase.php:63
C:\projetos\sistema\backend\tests\Feature\ServiceCallExtendedTest.php:27</error>
        </testcase>
        <testcase name="test_update_service_call" file="C:\projetos\sistema\backend\tests\Feature\ServiceCallExtendedTest.php" line="114" class="Tests\Feature\ServiceCallExtendedTest" classname="Tests.Feature.ServiceCallExtendedTest" assertions="0" time="0.000000">
          <error type="PDOException">Tests\Feature\ServiceCallExtendedTest::test_update_service_call&#13;
PDOException: There is already an active transaction
&#13;
C:\projetos\sistema\backend\vendor\laravel\framework\src\Illuminate\Database\SQLiteConnection.php:38
C:\projetos\sistema\backend\vendor\laravel\framework\src\Illuminate\Database\Concerns\ManagesTransactions.php:154
C:\projetos\sistema\backend\vendor\laravel\framework\src\Illuminate\Database\Concerns\ManagesTransactions.php:130
C:\projetos\sistema\backend\vendor\laravel\framework\src\Illuminate\Foundation\Testing\RefreshDatabase.php:147
C:\projetos\sistema\backend\vendor\laravel\framework\src\Illuminate\Foundation\Testing\RefreshDatabase.php:93
C:\projetos\sistema\backend\vendor\laravel\framework\src\Illuminate\Foundation\Testing\RefreshDatabase.php:25
C:\projetos\sistema\backend\vendor\laravel\framework\src\Illuminate\Foundation\Testing\Concerns\InteractsWithTestCaseLifecycle.php:217
C:\projetos\sistema\backend\vendor\laravel\framework\src\Illuminate\Foundation\Testing\Concerns\InteractsWithTestCaseLifecycle.php:101
C:\projetos\sistema\backend\vendor\laravel\framework\src\Illuminate\Foundation\Testing\TestCase.php:63
C:\projetos\sistema\backend\tests\Feature\ServiceCallExtendedTest.php:27</error>
        </testcase>
        <testcase name="test_update_service_call_status" file="C:\projetos\sistema\backend\tests\Feature\ServiceCallExtendedTest.php" line="132" class="Tests\Feature\ServiceCallExtendedTest" classname="Tests.Feature.ServiceCallExtendedTest" assertions="0" time="0.000000">
          <error type="PDOException">Tests\Feature\ServiceCallExtendedTest::test_update_service_call_status&#13;
PDOException: There is already an active transaction
&#13;
C:\projetos\sistema\backend\vendor\laravel\framework\src\Illuminate\Database\SQLiteConnection.php:38
C:\projetos\sistema\backend\vendor\laravel\framework\src\Illuminate\Database\Concerns\ManagesTransactions.php:154
C:\projetos\sistema\backend\vendor\laravel\framework\src\Illuminate\Database\Concerns\ManagesTransactions.php:130
C:\projetos\sistema\backend\vendor\laravel\framework\src\Illuminate\Foundation\Testing\RefreshDatabase.php:147
C:\projetos\sistema\backend\vendor\laravel\framework\src\Illuminate\Foundation\Testing\RefreshDatabase.php:93
C:\projetos\sistema\backend\vendor\laravel\framework\src\Illuminate\Foundation\Testing\RefreshDatabase.php:25
C:\projetos\sistema\backend\vendor\laravel\framework\src\Illuminate\Foundation\Testing\Concerns\InteractsWithTestCaseLifecycle.php:217
C:\projetos\sistema\backend\vendor\laravel\framework\src\Illuminate\Foundation\Testing\Concerns\InteractsWithTestCaseLifecycle.php:101
C:\projetos\sistema\backend\vendor\laravel\framework\src\Illuminate\Foundation\Testing\TestCase.php:63
C:\projetos\sistema\backend\tests\Feature\ServiceCallExtendedTest.php:27</error>
        </testcase>
        <testcase name="test_list_comments_for_service_call" file="C:\projetos\sistema\backend\tests\Feature\ServiceCallExtendedTest.php" line="153" class="Tests\Feature\ServiceCallExtendedTest" classname="Tests.Feature.ServiceCallExtendedTest" assertions="0" time="0.000000">
          <error type="PDOException">Tests\Feature\ServiceCallExtendedTest::test_list_comments_for_service_call&#13;
PDOException: There is already an active transaction
&#13;
C:\projetos\sistema\backend\vendor\laravel\framework\src\Illuminate\Database\SQLiteConnection.php:38
C:\projetos\sistema\backend\vendor\laravel\framework\src\Illuminate\Database\Concerns\ManagesTransactions.php:154
C:\projetos\sistema\backend\vendor\laravel\framework\src\Illuminate\Database\Concerns\ManagesTransactions.php:130
C:\projetos\sistema\backend\vendor\laravel\framework\src\Illuminate\Foundation\Testing\RefreshDatabase.php:147
C:\projetos\sistema\backend\vendor\laravel\framework\src\Illuminate\Foundation\Testing\RefreshDatabase.php:93
C:\projetos\sistema\backend\vendor\laravel\framework\src\Illuminate\Foundation\Testing\RefreshDatabase.php:25
C:\projetos\sistema\backend\vendor\laravel\framework\src\Illuminate\Foundation\Testing\Concerns\InteractsWithTestCaseLifecycle.php:217
C:\projetos\sistema\backend\vendor\laravel\framework\src\Illuminate\Foundation\Testing\Concerns\InteractsWithTestCaseLifecycle.php:101
C:\projetos\sistema\backend\vendor\laravel\framework\src\Illuminate\Foundation\Testing\TestCase.php:63
C:\projetos\sistema\backend\tests\Feature\ServiceCallExtendedTest.php:27</error>
        </testcase>
        <testcase name="test_add_comment_to_service_call" file="C:\projetos\sistema\backend\tests\Feature\ServiceCallExtendedTest.php" line="164" class="Tests\Feature\ServiceCallExtendedTest" classname="Tests.Feature.ServiceCallExtendedTest" assertions="0" time="0.000000">
          <error type="PDOException">Tests\Feature\ServiceCallExtendedTest::test_add_comment_to_service_call&#13;
PDOException: There is already an active transaction
&#13;
C:\projetos\sistema\backend\vendor\laravel\framework\src\Illuminate\Database\SQLiteConnection.php:38
C:\projetos\sistema\backend\vendor\laravel\framework\src\Illuminate\Database\Concerns\ManagesTransactions.php:154
C:\projetos\sistema\backend\vendor\laravel\framework\src\Illuminate\Database\Concerns\ManagesTransactions.php:130
C:\projetos\sistema\backend\vendor\laravel\framework\src\Illuminate\Foundation\Testing\RefreshDatabase.php:147
C:\projetos\sistema\backend\vendor\laravel\framework\src\Illuminate\Foundation\Testing\RefreshDatabase.php:93
C:\projetos\sistema\backend\vendor\laravel\framework\src\Illuminate\Foundation\Testing\RefreshDatabase.php:25
C:\projetos\sistema\backend\vendor\laravel\framework\src\Illuminate\Foundation\Testing\Concerns\InteractsWithTestCaseLifecycle.php:217
C:\projetos\sistema\backend\vendor\laravel\framework\src\Illuminate\Foundation\Testing\Concerns\InteractsWithTestCaseLifecycle.php:101
C:\projetos\sistema\backend\vendor\laravel\framework\src\Illuminate\Foundation\Testing\TestCase.php:63
C:\projetos\sistema\backend\tests\Feature\ServiceCallExtendedTest.php:27</error>
        </testcase>
        <testcase name="test_assign_technician_to_service_call" file="C:\projetos\sistema\backend\tests\Feature\ServiceCallExtendedTest.php" line="180" class="Tests\Feature\ServiceCallExtendedTest" classname="Tests.Feature.ServiceCallExtendedTest" assertions="0" time="0.000000">
          <error type="PDOException">Tests\Feature\ServiceCallExtendedTest::test_assign_technician_to_service_call&#13;
PDOException: There is already an active transaction
&#13;
C:\projetos\sistema\backend\vendor\laravel\framework\src\Illuminate\Database\SQLiteConnection.php:38
C:\projetos\sistema\backend\vendor\laravel\framework\src\Illuminate\Database\Concerns\ManagesTransactions.php:154
C:\projetos\sistema\backend\vendor\laravel\framework\src\Illuminate\Database\Concerns\ManagesTransactions.php:130
C:\projetos\sistema\backend\vendor\laravel\framework\src\Illuminate\Foundation\Testing\RefreshDatabase.php:147
C:\projetos\sistema\backend\vendor\laravel\framework\src\Illuminate\Foundation\Testing\RefreshDatabase.php:93
C:\projetos\sistema\backend\vendor\laravel\framework\src\Illuminate\Foundation\Testing\RefreshDatabase.php:25
C:\projetos\sistema\backend\vendor\laravel\framework\src\Illuminate\Foundation\Testing\Concerns\InteractsWithTestCaseLifecycle.php:217
C:\projetos\sistema\backend\vendor\laravel\framework\src\Illuminate\Foundation\Testing\Concerns\InteractsWithTestCaseLifecycle.php:101
C:\projetos\sistema\backend\vendor\laravel\framework\src\Illuminate\Foundation\Testing\TestCase.php:63
C:\projetos\sistema\backend\tests\Feature\ServiceCallExtendedTest.php:27</error>
        </testcase>
        <testcase name="test_convert_service_call_to_work_order" file="C:\projetos\sistema\backend\tests\Feature\ServiceCallExtendedTest.php" line="202" class="Tests\Feature\ServiceCallExtendedTest" classname="Tests.Feature.ServiceCallExtendedTest" assertions="0" time="0.000000">
          <error type="PDOException">Tests\Feature\ServiceCallExtendedTest::test_convert_service_call_to_work_order&#13;
PDOException: There is already an active transaction
&#13;
C:\projetos\sistema\backend\vendor\laravel\framework\src\Illuminate\Database\SQLiteConnection.php:38
C:\projetos\sistema\backend\vendor\laravel\framework\src\Illuminate\Database\Concerns\ManagesTransactions.php:154
C:\projetos\sistema\backend\vendor\laravel\framework\src\Illuminate\Database\Concerns\ManagesTransactions.php:130
C:\projetos\sistema\backend\vendor\laravel\framework\src\Illuminate\Foundation\Testing\RefreshDatabase.php:147
C:\projetos\sistema\backend\vendor\laravel\framework\src\Illuminate\Foundation\Testing\RefreshDatabase.php:93
C:\projetos\sistema\backend\vendor\laravel\framework\src\Illuminate\Foundation\Testing\RefreshDatabase.php:25
C:\projetos\sistema\backend\vendor\laravel\framework\src\Illuminate\Foundation\Testing\Concerns\InteractsWithTestCaseLifecycle.php:217
C:\projetos\sistema\backend\vendor\laravel\framework\src\Illuminate\Foundation\Testing\Concerns\InteractsWithTestCaseLifecycle.php:101
C:\projetos\sistema\backend\vendor\laravel\framework\src\Illuminate\Foundation\Testing\TestCase.php:63
C:\projetos\sistema\backend\tests\Feature\ServiceCallExtendedTest.php:27</error>
        </testcase>
        <testcase name="test_delete_service_call" file="C:\projetos\sistema\backend\tests\Feature\ServiceCallExtendedTest.php" line="216" class="Tests\Feature\ServiceCallExtendedTest" classname="Tests.Feature.ServiceCallExtendedTest" assertions="0" time="0.000000">
          <error type="PDOException">Tests\Feature\ServiceCallExtendedTest::test_delete_service_call&#13;
PDOException: There is already an active transaction
&#13;
C:\projetos\sistema\backend\vendor\laravel\framework\src\Illuminate\Database\SQLiteConnection.php:38
C:\projetos\sistema\backend\vendor\laravel\framework\src\Illuminate\Database\Concerns\ManagesTransactions.php:154
C:\projetos\sistema\backend\vendor\laravel\framework\src\Illuminate\Database\Concerns\ManagesTransactions.php:130
C:\projetos\sistema\backend\vendor\laravel\framework\src\Illuminate\Foundation\Testing\RefreshDatabase.php:147
C:\projetos\sistema\backend\vendor\laravel\framework\src\Illuminate\Foundation\Testing\RefreshDatabase.php:93
C:\projetos\sistema\backend\vendor\laravel\framework\src\Illuminate\Foundation\Testing\RefreshDatabase.php:25
C:\projetos\sistema\backend\vendor\laravel\framework\src\Illuminate\Foundation\Testing\Concerns\InteractsWithTestCaseLifecycle.php:217
C:\projetos\sistema\backend\vendor\laravel\framework\src\Illuminate\Foundation\Testing\Concerns\InteractsWithTestCaseLifecycle.php:101
C:\projetos\sistema\backend\vendor\laravel\framework\src\Illuminate\Foundation\Testing\TestCase.php:63
C:\projetos\sistema\backend\tests\Feature\ServiceCallExtendedTest.php:27</error>
        </testcase>
      </testsuite>
      <testsuite name="Tests\Feature\ServiceCallProfessionalTest" file="C:\projetos\sistema\backend\tests\Feature\ServiceCallProfessionalTest.php" tests="17" assertions="0" errors="17" failures="0" skipped="0" time="0.000000">
        <testcase name="test_create_service_call_returns_201_and_persists" file="C:\projetos\sistema\backend\tests\Feature\ServiceCallProfessionalTest.php" line="51" class="Tests\Feature\ServiceCallProfessionalTest" classname="Tests.Feature.ServiceCallProfessionalTest" assertions="0" time="0.000000">
          <error type="PDOException">Tests\Feature\ServiceCallProfessionalTest::test_create_service_call_returns_201_and_persists&#13;
PDOException: There is already an active transaction
&#13;
C:\projetos\sistema\backend\vendor\laravel\framework\src\Illuminate\Database\SQLiteConnection.php:38
C:\projetos\sistema\backend\vendor\laravel\framework\src\Illuminate\Database\Concerns\ManagesTransactions.php:154
C:\projetos\sistema\backend\vendor\laravel\framework\src\Illuminate\Database\Concerns\ManagesTransactions.php:130
C:\projetos\sistema\backend\vendor\laravel\framework\src\Illuminate\Foundation\Testing\RefreshDatabase.php:147
C:\projetos\sistema\backend\vendor\laravel\framework\src\Illuminate\Foundation\Testing\RefreshDatabase.php:93
C:\projetos\sistema\backend\vendor\laravel\framework\src\Illuminate\Foundation\Testing\RefreshDatabase.php:25
C:\projetos\sistema\backend\vendor\laravel\framework\src\Illuminate\Foundation\Testing\Concerns\InteractsWithTestCaseLifecycle.php:217
C:\projetos\sistema\backend\vendor\laravel\framework\src\Illuminate\Foundation\Testing\Concerns\InteractsWithTestCaseLifecycle.php:101
C:\projetos\sistema\backend\vendor\laravel\framework\src\Illuminate\Foundation\Testing\TestCase.php:63
C:\projetos\sistema\backend\tests\Feature\ServiceCallProfessionalTest.php:28</error>
        </testcase>
        <testcase name="test_create_service_call_requires_customer_id" file="C:\projetos\sistema\backend\tests\Feature\ServiceCallProfessionalTest.php" line="70" class="Tests\Feature\ServiceCallProfessionalTest" classname="Tests.Feature.ServiceCallProfessionalTest" assertions="0" time="0.000000">
          <error type="PDOException">Tests\Feature\ServiceCallProfessionalTest::test_create_service_call_requires_customer_id&#13;
PDOException: There is already an active transaction
&#13;
C:\projetos\sistema\backend\vendor\laravel\framework\src\Illuminate\Database\SQLiteConnection.php:38
C:\projetos\sistema\backend\vendor\laravel\framework\src\Illuminate\Database\Concerns\ManagesTransactions.php:154
C:\projetos\sistema\backend\vendor\laravel\framework\src\Illuminate\Database\Concerns\ManagesTransactions.php:130
C:\projetos\sistema\backend\vendor\laravel\framework\src\Illuminate\Foundation\Testing\RefreshDatabase.php:147
C:\projetos\sistema\backend\vendor\laravel\framework\src\Illuminate\Foundation\Testing\RefreshDatabase.php:93
C:\projetos\sistema\backend\vendor\laravel\framework\src\Illuminate\Foundation\Testing\RefreshDatabase.php:25
C:\projetos\sistema\backend\vendor\laravel\framework\src\Illuminate\Foundation\Testing\Concerns\InteractsWithTestCaseLifecycle.php:217
C:\projetos\sistema\backend\vendor\laravel\framework\src\Illuminate\Foundation\Testing\Concerns\InteractsWithTestCaseLifecycle.php:101
C:\projetos\sistema\backend\vendor\laravel\framework\src\Illuminate\Foundation\Testing\TestCase.php:63
C:\projetos\sistema\backend\tests\Feature\ServiceCallProfessionalTest.php:28</error>
        </testcase>
        <testcase name="test_create_service_call_requires_title" file="C:\projetos\sistema\backend\tests\Feature\ServiceCallProfessionalTest.php" line="80" class="Tests\Feature\ServiceCallProfessionalTest" classname="Tests.Feature.ServiceCallProfessionalTest" assertions="0" time="0.000000">
          <error type="PDOException">Tests\Feature\ServiceCallProfessionalTest::test_create_service_call_requires_title&#13;
PDOException: There is already an active transaction
&#13;
C:\projetos\sistema\backend\vendor\laravel\framework\src\Illuminate\Database\SQLiteConnection.php:38
C:\projetos\sistema\backend\vendor\laravel\framework\src\Illuminate\Database\Concerns\ManagesTransactions.php:154
C:\projetos\sistema\backend\vendor\laravel\framework\src\Illuminate\Database\Concerns\ManagesTransactions.php:130
C:\projetos\sistema\backend\vendor\laravel\framework\src\Illuminate\Foundation\Testing\RefreshDatabase.php:147
C:\projetos\sistema\backend\vendor\laravel\framework\src\Illuminate\Foundation\Testing\RefreshDatabase.php:93
C:\projetos\sistema\backend\vendor\laravel\framework\src\Illuminate\Foundation\Testing\RefreshDatabase.php:25
C:\projetos\sistema\backend\vendor\laravel\framework\src\Illuminate\Foundation\Testing\Concerns\InteractsWithTestCaseLifecycle.php:217
C:\projetos\sistema\backend\vendor\laravel\framework\src\Illuminate\Foundation\Testing\Concerns\InteractsWithTestCaseLifecycle.php:101
C:\projetos\sistema\backend\vendor\laravel\framework\src\Illuminate\Foundation\Testing\TestCase.php:63
C:\projetos\sistema\backend\tests\Feature\ServiceCallProfessionalTest.php:28</error>
        </testcase>
        <testcase name="test_list_returns_paginated_data" file="C:\projetos\sistema\backend\tests\Feature\ServiceCallProfessionalTest.php" line="92" class="Tests\Feature\ServiceCallProfessionalTest" classname="Tests.Feature.ServiceCallProfessionalTest" assertions="0" time="0.000000">
          <error type="PDOException">Tests\Feature\ServiceCallProfessionalTest::test_list_returns_paginated_data&#13;
PDOException: There is already an active transaction
&#13;
C:\projetos\sistema\backend\vendor\laravel\framework\src\Illuminate\Database\SQLiteConnection.php:38
C:\projetos\sistema\backend\vendor\laravel\framework\src\Illuminate\Database\Concerns\ManagesTransactions.php:154
C:\projetos\sistema\backend\vendor\laravel\framework\src\Illuminate\Database\Concerns\ManagesTransactions.php:130
C:\projetos\sistema\backend\vendor\laravel\framework\src\Illuminate\Foundation\Testing\RefreshDatabase.php:147
C:\projetos\sistema\backend\vendor\laravel\framework\src\Illuminate\Foundation\Testing\RefreshDatabase.php:93
C:\projetos\sistema\backend\vendor\laravel\framework\src\Illuminate\Foundation\Testing\RefreshDatabase.php:25
C:\projetos\sistema\backend\vendor\laravel\framework\src\Illuminate\Foundation\Testing\Concerns\InteractsWithTestCaseLifecycle.php:217
C:\projetos\sistema\backend\vendor\laravel\framework\src\Illuminate\Foundation\Testing\Concerns\InteractsWithTestCaseLifecycle.php:101
C:\projetos\sistema\backend\vendor\laravel\framework\src\Illuminate\Foundation\Testing\TestCase.php:63
C:\projetos\sistema\backend\tests\Feature\ServiceCallProfessionalTest.php:28</error>
        </testcase>
        <testcase name="test_show_returns_service_call_with_relationships" file="C:\projetos\sistema\backend\tests\Feature\ServiceCallProfessionalTest.php" line="105" class="Tests\Feature\ServiceCallProfessionalTest" classname="Tests.Feature.ServiceCallProfessionalTest" assertions="0" time="0.000000">
          <error type="PDOException">Tests\Feature\ServiceCallProfessionalTest::test_show_returns_service_call_with_relationships&#13;
PDOException: There is already an active transaction
&#13;
C:\projetos\sistema\backend\vendor\laravel\framework\src\Illuminate\Database\SQLiteConnection.php:38
C:\projetos\sistema\backend\vendor\laravel\framework\src\Illuminate\Database\Concerns\ManagesTransactions.php:154
C:\projetos\sistema\backend\vendor\laravel\framework\src\Illuminate\Database\Concerns\ManagesTransactions.php:130
C:\projetos\sistema\backend\vendor\laravel\framework\src\Illuminate\Foundation\Testing\RefreshDatabase.php:147
C:\projetos\sistema\backend\vendor\laravel\framework\src\Illuminate\Foundation\Testing\RefreshDatabase.php:93
C:\projetos\sistema\backend\vendor\laravel\framework\src\Illuminate\Foundation\Testing\RefreshDatabase.php:25
C:\projetos\sistema\backend\vendor\laravel\framework\src\Illuminate\Foundation\Testing\Concerns\InteractsWithTestCaseLifecycle.php:217
C:\projetos\sistema\backend\vendor\laravel\framework\src\Illuminate\Foundation\Testing\Concerns\InteractsWithTestCaseLifecycle.php:101
C:\projetos\sistema\backend\vendor\laravel\framework\src\Illuminate\Foundation\Testing\TestCase.php:63
C:\projetos\sistema\backend\tests\Feature\ServiceCallProfessionalTest.php:28</error>
        </testcase>
        <testcase name="test_summary_returns_stats_structure" file="C:\projetos\sistema\backend\tests\Feature\ServiceCallProfessionalTest.php" line="120" class="Tests\Feature\ServiceCallProfessionalTest" classname="Tests.Feature.ServiceCallProfessionalTest" assertions="0" time="0.000000">
          <error type="PDOException">Tests\Feature\ServiceCallProfessionalTest::test_summary_returns_stats_structure&#13;
PDOException: There is already an active transaction
&#13;
C:\projetos\sistema\backend\vendor\laravel\framework\src\Illuminate\Database\SQLiteConnection.php:38
C:\projetos\sistema\backend\vendor\laravel\framework\src\Illuminate\Database\Concerns\ManagesTransactions.php:154
C:\projetos\sistema\backend\vendor\laravel\framework\src\Illuminate\Database\Concerns\ManagesTransactions.php:130
C:\projetos\sistema\backend\vendor\laravel\framework\src\Illuminate\Foundation\Testing\RefreshDatabase.php:147
C:\projetos\sistema\backend\vendor\laravel\framework\src\Illuminate\Foundation\Testing\RefreshDatabase.php:93
C:\projetos\sistema\backend\vendor\laravel\framework\src\Illuminate\Foundation\Testing\RefreshDatabase.php:25
C:\projetos\sistema\backend\vendor\laravel\framework\src\Illuminate\Foundation\Testing\Concerns\InteractsWithTestCaseLifecycle.php:217
C:\projetos\sistema\backend\vendor\laravel\framework\src\Illuminate\Foundation\Testing\Concerns\InteractsWithTestCaseLifecycle.php:101
C:\projetos\sistema\backend\vendor\laravel\framework\src\Illuminate\Foundation\Testing\TestCase.php:63
C:\projetos\sistema\backend\tests\Feature\ServiceCallProfessionalTest.php:28</error>
        </testcase>
        <testcase name="test_update_service_call_persists_changes" file="C:\projetos\sistema\backend\tests\Feature\ServiceCallProfessionalTest.php" line="130" class="Tests\Feature\ServiceCallProfessionalTest" classname="Tests.Feature.ServiceCallProfessionalTest" assertions="0" time="0.000000">
          <error type="PDOException">Tests\Feature\ServiceCallProfessionalTest::test_update_service_call_persists_changes&#13;
PDOException: There is already an active transaction
&#13;
C:\projetos\sistema\backend\vendor\laravel\framework\src\Illuminate\Database\SQLiteConnection.php:38
C:\projetos\sistema\backend\vendor\laravel\framework\src\Illuminate\Database\Concerns\ManagesTransactions.php:154
C:\projetos\sistema\backend\vendor\laravel\framework\src\Illuminate\Database\Concerns\ManagesTransactions.php:130
C:\projetos\sistema\backend\vendor\laravel\framework\src\Illuminate\Foundation\Testing\RefreshDatabase.php:147
C:\projetos\sistema\backend\vendor\laravel\framework\src\Illuminate\Foundation\Testing\RefreshDatabase.php:93
C:\projetos\sistema\backend\vendor\laravel\framework\src\Illuminate\Foundation\Testing\RefreshDatabase.php:25
C:\projetos\sistema\backend\vendor\laravel\framework\src\Illuminate\Foundation\Testing\Concerns\InteractsWithTestCaseLifecycle.php:217
C:\projetos\sistema\backend\vendor\laravel\framework\src\Illuminate\Foundation\Testing\Concerns\InteractsWithTestCaseLifecycle.php:101
C:\projetos\sistema\backend\vendor\laravel\framework\src\Illuminate\Foundation\Testing\TestCase.php:63
C:\projetos\sistema\backend\tests\Feature\ServiceCallProfessionalTest.php:28</error>
        </testcase>
        <testcase name="test_transition_open_to_in_progress" file="C:\projetos\sistema\backend\tests\Feature\ServiceCallProfessionalTest.php" line="154" class="Tests\Feature\ServiceCallProfessionalTest" classname="Tests.Feature.ServiceCallProfessionalTest" assertions="0" time="0.000000">
          <error type="PDOException">Tests\Feature\ServiceCallProfessionalTest::test_transition_open_to_in_progress&#13;
PDOException: There is already an active transaction
&#13;
C:\projetos\sistema\backend\vendor\laravel\framework\src\Illuminate\Database\SQLiteConnection.php:38
C:\projetos\sistema\backend\vendor\laravel\framework\src\Illuminate\Database\Concerns\ManagesTransactions.php:154
C:\projetos\sistema\backend\vendor\laravel\framework\src\Illuminate\Database\Concerns\ManagesTransactions.php:130
C:\projetos\sistema\backend\vendor\laravel\framework\src\Illuminate\Foundation\Testing\RefreshDatabase.php:147
C:\projetos\sistema\backend\vendor\laravel\framework\src\Illuminate\Foundation\Testing\RefreshDatabase.php:93
C:\projetos\sistema\backend\vendor\laravel\framework\src\Illuminate\Foundation\Testing\RefreshDatabase.php:25
C:\projetos\sistema\backend\vendor\laravel\framework\src\Illuminate\Foundation\Testing\Concerns\InteractsWithTestCaseLifecycle.php:217
C:\projetos\sistema\backend\vendor\laravel\framework\src\Illuminate\Foundation\Testing\Concerns\InteractsWithTestCaseLifecycle.php:101
C:\projetos\sistema\backend\vendor\laravel\framework\src\Illuminate\Foundation\Testing\TestCase.php:63
C:\projetos\sistema\backend\tests\Feature\ServiceCallProfessionalTest.php:28</error>
        </testcase>
        <testcase name="test_transition_to_completed_sets_timestamp" file="C:\projetos\sistema\backend\tests\Feature\ServiceCallProfessionalTest.php" line="174" class="Tests\Feature\ServiceCallProfessionalTest" classname="Tests.Feature.ServiceCallProfessionalTest" assertions="0" time="0.000000">
          <error type="PDOException">Tests\Feature\ServiceCallProfessionalTest::test_transition_to_completed_sets_timestamp&#13;
PDOException: There is already an active transaction
&#13;
C:\projetos\sistema\backend\vendor\laravel\framework\src\Illuminate\Database\SQLiteConnection.php:38
C:\projetos\sistema\backend\vendor\laravel\framework\src\Illuminate\Database\Concerns\ManagesTransactions.php:154
C:\projetos\sistema\backend\vendor\laravel\framework\src\Illuminate\Database\Concerns\ManagesTransactions.php:130
C:\projetos\sistema\backend\vendor\laravel\framework\src\Illuminate\Foundation\Testing\RefreshDatabase.php:147
C:\projetos\sistema\backend\vendor\laravel\framework\src\Illuminate\Foundation\Testing\RefreshDatabase.php:93
C:\projetos\sistema\backend\vendor\laravel\framework\src\Illuminate\Foundation\Testing\RefreshDatabase.php:25
C:\projetos\sistema\backend\vendor\laravel\framework\src\Illuminate\Foundation\Testing\Concerns\InteractsWithTestCaseLifecycle.php:217
C:\projetos\sistema\backend\vendor\laravel\framework\src\Illuminate\Foundation\Testing\Concerns\InteractsWithTestCaseLifecycle.php:101
C:\projetos\sistema\backend\vendor\laravel\framework\src\Illuminate\Foundation\Testing\TestCase.php:63
C:\projetos\sistema\backend\tests\Feature\ServiceCallProfessionalTest.php:28</error>
        </testcase>
        <testcase name="test_assign_technician_persists" file="C:\projetos\sistema\backend\tests\Feature\ServiceCallProfessionalTest.php" line="194" class="Tests\Feature\ServiceCallProfessionalTest" classname="Tests.Feature.ServiceCallProfessionalTest" assertions="0" time="0.000000">
          <error type="PDOException">Tests\Feature\ServiceCallProfessionalTest::test_assign_technician_persists&#13;
PDOException: There is already an active transaction
&#13;
C:\projetos\sistema\backend\vendor\laravel\framework\src\Illuminate\Database\SQLiteConnection.php:38
C:\projetos\sistema\backend\vendor\laravel\framework\src\Illuminate\Database\Concerns\ManagesTransactions.php:154
C:\projetos\sistema\backend\vendor\laravel\framework\src\Illuminate\Database\Concerns\ManagesTransactions.php:130
C:\projetos\sistema\backend\vendor\laravel\framework\src\Illuminate\Foundation\Testing\RefreshDatabase.php:147
C:\projetos\sistema\backend\vendor\laravel\framework\src\Illuminate\Foundation\Testing\RefreshDatabase.php:93
C:\projetos\sistema\backend\vendor\laravel\framework\src\Illuminate\Foundation\Testing\RefreshDatabase.php:25
C:\projetos\sistema\backend\vendor\laravel\framework\src\Illuminate\Foundation\Testing\Concerns\InteractsWithTestCaseLifecycle.php:217
C:\projetos\sistema\backend\vendor\laravel\framework\src\Illuminate\Foundation\Testing\Concerns\InteractsWithTestCaseLifecycle.php:101
C:\projetos\sistema\backend\vendor\laravel\framework\src\Illuminate\Foundation\Testing\TestCase.php:63
C:\projetos\sistema\backend\tests\Feature\ServiceCallProfessionalTest.php:28</error>
        </testcase>
        <testcase name="test_add_comment_persists_and_returns_201" file="C:\projetos\sistema\backend\tests\Feature\ServiceCallProfessionalTest.php" line="221" class="Tests\Feature\ServiceCallProfessionalTest" classname="Tests.Feature.ServiceCallProfessionalTest" assertions="0" time="0.000000">
          <error type="PDOException">Tests\Feature\ServiceCallProfessionalTest::test_add_comment_persists_and_returns_201&#13;
PDOException: There is already an active transaction
&#13;
C:\projetos\sistema\backend\vendor\laravel\framework\src\Illuminate\Database\SQLiteConnection.php:38
C:\projetos\sistema\backend\vendor\laravel\framework\src\Illuminate\Database\Concerns\ManagesTransactions.php:154
C:\projetos\sistema\backend\vendor\laravel\framework\src\Illuminate\Database\Concerns\ManagesTransactions.php:130
C:\projetos\sistema\backend\vendor\laravel\framework\src\Illuminate\Foundation\Testing\RefreshDatabase.php:147
C:\projetos\sistema\backend\vendor\laravel\framework\src\Illuminate\Foundation\Testing\RefreshDatabase.php:93
C:\projetos\sistema\backend\vendor\laravel\framework\src\Illuminate\Foundation\Testing\RefreshDatabase.php:25
C:\projetos\sistema\backend\vendor\laravel\framework\src\Illuminate\Foundation\Testing\Concerns\InteractsWithTestCaseLifecycle.php:217
C:\projetos\sistema\backend\vendor\laravel\framework\src\Illuminate\Foundation\Testing\Concerns\InteractsWithTestCaseLifecycle.php:101
C:\projetos\sistema\backend\vendor\laravel\framework\src\Illuminate\Foundation\Testing\TestCase.php:63
C:\projetos\sistema\backend\tests\Feature\ServiceCallProfessionalTest.php:28</error>
        </testcase>
        <testcase name="test_list_comments_returns_for_service_call" file="C:\projetos\sistema\backend\tests\Feature\ServiceCallProfessionalTest.php" line="241" class="Tests\Feature\ServiceCallProfessionalTest" classname="Tests.Feature.ServiceCallProfessionalTest" assertions="0" time="0.000000">
          <error type="PDOException">Tests\Feature\ServiceCallProfessionalTest::test_list_comments_returns_for_service_call&#13;
PDOException: There is already an active transaction
&#13;
C:\projetos\sistema\backend\vendor\laravel\framework\src\Illuminate\Database\SQLiteConnection.php:38
C:\projetos\sistema\backend\vendor\laravel\framework\src\Illuminate\Database\Concerns\ManagesTransactions.php:154
C:\projetos\sistema\backend\vendor\laravel\framework\src\Illuminate\Database\Concerns\ManagesTransactions.php:130
C:\projetos\sistema\backend\vendor\laravel\framework\src\Illuminate\Foundation\Testing\RefreshDatabase.php:147
C:\projetos\sistema\backend\vendor\laravel\framework\src\Illuminate\Foundation\Testing\RefreshDatabase.php:93
C:\projetos\sistema\backend\vendor\laravel\framework\src\Illuminate\Foundation\Testing\RefreshDatabase.php:25
C:\projetos\sistema\backend\vendor\laravel\framework\src\Illuminate\Foundation\Testing\Concerns\InteractsWithTestCaseLifecycle.php:217
C:\projetos\sistema\backend\vendor\laravel\framework\src\Illuminate\Foundation\Testing\Concerns\InteractsWithTestCaseLifecycle.php:101
C:\projetos\sistema\backend\vendor\laravel\framework\src\Illuminate\Foundation\Testing\TestCase.php:63
C:\projetos\sistema\backend\tests\Feature\ServiceCallProfessionalTest.php:28</error>
        </testcase>
        <testcase name="test_convert_to_work_order_creates_os_and_updates_status" file="C:\projetos\sistema\backend\tests\Feature\ServiceCallProfessionalTest.php" line="260" class="Tests\Feature\ServiceCallProfessionalTest" classname="Tests.Feature.ServiceCallProfessionalTest" assertions="0" time="0.000000">
          <error type="PDOException">Tests\Feature\ServiceCallProfessionalTest::test_convert_to_work_order_creates_os_and_updates_status&#13;
PDOException: There is already an active transaction
&#13;
C:\projetos\sistema\backend\vendor\laravel\framework\src\Illuminate\Database\SQLiteConnection.php:38
C:\projetos\sistema\backend\vendor\laravel\framework\src\Illuminate\Database\Concerns\ManagesTransactions.php:154
C:\projetos\sistema\backend\vendor\laravel\framework\src\Illuminate\Database\Concerns\ManagesTransactions.php:130
C:\projetos\sistema\backend\vendor\laravel\framework\src\Illuminate\Foundation\Testing\RefreshDatabase.php:147
C:\projetos\sistema\backend\vendor\laravel\framework\src\Illuminate\Foundation\Testing\RefreshDatabase.php:93
C:\projetos\sistema\backend\vendor\laravel\framework\src\Illuminate\Foundation\Testing\RefreshDatabase.php:25
C:\projetos\sistema\backend\vendor\laravel\framework\src\Illuminate\Foundation\Testing\Concerns\InteractsWithTestCaseLifecycle.php:217
C:\projetos\sistema\backend\vendor\laravel\framework\src\Illuminate\Foundation\Testing\Concerns\InteractsWithTestCaseLifecycle.php:101
C:\projetos\sistema\backend\vendor\laravel\framework\src\Illuminate\Foundation\Testing\TestCase.php:63
C:\projetos\sistema\backend\tests\Feature\ServiceCallProfessionalTest.php:28</error>
        </testcase>
        <testcase name="test_delete_service_call_returns_204" file="C:\projetos\sistema\backend\tests\Feature\ServiceCallProfessionalTest.php" line="287" class="Tests\Feature\ServiceCallProfessionalTest" classname="Tests.Feature.ServiceCallProfessionalTest" assertions="0" time="0.000000">
          <error type="PDOException">Tests\Feature\ServiceCallProfessionalTest::test_delete_service_call_returns_204&#13;
PDOException: There is already an active transaction
&#13;
C:\projetos\sistema\backend\vendor\laravel\framework\src\Illuminate\Database\SQLiteConnection.php:38
C:\projetos\sistema\backend\vendor\laravel\framework\src\Illuminate\Database\Concerns\ManagesTransactions.php:154
C:\projetos\sistema\backend\vendor\laravel\framework\src\Illuminate\Database\Concerns\ManagesTransactions.php:130
C:\projetos\sistema\backend\vendor\laravel\framework\src\Illuminate\Foundation\Testing\RefreshDatabase.php:147
C:\projetos\sistema\backend\vendor\laravel\framework\src\Illuminate\Foundation\Testing\RefreshDatabase.php:93
C:\projetos\sistema\backend\vendor\laravel\framework\src\Illuminate\Foundation\Testing\RefreshDatabase.php:25
C:\projetos\sistema\backend\vendor\laravel\framework\src\Illuminate\Foundation\Testing\Concerns\InteractsWithTestCaseLifecycle.php:217
C:\projetos\sistema\backend\vendor\laravel\framework\src\Illuminate\Foundation\Testing\Concerns\InteractsWithTestCaseLifecycle.php:101
C:\projetos\sistema\backend\vendor\laravel\framework\src\Illuminate\Foundation\Testing\TestCase.php:63
C:\projetos\sistema\backend\tests\Feature\ServiceCallProfessionalTest.php:28</error>
        </testcase>
        <testcase name="test_export_csv_returns_correct_content_type" file="C:\projetos\sistema\backend\tests\Feature\ServiceCallProfessionalTest.php" line="301" class="Tests\Feature\ServiceCallProfessionalTest" classname="Tests.Feature.ServiceCallProfessionalTest" assertions="0" time="0.000000">
          <error type="PDOException">Tests\Feature\ServiceCallProfessionalTest::test_export_csv_returns_correct_content_type&#13;
PDOException: There is already an active transaction
&#13;
C:\projetos\sistema\backend\vendor\laravel\framework\src\Illuminate\Database\SQLiteConnection.php:38
C:\projetos\sistema\backend\vendor\laravel\framework\src\Illuminate\Database\Concerns\ManagesTransactions.php:154
C:\projetos\sistema\backend\vendor\laravel\framework\src\Illuminate\Database\Concerns\ManagesTransactions.php:130
C:\projetos\sistema\backend\vendor\laravel\framework\src\Illuminate\Foundation\Testing\RefreshDatabase.php:147
C:\projetos\sistema\backend\vendor\laravel\framework\src\Illuminate\Foundation\Testing\RefreshDatabase.php:93
C:\projetos\sistema\backend\vendor\laravel\framework\src\Illuminate\Foundation\Testing\RefreshDatabase.php:25
C:\projetos\sistema\backend\vendor\laravel\framework\src\Illuminate\Foundation\Testing\Concerns\InteractsWithTestCaseLifecycle.php:217
C:\projetos\sistema\backend\vendor\laravel\framework\src\Illuminate\Foundation\Testing\Concerns\InteractsWithTestCaseLifecycle.php:101
C:\projetos\sistema\backend\vendor\laravel\framework\src\Illuminate\Foundation\Testing\TestCase.php:63
C:\projetos\sistema\backend\tests\Feature\ServiceCallProfessionalTest.php:28</error>
        </testcase>
        <testcase name="test_map_data_returns_geolocation_structure" file="C:\projetos\sistema\backend\tests\Feature\ServiceCallProfessionalTest.php" line="316" class="Tests\Feature\ServiceCallProfessionalTest" classname="Tests.Feature.ServiceCallProfessionalTest" assertions="0" time="0.000000">
          <error type="PDOException">Tests\Feature\ServiceCallProfessionalTest::test_map_data_returns_geolocation_structure&#13;
PDOException: There is already an active transaction
&#13;
C:\projetos\sistema\backend\vendor\laravel\framework\src\Illuminate\Database\SQLiteConnection.php:38
C:\projetos\sistema\backend\vendor\laravel\framework\src\Illuminate\Database\Concerns\ManagesTransactions.php:154
C:\projetos\sistema\backend\vendor\laravel\framework\src\Illuminate\Database\Concerns\ManagesTransactions.php:130
C:\projetos\sistema\backend\vendor\laravel\framework\src\Illuminate\Foundation\Testing\RefreshDatabase.php:147
C:\projetos\sistema\backend\vendor\laravel\framework\src\Illuminate\Foundation\Testing\RefreshDatabase.php:93
C:\projetos\sistema\backend\vendor\laravel\framework\src\Illuminate\Foundation\Testing\RefreshDatabase.php:25
C:\projetos\sistema\backend\vendor\laravel\framework\src\Illuminate\Foundation\Testing\Concerns\InteractsWithTestCaseLifecycle.php:217
C:\projetos\sistema\backend\vendor\laravel\framework\src\Illuminate\Foundation\Testing\Concerns\InteractsWithTestCaseLifecycle.php:101
C:\projetos\sistema\backend\vendor\laravel\framework\src\Illuminate\Foundation\Testing\TestCase.php:63
C:\projetos\sistema\backend\tests\Feature\ServiceCallProfessionalTest.php:28</error>
        </testcase>
        <testcase name="test_agenda_returns_schedule_data" file="C:\projetos\sistema\backend\tests\Feature\ServiceCallProfessionalTest.php" line="323" class="Tests\Feature\ServiceCallProfessionalTest" classname="Tests.Feature.ServiceCallProfessionalTest" assertions="0" time="0.000000">
          <error type="PDOException">Tests\Feature\ServiceCallProfessionalTest::test_agenda_returns_schedule_data&#13;
PDOException: There is already an active transaction
&#13;
C:\projetos\sistema\backend\vendor\laravel\framework\src\Illuminate\Database\SQLiteConnection.php:38
C:\projetos\sistema\backend\vendor\laravel\framework\src\Illuminate\Database\Concerns\ManagesTransactions.php:154
C:\projetos\sistema\backend\vendor\laravel\framework\src\Illuminate\Database\Concerns\ManagesTransactions.php:130
C:\projetos\sistema\backend\vendor\laravel\framework\src\Illuminate\Foundation\Testing\RefreshDatabase.php:147
C:\projetos\sistema\backend\vendor\laravel\framework\src\Illuminate\Foundation\Testing\RefreshDatabase.php:93
C:\projetos\sistema\backend\vendor\laravel\framework\src\Illuminate\Foundation\Testing\RefreshDatabase.php:25
C:\projetos\sistema\backend\vendor\laravel\framework\src\Illuminate\Foundation\Testing\Concerns\InteractsWithTestCaseLifecycle.php:217
C:\projetos\sistema\backend\vendor\laravel\framework\src\Illuminate\Foundation\Testing\Concerns\InteractsWithTestCaseLifecycle.php:101
C:\projetos\sistema\backend\vendor\laravel\framework\src\Illuminate\Foundation\Testing\TestCase.php:63
C:\projetos\sistema\backend\tests\Feature\ServiceCallProfessionalTest.php:28</error>
        </testcase>
      </testsuite>
      <testsuite name="Tests\Feature\ServiceCallTest" file="C:\projetos\sistema\backend\tests\Feature\ServiceCallTest.php" tests="18" assertions="0" errors="18" failures="0" skipped="0" time="0.000000">
        <testcase name="test_create_service_call" file="C:\projetos\sistema\backend\tests\Feature\ServiceCallTest.php" line="52" class="Tests\Feature\ServiceCallTest" classname="Tests.Feature.ServiceCallTest" assertions="0" time="0.000000">
          <error type="PDOException">Tests\Feature\ServiceCallTest::test_create_service_call&#13;
PDOException: There is already an active transaction
&#13;
C:\projetos\sistema\backend\vendor\laravel\framework\src\Illuminate\Database\SQLiteConnection.php:38
C:\projetos\sistema\backend\vendor\laravel\framework\src\Illuminate\Database\Concerns\ManagesTransactions.php:154
C:\projetos\sistema\backend\vendor\laravel\framework\src\Illuminate\Database\Concerns\ManagesTransactions.php:130
C:\projetos\sistema\backend\vendor\laravel\framework\src\Illuminate\Foundation\Testing\RefreshDatabase.php:147
C:\projetos\sistema\backend\vendor\laravel\framework\src\Illuminate\Foundation\Testing\RefreshDatabase.php:93
C:\projetos\sistema\backend\vendor\laravel\framework\src\Illuminate\Foundation\Testing\RefreshDatabase.php:25
C:\projetos\sistema\backend\vendor\laravel\framework\src\Illuminate\Foundation\Testing\Concerns\InteractsWithTestCaseLifecycle.php:217
C:\projetos\sistema\backend\vendor\laravel\framework\src\Illuminate\Foundation\Testing\Concerns\InteractsWithTestCaseLifecycle.php:101
C:\projetos\sistema\backend\vendor\laravel\framework\src\Illuminate\Foundation\Testing\TestCase.php:63
C:\projetos\sistema\backend\tests\Feature\ServiceCallTest.php:26</error>
        </testcase>
        <testcase name="test_list_service_calls" file="C:\projetos\sistema\backend\tests\Feature\ServiceCallTest.php" line="64" class="Tests\Feature\ServiceCallTest" classname="Tests.Feature.ServiceCallTest" assertions="0" time="0.000000">
          <error type="PDOException">Tests\Feature\ServiceCallTest::test_list_service_calls&#13;
PDOException: There is already an active transaction
&#13;
C:\projetos\sistema\backend\vendor\laravel\framework\src\Illuminate\Database\SQLiteConnection.php:38
C:\projetos\sistema\backend\vendor\laravel\framework\src\Illuminate\Database\Concerns\ManagesTransactions.php:154
C:\projetos\sistema\backend\vendor\laravel\framework\src\Illuminate\Database\Concerns\ManagesTransactions.php:130
C:\projetos\sistema\backend\vendor\laravel\framework\src\Illuminate\Foundation\Testing\RefreshDatabase.php:147
C:\projetos\sistema\backend\vendor\laravel\framework\src\Illuminate\Foundation\Testing\RefreshDatabase.php:93
C:\projetos\sistema\backend\vendor\laravel\framework\src\Illuminate\Foundation\Testing\RefreshDatabase.php:25
C:\projetos\sistema\backend\vendor\laravel\framework\src\Illuminate\Foundation\Testing\Concerns\InteractsWithTestCaseLifecycle.php:217
C:\projetos\sistema\backend\vendor\laravel\framework\src\Illuminate\Foundation\Testing\Concerns\InteractsWithTestCaseLifecycle.php:101
C:\projetos\sistema\backend\vendor\laravel\framework\src\Illuminate\Foundation\Testing\TestCase.php:63
C:\projetos\sistema\backend\tests\Feature\ServiceCallTest.php:26</error>
        </testcase>
        <testcase name="test_show_service_call" file="C:\projetos\sistema\backend\tests\Feature\ServiceCallTest.php" line="77" class="Tests\Feature\ServiceCallTest" classname="Tests.Feature.ServiceCallTest" assertions="0" time="0.000000">
          <error type="PDOException">Tests\Feature\ServiceCallTest::test_show_service_call&#13;
PDOException: There is already an active transaction
&#13;
C:\projetos\sistema\backend\vendor\laravel\framework\src\Illuminate\Database\SQLiteConnection.php:38
C:\projetos\sistema\backend\vendor\laravel\framework\src\Illuminate\Database\Concerns\ManagesTransactions.php:154
C:\projetos\sistema\backend\vendor\laravel\framework\src\Illuminate\Database\Concerns\ManagesTransactions.php:130
C:\projetos\sistema\backend\vendor\laravel\framework\src\Illuminate\Foundation\Testing\RefreshDatabase.php:147
C:\projetos\sistema\backend\vendor\laravel\framework\src\Illuminate\Foundation\Testing\RefreshDatabase.php:93
C:\projetos\sistema\backend\vendor\laravel\framework\src\Illuminate\Foundation\Testing\RefreshDatabase.php:25
C:\projetos\sistema\backend\vendor\laravel\framework\src\Illuminate\Foundation\Testing\Concerns\InteractsWithTestCaseLifecycle.php:217
C:\projetos\sistema\backend\vendor\laravel\framework\src\Illuminate\Foundation\Testing\Concerns\InteractsWithTestCaseLifecycle.php:101
C:\projetos\sistema\backend\vendor\laravel\framework\src\Illuminate\Foundation\Testing\TestCase.php:63
C:\projetos\sistema\backend\tests\Feature\ServiceCallTest.php:26</error>
        </testcase>
        <testcase name="test_update_status" file="C:\projetos\sistema\backend\tests\Feature\ServiceCallTest.php" line="90" class="Tests\Feature\ServiceCallTest" classname="Tests.Feature.ServiceCallTest" assertions="0" time="0.000000">
          <error type="PDOException">Tests\Feature\ServiceCallTest::test_update_status&#13;
PDOException: There is already an active transaction
&#13;
C:\projetos\sistema\backend\vendor\laravel\framework\src\Illuminate\Database\SQLiteConnection.php:38
C:\projetos\sistema\backend\vendor\laravel\framework\src\Illuminate\Database\Concerns\ManagesTransactions.php:154
C:\projetos\sistema\backend\vendor\laravel\framework\src\Illuminate\Database\Concerns\ManagesTransactions.php:130
C:\projetos\sistema\backend\vendor\laravel\framework\src\Illuminate\Foundation\Testing\RefreshDatabase.php:147
C:\projetos\sistema\backend\vendor\laravel\framework\src\Illuminate\Foundation\Testing\RefreshDatabase.php:93
C:\projetos\sistema\backend\vendor\laravel\framework\src\Illuminate\Foundation\Testing\RefreshDatabase.php:25
C:\projetos\sistema\backend\vendor\laravel\framework\src\Illuminate\Foundation\Testing\Concerns\InteractsWithTestCaseLifecycle.php:217
C:\projetos\sistema\backend\vendor\laravel\framework\src\Illuminate\Foundation\Testing\Concerns\InteractsWithTestCaseLifecycle.php:101
C:\projetos\sistema\backend\vendor\laravel\framework\src\Illuminate\Foundation\Testing\TestCase.php:63
C:\projetos\sistema\backend\tests\Feature\ServiceCallTest.php:26</error>
        </testcase>
        <testcase name="test_update_status_rejects_invalid_transition" file="C:\projetos\sistema\backend\tests\Feature\ServiceCallTest.php" line="107" class="Tests\Feature\ServiceCallTest" classname="Tests.Feature.ServiceCallTest" assertions="0" time="0.000000">
          <error type="PDOException">Tests\Feature\ServiceCallTest::test_update_status_rejects_invalid_transition&#13;
PDOException: There is already an active transaction
&#13;
C:\projetos\sistema\backend\vendor\laravel\framework\src\Illuminate\Database\SQLiteConnection.php:38
C:\projetos\sistema\backend\vendor\laravel\framework\src\Illuminate\Database\Concerns\ManagesTransactions.php:154
C:\projetos\sistema\backend\vendor\laravel\framework\src\Illuminate\Database\Concerns\ManagesTransactions.php:130
C:\projetos\sistema\backend\vendor\laravel\framework\src\Illuminate\Foundation\Testing\RefreshDatabase.php:147
C:\projetos\sistema\backend\vendor\laravel\framework\src\Illuminate\Foundation\Testing\RefreshDatabase.php:93
C:\projetos\sistema\backend\vendor\laravel\framework\src\Illuminate\Foundation\Testing\RefreshDatabase.php:25
C:\projetos\sistema\backend\vendor\laravel\framework\src\Illuminate\Foundation\Testing\Concerns\InteractsWithTestCaseLifecycle.php:217
C:\projetos\sistema\backend\vendor\laravel\framework\src\Illuminate\Foundation\Testing\Concerns\InteractsWithTestCaseLifecycle.php:101
C:\projetos\sistema\backend\vendor\laravel\framework\src\Illuminate\Foundation\Testing\TestCase.php:63
C:\projetos\sistema\backend\tests\Feature\ServiceCallTest.php:26</error>
        </testcase>
        <testcase name="test_map_data_supports_status_filter_and_payload_fields" file="C:\projetos\sistema\backend\tests\Feature\ServiceCallTest.php" line="123" class="Tests\Feature\ServiceCallTest" classname="Tests.Feature.ServiceCallTest" assertions="0" time="0.000000">
          <error type="PDOException">Tests\Feature\ServiceCallTest::test_map_data_supports_status_filter_and_payload_fields&#13;
PDOException: There is already an active transaction
&#13;
C:\projetos\sistema\backend\vendor\laravel\framework\src\Illuminate\Database\SQLiteConnection.php:38
C:\projetos\sistema\backend\vendor\laravel\framework\src\Illuminate\Database\Concerns\ManagesTransactions.php:154
C:\projetos\sistema\backend\vendor\laravel\framework\src\Illuminate\Database\Concerns\ManagesTransactions.php:130
C:\projetos\sistema\backend\vendor\laravel\framework\src\Illuminate\Foundation\Testing\RefreshDatabase.php:147
C:\projetos\sistema\backend\vendor\laravel\framework\src\Illuminate\Foundation\Testing\RefreshDatabase.php:93
C:\projetos\sistema\backend\vendor\laravel\framework\src\Illuminate\Foundation\Testing\RefreshDatabase.php:25
C:\projetos\sistema\backend\vendor\laravel\framework\src\Illuminate\Foundation\Testing\Concerns\InteractsWithTestCaseLifecycle.php:217
C:\projetos\sistema\backend\vendor\laravel\framework\src\Illuminate\Foundation\Testing\Concerns\InteractsWithTestCaseLifecycle.php:101
C:\projetos\sistema\backend\vendor\laravel\framework\src\Illuminate\Foundation\Testing\TestCase.php:63
C:\projetos\sistema\backend\tests\Feature\ServiceCallTest.php:26</error>
        </testcase>
        <testcase name="test_legacy_map_and_agenda_routes_are_available" file="C:\projetos\sistema\backend\tests\Feature\ServiceCallTest.php" line="152" class="Tests\Feature\ServiceCallTest" classname="Tests.Feature.ServiceCallTest" assertions="0" time="0.000000">
          <error type="PDOException">Tests\Feature\ServiceCallTest::test_legacy_map_and_agenda_routes_are_available&#13;
PDOException: There is already an active transaction
&#13;
C:\projetos\sistema\backend\vendor\laravel\framework\src\Illuminate\Database\SQLiteConnection.php:38
C:\projetos\sistema\backend\vendor\laravel\framework\src\Illuminate\Database\Concerns\ManagesTransactions.php:154
C:\projetos\sistema\backend\vendor\laravel\framework\src\Illuminate\Database\Concerns\ManagesTransactions.php:130
C:\projetos\sistema\backend\vendor\laravel\framework\src\Illuminate\Foundation\Testing\RefreshDatabase.php:147
C:\projetos\sistema\backend\vendor\laravel\framework\src\Illuminate\Foundation\Testing\RefreshDatabase.php:93
C:\projetos\sistema\backend\vendor\laravel\framework\src\Illuminate\Foundation\Testing\RefreshDatabase.php:25
C:\projetos\sistema\backend\vendor\laravel\framework\src\Illuminate\Foundation\Testing\Concerns\InteractsWithTestCaseLifecycle.php:217
C:\projetos\sistema\backend\vendor\laravel\framework\src\Illuminate\Foundation\Testing\Concerns\InteractsWithTestCaseLifecycle.php:101
C:\projetos\sistema\backend\vendor\laravel\framework\src\Illuminate\Foundation\Testing\TestCase.php:63
C:\projetos\sistema\backend\tests\Feature\ServiceCallTest.php:26</error>
        </testcase>
        <testcase name="test_convert_to_work_order_requires_single_conversion" file="C:\projetos\sistema\backend\tests\Feature\ServiceCallTest.php" line="171" class="Tests\Feature\ServiceCallTest" classname="Tests.Feature.ServiceCallTest" assertions="0" time="0.000000">
          <error type="PDOException">Tests\Feature\ServiceCallTest::test_convert_to_work_order_requires_single_conversion&#13;
PDOException: There is already an active transaction
&#13;
C:\projetos\sistema\backend\vendor\laravel\framework\src\Illuminate\Database\SQLiteConnection.php:38
C:\projetos\sistema\backend\vendor\laravel\framework\src\Illuminate\Database\Concerns\ManagesTransactions.php:154
C:\projetos\sistema\backend\vendor\laravel\framework\src\Illuminate\Database\Concerns\ManagesTransactions.php:130
C:\projetos\sistema\backend\vendor\laravel\framework\src\Illuminate\Foundation\Testing\RefreshDatabase.php:147
C:\projetos\sistema\backend\vendor\laravel\framework\src\Illuminate\Foundation\Testing\RefreshDatabase.php:93
C:\projetos\sistema\backend\vendor\laravel\framework\src\Illuminate\Foundation\Testing\RefreshDatabase.php:25
C:\projetos\sistema\backend\vendor\laravel\framework\src\Illuminate\Foundation\Testing\Concerns\InteractsWithTestCaseLifecycle.php:217
C:\projetos\sistema\backend\vendor\laravel\framework\src\Illuminate\Foundation\Testing\Concerns\InteractsWithTestCaseLifecycle.php:101
C:\projetos\sistema\backend\vendor\laravel\framework\src\Illuminate\Foundation\Testing\TestCase.php:63
C:\projetos\sistema\backend\tests\Feature\ServiceCallTest.php:26</error>
        </testcase>
        <testcase name="test_summary_returns_transit_and_in_service_breakdown" file="C:\projetos\sistema\backend\tests\Feature\ServiceCallTest.php" line="201" class="Tests\Feature\ServiceCallTest" classname="Tests.Feature.ServiceCallTest" assertions="0" time="0.000000">
          <error type="PDOException">Tests\Feature\ServiceCallTest::test_summary_returns_transit_and_in_service_breakdown&#13;
PDOException: There is already an active transaction
&#13;
C:\projetos\sistema\backend\vendor\laravel\framework\src\Illuminate\Database\SQLiteConnection.php:38
C:\projetos\sistema\backend\vendor\laravel\framework\src\Illuminate\Database\Concerns\ManagesTransactions.php:154
C:\projetos\sistema\backend\vendor\laravel\framework\src\Illuminate\Database\Concerns\ManagesTransactions.php:130
C:\projetos\sistema\backend\vendor\laravel\framework\src\Illuminate\Foundation\Testing\RefreshDatabase.php:147
C:\projetos\sistema\backend\vendor\laravel\framework\src\Illuminate\Foundation\Testing\RefreshDatabase.php:93
C:\projetos\sistema\backend\vendor\laravel\framework\src\Illuminate\Foundation\Testing\RefreshDatabase.php:25
C:\projetos\sistema\backend\vendor\laravel\framework\src\Illuminate\Foundation\Testing\Concerns\InteractsWithTestCaseLifecycle.php:217
C:\projetos\sistema\backend\vendor\laravel\framework\src\Illuminate\Foundation\Testing\Concerns\InteractsWithTestCaseLifecycle.php:101
C:\projetos\sistema\backend\vendor\laravel\framework\src\Illuminate\Foundation\Testing\TestCase.php:63
C:\projetos\sistema\backend\tests\Feature\ServiceCallTest.php:26</error>
        </testcase>
        <testcase name="test_service_calls_isolated_by_tenant" file="C:\projetos\sistema\backend\tests\Feature\ServiceCallTest.php" line="222" class="Tests\Feature\ServiceCallTest" classname="Tests.Feature.ServiceCallTest" assertions="0" time="0.000000">
          <error type="PDOException">Tests\Feature\ServiceCallTest::test_service_calls_isolated_by_tenant&#13;
PDOException: There is already an active transaction
&#13;
C:\projetos\sistema\backend\vendor\laravel\framework\src\Illuminate\Database\SQLiteConnection.php:38
C:\projetos\sistema\backend\vendor\laravel\framework\src\Illuminate\Database\Concerns\ManagesTransactions.php:154
C:\projetos\sistema\backend\vendor\laravel\framework\src\Illuminate\Database\Concerns\ManagesTransactions.php:130
C:\projetos\sistema\backend\vendor\laravel\framework\src\Illuminate\Foundation\Testing\RefreshDatabase.php:147
C:\projetos\sistema\backend\vendor\laravel\framework\src\Illuminate\Foundation\Testing\RefreshDatabase.php:93
C:\projetos\sistema\backend\vendor\laravel\framework\src\Illuminate\Foundation\Testing\RefreshDatabase.php:25
C:\projetos\sistema\backend\vendor\laravel\framework\src\Illuminate\Foundation\Testing\Concerns\InteractsWithTestCaseLifecycle.php:217
C:\projetos\sistema\backend\vendor\laravel\framework\src\Illuminate\Foundation\Testing\Concerns\InteractsWithTestCaseLifecycle.php:101
C:\projetos\sistema\backend\vendor\laravel\framework\src\Illuminate\Foundation\Testing\TestCase.php:63
C:\projetos\sistema\backend\tests\Feature\ServiceCallTest.php:26</error>
        </testcase>
        <testcase name="test_update_service_call" file="C:\projetos\sistema\backend\tests\Feature\ServiceCallTest.php" line="247" class="Tests\Feature\ServiceCallTest" classname="Tests.Feature.ServiceCallTest" assertions="0" time="0.000000">
          <error type="PDOException">Tests\Feature\ServiceCallTest::test_update_service_call&#13;
PDOException: There is already an active transaction
&#13;
C:\projetos\sistema\backend\vendor\laravel\framework\src\Illuminate\Database\SQLiteConnection.php:38
C:\projetos\sistema\backend\vendor\laravel\framework\src\Illuminate\Database\Concerns\ManagesTransactions.php:154
C:\projetos\sistema\backend\vendor\laravel\framework\src\Illuminate\Database\Concerns\ManagesTransactions.php:130
C:\projetos\sistema\backend\vendor\laravel\framework\src\Illuminate\Foundation\Testing\RefreshDatabase.php:147
C:\projetos\sistema\backend\vendor\laravel\framework\src\Illuminate\Foundation\Testing\RefreshDatabase.php:93
C:\projetos\sistema\backend\vendor\laravel\framework\src\Illuminate\Foundation\Testing\RefreshDatabase.php:25
C:\projetos\sistema\backend\vendor\laravel\framework\src\Illuminate\Foundation\Testing\Concerns\InteractsWithTestCaseLifecycle.php:217
C:\projetos\sistema\backend\vendor\laravel\framework\src\Illuminate\Foundation\Testing\Concerns\InteractsWithTestCaseLifecycle.php:101
C:\projetos\sistema\backend\vendor\laravel\framework\src\Illuminate\Foundation\Testing\TestCase.php:63
C:\projetos\sistema\backend\tests\Feature\ServiceCallTest.php:26</error>
        </testcase>
        <testcase name="test_delete_service_call_without_work_order" file="C:\projetos\sistema\backend\tests\Feature\ServiceCallTest.php" line="264" class="Tests\Feature\ServiceCallTest" classname="Tests.Feature.ServiceCallTest" assertions="0" time="0.000000">
          <error type="PDOException">Tests\Feature\ServiceCallTest::test_delete_service_call_without_work_order&#13;
PDOException: There is already an active transaction
&#13;
C:\projetos\sistema\backend\vendor\laravel\framework\src\Illuminate\Database\SQLiteConnection.php:38
C:\projetos\sistema\backend\vendor\laravel\framework\src\Illuminate\Database\Concerns\ManagesTransactions.php:154
C:\projetos\sistema\backend\vendor\laravel\framework\src\Illuminate\Database\Concerns\ManagesTransactions.php:130
C:\projetos\sistema\backend\vendor\laravel\framework\src\Illuminate\Foundation\Testing\RefreshDatabase.php:147
C:\projetos\sistema\backend\vendor\laravel\framework\src\Illuminate\Foundation\Testing\RefreshDatabase.php:93
C:\projetos\sistema\backend\vendor\laravel\framework\src\Illuminate\Foundation\Testing\RefreshDatabase.php:25
C:\projetos\sistema\backend\vendor\laravel\framework\src\Illuminate\Foundation\Testing\Concerns\InteractsWithTestCaseLifecycle.php:217
C:\projetos\sistema\backend\vendor\laravel\framework\src\Illuminate\Foundation\Testing\Concerns\InteractsWithTestCaseLifecycle.php:101
C:\projetos\sistema\backend\vendor\laravel\framework\src\Illuminate\Foundation\Testing\TestCase.php:63
C:\projetos\sistema\backend\tests\Feature\ServiceCallTest.php:26</error>
        </testcase>
        <testcase name="test_delete_service_call_with_work_order_returns_409" file="C:\projetos\sistema\backend\tests\Feature\ServiceCallTest.php" line="277" class="Tests\Feature\ServiceCallTest" classname="Tests.Feature.ServiceCallTest" assertions="0" time="0.000000">
          <error type="PDOException">Tests\Feature\ServiceCallTest::test_delete_service_call_with_work_order_returns_409&#13;
PDOException: There is already an active transaction
&#13;
C:\projetos\sistema\backend\vendor\laravel\framework\src\Illuminate\Database\SQLiteConnection.php:38
C:\projetos\sistema\backend\vendor\laravel\framework\src\Illuminate\Database\Concerns\ManagesTransactions.php:154
C:\projetos\sistema\backend\vendor\laravel\framework\src\Illuminate\Database\Concerns\ManagesTransactions.php:130
C:\projetos\sistema\backend\vendor\laravel\framework\src\Illuminate\Foundation\Testing\RefreshDatabase.php:147
C:\projetos\sistema\backend\vendor\laravel\framework\src\Illuminate\Foundation\Testing\RefreshDatabase.php:93
C:\projetos\sistema\backend\vendor\laravel\framework\src\Illuminate\Foundation\Testing\RefreshDatabase.php:25
C:\projetos\sistema\backend\vendor\laravel\framework\src\Illuminate\Foundation\Testing\Concerns\InteractsWithTestCaseLifecycle.php:217
C:\projetos\sistema\backend\vendor\laravel\framework\src\Illuminate\Foundation\Testing\Concerns\InteractsWithTestCaseLifecycle.php:101
C:\projetos\sistema\backend\vendor\laravel\framework\src\Illuminate\Foundation\Testing\TestCase.php:63
C:\projetos\sistema\backend\tests\Feature\ServiceCallTest.php:26</error>
        </testcase>
        <testcase name="test_assign_technician" file="C:\projetos\sistema\backend\tests\Feature\ServiceCallTest.php" line="296" class="Tests\Feature\ServiceCallTest" classname="Tests.Feature.ServiceCallTest" assertions="0" time="0.000000">
          <error type="PDOException">Tests\Feature\ServiceCallTest::test_assign_technician&#13;
PDOException: There is already an active transaction
&#13;
C:\projetos\sistema\backend\vendor\laravel\framework\src\Illuminate\Database\SQLiteConnection.php:38
C:\projetos\sistema\backend\vendor\laravel\framework\src\Illuminate\Database\Concerns\ManagesTransactions.php:154
C:\projetos\sistema\backend\vendor\laravel\framework\src\Illuminate\Database\Concerns\ManagesTransactions.php:130
C:\projetos\sistema\backend\vendor\laravel\framework\src\Illuminate\Foundation\Testing\RefreshDatabase.php:147
C:\projetos\sistema\backend\vendor\laravel\framework\src\Illuminate\Foundation\Testing\RefreshDatabase.php:93
C:\projetos\sistema\backend\vendor\laravel\framework\src\Illuminate\Foundation\Testing\RefreshDatabase.php:25
C:\projetos\sistema\backend\vendor\laravel\framework\src\Illuminate\Foundation\Testing\Concerns\InteractsWithTestCaseLifecycle.php:217
C:\projetos\sistema\backend\vendor\laravel\framework\src\Illuminate\Foundation\Testing\Concerns\InteractsWithTestCaseLifecycle.php:101
C:\projetos\sistema\backend\vendor\laravel\framework\src\Illuminate\Foundation\Testing\TestCase.php:63
C:\projetos\sistema\backend\tests\Feature\ServiceCallTest.php:26</error>
        </testcase>
        <testcase name="test_assignees_returns_technicians_and_drivers_from_current_tenant" file="C:\projetos\sistema\backend\tests\Feature\ServiceCallTest.php" line="314" class="Tests\Feature\ServiceCallTest" classname="Tests.Feature.ServiceCallTest" assertions="0" time="0.000000">
          <error type="PDOException">Tests\Feature\ServiceCallTest::test_assignees_returns_technicians_and_drivers_from_current_tenant&#13;
PDOException: There is already an active transaction
&#13;
C:\projetos\sistema\backend\vendor\laravel\framework\src\Illuminate\Database\SQLiteConnection.php:38
C:\projetos\sistema\backend\vendor\laravel\framework\src\Illuminate\Database\Concerns\ManagesTransactions.php:154
C:\projetos\sistema\backend\vendor\laravel\framework\src\Illuminate\Database\Concerns\ManagesTransactions.php:130
C:\projetos\sistema\backend\vendor\laravel\framework\src\Illuminate\Foundation\Testing\RefreshDatabase.php:147
C:\projetos\sistema\backend\vendor\laravel\framework\src\Illuminate\Foundation\Testing\RefreshDatabase.php:93
C:\projetos\sistema\backend\vendor\laravel\framework\src\Illuminate\Foundation\Testing\RefreshDatabase.php:25
C:\projetos\sistema\backend\vendor\laravel\framework\src\Illuminate\Foundation\Testing\Concerns\InteractsWithTestCaseLifecycle.php:217
C:\projetos\sistema\backend\vendor\laravel\framework\src\Illuminate\Foundation\Testing\Concerns\InteractsWithTestCaseLifecycle.php:101
C:\projetos\sistema\backend\vendor\laravel\framework\src\Illuminate\Foundation\Testing\TestCase.php:63
C:\projetos\sistema\backend\tests\Feature\ServiceCallTest.php:26</error>
        </testcase>
        <testcase name="test_add_comment" file="C:\projetos\sistema\backend\tests\Feature\ServiceCallTest.php" line="342" class="Tests\Feature\ServiceCallTest" classname="Tests.Feature.ServiceCallTest" assertions="0" time="0.000000">
          <error type="PDOException">Tests\Feature\ServiceCallTest::test_add_comment&#13;
PDOException: There is already an active transaction
&#13;
C:\projetos\sistema\backend\vendor\laravel\framework\src\Illuminate\Database\SQLiteConnection.php:38
C:\projetos\sistema\backend\vendor\laravel\framework\src\Illuminate\Database\Concerns\ManagesTransactions.php:154
C:\projetos\sistema\backend\vendor\laravel\framework\src\Illuminate\Database\Concerns\ManagesTransactions.php:130
C:\projetos\sistema\backend\vendor\laravel\framework\src\Illuminate\Foundation\Testing\RefreshDatabase.php:147
C:\projetos\sistema\backend\vendor\laravel\framework\src\Illuminate\Foundation\Testing\RefreshDatabase.php:93
C:\projetos\sistema\backend\vendor\laravel\framework\src\Illuminate\Foundation\Testing\RefreshDatabase.php:25
C:\projetos\sistema\backend\vendor\laravel\framework\src\Illuminate\Foundation\Testing\Concerns\InteractsWithTestCaseLifecycle.php:217
C:\projetos\sistema\backend\vendor\laravel\framework\src\Illuminate\Foundation\Testing\Concerns\InteractsWithTestCaseLifecycle.php:101
C:\projetos\sistema\backend\vendor\laravel\framework\src\Illuminate\Foundation\Testing\TestCase.php:63
C:\projetos\sistema\backend\tests\Feature\ServiceCallTest.php:26</error>
        </testcase>
        <testcase name="test_export_csv" file="C:\projetos\sistema\backend\tests\Feature\ServiceCallTest.php" line="358" class="Tests\Feature\ServiceCallTest" classname="Tests.Feature.ServiceCallTest" assertions="0" time="0.000000">
          <error type="PDOException">Tests\Feature\ServiceCallTest::test_export_csv&#13;
PDOException: There is already an active transaction
&#13;
C:\projetos\sistema\backend\vendor\laravel\framework\src\Illuminate\Database\SQLiteConnection.php:38
C:\projetos\sistema\backend\vendor\laravel\framework\src\Illuminate\Database\Concerns\ManagesTransactions.php:154
C:\projetos\sistema\backend\vendor\laravel\framework\src\Illuminate\Database\Concerns\ManagesTransactions.php:130
C:\projetos\sistema\backend\vendor\laravel\framework\src\Illuminate\Foundation\Testing\RefreshDatabase.php:147
C:\projetos\sistema\backend\vendor\laravel\framework\src\Illuminate\Foundation\Testing\RefreshDatabase.php:93
C:\projetos\sistema\backend\vendor\laravel\framework\src\Illuminate\Foundation\Testing\RefreshDatabase.php:25
C:\projetos\sistema\backend\vendor\laravel\framework\src\Illuminate\Foundation\Testing\Concerns\InteractsWithTestCaseLifecycle.php:217
C:\projetos\sistema\backend\vendor\laravel\framework\src\Illuminate\Foundation\Testing\Concerns\InteractsWithTestCaseLifecycle.php:101
C:\projetos\sistema\backend\vendor\laravel\framework\src\Illuminate\Foundation\Testing\TestCase.php:63
C:\projetos\sistema\backend\tests\Feature\ServiceCallTest.php:26</error>
        </testcase>
        <testcase name="test_store_cannot_override_status" file="C:\projetos\sistema\backend\tests\Feature\ServiceCallTest.php" line="371" class="Tests\Feature\ServiceCallTest" classname="Tests.Feature.ServiceCallTest" assertions="0" time="0.000000">
          <error type="PDOException">Tests\Feature\ServiceCallTest::test_store_cannot_override_status&#13;
PDOException: There is already an active transaction
&#13;
C:\projetos\sistema\backend\vendor\laravel\framework\src\Illuminate\Database\SQLiteConnection.php:38
C:\projetos\sistema\backend\vendor\laravel\framework\src\Illuminate\Database\Concerns\ManagesTransactions.php:154
C:\projetos\sistema\backend\vendor\laravel\framework\src\Illuminate\Database\Concerns\ManagesTransactions.php:130
C:\projetos\sistema\backend\vendor\laravel\framework\src\Illuminate\Foundation\Testing\RefreshDatabase.php:147
C:\projetos\sistema\backend\vendor\laravel\framework\src\Illuminate\Foundation\Testing\RefreshDatabase.php:93
C:\projetos\sistema\backend\vendor\laravel\framework\src\Illuminate\Foundation\Testing\RefreshDatabase.php:25
C:\projetos\sistema\backend\vendor\laravel\framework\src\Illuminate\Foundation\Testing\Concerns\InteractsWithTestCaseLifecycle.php:217
C:\projetos\sistema\backend\vendor\laravel\framework\src\Illuminate\Foundation\Testing\Concerns\InteractsWithTestCaseLifecycle.php:101
C:\projetos\sistema\backend\vendor\laravel\framework\src\Illuminate\Foundation\Testing\TestCase.php:63
C:\projetos\sistema\backend\tests\Feature\ServiceCallTest.php:26</error>
        </testcase>
      </testsuite>
      <testsuite name="Tests\Feature\SlaDashboardExtendedTest" file="C:\projetos\sistema\backend\tests\Feature\SlaDashboardExtendedTest.php" tests="4" assertions="0" errors="4" failures="0" skipped="0" time="0.000000">
        <testcase name="test_sla_overview_returns_structured_response" file="C:\projetos\sistema\backend\tests\Feature\SlaDashboardExtendedTest.php" line="48" class="Tests\Feature\SlaDashboardExtendedTest" classname="Tests.Feature.SlaDashboardExtendedTest" assertions="0" time="0.000000">
          <error type="PDOException">Tests\Feature\SlaDashboardExtendedTest::test_sla_overview_returns_structured_response&#13;
PDOException: There is already an active transaction
&#13;
C:\projetos\sistema\backend\vendor\laravel\framework\src\Illuminate\Database\SQLiteConnection.php:38
C:\projetos\sistema\backend\vendor\laravel\framework\src\Illuminate\Database\Concerns\ManagesTransactions.php:154
C:\projetos\sistema\backend\vendor\laravel\framework\src\Illuminate\Database\Concerns\ManagesTransactions.php:130
C:\projetos\sistema\backend\vendor\laravel\framework\src\Illuminate\Foundation\Testing\RefreshDatabase.php:147
C:\projetos\sistema\backend\vendor\laravel\framework\src\Illuminate\Foundation\Testing\RefreshDatabase.php:93
C:\projetos\sistema\backend\vendor\laravel\framework\src\Illuminate\Foundation\Testing\RefreshDatabase.php:25
C:\projetos\sistema\backend\vendor\laravel\framework\src\Illuminate\Foundation\Testing\Concerns\InteractsWithTestCaseLifecycle.php:217
C:\projetos\sistema\backend\vendor\laravel\framework\src\Illuminate\Foundation\Testing\Concerns\InteractsWithTestCaseLifecycle.php:101
C:\projetos\sistema\backend\vendor\laravel\framework\src\Illuminate\Foundation\Testing\TestCase.php:63
C:\projetos\sistema\backend\tests\Feature\SlaDashboardExtendedTest.php:28</error>
        </testcase>
        <testcase name="test_sla_breached_orders_returns_paginated" file="C:\projetos\sistema\backend\tests\Feature\SlaDashboardExtendedTest.php" line="65" class="Tests\Feature\SlaDashboardExtendedTest" classname="Tests.Feature.SlaDashboardExtendedTest" assertions="0" time="0.000000">
          <error type="PDOException">Tests\Feature\SlaDashboardExtendedTest::test_sla_breached_orders_returns_paginated&#13;
PDOException: There is already an active transaction
&#13;
C:\projetos\sistema\backend\vendor\laravel\framework\src\Illuminate\Database\SQLiteConnection.php:38
C:\projetos\sistema\backend\vendor\laravel\framework\src\Illuminate\Database\Concerns\ManagesTransactions.php:154
C:\projetos\sistema\backend\vendor\laravel\framework\src\Illuminate\Database\Concerns\ManagesTransactions.php:130
C:\projetos\sistema\backend\vendor\laravel\framework\src\Illuminate\Foundation\Testing\RefreshDatabase.php:147
C:\projetos\sistema\backend\vendor\laravel\framework\src\Illuminate\Foundation\Testing\RefreshDatabase.php:93
C:\projetos\sistema\backend\vendor\laravel\framework\src\Illuminate\Foundation\Testing\RefreshDatabase.php:25
C:\projetos\sistema\backend\vendor\laravel\framework\src\Illuminate\Foundation\Testing\Concerns\InteractsWithTestCaseLifecycle.php:217
C:\projetos\sistema\backend\vendor\laravel\framework\src\Illuminate\Foundation\Testing\Concerns\InteractsWithTestCaseLifecycle.php:101
C:\projetos\sistema\backend\vendor\laravel\framework\src\Illuminate\Foundation\Testing\TestCase.php:63
C:\projetos\sistema\backend\tests\Feature\SlaDashboardExtendedTest.php:28</error>
        </testcase>
        <testcase name="test_sla_by_policy_returns_compliance_rates" file="C:\projetos\sistema\backend\tests\Feature\SlaDashboardExtendedTest.php" line="77" class="Tests\Feature\SlaDashboardExtendedTest" classname="Tests.Feature.SlaDashboardExtendedTest" assertions="0" time="0.000000">
          <error type="PDOException">Tests\Feature\SlaDashboardExtendedTest::test_sla_by_policy_returns_compliance_rates&#13;
PDOException: There is already an active transaction
&#13;
C:\projetos\sistema\backend\vendor\laravel\framework\src\Illuminate\Database\SQLiteConnection.php:38
C:\projetos\sistema\backend\vendor\laravel\framework\src\Illuminate\Database\Concerns\ManagesTransactions.php:154
C:\projetos\sistema\backend\vendor\laravel\framework\src\Illuminate\Database\Concerns\ManagesTransactions.php:130
C:\projetos\sistema\backend\vendor\laravel\framework\src\Illuminate\Foundation\Testing\RefreshDatabase.php:147
C:\projetos\sistema\backend\vendor\laravel\framework\src\Illuminate\Foundation\Testing\RefreshDatabase.php:93
C:\projetos\sistema\backend\vendor\laravel\framework\src\Illuminate\Foundation\Testing\RefreshDatabase.php:25
C:\projetos\sistema\backend\vendor\laravel\framework\src\Illuminate\Foundation\Testing\Concerns\InteractsWithTestCaseLifecycle.php:217
C:\projetos\sistema\backend\vendor\laravel\framework\src\Illuminate\Foundation\Testing\Concerns\InteractsWithTestCaseLifecycle.php:101
C:\projetos\sistema\backend\vendor\laravel\framework\src\Illuminate\Foundation\Testing\TestCase.php:63
C:\projetos\sistema\backend\tests\Feature\SlaDashboardExtendedTest.php:28</error>
        </testcase>
        <testcase name="test_sla_overview_with_breached_work_orders" file="C:\projetos\sistema\backend\tests\Feature\SlaDashboardExtendedTest.php" line="92" class="Tests\Feature\SlaDashboardExtendedTest" classname="Tests.Feature.SlaDashboardExtendedTest" assertions="0" time="0.000000">
          <error type="PDOException">Tests\Feature\SlaDashboardExtendedTest::test_sla_overview_with_breached_work_orders&#13;
PDOException: There is already an active transaction
&#13;
C:\projetos\sistema\backend\vendor\laravel\framework\src\Illuminate\Database\SQLiteConnection.php:38
C:\projetos\sistema\backend\vendor\laravel\framework\src\Illuminate\Database\Concerns\ManagesTransactions.php:154
C:\projetos\sistema\backend\vendor\laravel\framework\src\Illuminate\Database\Concerns\ManagesTransactions.php:130
C:\projetos\sistema\backend\vendor\laravel\framework\src\Illuminate\Foundation\Testing\RefreshDatabase.php:147
C:\projetos\sistema\backend\vendor\laravel\framework\src\Illuminate\Foundation\Testing\RefreshDatabase.php:93
C:\projetos\sistema\backend\vendor\laravel\framework\src\Illuminate\Foundation\Testing\RefreshDatabase.php:25
C:\projetos\sistema\backend\vendor\laravel\framework\src\Illuminate\Foundation\Testing\Concerns\InteractsWithTestCaseLifecycle.php:217
C:\projetos\sistema\backend\vendor\laravel\framework\src\Illuminate\Foundation\Testing\Concerns\InteractsWithTestCaseLifecycle.php:101
C:\projetos\sistema\backend\vendor\laravel\framework\src\Illuminate\Foundation\Testing\TestCase.php:63
C:\projetos\sistema\backend\tests\Feature\SlaDashboardExtendedTest.php:28</error>
        </testcase>
      </testsuite>
      <testsuite name="Tests\Feature\SlaPolicyTest" file="C:\projetos\sistema\backend\tests\Feature\SlaPolicyTest.php" tests="8" assertions="0" errors="8" failures="0" skipped="0" time="0.000000">
        <testcase name="test_index_returns_only_tenant_policies" file="C:\projetos\sistema\backend\tests\Feature\SlaPolicyTest.php" line="40" class="Tests\Feature\SlaPolicyTest" classname="Tests.Feature.SlaPolicyTest" assertions="0" time="0.000000">
          <error type="PDOException">Tests\Feature\SlaPolicyTest::test_index_returns_only_tenant_policies&#13;
PDOException: There is already an active transaction
&#13;
C:\projetos\sistema\backend\vendor\laravel\framework\src\Illuminate\Database\SQLiteConnection.php:38
C:\projetos\sistema\backend\vendor\laravel\framework\src\Illuminate\Database\Concerns\ManagesTransactions.php:154
C:\projetos\sistema\backend\vendor\laravel\framework\src\Illuminate\Database\Concerns\ManagesTransactions.php:130
C:\projetos\sistema\backend\vendor\laravel\framework\src\Illuminate\Foundation\Testing\RefreshDatabase.php:147
C:\projetos\sistema\backend\vendor\laravel\framework\src\Illuminate\Foundation\Testing\RefreshDatabase.php:93
C:\projetos\sistema\backend\vendor\laravel\framework\src\Illuminate\Foundation\Testing\RefreshDatabase.php:25
C:\projetos\sistema\backend\vendor\laravel\framework\src\Illuminate\Foundation\Testing\Concerns\InteractsWithTestCaseLifecycle.php:217
C:\projetos\sistema\backend\vendor\laravel\framework\src\Illuminate\Foundation\Testing\Concerns\InteractsWithTestCaseLifecycle.php:101
C:\projetos\sistema\backend\vendor\laravel\framework\src\Illuminate\Foundation\Testing\TestCase.php:63
C:\projetos\sistema\backend\tests\Feature\SlaPolicyTest.php:21</error>
        </testcase>
        <testcase name="test_store_creates_policy_for_current_tenant" file="C:\projetos\sistema\backend\tests\Feature\SlaPolicyTest.php" line="68" class="Tests\Feature\SlaPolicyTest" classname="Tests.Feature.SlaPolicyTest" assertions="0" time="0.000000">
          <error type="PDOException">Tests\Feature\SlaPolicyTest::test_store_creates_policy_for_current_tenant&#13;
PDOException: There is already an active transaction
&#13;
C:\projetos\sistema\backend\vendor\laravel\framework\src\Illuminate\Database\SQLiteConnection.php:38
C:\projetos\sistema\backend\vendor\laravel\framework\src\Illuminate\Database\Concerns\ManagesTransactions.php:154
C:\projetos\sistema\backend\vendor\laravel\framework\src\Illuminate\Database\Concerns\ManagesTransactions.php:130
C:\projetos\sistema\backend\vendor\laravel\framework\src\Illuminate\Foundation\Testing\RefreshDatabase.php:147
C:\projetos\sistema\backend\vendor\laravel\framework\src\Illuminate\Foundation\Testing\RefreshDatabase.php:93
C:\projetos\sistema\backend\vendor\laravel\framework\src\Illuminate\Foundation\Testing\RefreshDatabase.php:25
C:\projetos\sistema\backend\vendor\laravel\framework\src\Illuminate\Foundation\Testing\Concerns\InteractsWithTestCaseLifecycle.php:217
C:\projetos\sistema\backend\vendor\laravel\framework\src\Illuminate\Foundation\Testing\Concerns\InteractsWithTestCaseLifecycle.php:101
C:\projetos\sistema\backend\vendor\laravel\framework\src\Illuminate\Foundation\Testing\TestCase.php:63
C:\projetos\sistema\backend\tests\Feature\SlaPolicyTest.php:21</error>
        </testcase>
        <testcase name="test_show_policy" file="C:\projetos\sistema\backend\tests\Feature\SlaPolicyTest.php" line="90" class="Tests\Feature\SlaPolicyTest" classname="Tests.Feature.SlaPolicyTest" assertions="0" time="0.000000">
          <error type="PDOException">Tests\Feature\SlaPolicyTest::test_show_policy&#13;
PDOException: There is already an active transaction
&#13;
C:\projetos\sistema\backend\vendor\laravel\framework\src\Illuminate\Database\SQLiteConnection.php:38
C:\projetos\sistema\backend\vendor\laravel\framework\src\Illuminate\Database\Concerns\ManagesTransactions.php:154
C:\projetos\sistema\backend\vendor\laravel\framework\src\Illuminate\Database\Concerns\ManagesTransactions.php:130
C:\projetos\sistema\backend\vendor\laravel\framework\src\Illuminate\Foundation\Testing\RefreshDatabase.php:147
C:\projetos\sistema\backend\vendor\laravel\framework\src\Illuminate\Foundation\Testing\RefreshDatabase.php:93
C:\projetos\sistema\backend\vendor\laravel\framework\src\Illuminate\Foundation\Testing\RefreshDatabase.php:25
C:\projetos\sistema\backend\vendor\laravel\framework\src\Illuminate\Foundation\Testing\Concerns\InteractsWithTestCaseLifecycle.php:217
C:\projetos\sistema\backend\vendor\laravel\framework\src\Illuminate\Foundation\Testing\Concerns\InteractsWithTestCaseLifecycle.php:101
C:\projetos\sistema\backend\vendor\laravel\framework\src\Illuminate\Foundation\Testing\TestCase.php:63
C:\projetos\sistema\backend\tests\Feature\SlaPolicyTest.php:21</error>
        </testcase>
        <testcase name="test_update_policy" file="C:\projetos\sistema\backend\tests\Feature\SlaPolicyTest.php" line="106" class="Tests\Feature\SlaPolicyTest" classname="Tests.Feature.SlaPolicyTest" assertions="0" time="0.000000">
          <error type="PDOException">Tests\Feature\SlaPolicyTest::test_update_policy&#13;
PDOException: There is already an active transaction
&#13;
C:\projetos\sistema\backend\vendor\laravel\framework\src\Illuminate\Database\SQLiteConnection.php:38
C:\projetos\sistema\backend\vendor\laravel\framework\src\Illuminate\Database\Concerns\ManagesTransactions.php:154
C:\projetos\sistema\backend\vendor\laravel\framework\src\Illuminate\Database\Concerns\ManagesTransactions.php:130
C:\projetos\sistema\backend\vendor\laravel\framework\src\Illuminate\Foundation\Testing\RefreshDatabase.php:147
C:\projetos\sistema\backend\vendor\laravel\framework\src\Illuminate\Foundation\Testing\RefreshDatabase.php:93
C:\projetos\sistema\backend\vendor\laravel\framework\src\Illuminate\Foundation\Testing\RefreshDatabase.php:25
C:\projetos\sistema\backend\vendor\laravel\framework\src\Illuminate\Foundation\Testing\Concerns\InteractsWithTestCaseLifecycle.php:217
C:\projetos\sistema\backend\vendor\laravel\framework\src\Illuminate\Foundation\Testing\Concerns\InteractsWithTestCaseLifecycle.php:101
C:\projetos\sistema\backend\vendor\laravel\framework\src\Illuminate\Foundation\Testing\TestCase.php:63
C:\projetos\sistema\backend\tests\Feature\SlaPolicyTest.php:21</error>
        </testcase>
        <testcase name="test_destroy_policy" file="C:\projetos\sistema\backend\tests\Feature\SlaPolicyTest.php" line="131" class="Tests\Feature\SlaPolicyTest" classname="Tests.Feature.SlaPolicyTest" assertions="0" time="0.000000">
          <error type="PDOException">Tests\Feature\SlaPolicyTest::test_destroy_policy&#13;
PDOException: There is already an active transaction
&#13;
C:\projetos\sistema\backend\vendor\laravel\framework\src\Illuminate\Database\SQLiteConnection.php:38
C:\projetos\sistema\backend\vendor\laravel\framework\src\Illuminate\Database\Concerns\ManagesTransactions.php:154
C:\projetos\sistema\backend\vendor\laravel\framework\src\Illuminate\Database\Concerns\ManagesTransactions.php:130
C:\projetos\sistema\backend\vendor\laravel\framework\src\Illuminate\Foundation\Testing\RefreshDatabase.php:147
C:\projetos\sistema\backend\vendor\laravel\framework\src\Illuminate\Foundation\Testing\RefreshDatabase.php:93
C:\projetos\sistema\backend\vendor\laravel\framework\src\Illuminate\Foundation\Testing\RefreshDatabase.php:25
C:\projetos\sistema\backend\vendor\laravel\framework\src\Illuminate\Foundation\Testing\Concerns\InteractsWithTestCaseLifecycle.php:217
C:\projetos\sistema\backend\vendor\laravel\framework\src\Illuminate\Foundation\Testing\Concerns\InteractsWithTestCaseLifecycle.php:101
C:\projetos\sistema\backend\vendor\laravel\framework\src\Illuminate\Foundation\Testing\TestCase.php:63
C:\projetos\sistema\backend\tests\Feature\SlaPolicyTest.php:21</error>
        </testcase>
        <testcase name="test_cannot_access_other_tenant_policy" file="C:\projetos\sistema\backend\tests\Feature\SlaPolicyTest.php" line="147" class="Tests\Feature\SlaPolicyTest" classname="Tests.Feature.SlaPolicyTest" assertions="0" time="0.000000">
          <error type="PDOException">Tests\Feature\SlaPolicyTest::test_cannot_access_other_tenant_policy&#13;
PDOException: There is already an active transaction
&#13;
C:\projetos\sistema\backend\vendor\laravel\framework\src\Illuminate\Database\SQLiteConnection.php:38
C:\projetos\sistema\backend\vendor\laravel\framework\src\Illuminate\Database\Concerns\ManagesTransactions.php:154
C:\projetos\sistema\backend\vendor\laravel\framework\src\Illuminate\Database\Concerns\ManagesTransactions.php:130
C:\projetos\sistema\backend\vendor\laravel\framework\src\Illuminate\Foundation\Testing\RefreshDatabase.php:147
C:\projetos\sistema\backend\vendor\laravel\framework\src\Illuminate\Foundation\Testing\RefreshDatabase.php:93
C:\projetos\sistema\backend\vendor\laravel\framework\src\Illuminate\Foundation\Testing\RefreshDatabase.php:25
C:\projetos\sistema\backend\vendor\laravel\framework\src\Illuminate\Foundation\Testing\Concerns\InteractsWithTestCaseLifecycle.php:217
C:\projetos\sistema\backend\vendor\laravel\framework\src\Illuminate\Foundation\Testing\Concerns\InteractsWithTestCaseLifecycle.php:101
C:\projetos\sistema\backend\vendor\laravel\framework\src\Illuminate\Foundation\Testing\TestCase.php:63
C:\projetos\sistema\backend\tests\Feature\SlaPolicyTest.php:21</error>
        </testcase>
        <testcase name="test_validation_fails_for_invalid_data" file="C:\projetos\sistema\backend\tests\Feature\SlaPolicyTest.php" line="168" class="Tests\Feature\SlaPolicyTest" classname="Tests.Feature.SlaPolicyTest" assertions="0" time="0.000000">
          <error type="PDOException">Tests\Feature\SlaPolicyTest::test_validation_fails_for_invalid_data&#13;
PDOException: There is already an active transaction
&#13;
C:\projetos\sistema\backend\vendor\laravel\framework\src\Illuminate\Database\SQLiteConnection.php:38
C:\projetos\sistema\backend\vendor\laravel\framework\src\Illuminate\Database\Concerns\ManagesTransactions.php:154
C:\projetos\sistema\backend\vendor\laravel\framework\src\Illuminate\Database\Concerns\ManagesTransactions.php:130
C:\projetos\sistema\backend\vendor\laravel\framework\src\Illuminate\Foundation\Testing\RefreshDatabase.php:147
C:\projetos\sistema\backend\vendor\laravel\framework\src\Illuminate\Foundation\Testing\RefreshDatabase.php:93
C:\projetos\sistema\backend\vendor\laravel\framework\src\Illuminate\Foundation\Testing\RefreshDatabase.php:25
C:\projetos\sistema\backend\vendor\laravel\framework\src\Illuminate\Foundation\Testing\Concerns\InteractsWithTestCaseLifecycle.php:217
C:\projetos\sistema\backend\vendor\laravel\framework\src\Illuminate\Foundation\Testing\Concerns\InteractsWithTestCaseLifecycle.php:101
C:\projetos\sistema\backend\vendor\laravel\framework\src\Illuminate\Foundation\Testing\TestCase.php:63
C:\projetos\sistema\backend\tests\Feature\SlaPolicyTest.php:21</error>
        </testcase>
        <testcase name="test_index_uses_current_tenant_when_user_switches_company" file="C:\projetos\sistema\backend\tests\Feature\SlaPolicyTest.php" line="180" class="Tests\Feature\SlaPolicyTest" classname="Tests.Feature.SlaPolicyTest" assertions="0" time="0.000000">
          <error type="PDOException">Tests\Feature\SlaPolicyTest::test_index_uses_current_tenant_when_user_switches_company&#13;
PDOException: There is already an active transaction
&#13;
C:\projetos\sistema\backend\vendor\laravel\framework\src\Illuminate\Database\SQLiteConnection.php:38
C:\projetos\sistema\backend\vendor\laravel\framework\src\Illuminate\Database\Concerns\ManagesTransactions.php:154
C:\projetos\sistema\backend\vendor\laravel\framework\src\Illuminate\Database\Concerns\ManagesTransactions.php:130
C:\projetos\sistema\backend\vendor\laravel\framework\src\Illuminate\Foundation\Testing\RefreshDatabase.php:147
C:\projetos\sistema\backend\vendor\laravel\framework\src\Illuminate\Foundation\Testing\RefreshDatabase.php:93
C:\projetos\sistema\backend\vendor\laravel\framework\src\Illuminate\Foundation\Testing\RefreshDatabase.php:25
C:\projetos\sistema\backend\vendor\laravel\framework\src\Illuminate\Foundation\Testing\Concerns\InteractsWithTestCaseLifecycle.php:217
C:\projetos\sistema\backend\vendor\laravel\framework\src\Illuminate\Foundation\Testing\Concerns\InteractsWithTestCaseLifecycle.php:101
C:\projetos\sistema\backend\vendor\laravel\framework\src\Illuminate\Foundation\Testing\TestCase.php:63
C:\projetos\sistema\backend\tests\Feature\SlaPolicyTest.php:21</error>
        </testcase>
      </testsuite>
      <testsuite name="Tests\Feature\StandardWeightTest" file="C:\projetos\sistema\backend\tests\Feature\StandardWeightTest.php" tests="18" assertions="0" errors="18" failures="0" skipped="0" time="0.000000">
        <testcase name="test_can_create_standard_weight" file="C:\projetos\sistema\backend\tests\Feature\StandardWeightTest.php" line="48" class="Tests\Feature\StandardWeightTest" classname="Tests.Feature.StandardWeightTest" assertions="0" time="0.000000">
          <error type="PDOException">Tests\Feature\StandardWeightTest::test_can_create_standard_weight&#13;
PDOException: There is already an active transaction
&#13;
C:\projetos\sistema\backend\vendor\laravel\framework\src\Illuminate\Database\SQLiteConnection.php:38
C:\projetos\sistema\backend\vendor\laravel\framework\src\Illuminate\Database\Concerns\ManagesTransactions.php:154
C:\projetos\sistema\backend\vendor\laravel\framework\src\Illuminate\Database\Concerns\ManagesTransactions.php:130
C:\projetos\sistema\backend\vendor\laravel\framework\src\Illuminate\Foundation\Testing\RefreshDatabase.php:147
C:\projetos\sistema\backend\vendor\laravel\framework\src\Illuminate\Foundation\Testing\RefreshDatabase.php:93
C:\projetos\sistema\backend\vendor\laravel\framework\src\Illuminate\Foundation\Testing\RefreshDatabase.php:25
C:\projetos\sistema\backend\vendor\laravel\framework\src\Illuminate\Foundation\Testing\Concerns\InteractsWithTestCaseLifecycle.php:217
C:\projetos\sistema\backend\vendor\laravel\framework\src\Illuminate\Foundation\Testing\Concerns\InteractsWithTestCaseLifecycle.php:101
C:\projetos\sistema\backend\vendor\laravel\framework\src\Illuminate\Foundation\Testing\TestCase.php:63
C:\projetos\sistema\backend\tests\Feature\StandardWeightTest.php:25</error>
        </testcase>
        <testcase name="test_standard_weight_code_is_auto_generated" file="C:\projetos\sistema\backend\tests\Feature\StandardWeightTest.php" line="78" class="Tests\Feature\StandardWeightTest" classname="Tests.Feature.StandardWeightTest" assertions="0" time="0.000000">
          <error type="PDOException">Tests\Feature\StandardWeightTest::test_standard_weight_code_is_auto_generated&#13;
PDOException: There is already an active transaction
&#13;
C:\projetos\sistema\backend\vendor\laravel\framework\src\Illuminate\Database\SQLiteConnection.php:38
C:\projetos\sistema\backend\vendor\laravel\framework\src\Illuminate\Database\Concerns\ManagesTransactions.php:154
C:\projetos\sistema\backend\vendor\laravel\framework\src\Illuminate\Database\Concerns\ManagesTransactions.php:130
C:\projetos\sistema\backend\vendor\laravel\framework\src\Illuminate\Foundation\Testing\RefreshDatabase.php:147
C:\projetos\sistema\backend\vendor\laravel\framework\src\Illuminate\Foundation\Testing\RefreshDatabase.php:93
C:\projetos\sistema\backend\vendor\laravel\framework\src\Illuminate\Foundation\Testing\RefreshDatabase.php:25
C:\projetos\sistema\backend\vendor\laravel\framework\src\Illuminate\Foundation\Testing\Concerns\InteractsWithTestCaseLifecycle.php:217
C:\projetos\sistema\backend\vendor\laravel\framework\src\Illuminate\Foundation\Testing\Concerns\InteractsWithTestCaseLifecycle.php:101
C:\projetos\sistema\backend\vendor\laravel\framework\src\Illuminate\Foundation\Testing\TestCase.php:63
C:\projetos\sistema\backend\tests\Feature\StandardWeightTest.php:25</error>
        </testcase>
        <testcase name="test_can_list_standard_weights" file="C:\projetos\sistema\backend\tests\Feature\StandardWeightTest.php" line="89" class="Tests\Feature\StandardWeightTest" classname="Tests.Feature.StandardWeightTest" assertions="0" time="0.000000">
          <error type="PDOException">Tests\Feature\StandardWeightTest::test_can_list_standard_weights&#13;
PDOException: There is already an active transaction
&#13;
C:\projetos\sistema\backend\vendor\laravel\framework\src\Illuminate\Database\SQLiteConnection.php:38
C:\projetos\sistema\backend\vendor\laravel\framework\src\Illuminate\Database\Concerns\ManagesTransactions.php:154
C:\projetos\sistema\backend\vendor\laravel\framework\src\Illuminate\Database\Concerns\ManagesTransactions.php:130
C:\projetos\sistema\backend\vendor\laravel\framework\src\Illuminate\Foundation\Testing\RefreshDatabase.php:147
C:\projetos\sistema\backend\vendor\laravel\framework\src\Illuminate\Foundation\Testing\RefreshDatabase.php:93
C:\projetos\sistema\backend\vendor\laravel\framework\src\Illuminate\Foundation\Testing\RefreshDatabase.php:25
C:\projetos\sistema\backend\vendor\laravel\framework\src\Illuminate\Foundation\Testing\Concerns\InteractsWithTestCaseLifecycle.php:217
C:\projetos\sistema\backend\vendor\laravel\framework\src\Illuminate\Foundation\Testing\Concerns\InteractsWithTestCaseLifecycle.php:101
C:\projetos\sistema\backend\vendor\laravel\framework\src\Illuminate\Foundation\Testing\TestCase.php:63
C:\projetos\sistema\backend\tests\Feature\StandardWeightTest.php:25</error>
        </testcase>
        <testcase name="test_can_show_standard_weight" file="C:\projetos\sistema\backend\tests\Feature\StandardWeightTest.php" line="101" class="Tests\Feature\StandardWeightTest" classname="Tests.Feature.StandardWeightTest" assertions="0" time="0.000000">
          <error type="PDOException">Tests\Feature\StandardWeightTest::test_can_show_standard_weight&#13;
PDOException: There is already an active transaction
&#13;
C:\projetos\sistema\backend\vendor\laravel\framework\src\Illuminate\Database\SQLiteConnection.php:38
C:\projetos\sistema\backend\vendor\laravel\framework\src\Illuminate\Database\Concerns\ManagesTransactions.php:154
C:\projetos\sistema\backend\vendor\laravel\framework\src\Illuminate\Database\Concerns\ManagesTransactions.php:130
C:\projetos\sistema\backend\vendor\laravel\framework\src\Illuminate\Foundation\Testing\RefreshDatabase.php:147
C:\projetos\sistema\backend\vendor\laravel\framework\src\Illuminate\Foundation\Testing\RefreshDatabase.php:93
C:\projetos\sistema\backend\vendor\laravel\framework\src\Illuminate\Foundation\Testing\RefreshDatabase.php:25
C:\projetos\sistema\backend\vendor\laravel\framework\src\Illuminate\Foundation\Testing\Concerns\InteractsWithTestCaseLifecycle.php:217
C:\projetos\sistema\backend\vendor\laravel\framework\src\Illuminate\Foundation\Testing\Concerns\InteractsWithTestCaseLifecycle.php:101
C:\projetos\sistema\backend\vendor\laravel\framework\src\Illuminate\Foundation\Testing\TestCase.php:63
C:\projetos\sistema\backend\tests\Feature\StandardWeightTest.php:25</error>
        </testcase>
        <testcase name="test_can_update_standard_weight" file="C:\projetos\sistema\backend\tests\Feature\StandardWeightTest.php" line="113" class="Tests\Feature\StandardWeightTest" classname="Tests.Feature.StandardWeightTest" assertions="0" time="0.000000">
          <error type="PDOException">Tests\Feature\StandardWeightTest::test_can_update_standard_weight&#13;
PDOException: There is already an active transaction
&#13;
C:\projetos\sistema\backend\vendor\laravel\framework\src\Illuminate\Database\SQLiteConnection.php:38
C:\projetos\sistema\backend\vendor\laravel\framework\src\Illuminate\Database\Concerns\ManagesTransactions.php:154
C:\projetos\sistema\backend\vendor\laravel\framework\src\Illuminate\Database\Concerns\ManagesTransactions.php:130
C:\projetos\sistema\backend\vendor\laravel\framework\src\Illuminate\Foundation\Testing\RefreshDatabase.php:147
C:\projetos\sistema\backend\vendor\laravel\framework\src\Illuminate\Foundation\Testing\RefreshDatabase.php:93
C:\projetos\sistema\backend\vendor\laravel\framework\src\Illuminate\Foundation\Testing\RefreshDatabase.php:25
C:\projetos\sistema\backend\vendor\laravel\framework\src\Illuminate\Foundation\Testing\Concerns\InteractsWithTestCaseLifecycle.php:217
C:\projetos\sistema\backend\vendor\laravel\framework\src\Illuminate\Foundation\Testing\Concerns\InteractsWithTestCaseLifecycle.php:101
C:\projetos\sistema\backend\vendor\laravel\framework\src\Illuminate\Foundation\Testing\TestCase.php:63
C:\projetos\sistema\backend\tests\Feature\StandardWeightTest.php:25</error>
        </testcase>
        <testcase name="test_can_delete_standard_weight_without_calibrations" file="C:\projetos\sistema\backend\tests\Feature\StandardWeightTest.php" line="133" class="Tests\Feature\StandardWeightTest" classname="Tests.Feature.StandardWeightTest" assertions="0" time="0.000000">
          <error type="PDOException">Tests\Feature\StandardWeightTest::test_can_delete_standard_weight_without_calibrations&#13;
PDOException: There is already an active transaction
&#13;
C:\projetos\sistema\backend\vendor\laravel\framework\src\Illuminate\Database\SQLiteConnection.php:38
C:\projetos\sistema\backend\vendor\laravel\framework\src\Illuminate\Database\Concerns\ManagesTransactions.php:154
C:\projetos\sistema\backend\vendor\laravel\framework\src\Illuminate\Database\Concerns\ManagesTransactions.php:130
C:\projetos\sistema\backend\vendor\laravel\framework\src\Illuminate\Foundation\Testing\RefreshDatabase.php:147
C:\projetos\sistema\backend\vendor\laravel\framework\src\Illuminate\Foundation\Testing\RefreshDatabase.php:93
C:\projetos\sistema\backend\vendor\laravel\framework\src\Illuminate\Foundation\Testing\RefreshDatabase.php:25
C:\projetos\sistema\backend\vendor\laravel\framework\src\Illuminate\Foundation\Testing\Concerns\InteractsWithTestCaseLifecycle.php:217
C:\projetos\sistema\backend\vendor\laravel\framework\src\Illuminate\Foundation\Testing\Concerns\InteractsWithTestCaseLifecycle.php:101
C:\projetos\sistema\backend\vendor\laravel\framework\src\Illuminate\Foundation\Testing\TestCase.php:63
C:\projetos\sistema\backend\tests\Feature\StandardWeightTest.php:25</error>
        </testcase>
        <testcase name="test_cannot_delete_standard_weight_with_calibrations" file="C:\projetos\sistema\backend\tests\Feature\StandardWeightTest.php" line="145" class="Tests\Feature\StandardWeightTest" classname="Tests.Feature.StandardWeightTest" assertions="0" time="0.000000">
          <error type="PDOException">Tests\Feature\StandardWeightTest::test_cannot_delete_standard_weight_with_calibrations&#13;
PDOException: There is already an active transaction
&#13;
C:\projetos\sistema\backend\vendor\laravel\framework\src\Illuminate\Database\SQLiteConnection.php:38
C:\projetos\sistema\backend\vendor\laravel\framework\src\Illuminate\Database\Concerns\ManagesTransactions.php:154
C:\projetos\sistema\backend\vendor\laravel\framework\src\Illuminate\Database\Concerns\ManagesTransactions.php:130
C:\projetos\sistema\backend\vendor\laravel\framework\src\Illuminate\Foundation\Testing\RefreshDatabase.php:147
C:\projetos\sistema\backend\vendor\laravel\framework\src\Illuminate\Foundation\Testing\RefreshDatabase.php:93
C:\projetos\sistema\backend\vendor\laravel\framework\src\Illuminate\Foundation\Testing\RefreshDatabase.php:25
C:\projetos\sistema\backend\vendor\laravel\framework\src\Illuminate\Foundation\Testing\Concerns\InteractsWithTestCaseLifecycle.php:217
C:\projetos\sistema\backend\vendor\laravel\framework\src\Illuminate\Foundation\Testing\Concerns\InteractsWithTestCaseLifecycle.php:101
C:\projetos\sistema\backend\vendor\laravel\framework\src\Illuminate\Foundation\Testing\TestCase.php:63
C:\projetos\sistema\backend\tests\Feature\StandardWeightTest.php:25</error>
        </testcase>
        <testcase name="test_standard_weights_isolated_by_tenant" file="C:\projetos\sistema\backend\tests\Feature\StandardWeightTest.php" line="174" class="Tests\Feature\StandardWeightTest" classname="Tests.Feature.StandardWeightTest" assertions="0" time="0.000000">
          <error type="PDOException">Tests\Feature\StandardWeightTest::test_standard_weights_isolated_by_tenant&#13;
PDOException: There is already an active transaction
&#13;
C:\projetos\sistema\backend\vendor\laravel\framework\src\Illuminate\Database\SQLiteConnection.php:38
C:\projetos\sistema\backend\vendor\laravel\framework\src\Illuminate\Database\Concerns\ManagesTransactions.php:154
C:\projetos\sistema\backend\vendor\laravel\framework\src\Illuminate\Database\Concerns\ManagesTransactions.php:130
C:\projetos\sistema\backend\vendor\laravel\framework\src\Illuminate\Foundation\Testing\RefreshDatabase.php:147
C:\projetos\sistema\backend\vendor\laravel\framework\src\Illuminate\Foundation\Testing\RefreshDatabase.php:93
C:\projetos\sistema\backend\vendor\laravel\framework\src\Illuminate\Foundation\Testing\RefreshDatabase.php:25
C:\projetos\sistema\backend\vendor\laravel\framework\src\Illuminate\Foundation\Testing\Concerns\InteractsWithTestCaseLifecycle.php:217
C:\projetos\sistema\backend\vendor\laravel\framework\src\Illuminate\Foundation\Testing\Concerns\InteractsWithTestCaseLifecycle.php:101
C:\projetos\sistema\backend\vendor\laravel\framework\src\Illuminate\Foundation\Testing\TestCase.php:63
C:\projetos\sistema\backend\tests\Feature\StandardWeightTest.php:25</error>
        </testcase>
        <testcase name="test_cannot_access_other_tenant_weight" file="C:\projetos\sistema\backend\tests\Feature\StandardWeightTest.php" line="194" class="Tests\Feature\StandardWeightTest" classname="Tests.Feature.StandardWeightTest" assertions="0" time="0.000000">
          <error type="PDOException">Tests\Feature\StandardWeightTest::test_cannot_access_other_tenant_weight&#13;
PDOException: There is already an active transaction
&#13;
C:\projetos\sistema\backend\vendor\laravel\framework\src\Illuminate\Database\SQLiteConnection.php:38
C:\projetos\sistema\backend\vendor\laravel\framework\src\Illuminate\Database\Concerns\ManagesTransactions.php:154
C:\projetos\sistema\backend\vendor\laravel\framework\src\Illuminate\Database\Concerns\ManagesTransactions.php:130
C:\projetos\sistema\backend\vendor\laravel\framework\src\Illuminate\Foundation\Testing\RefreshDatabase.php:147
C:\projetos\sistema\backend\vendor\laravel\framework\src\Illuminate\Foundation\Testing\RefreshDatabase.php:93
C:\projetos\sistema\backend\vendor\laravel\framework\src\Illuminate\Foundation\Testing\RefreshDatabase.php:25
C:\projetos\sistema\backend\vendor\laravel\framework\src\Illuminate\Foundation\Testing\Concerns\InteractsWithTestCaseLifecycle.php:217
C:\projetos\sistema\backend\vendor\laravel\framework\src\Illuminate\Foundation\Testing\Concerns\InteractsWithTestCaseLifecycle.php:101
C:\projetos\sistema\backend\vendor\laravel\framework\src\Illuminate\Foundation\Testing\TestCase.php:63
C:\projetos\sistema\backend\tests\Feature\StandardWeightTest.php:25</error>
        </testcase>
        <testcase name="test_search_by_serial_number" file="C:\projetos\sistema\backend\tests\Feature\StandardWeightTest.php" line="210" class="Tests\Feature\StandardWeightTest" classname="Tests.Feature.StandardWeightTest" assertions="0" time="0.000000">
          <error type="PDOException">Tests\Feature\StandardWeightTest::test_search_by_serial_number&#13;
PDOException: There is already an active transaction
&#13;
C:\projetos\sistema\backend\vendor\laravel\framework\src\Illuminate\Database\SQLiteConnection.php:38
C:\projetos\sistema\backend\vendor\laravel\framework\src\Illuminate\Database\Concerns\ManagesTransactions.php:154
C:\projetos\sistema\backend\vendor\laravel\framework\src\Illuminate\Database\Concerns\ManagesTransactions.php:130
C:\projetos\sistema\backend\vendor\laravel\framework\src\Illuminate\Foundation\Testing\RefreshDatabase.php:147
C:\projetos\sistema\backend\vendor\laravel\framework\src\Illuminate\Foundation\Testing\RefreshDatabase.php:93
C:\projetos\sistema\backend\vendor\laravel\framework\src\Illuminate\Foundation\Testing\RefreshDatabase.php:25
C:\projetos\sistema\backend\vendor\laravel\framework\src\Illuminate\Foundation\Testing\Concerns\InteractsWithTestCaseLifecycle.php:217
C:\projetos\sistema\backend\vendor\laravel\framework\src\Illuminate\Foundation\Testing\Concerns\InteractsWithTestCaseLifecycle.php:101
C:\projetos\sistema\backend\vendor\laravel\framework\src\Illuminate\Foundation\Testing\TestCase.php:63
C:\projetos\sistema\backend\tests\Feature\StandardWeightTest.php:25</error>
        </testcase>
        <testcase name="test_filter_by_status" file="C:\projetos\sistema\backend\tests\Feature\StandardWeightTest.php" line="228" class="Tests\Feature\StandardWeightTest" classname="Tests.Feature.StandardWeightTest" assertions="0" time="0.000000">
          <error type="PDOException">Tests\Feature\StandardWeightTest::test_filter_by_status&#13;
PDOException: There is already an active transaction
&#13;
C:\projetos\sistema\backend\vendor\laravel\framework\src\Illuminate\Database\SQLiteConnection.php:38
C:\projetos\sistema\backend\vendor\laravel\framework\src\Illuminate\Database\Concerns\ManagesTransactions.php:154
C:\projetos\sistema\backend\vendor\laravel\framework\src\Illuminate\Database\Concerns\ManagesTransactions.php:130
C:\projetos\sistema\backend\vendor\laravel\framework\src\Illuminate\Foundation\Testing\RefreshDatabase.php:147
C:\projetos\sistema\backend\vendor\laravel\framework\src\Illuminate\Foundation\Testing\RefreshDatabase.php:93
C:\projetos\sistema\backend\vendor\laravel\framework\src\Illuminate\Foundation\Testing\RefreshDatabase.php:25
C:\projetos\sistema\backend\vendor\laravel\framework\src\Illuminate\Foundation\Testing\Concerns\InteractsWithTestCaseLifecycle.php:217
C:\projetos\sistema\backend\vendor\laravel\framework\src\Illuminate\Foundation\Testing\Concerns\InteractsWithTestCaseLifecycle.php:101
C:\projetos\sistema\backend\vendor\laravel\framework\src\Illuminate\Foundation\Testing\TestCase.php:63
C:\projetos\sistema\backend\tests\Feature\StandardWeightTest.php:25</error>
        </testcase>
        <testcase name="test_expiring_endpoint_returns_alerts" file="C:\projetos\sistema\backend\tests\Feature\StandardWeightTest.php" line="247" class="Tests\Feature\StandardWeightTest" classname="Tests.Feature.StandardWeightTest" assertions="0" time="0.000000">
          <error type="PDOException">Tests\Feature\StandardWeightTest::test_expiring_endpoint_returns_alerts&#13;
PDOException: There is already an active transaction
&#13;
C:\projetos\sistema\backend\vendor\laravel\framework\src\Illuminate\Database\SQLiteConnection.php:38
C:\projetos\sistema\backend\vendor\laravel\framework\src\Illuminate\Database\Concerns\ManagesTransactions.php:154
C:\projetos\sistema\backend\vendor\laravel\framework\src\Illuminate\Database\Concerns\ManagesTransactions.php:130
C:\projetos\sistema\backend\vendor\laravel\framework\src\Illuminate\Foundation\Testing\RefreshDatabase.php:147
C:\projetos\sistema\backend\vendor\laravel\framework\src\Illuminate\Foundation\Testing\RefreshDatabase.php:93
C:\projetos\sistema\backend\vendor\laravel\framework\src\Illuminate\Foundation\Testing\RefreshDatabase.php:25
C:\projetos\sistema\backend\vendor\laravel\framework\src\Illuminate\Foundation\Testing\Concerns\InteractsWithTestCaseLifecycle.php:217
C:\projetos\sistema\backend\vendor\laravel\framework\src\Illuminate\Foundation\Testing\Concerns\InteractsWithTestCaseLifecycle.php:101
C:\projetos\sistema\backend\vendor\laravel\framework\src\Illuminate\Foundation\Testing\TestCase.php:63
C:\projetos\sistema\backend\tests\Feature\StandardWeightTest.php:25</error>
        </testcase>
        <testcase name="test_constants_returns_all_options" file="C:\projetos\sistema\backend\tests\Feature\StandardWeightTest.php" line="271" class="Tests\Feature\StandardWeightTest" classname="Tests.Feature.StandardWeightTest" assertions="0" time="0.000000">
          <error type="PDOException">Tests\Feature\StandardWeightTest::test_constants_returns_all_options&#13;
PDOException: There is already an active transaction
&#13;
C:\projetos\sistema\backend\vendor\laravel\framework\src\Illuminate\Database\SQLiteConnection.php:38
C:\projetos\sistema\backend\vendor\laravel\framework\src\Illuminate\Database\Concerns\ManagesTransactions.php:154
C:\projetos\sistema\backend\vendor\laravel\framework\src\Illuminate\Database\Concerns\ManagesTransactions.php:130
C:\projetos\sistema\backend\vendor\laravel\framework\src\Illuminate\Foundation\Testing\RefreshDatabase.php:147
C:\projetos\sistema\backend\vendor\laravel\framework\src\Illuminate\Foundation\Testing\RefreshDatabase.php:93
C:\projetos\sistema\backend\vendor\laravel\framework\src\Illuminate\Foundation\Testing\RefreshDatabase.php:25
C:\projetos\sistema\backend\vendor\laravel\framework\src\Illuminate\Foundation\Testing\Concerns\InteractsWithTestCaseLifecycle.php:217
C:\projetos\sistema\backend\vendor\laravel\framework\src\Illuminate\Foundation\Testing\Concerns\InteractsWithTestCaseLifecycle.php:101
C:\projetos\sistema\backend\vendor\laravel\framework\src\Illuminate\Foundation\Testing\TestCase.php:63
C:\projetos\sistema\backend\tests\Feature\StandardWeightTest.php:25</error>
        </testcase>
        <testcase name="test_calibration_can_attach_standard_weights" file="C:\projetos\sistema\backend\tests\Feature\StandardWeightTest.php" line="281" class="Tests\Feature\StandardWeightTest" classname="Tests.Feature.StandardWeightTest" assertions="0" time="0.000000">
          <error type="PDOException">Tests\Feature\StandardWeightTest::test_calibration_can_attach_standard_weights&#13;
PDOException: There is already an active transaction
&#13;
C:\projetos\sistema\backend\vendor\laravel\framework\src\Illuminate\Database\SQLiteConnection.php:38
C:\projetos\sistema\backend\vendor\laravel\framework\src\Illuminate\Database\Concerns\ManagesTransactions.php:154
C:\projetos\sistema\backend\vendor\laravel\framework\src\Illuminate\Database\Concerns\ManagesTransactions.php:130
C:\projetos\sistema\backend\vendor\laravel\framework\src\Illuminate\Foundation\Testing\RefreshDatabase.php:147
C:\projetos\sistema\backend\vendor\laravel\framework\src\Illuminate\Foundation\Testing\RefreshDatabase.php:93
C:\projetos\sistema\backend\vendor\laravel\framework\src\Illuminate\Foundation\Testing\RefreshDatabase.php:25
C:\projetos\sistema\backend\vendor\laravel\framework\src\Illuminate\Foundation\Testing\Concerns\InteractsWithTestCaseLifecycle.php:217
C:\projetos\sistema\backend\vendor\laravel\framework\src\Illuminate\Foundation\Testing\Concerns\InteractsWithTestCaseLifecycle.php:101
C:\projetos\sistema\backend\vendor\laravel\framework\src\Illuminate\Foundation\Testing\TestCase.php:63
C:\projetos\sistema\backend\tests\Feature\StandardWeightTest.php:25</error>
        </testcase>
        <testcase name="test_calibration_history_includes_standard_weights" file="C:\projetos\sistema\backend\tests\Feature\StandardWeightTest.php" line="316" class="Tests\Feature\StandardWeightTest" classname="Tests.Feature.StandardWeightTest" assertions="0" time="0.000000">
          <error type="PDOException">Tests\Feature\StandardWeightTest::test_calibration_history_includes_standard_weights&#13;
PDOException: There is already an active transaction
&#13;
C:\projetos\sistema\backend\vendor\laravel\framework\src\Illuminate\Database\SQLiteConnection.php:38
C:\projetos\sistema\backend\vendor\laravel\framework\src\Illuminate\Database\Concerns\ManagesTransactions.php:154
C:\projetos\sistema\backend\vendor\laravel\framework\src\Illuminate\Database\Concerns\ManagesTransactions.php:130
C:\projetos\sistema\backend\vendor\laravel\framework\src\Illuminate\Foundation\Testing\RefreshDatabase.php:147
C:\projetos\sistema\backend\vendor\laravel\framework\src\Illuminate\Foundation\Testing\RefreshDatabase.php:93
C:\projetos\sistema\backend\vendor\laravel\framework\src\Illuminate\Foundation\Testing\RefreshDatabase.php:25
C:\projetos\sistema\backend\vendor\laravel\framework\src\Illuminate\Foundation\Testing\Concerns\InteractsWithTestCaseLifecycle.php:217
C:\projetos\sistema\backend\vendor\laravel\framework\src\Illuminate\Foundation\Testing\Concerns\InteractsWithTestCaseLifecycle.php:101
C:\projetos\sistema\backend\vendor\laravel\framework\src\Illuminate\Foundation\Testing\TestCase.php:63
C:\projetos\sistema\backend\tests\Feature\StandardWeightTest.php:25</error>
        </testcase>
        <testcase name="test_can_export_csv" file="C:\projetos\sistema\backend\tests\Feature\StandardWeightTest.php" line="346" class="Tests\Feature\StandardWeightTest" classname="Tests.Feature.StandardWeightTest" assertions="0" time="0.000000">
          <error type="PDOException">Tests\Feature\StandardWeightTest::test_can_export_csv&#13;
PDOException: There is already an active transaction
&#13;
C:\projetos\sistema\backend\vendor\laravel\framework\src\Illuminate\Database\SQLiteConnection.php:38
C:\projetos\sistema\backend\vendor\laravel\framework\src\Illuminate\Database\Concerns\ManagesTransactions.php:154
C:\projetos\sistema\backend\vendor\laravel\framework\src\Illuminate\Database\Concerns\ManagesTransactions.php:130
C:\projetos\sistema\backend\vendor\laravel\framework\src\Illuminate\Foundation\Testing\RefreshDatabase.php:147
C:\projetos\sistema\backend\vendor\laravel\framework\src\Illuminate\Foundation\Testing\RefreshDatabase.php:93
C:\projetos\sistema\backend\vendor\laravel\framework\src\Illuminate\Foundation\Testing\RefreshDatabase.php:25
C:\projetos\sistema\backend\vendor\laravel\framework\src\Illuminate\Foundation\Testing\Concerns\InteractsWithTestCaseLifecycle.php:217
C:\projetos\sistema\backend\vendor\laravel\framework\src\Illuminate\Foundation\Testing\Concerns\InteractsWithTestCaseLifecycle.php:101
C:\projetos\sistema\backend\vendor\laravel\framework\src\Illuminate\Foundation\Testing\TestCase.php:63
C:\projetos\sistema\backend\tests\Feature\StandardWeightTest.php:25</error>
        </testcase>
        <testcase name="test_create_requires_nominal_value_and_unit" file="C:\projetos\sistema\backend\tests\Feature\StandardWeightTest.php" line="360" class="Tests\Feature\StandardWeightTest" classname="Tests.Feature.StandardWeightTest" assertions="0" time="0.000000">
          <error type="PDOException">Tests\Feature\StandardWeightTest::test_create_requires_nominal_value_and_unit&#13;
PDOException: There is already an active transaction
&#13;
C:\projetos\sistema\backend\vendor\laravel\framework\src\Illuminate\Database\SQLiteConnection.php:38
C:\projetos\sistema\backend\vendor\laravel\framework\src\Illuminate\Database\Concerns\ManagesTransactions.php:154
C:\projetos\sistema\backend\vendor\laravel\framework\src\Illuminate\Database\Concerns\ManagesTransactions.php:130
C:\projetos\sistema\backend\vendor\laravel\framework\src\Illuminate\Foundation\Testing\RefreshDatabase.php:147
C:\projetos\sistema\backend\vendor\laravel\framework\src\Illuminate\Foundation\Testing\RefreshDatabase.php:93
C:\projetos\sistema\backend\vendor\laravel\framework\src\Illuminate\Foundation\Testing\RefreshDatabase.php:25
C:\projetos\sistema\backend\vendor\laravel\framework\src\Illuminate\Foundation\Testing\Concerns\InteractsWithTestCaseLifecycle.php:217
C:\projetos\sistema\backend\vendor\laravel\framework\src\Illuminate\Foundation\Testing\Concerns\InteractsWithTestCaseLifecycle.php:101
C:\projetos\sistema\backend\vendor\laravel\framework\src\Illuminate\Foundation\Testing\TestCase.php:63
C:\projetos\sistema\backend\tests\Feature\StandardWeightTest.php:25</error>
        </testcase>
        <testcase name="test_invalid_precision_class_rejected" file="C:\projetos\sistema\backend\tests\Feature\StandardWeightTest.php" line="368" class="Tests\Feature\StandardWeightTest" classname="Tests.Feature.StandardWeightTest" assertions="0" time="0.000000">
          <error type="PDOException">Tests\Feature\StandardWeightTest::test_invalid_precision_class_rejected&#13;
PDOException: There is already an active transaction
&#13;
C:\projetos\sistema\backend\vendor\laravel\framework\src\Illuminate\Database\SQLiteConnection.php:38
C:\projetos\sistema\backend\vendor\laravel\framework\src\Illuminate\Database\Concerns\ManagesTransactions.php:154
C:\projetos\sistema\backend\vendor\laravel\framework\src\Illuminate\Database\Concerns\ManagesTransactions.php:130
C:\projetos\sistema\backend\vendor\laravel\framework\src\Illuminate\Foundation\Testing\RefreshDatabase.php:147
C:\projetos\sistema\backend\vendor\laravel\framework\src\Illuminate\Foundation\Testing\RefreshDatabase.php:93
C:\projetos\sistema\backend\vendor\laravel\framework\src\Illuminate\Foundation\Testing\RefreshDatabase.php:25
C:\projetos\sistema\backend\vendor\laravel\framework\src\Illuminate\Foundation\Testing\Concerns\InteractsWithTestCaseLifecycle.php:217
C:\projetos\sistema\backend\vendor\laravel\framework\src\Illuminate\Foundation\Testing\Concerns\InteractsWithTestCaseLifecycle.php:101
C:\projetos\sistema\backend\vendor\laravel\framework\src\Illuminate\Foundation\Testing\TestCase.php:63
C:\projetos\sistema\backend\tests\Feature\StandardWeightTest.php:25</error>
        </testcase>
      </testsuite>
      <testsuite name="Tests\Feature\StockTest" file="C:\projetos\sistema\backend\tests\Feature\StockTest.php" tests="8" assertions="0" errors="8" failures="0" skipped="0" time="0.000000">
        <testcase name="test_create_stock_entry" file="C:\projetos\sistema\backend\tests\Feature\StockTest.php" line="42" class="Tests\Feature\StockTest" classname="Tests.Feature.StockTest" assertions="0" time="0.000000">
          <error type="PDOException">Tests\Feature\StockTest::test_create_stock_entry&#13;
PDOException: There is already an active transaction
&#13;
C:\projetos\sistema\backend\vendor\laravel\framework\src\Illuminate\Database\SQLiteConnection.php:38
C:\projetos\sistema\backend\vendor\laravel\framework\src\Illuminate\Database\Concerns\ManagesTransactions.php:154
C:\projetos\sistema\backend\vendor\laravel\framework\src\Illuminate\Database\Concerns\ManagesTransactions.php:130
C:\projetos\sistema\backend\vendor\laravel\framework\src\Illuminate\Foundation\Testing\RefreshDatabase.php:147
C:\projetos\sistema\backend\vendor\laravel\framework\src\Illuminate\Foundation\Testing\RefreshDatabase.php:93
C:\projetos\sistema\backend\vendor\laravel\framework\src\Illuminate\Foundation\Testing\RefreshDatabase.php:25
C:\projetos\sistema\backend\vendor\laravel\framework\src\Illuminate\Foundation\Testing\Concerns\InteractsWithTestCaseLifecycle.php:217
C:\projetos\sistema\backend\vendor\laravel\framework\src\Illuminate\Foundation\Testing\Concerns\InteractsWithTestCaseLifecycle.php:101
C:\projetos\sistema\backend\vendor\laravel\framework\src\Illuminate\Foundation\Testing\TestCase.php:63
C:\projetos\sistema\backend\tests\Feature\StockTest.php:22</error>
        </testcase>
        <testcase name="test_create_stock_adjustment" file="C:\projetos\sistema\backend\tests\Feature\StockTest.php" line="65" class="Tests\Feature\StockTest" classname="Tests.Feature.StockTest" assertions="0" time="0.000000">
          <error type="PDOException">Tests\Feature\StockTest::test_create_stock_adjustment&#13;
PDOException: There is already an active transaction
&#13;
C:\projetos\sistema\backend\vendor\laravel\framework\src\Illuminate\Database\SQLiteConnection.php:38
C:\projetos\sistema\backend\vendor\laravel\framework\src\Illuminate\Database\Concerns\ManagesTransactions.php:154
C:\projetos\sistema\backend\vendor\laravel\framework\src\Illuminate\Database\Concerns\ManagesTransactions.php:130
C:\projetos\sistema\backend\vendor\laravel\framework\src\Illuminate\Foundation\Testing\RefreshDatabase.php:147
C:\projetos\sistema\backend\vendor\laravel\framework\src\Illuminate\Foundation\Testing\RefreshDatabase.php:93
C:\projetos\sistema\backend\vendor\laravel\framework\src\Illuminate\Foundation\Testing\RefreshDatabase.php:25
C:\projetos\sistema\backend\vendor\laravel\framework\src\Illuminate\Foundation\Testing\Concerns\InteractsWithTestCaseLifecycle.php:217
C:\projetos\sistema\backend\vendor\laravel\framework\src\Illuminate\Foundation\Testing\Concerns\InteractsWithTestCaseLifecycle.php:101
C:\projetos\sistema\backend\vendor\laravel\framework\src\Illuminate\Foundation\Testing\TestCase.php:63
C:\projetos\sistema\backend\tests\Feature\StockTest.php:22</error>
        </testcase>
        <testcase name="test_list_movements" file="C:\projetos\sistema\backend\tests\Feature\StockTest.php" line="82" class="Tests\Feature\StockTest" classname="Tests.Feature.StockTest" assertions="0" time="0.000000">
          <error type="PDOException">Tests\Feature\StockTest::test_list_movements&#13;
PDOException: There is already an active transaction
&#13;
C:\projetos\sistema\backend\vendor\laravel\framework\src\Illuminate\Database\SQLiteConnection.php:38
C:\projetos\sistema\backend\vendor\laravel\framework\src\Illuminate\Database\Concerns\ManagesTransactions.php:154
C:\projetos\sistema\backend\vendor\laravel\framework\src\Illuminate\Database\Concerns\ManagesTransactions.php:130
C:\projetos\sistema\backend\vendor\laravel\framework\src\Illuminate\Foundation\Testing\RefreshDatabase.php:147
C:\projetos\sistema\backend\vendor\laravel\framework\src\Illuminate\Foundation\Testing\RefreshDatabase.php:93
C:\projetos\sistema\backend\vendor\laravel\framework\src\Illuminate\Foundation\Testing\RefreshDatabase.php:25
C:\projetos\sistema\backend\vendor\laravel\framework\src\Illuminate\Foundation\Testing\Concerns\InteractsWithTestCaseLifecycle.php:217
C:\projetos\sistema\backend\vendor\laravel\framework\src\Illuminate\Foundation\Testing\Concerns\InteractsWithTestCaseLifecycle.php:101
C:\projetos\sistema\backend\vendor\laravel\framework\src\Illuminate\Foundation\Testing\TestCase.php:63
C:\projetos\sistema\backend\tests\Feature\StockTest.php:22</error>
        </testcase>
        <testcase name="test_filter_movements_by_product" file="C:\projetos\sistema\backend\tests\Feature\StockTest.php" line="102" class="Tests\Feature\StockTest" classname="Tests.Feature.StockTest" assertions="0" time="0.000000">
          <error type="PDOException">Tests\Feature\StockTest::test_filter_movements_by_product&#13;
PDOException: There is already an active transaction
&#13;
C:\projetos\sistema\backend\vendor\laravel\framework\src\Illuminate\Database\SQLiteConnection.php:38
C:\projetos\sistema\backend\vendor\laravel\framework\src\Illuminate\Database\Concerns\ManagesTransactions.php:154
C:\projetos\sistema\backend\vendor\laravel\framework\src\Illuminate\Database\Concerns\ManagesTransactions.php:130
C:\projetos\sistema\backend\vendor\laravel\framework\src\Illuminate\Foundation\Testing\RefreshDatabase.php:147
C:\projetos\sistema\backend\vendor\laravel\framework\src\Illuminate\Foundation\Testing\RefreshDatabase.php:93
C:\projetos\sistema\backend\vendor\laravel\framework\src\Illuminate\Foundation\Testing\RefreshDatabase.php:25
C:\projetos\sistema\backend\vendor\laravel\framework\src\Illuminate\Foundation\Testing\Concerns\InteractsWithTestCaseLifecycle.php:217
C:\projetos\sistema\backend\vendor\laravel\framework\src\Illuminate\Foundation\Testing\Concerns\InteractsWithTestCaseLifecycle.php:101
C:\projetos\sistema\backend\vendor\laravel\framework\src\Illuminate\Foundation\Testing\TestCase.php:63
C:\projetos\sistema\backend\tests\Feature\StockTest.php:22</error>
        </testcase>
        <testcase name="test_stock_summary" file="C:\projetos\sistema\backend\tests\Feature\StockTest.php" line="133" class="Tests\Feature\StockTest" classname="Tests.Feature.StockTest" assertions="0" time="0.000000">
          <error type="PDOException">Tests\Feature\StockTest::test_stock_summary&#13;
PDOException: There is already an active transaction
&#13;
C:\projetos\sistema\backend\vendor\laravel\framework\src\Illuminate\Database\SQLiteConnection.php:38
C:\projetos\sistema\backend\vendor\laravel\framework\src\Illuminate\Database\Concerns\ManagesTransactions.php:154
C:\projetos\sistema\backend\vendor\laravel\framework\src\Illuminate\Database\Concerns\ManagesTransactions.php:130
C:\projetos\sistema\backend\vendor\laravel\framework\src\Illuminate\Foundation\Testing\RefreshDatabase.php:147
C:\projetos\sistema\backend\vendor\laravel\framework\src\Illuminate\Foundation\Testing\RefreshDatabase.php:93
C:\projetos\sistema\backend\vendor\laravel\framework\src\Illuminate\Foundation\Testing\RefreshDatabase.php:25
C:\projetos\sistema\backend\vendor\laravel\framework\src\Illuminate\Foundation\Testing\Concerns\InteractsWithTestCaseLifecycle.php:217
C:\projetos\sistema\backend\vendor\laravel\framework\src\Illuminate\Foundation\Testing\Concerns\InteractsWithTestCaseLifecycle.php:101
C:\projetos\sistema\backend\vendor\laravel\framework\src\Illuminate\Foundation\Testing\TestCase.php:63
C:\projetos\sistema\backend\tests\Feature\StockTest.php:22</error>
        </testcase>
        <testcase name="test_low_stock_alerts" file="C:\projetos\sistema\backend\tests\Feature\StockTest.php" line="148" class="Tests\Feature\StockTest" classname="Tests.Feature.StockTest" assertions="0" time="0.000000">
          <error type="PDOException">Tests\Feature\StockTest::test_low_stock_alerts&#13;
PDOException: There is already an active transaction
&#13;
C:\projetos\sistema\backend\vendor\laravel\framework\src\Illuminate\Database\SQLiteConnection.php:38
C:\projetos\sistema\backend\vendor\laravel\framework\src\Illuminate\Database\Concerns\ManagesTransactions.php:154
C:\projetos\sistema\backend\vendor\laravel\framework\src\Illuminate\Database\Concerns\ManagesTransactions.php:130
C:\projetos\sistema\backend\vendor\laravel\framework\src\Illuminate\Foundation\Testing\RefreshDatabase.php:147
C:\projetos\sistema\backend\vendor\laravel\framework\src\Illuminate\Foundation\Testing\RefreshDatabase.php:93
C:\projetos\sistema\backend\vendor\laravel\framework\src\Illuminate\Foundation\Testing\RefreshDatabase.php:25
C:\projetos\sistema\backend\vendor\laravel\framework\src\Illuminate\Foundation\Testing\Concerns\InteractsWithTestCaseLifecycle.php:217
C:\projetos\sistema\backend\vendor\laravel\framework\src\Illuminate\Foundation\Testing\Concerns\InteractsWithTestCaseLifecycle.php:101
C:\projetos\sistema\backend\vendor\laravel\framework\src\Illuminate\Foundation\Testing\TestCase.php:63
C:\projetos\sistema\backend\tests\Feature\StockTest.php:22</error>
        </testcase>
        <testcase name="test_stock_entry_requires_product" file="C:\projetos\sistema\backend\tests\Feature\StockTest.php" line="168" class="Tests\Feature\StockTest" classname="Tests.Feature.StockTest" assertions="0" time="0.000000">
          <error type="PDOException">Tests\Feature\StockTest::test_stock_entry_requires_product&#13;
PDOException: There is already an active transaction
&#13;
C:\projetos\sistema\backend\vendor\laravel\framework\src\Illuminate\Database\SQLiteConnection.php:38
C:\projetos\sistema\backend\vendor\laravel\framework\src\Illuminate\Database\Concerns\ManagesTransactions.php:154
C:\projetos\sistema\backend\vendor\laravel\framework\src\Illuminate\Database\Concerns\ManagesTransactions.php:130
C:\projetos\sistema\backend\vendor\laravel\framework\src\Illuminate\Foundation\Testing\RefreshDatabase.php:147
C:\projetos\sistema\backend\vendor\laravel\framework\src\Illuminate\Foundation\Testing\RefreshDatabase.php:93
C:\projetos\sistema\backend\vendor\laravel\framework\src\Illuminate\Foundation\Testing\RefreshDatabase.php:25
C:\projetos\sistema\backend\vendor\laravel\framework\src\Illuminate\Foundation\Testing\Concerns\InteractsWithTestCaseLifecycle.php:217
C:\projetos\sistema\backend\vendor\laravel\framework\src\Illuminate\Foundation\Testing\Concerns\InteractsWithTestCaseLifecycle.php:101
C:\projetos\sistema\backend\vendor\laravel\framework\src\Illuminate\Foundation\Testing\TestCase.php:63
C:\projetos\sistema\backend\tests\Feature\StockTest.php:22</error>
        </testcase>
        <testcase name="test_stock_entry_requires_positive_quantity" file="C:\projetos\sistema\backend\tests\Feature\StockTest.php" line="178" class="Tests\Feature\StockTest" classname="Tests.Feature.StockTest" assertions="0" time="0.000000">
          <error type="PDOException">Tests\Feature\StockTest::test_stock_entry_requires_positive_quantity&#13;
PDOException: There is already an active transaction
&#13;
C:\projetos\sistema\backend\vendor\laravel\framework\src\Illuminate\Database\SQLiteConnection.php:38
C:\projetos\sistema\backend\vendor\laravel\framework\src\Illuminate\Database\Concerns\ManagesTransactions.php:154
C:\projetos\sistema\backend\vendor\laravel\framework\src\Illuminate\Database\Concerns\ManagesTransactions.php:130
C:\projetos\sistema\backend\vendor\laravel\framework\src\Illuminate\Foundation\Testing\RefreshDatabase.php:147
C:\projetos\sistema\backend\vendor\laravel\framework\src\Illuminate\Foundation\Testing\RefreshDatabase.php:93
C:\projetos\sistema\backend\vendor\laravel\framework\src\Illuminate\Foundation\Testing\RefreshDatabase.php:25
C:\projetos\sistema\backend\vendor\laravel\framework\src\Illuminate\Foundation\Testing\Concerns\InteractsWithTestCaseLifecycle.php:217
C:\projetos\sistema\backend\vendor\laravel\framework\src\Illuminate\Foundation\Testing\Concerns\InteractsWithTestCaseLifecycle.php:101
C:\projetos\sistema\backend\vendor\laravel\framework\src\Illuminate\Foundation\Testing\TestCase.php:63
C:\projetos\sistema\backend\tests\Feature\StockTest.php:22</error>
        </testcase>
      </testsuite>
      <testsuite name="Tests\Feature\SupplierCrudTest" file="C:\projetos\sistema\backend\tests\Feature\SupplierCrudTest.php" tests="9" assertions="0" errors="9" failures="0" skipped="0" time="0.000000">
        <testcase name="test_list_suppliers" file="C:\projetos\sistema\backend\tests\Feature\SupplierCrudTest.php" line="45" class="Tests\Feature\SupplierCrudTest" classname="Tests.Feature.SupplierCrudTest" assertions="0" time="0.000000">
          <error type="PDOException">Tests\Feature\SupplierCrudTest::test_list_suppliers&#13;
PDOException: There is already an active transaction
&#13;
C:\projetos\sistema\backend\vendor\laravel\framework\src\Illuminate\Database\SQLiteConnection.php:38
C:\projetos\sistema\backend\vendor\laravel\framework\src\Illuminate\Database\Concerns\ManagesTransactions.php:154
C:\projetos\sistema\backend\vendor\laravel\framework\src\Illuminate\Database\Concerns\ManagesTransactions.php:130
C:\projetos\sistema\backend\vendor\laravel\framework\src\Illuminate\Foundation\Testing\RefreshDatabase.php:147
C:\projetos\sistema\backend\vendor\laravel\framework\src\Illuminate\Foundation\Testing\RefreshDatabase.php:93
C:\projetos\sistema\backend\vendor\laravel\framework\src\Illuminate\Foundation\Testing\RefreshDatabase.php:25
C:\projetos\sistema\backend\vendor\laravel\framework\src\Illuminate\Foundation\Testing\Concerns\InteractsWithTestCaseLifecycle.php:217
C:\projetos\sistema\backend\vendor\laravel\framework\src\Illuminate\Foundation\Testing\Concerns\InteractsWithTestCaseLifecycle.php:101
C:\projetos\sistema\backend\vendor\laravel\framework\src\Illuminate\Foundation\Testing\TestCase.php:63
C:\projetos\sistema\backend\tests\Feature\SupplierCrudTest.php:26</error>
        </testcase>
        <testcase name="test_create_supplier_pj" file="C:\projetos\sistema\backend\tests\Feature\SupplierCrudTest.php" line="51" class="Tests\Feature\SupplierCrudTest" classname="Tests.Feature.SupplierCrudTest" assertions="0" time="0.000000">
          <error type="PDOException">Tests\Feature\SupplierCrudTest::test_create_supplier_pj&#13;
PDOException: There is already an active transaction
&#13;
C:\projetos\sistema\backend\vendor\laravel\framework\src\Illuminate\Database\SQLiteConnection.php:38
C:\projetos\sistema\backend\vendor\laravel\framework\src\Illuminate\Database\Concerns\ManagesTransactions.php:154
C:\projetos\sistema\backend\vendor\laravel\framework\src\Illuminate\Database\Concerns\ManagesTransactions.php:130
C:\projetos\sistema\backend\vendor\laravel\framework\src\Illuminate\Foundation\Testing\RefreshDatabase.php:147
C:\projetos\sistema\backend\vendor\laravel\framework\src\Illuminate\Foundation\Testing\RefreshDatabase.php:93
C:\projetos\sistema\backend\vendor\laravel\framework\src\Illuminate\Foundation\Testing\RefreshDatabase.php:25
C:\projetos\sistema\backend\vendor\laravel\framework\src\Illuminate\Foundation\Testing\Concerns\InteractsWithTestCaseLifecycle.php:217
C:\projetos\sistema\backend\vendor\laravel\framework\src\Illuminate\Foundation\Testing\Concerns\InteractsWithTestCaseLifecycle.php:101
C:\projetos\sistema\backend\vendor\laravel\framework\src\Illuminate\Foundation\Testing\TestCase.php:63
C:\projetos\sistema\backend\tests\Feature\SupplierCrudTest.php:26</error>
        </testcase>
        <testcase name="test_create_supplier_requires_name_and_type" file="C:\projetos\sistema\backend\tests\Feature\SupplierCrudTest.php" line="66" class="Tests\Feature\SupplierCrudTest" classname="Tests.Feature.SupplierCrudTest" assertions="0" time="0.000000">
          <error type="PDOException">Tests\Feature\SupplierCrudTest::test_create_supplier_requires_name_and_type&#13;
PDOException: There is already an active transaction
&#13;
C:\projetos\sistema\backend\vendor\laravel\framework\src\Illuminate\Database\SQLiteConnection.php:38
C:\projetos\sistema\backend\vendor\laravel\framework\src\Illuminate\Database\Concerns\ManagesTransactions.php:154
C:\projetos\sistema\backend\vendor\laravel\framework\src\Illuminate\Database\Concerns\ManagesTransactions.php:130
C:\projetos\sistema\backend\vendor\laravel\framework\src\Illuminate\Foundation\Testing\RefreshDatabase.php:147
C:\projetos\sistema\backend\vendor\laravel\framework\src\Illuminate\Foundation\Testing\RefreshDatabase.php:93
C:\projetos\sistema\backend\vendor\laravel\framework\src\Illuminate\Foundation\Testing\RefreshDatabase.php:25
C:\projetos\sistema\backend\vendor\laravel\framework\src\Illuminate\Foundation\Testing\Concerns\InteractsWithTestCaseLifecycle.php:217
C:\projetos\sistema\backend\vendor\laravel\framework\src\Illuminate\Foundation\Testing\Concerns\InteractsWithTestCaseLifecycle.php:101
C:\projetos\sistema\backend\vendor\laravel\framework\src\Illuminate\Foundation\Testing\TestCase.php:63
C:\projetos\sistema\backend\tests\Feature\SupplierCrudTest.php:26</error>
        </testcase>
        <testcase name="test_create_supplier_validates_type" file="C:\projetos\sistema\backend\tests\Feature\SupplierCrudTest.php" line="75" class="Tests\Feature\SupplierCrudTest" classname="Tests.Feature.SupplierCrudTest" assertions="0" time="0.000000">
          <error type="PDOException">Tests\Feature\SupplierCrudTest::test_create_supplier_validates_type&#13;
PDOException: There is already an active transaction
&#13;
C:\projetos\sistema\backend\vendor\laravel\framework\src\Illuminate\Database\SQLiteConnection.php:38
C:\projetos\sistema\backend\vendor\laravel\framework\src\Illuminate\Database\Concerns\ManagesTransactions.php:154
C:\projetos\sistema\backend\vendor\laravel\framework\src\Illuminate\Database\Concerns\ManagesTransactions.php:130
C:\projetos\sistema\backend\vendor\laravel\framework\src\Illuminate\Foundation\Testing\RefreshDatabase.php:147
C:\projetos\sistema\backend\vendor\laravel\framework\src\Illuminate\Foundation\Testing\RefreshDatabase.php:93
C:\projetos\sistema\backend\vendor\laravel\framework\src\Illuminate\Foundation\Testing\RefreshDatabase.php:25
C:\projetos\sistema\backend\vendor\laravel\framework\src\Illuminate\Foundation\Testing\Concerns\InteractsWithTestCaseLifecycle.php:217
C:\projetos\sistema\backend\vendor\laravel\framework\src\Illuminate\Foundation\Testing\Concerns\InteractsWithTestCaseLifecycle.php:101
C:\projetos\sistema\backend\vendor\laravel\framework\src\Illuminate\Foundation\Testing\TestCase.php:63
C:\projetos\sistema\backend\tests\Feature\SupplierCrudTest.php:26</error>
        </testcase>
        <testcase name="test_show_supplier" file="C:\projetos\sistema\backend\tests\Feature\SupplierCrudTest.php" line="85" class="Tests\Feature\SupplierCrudTest" classname="Tests.Feature.SupplierCrudTest" assertions="0" time="0.000000">
          <error type="PDOException">Tests\Feature\SupplierCrudTest::test_show_supplier&#13;
PDOException: There is already an active transaction
&#13;
C:\projetos\sistema\backend\vendor\laravel\framework\src\Illuminate\Database\SQLiteConnection.php:38
C:\projetos\sistema\backend\vendor\laravel\framework\src\Illuminate\Database\Concerns\ManagesTransactions.php:154
C:\projetos\sistema\backend\vendor\laravel\framework\src\Illuminate\Database\Concerns\ManagesTransactions.php:130
C:\projetos\sistema\backend\vendor\laravel\framework\src\Illuminate\Foundation\Testing\RefreshDatabase.php:147
C:\projetos\sistema\backend\vendor\laravel\framework\src\Illuminate\Foundation\Testing\RefreshDatabase.php:93
C:\projetos\sistema\backend\vendor\laravel\framework\src\Illuminate\Foundation\Testing\RefreshDatabase.php:25
C:\projetos\sistema\backend\vendor\laravel\framework\src\Illuminate\Foundation\Testing\Concerns\InteractsWithTestCaseLifecycle.php:217
C:\projetos\sistema\backend\vendor\laravel\framework\src\Illuminate\Foundation\Testing\Concerns\InteractsWithTestCaseLifecycle.php:101
C:\projetos\sistema\backend\vendor\laravel\framework\src\Illuminate\Foundation\Testing\TestCase.php:63
C:\projetos\sistema\backend\tests\Feature\SupplierCrudTest.php:26</error>
        </testcase>
        <testcase name="test_update_supplier" file="C:\projetos\sistema\backend\tests\Feature\SupplierCrudTest.php" line="94" class="Tests\Feature\SupplierCrudTest" classname="Tests.Feature.SupplierCrudTest" assertions="0" time="0.000000">
          <error type="PDOException">Tests\Feature\SupplierCrudTest::test_update_supplier&#13;
PDOException: There is already an active transaction
&#13;
C:\projetos\sistema\backend\vendor\laravel\framework\src\Illuminate\Database\SQLiteConnection.php:38
C:\projetos\sistema\backend\vendor\laravel\framework\src\Illuminate\Database\Concerns\ManagesTransactions.php:154
C:\projetos\sistema\backend\vendor\laravel\framework\src\Illuminate\Database\Concerns\ManagesTransactions.php:130
C:\projetos\sistema\backend\vendor\laravel\framework\src\Illuminate\Foundation\Testing\RefreshDatabase.php:147
C:\projetos\sistema\backend\vendor\laravel\framework\src\Illuminate\Foundation\Testing\RefreshDatabase.php:93
C:\projetos\sistema\backend\vendor\laravel\framework\src\Illuminate\Foundation\Testing\RefreshDatabase.php:25
C:\projetos\sistema\backend\vendor\laravel\framework\src\Illuminate\Foundation\Testing\Concerns\InteractsWithTestCaseLifecycle.php:217
C:\projetos\sistema\backend\vendor\laravel\framework\src\Illuminate\Foundation\Testing\Concerns\InteractsWithTestCaseLifecycle.php:101
C:\projetos\sistema\backend\vendor\laravel\framework\src\Illuminate\Foundation\Testing\TestCase.php:63
C:\projetos\sistema\backend\tests\Feature\SupplierCrudTest.php:26</error>
        </testcase>
        <testcase name="test_delete_supplier_without_dependencies" file="C:\projetos\sistema\backend\tests\Feature\SupplierCrudTest.php" line="106" class="Tests\Feature\SupplierCrudTest" classname="Tests.Feature.SupplierCrudTest" assertions="0" time="0.000000">
          <error type="PDOException">Tests\Feature\SupplierCrudTest::test_delete_supplier_without_dependencies&#13;
PDOException: There is already an active transaction
&#13;
C:\projetos\sistema\backend\vendor\laravel\framework\src\Illuminate\Database\SQLiteConnection.php:38
C:\projetos\sistema\backend\vendor\laravel\framework\src\Illuminate\Database\Concerns\ManagesTransactions.php:154
C:\projetos\sistema\backend\vendor\laravel\framework\src\Illuminate\Database\Concerns\ManagesTransactions.php:130
C:\projetos\sistema\backend\vendor\laravel\framework\src\Illuminate\Foundation\Testing\RefreshDatabase.php:147
C:\projetos\sistema\backend\vendor\laravel\framework\src\Illuminate\Foundation\Testing\RefreshDatabase.php:93
C:\projetos\sistema\backend\vendor\laravel\framework\src\Illuminate\Foundation\Testing\RefreshDatabase.php:25
C:\projetos\sistema\backend\vendor\laravel\framework\src\Illuminate\Foundation\Testing\Concerns\InteractsWithTestCaseLifecycle.php:217
C:\projetos\sistema\backend\vendor\laravel\framework\src\Illuminate\Foundation\Testing\Concerns\InteractsWithTestCaseLifecycle.php:101
C:\projetos\sistema\backend\vendor\laravel\framework\src\Illuminate\Foundation\Testing\TestCase.php:63
C:\projetos\sistema\backend\tests\Feature\SupplierCrudTest.php:26</error>
        </testcase>
        <testcase name="test_delete_supplier_with_payables_returns_409" file="C:\projetos\sistema\backend\tests\Feature\SupplierCrudTest.php" line="114" class="Tests\Feature\SupplierCrudTest" classname="Tests.Feature.SupplierCrudTest" assertions="0" time="0.000000">
          <error type="PDOException">Tests\Feature\SupplierCrudTest::test_delete_supplier_with_payables_returns_409&#13;
PDOException: There is already an active transaction
&#13;
C:\projetos\sistema\backend\vendor\laravel\framework\src\Illuminate\Database\SQLiteConnection.php:38
C:\projetos\sistema\backend\vendor\laravel\framework\src\Illuminate\Database\Concerns\ManagesTransactions.php:154
C:\projetos\sistema\backend\vendor\laravel\framework\src\Illuminate\Database\Concerns\ManagesTransactions.php:130
C:\projetos\sistema\backend\vendor\laravel\framework\src\Illuminate\Foundation\Testing\RefreshDatabase.php:147
C:\projetos\sistema\backend\vendor\laravel\framework\src\Illuminate\Foundation\Testing\RefreshDatabase.php:93
C:\projetos\sistema\backend\vendor\laravel\framework\src\Illuminate\Foundation\Testing\RefreshDatabase.php:25
C:\projetos\sistema\backend\vendor\laravel\framework\src\Illuminate\Foundation\Testing\Concerns\InteractsWithTestCaseLifecycle.php:217
C:\projetos\sistema\backend\vendor\laravel\framework\src\Illuminate\Foundation\Testing\Concerns\InteractsWithTestCaseLifecycle.php:101
C:\projetos\sistema\backend\vendor\laravel\framework\src\Illuminate\Foundation\Testing\TestCase.php:63
C:\projetos\sistema\backend\tests\Feature\SupplierCrudTest.php:26</error>
        </testcase>
        <testcase name="test_search_suppliers" file="C:\projetos\sistema\backend\tests\Feature\SupplierCrudTest.php" line="128" class="Tests\Feature\SupplierCrudTest" classname="Tests.Feature.SupplierCrudTest" assertions="0" time="0.000000">
          <error type="PDOException">Tests\Feature\SupplierCrudTest::test_search_suppliers&#13;
PDOException: There is already an active transaction
&#13;
C:\projetos\sistema\backend\vendor\laravel\framework\src\Illuminate\Database\SQLiteConnection.php:38
C:\projetos\sistema\backend\vendor\laravel\framework\src\Illuminate\Database\Concerns\ManagesTransactions.php:154
C:\projetos\sistema\backend\vendor\laravel\framework\src\Illuminate\Database\Concerns\ManagesTransactions.php:130
C:\projetos\sistema\backend\vendor\laravel\framework\src\Illuminate\Foundation\Testing\RefreshDatabase.php:147
C:\projetos\sistema\backend\vendor\laravel\framework\src\Illuminate\Foundation\Testing\RefreshDatabase.php:93
C:\projetos\sistema\backend\vendor\laravel\framework\src\Illuminate\Foundation\Testing\RefreshDatabase.php:25
C:\projetos\sistema\backend\vendor\laravel\framework\src\Illuminate\Foundation\Testing\Concerns\InteractsWithTestCaseLifecycle.php:217
C:\projetos\sistema\backend\vendor\laravel\framework\src\Illuminate\Foundation\Testing\Concerns\InteractsWithTestCaseLifecycle.php:101
C:\projetos\sistema\backend\vendor\laravel\framework\src\Illuminate\Foundation\Testing\TestCase.php:63
C:\projetos\sistema\backend\tests\Feature\SupplierCrudTest.php:26</error>
        </testcase>
      </testsuite>
      <testsuite name="Tests\Feature\SupplierTest" file="C:\projetos\sistema\backend\tests\Feature\SupplierTest.php" tests="5" assertions="0" errors="5" failures="0" skipped="0" time="0.000000">
        <testcase name="test_create_supplier_pj" file="C:\projetos\sistema\backend\tests\Feature\SupplierTest.php" line="39" class="Tests\Feature\SupplierTest" classname="Tests.Feature.SupplierTest" assertions="0" time="0.000000">
          <error type="PDOException">Tests\Feature\SupplierTest::test_create_supplier_pj&#13;
PDOException: There is already an active transaction
&#13;
C:\projetos\sistema\backend\vendor\laravel\framework\src\Illuminate\Database\SQLiteConnection.php:38
C:\projetos\sistema\backend\vendor\laravel\framework\src\Illuminate\Database\Concerns\ManagesTransactions.php:154
C:\projetos\sistema\backend\vendor\laravel\framework\src\Illuminate\Database\Concerns\ManagesTransactions.php:130
C:\projetos\sistema\backend\vendor\laravel\framework\src\Illuminate\Foundation\Testing\RefreshDatabase.php:147
C:\projetos\sistema\backend\vendor\laravel\framework\src\Illuminate\Foundation\Testing\RefreshDatabase.php:93
C:\projetos\sistema\backend\vendor\laravel\framework\src\Illuminate\Foundation\Testing\RefreshDatabase.php:25
C:\projetos\sistema\backend\vendor\laravel\framework\src\Illuminate\Foundation\Testing\Concerns\InteractsWithTestCaseLifecycle.php:217
C:\projetos\sistema\backend\vendor\laravel\framework\src\Illuminate\Foundation\Testing\Concerns\InteractsWithTestCaseLifecycle.php:101
C:\projetos\sistema\backend\vendor\laravel\framework\src\Illuminate\Foundation\Testing\TestCase.php:63
C:\projetos\sistema\backend\tests\Feature\SupplierTest.php:21</error>
        </testcase>
        <testcase name="test_list_suppliers" file="C:\projetos\sistema\backend\tests\Feature\SupplierTest.php" line="52" class="Tests\Feature\SupplierTest" classname="Tests.Feature.SupplierTest" assertions="0" time="0.000000">
          <error type="PDOException">Tests\Feature\SupplierTest::test_list_suppliers&#13;
PDOException: There is already an active transaction
&#13;
C:\projetos\sistema\backend\vendor\laravel\framework\src\Illuminate\Database\SQLiteConnection.php:38
C:\projetos\sistema\backend\vendor\laravel\framework\src\Illuminate\Database\Concerns\ManagesTransactions.php:154
C:\projetos\sistema\backend\vendor\laravel\framework\src\Illuminate\Database\Concerns\ManagesTransactions.php:130
C:\projetos\sistema\backend\vendor\laravel\framework\src\Illuminate\Foundation\Testing\RefreshDatabase.php:147
C:\projetos\sistema\backend\vendor\laravel\framework\src\Illuminate\Foundation\Testing\RefreshDatabase.php:93
C:\projetos\sistema\backend\vendor\laravel\framework\src\Illuminate\Foundation\Testing\RefreshDatabase.php:25
C:\projetos\sistema\backend\vendor\laravel\framework\src\Illuminate\Foundation\Testing\Concerns\InteractsWithTestCaseLifecycle.php:217
C:\projetos\sistema\backend\vendor\laravel\framework\src\Illuminate\Foundation\Testing\Concerns\InteractsWithTestCaseLifecycle.php:101
C:\projetos\sistema\backend\vendor\laravel\framework\src\Illuminate\Foundation\Testing\TestCase.php:63
C:\projetos\sistema\backend\tests\Feature\SupplierTest.php:21</error>
        </testcase>
        <testcase name="test_show_supplier" file="C:\projetos\sistema\backend\tests\Feature\SupplierTest.php" line="64" class="Tests\Feature\SupplierTest" classname="Tests.Feature.SupplierTest" assertions="0" time="0.000000">
          <error type="PDOException">Tests\Feature\SupplierTest::test_show_supplier&#13;
PDOException: There is already an active transaction
&#13;
C:\projetos\sistema\backend\vendor\laravel\framework\src\Illuminate\Database\SQLiteConnection.php:38
C:\projetos\sistema\backend\vendor\laravel\framework\src\Illuminate\Database\Concerns\ManagesTransactions.php:154
C:\projetos\sistema\backend\vendor\laravel\framework\src\Illuminate\Database\Concerns\ManagesTransactions.php:130
C:\projetos\sistema\backend\vendor\laravel\framework\src\Illuminate\Foundation\Testing\RefreshDatabase.php:147
C:\projetos\sistema\backend\vendor\laravel\framework\src\Illuminate\Foundation\Testing\RefreshDatabase.php:93
C:\projetos\sistema\backend\vendor\laravel\framework\src\Illuminate\Foundation\Testing\RefreshDatabase.php:25
C:\projetos\sistema\backend\vendor\laravel\framework\src\Illuminate\Foundation\Testing\Concerns\InteractsWithTestCaseLifecycle.php:217
C:\projetos\sistema\backend\vendor\laravel\framework\src\Illuminate\Foundation\Testing\Concerns\InteractsWithTestCaseLifecycle.php:101
C:\projetos\sistema\backend\vendor\laravel\framework\src\Illuminate\Foundation\Testing\TestCase.php:63
C:\projetos\sistema\backend\tests\Feature\SupplierTest.php:21</error>
        </testcase>
        <testcase name="test_update_supplier" file="C:\projetos\sistema\backend\tests\Feature\SupplierTest.php" line="76" class="Tests\Feature\SupplierTest" classname="Tests.Feature.SupplierTest" assertions="0" time="0.000000">
          <error type="PDOException">Tests\Feature\SupplierTest::test_update_supplier&#13;
PDOException: There is already an active transaction
&#13;
C:\projetos\sistema\backend\vendor\laravel\framework\src\Illuminate\Database\SQLiteConnection.php:38
C:\projetos\sistema\backend\vendor\laravel\framework\src\Illuminate\Database\Concerns\ManagesTransactions.php:154
C:\projetos\sistema\backend\vendor\laravel\framework\src\Illuminate\Database\Concerns\ManagesTransactions.php:130
C:\projetos\sistema\backend\vendor\laravel\framework\src\Illuminate\Foundation\Testing\RefreshDatabase.php:147
C:\projetos\sistema\backend\vendor\laravel\framework\src\Illuminate\Foundation\Testing\RefreshDatabase.php:93
C:\projetos\sistema\backend\vendor\laravel\framework\src\Illuminate\Foundation\Testing\RefreshDatabase.php:25
C:\projetos\sistema\backend\vendor\laravel\framework\src\Illuminate\Foundation\Testing\Concerns\InteractsWithTestCaseLifecycle.php:217
C:\projetos\sistema\backend\vendor\laravel\framework\src\Illuminate\Foundation\Testing\Concerns\InteractsWithTestCaseLifecycle.php:101
C:\projetos\sistema\backend\vendor\laravel\framework\src\Illuminate\Foundation\Testing\TestCase.php:63
C:\projetos\sistema\backend\tests\Feature\SupplierTest.php:21</error>
        </testcase>
        <testcase name="test_delete_supplier" file="C:\projetos\sistema\backend\tests\Feature\SupplierTest.php" line="90" class="Tests\Feature\SupplierTest" classname="Tests.Feature.SupplierTest" assertions="0" time="0.000000">
          <error type="PDOException">Tests\Feature\SupplierTest::test_delete_supplier&#13;
PDOException: There is already an active transaction
&#13;
C:\projetos\sistema\backend\vendor\laravel\framework\src\Illuminate\Database\SQLiteConnection.php:38
C:\projetos\sistema\backend\vendor\laravel\framework\src\Illuminate\Database\Concerns\ManagesTransactions.php:154
C:\projetos\sistema\backend\vendor\laravel\framework\src\Illuminate\Database\Concerns\ManagesTransactions.php:130
C:\projetos\sistema\backend\vendor\laravel\framework\src\Illuminate\Foundation\Testing\RefreshDatabase.php:147
C:\projetos\sistema\backend\vendor\laravel\framework\src\Illuminate\Foundation\Testing\RefreshDatabase.php:93
C:\projetos\sistema\backend\vendor\laravel\framework\src\Illuminate\Foundation\Testing\RefreshDatabase.php:25
C:\projetos\sistema\backend\vendor\laravel\framework\src\Illuminate\Foundation\Testing\Concerns\InteractsWithTestCaseLifecycle.php:217
C:\projetos\sistema\backend\vendor\laravel\framework\src\Illuminate\Foundation\Testing\Concerns\InteractsWithTestCaseLifecycle.php:101
C:\projetos\sistema\backend\vendor\laravel\framework\src\Illuminate\Foundation\Testing\TestCase.php:63
C:\projetos\sistema\backend\tests\Feature\SupplierTest.php:21</error>
        </testcase>
      </testsuite>
      <testsuite name="Tests\Feature\TechnicianCashTest" file="C:\projetos\sistema\backend\tests\Feature\TechnicianCashTest.php" tests="12" assertions="0" errors="12" failures="0" skipped="0" time="0.000000">
        <testcase name="test_credit_creates_fund_and_transaction" file="C:\projetos\sistema\backend\tests\Feature\TechnicianCashTest.php" line="50" class="Tests\Feature\TechnicianCashTest" classname="Tests.Feature.TechnicianCashTest" assertions="0" time="0.000000">
          <error type="PDOException">Tests\Feature\TechnicianCashTest::test_credit_creates_fund_and_transaction&#13;
PDOException: There is already an active transaction
&#13;
C:\projetos\sistema\backend\vendor\laravel\framework\src\Illuminate\Database\SQLiteConnection.php:38
C:\projetos\sistema\backend\vendor\laravel\framework\src\Illuminate\Database\Concerns\ManagesTransactions.php:154
C:\projetos\sistema\backend\vendor\laravel\framework\src\Illuminate\Database\Concerns\ManagesTransactions.php:130
C:\projetos\sistema\backend\vendor\laravel\framework\src\Illuminate\Foundation\Testing\RefreshDatabase.php:147
C:\projetos\sistema\backend\vendor\laravel\framework\src\Illuminate\Foundation\Testing\RefreshDatabase.php:93
C:\projetos\sistema\backend\vendor\laravel\framework\src\Illuminate\Foundation\Testing\RefreshDatabase.php:25
C:\projetos\sistema\backend\vendor\laravel\framework\src\Illuminate\Foundation\Testing\Concerns\InteractsWithTestCaseLifecycle.php:217
C:\projetos\sistema\backend\vendor\laravel\framework\src\Illuminate\Foundation\Testing\Concerns\InteractsWithTestCaseLifecycle.php:101
C:\projetos\sistema\backend\vendor\laravel\framework\src\Illuminate\Foundation\Testing\TestCase.php:63
C:\projetos\sistema\backend\tests\Feature\TechnicianCashTest.php:23</error>
        </testcase>
        <testcase name="test_debit_reduces_balance" file="C:\projetos\sistema\backend\tests\Feature\TechnicianCashTest.php" line="74" class="Tests\Feature\TechnicianCashTest" classname="Tests.Feature.TechnicianCashTest" assertions="0" time="0.000000">
          <error type="PDOException">Tests\Feature\TechnicianCashTest::test_debit_reduces_balance&#13;
PDOException: There is already an active transaction
&#13;
C:\projetos\sistema\backend\vendor\laravel\framework\src\Illuminate\Database\SQLiteConnection.php:38
C:\projetos\sistema\backend\vendor\laravel\framework\src\Illuminate\Database\Concerns\ManagesTransactions.php:154
C:\projetos\sistema\backend\vendor\laravel\framework\src\Illuminate\Database\Concerns\ManagesTransactions.php:130
C:\projetos\sistema\backend\vendor\laravel\framework\src\Illuminate\Foundation\Testing\RefreshDatabase.php:147
C:\projetos\sistema\backend\vendor\laravel\framework\src\Illuminate\Foundation\Testing\RefreshDatabase.php:93
C:\projetos\sistema\backend\vendor\laravel\framework\src\Illuminate\Foundation\Testing\RefreshDatabase.php:25
C:\projetos\sistema\backend\vendor\laravel\framework\src\Illuminate\Foundation\Testing\Concerns\InteractsWithTestCaseLifecycle.php:217
C:\projetos\sistema\backend\vendor\laravel\framework\src\Illuminate\Foundation\Testing\Concerns\InteractsWithTestCaseLifecycle.php:101
C:\projetos\sistema\backend\vendor\laravel\framework\src\Illuminate\Foundation\Testing\TestCase.php:63
C:\projetos\sistema\backend\tests\Feature\TechnicianCashTest.php:23</error>
        </testcase>
        <testcase name="test_debit_rejects_insufficient_balance" file="C:\projetos\sistema\backend\tests\Feature\TechnicianCashTest.php" line="97" class="Tests\Feature\TechnicianCashTest" classname="Tests.Feature.TechnicianCashTest" assertions="0" time="0.000000">
          <error type="PDOException">Tests\Feature\TechnicianCashTest::test_debit_rejects_insufficient_balance&#13;
PDOException: There is already an active transaction
&#13;
C:\projetos\sistema\backend\vendor\laravel\framework\src\Illuminate\Database\SQLiteConnection.php:38
C:\projetos\sistema\backend\vendor\laravel\framework\src\Illuminate\Database\Concerns\ManagesTransactions.php:154
C:\projetos\sistema\backend\vendor\laravel\framework\src\Illuminate\Database\Concerns\ManagesTransactions.php:130
C:\projetos\sistema\backend\vendor\laravel\framework\src\Illuminate\Foundation\Testing\RefreshDatabase.php:147
C:\projetos\sistema\backend\vendor\laravel\framework\src\Illuminate\Foundation\Testing\RefreshDatabase.php:93
C:\projetos\sistema\backend\vendor\laravel\framework\src\Illuminate\Foundation\Testing\RefreshDatabase.php:25
C:\projetos\sistema\backend\vendor\laravel\framework\src\Illuminate\Foundation\Testing\Concerns\InteractsWithTestCaseLifecycle.php:217
C:\projetos\sistema\backend\vendor\laravel\framework\src\Illuminate\Foundation\Testing\Concerns\InteractsWithTestCaseLifecycle.php:101
C:\projetos\sistema\backend\vendor\laravel\framework\src\Illuminate\Foundation\Testing\TestCase.php:63
C:\projetos\sistema\backend\tests\Feature\TechnicianCashTest.php:23</error>
        </testcase>
        <testcase name="test_credit_uses_current_tenant_context_after_switch" file="C:\projetos\sistema\backend\tests\Feature\TechnicianCashTest.php" line="112" class="Tests\Feature\TechnicianCashTest" classname="Tests.Feature.TechnicianCashTest" assertions="0" time="0.000000">
          <error type="PDOException">Tests\Feature\TechnicianCashTest::test_credit_uses_current_tenant_context_after_switch&#13;
PDOException: There is already an active transaction
&#13;
C:\projetos\sistema\backend\vendor\laravel\framework\src\Illuminate\Database\SQLiteConnection.php:38
C:\projetos\sistema\backend\vendor\laravel\framework\src\Illuminate\Database\Concerns\ManagesTransactions.php:154
C:\projetos\sistema\backend\vendor\laravel\framework\src\Illuminate\Database\Concerns\ManagesTransactions.php:130
C:\projetos\sistema\backend\vendor\laravel\framework\src\Illuminate\Foundation\Testing\RefreshDatabase.php:147
C:\projetos\sistema\backend\vendor\laravel\framework\src\Illuminate\Foundation\Testing\RefreshDatabase.php:93
C:\projetos\sistema\backend\vendor\laravel\framework\src\Illuminate\Foundation\Testing\RefreshDatabase.php:25
C:\projetos\sistema\backend\vendor\laravel\framework\src\Illuminate\Foundation\Testing\Concerns\InteractsWithTestCaseLifecycle.php:217
C:\projetos\sistema\backend\vendor\laravel\framework\src\Illuminate\Foundation\Testing\Concerns\InteractsWithTestCaseLifecycle.php:101
C:\projetos\sistema\backend\vendor\laravel\framework\src\Illuminate\Foundation\Testing\TestCase.php:63
C:\projetos\sistema\backend\tests\Feature\TechnicianCashTest.php:23</error>
        </testcase>
        <testcase name="test_credit_rejects_technician_from_other_tenant" file="C:\projetos\sistema\backend\tests\Feature\TechnicianCashTest.php" line="145" class="Tests\Feature\TechnicianCashTest" classname="Tests.Feature.TechnicianCashTest" assertions="0" time="0.000000">
          <error type="PDOException">Tests\Feature\TechnicianCashTest::test_credit_rejects_technician_from_other_tenant&#13;
PDOException: There is already an active transaction
&#13;
C:\projetos\sistema\backend\vendor\laravel\framework\src\Illuminate\Database\SQLiteConnection.php:38
C:\projetos\sistema\backend\vendor\laravel\framework\src\Illuminate\Database\Concerns\ManagesTransactions.php:154
C:\projetos\sistema\backend\vendor\laravel\framework\src\Illuminate\Database\Concerns\ManagesTransactions.php:130
C:\projetos\sistema\backend\vendor\laravel\framework\src\Illuminate\Foundation\Testing\RefreshDatabase.php:147
C:\projetos\sistema\backend\vendor\laravel\framework\src\Illuminate\Foundation\Testing\RefreshDatabase.php:93
C:\projetos\sistema\backend\vendor\laravel\framework\src\Illuminate\Foundation\Testing\RefreshDatabase.php:25
C:\projetos\sistema\backend\vendor\laravel\framework\src\Illuminate\Foundation\Testing\Concerns\InteractsWithTestCaseLifecycle.php:217
C:\projetos\sistema\backend\vendor\laravel\framework\src\Illuminate\Foundation\Testing\Concerns\InteractsWithTestCaseLifecycle.php:101
C:\projetos\sistema\backend\vendor\laravel\framework\src\Illuminate\Foundation\Testing\TestCase.php:63
C:\projetos\sistema\backend\tests\Feature\TechnicianCashTest.php:23</error>
        </testcase>
        <testcase name="test_credit_accepts_technician_linked_by_tenant_membership" file="C:\projetos\sistema\backend\tests\Feature\TechnicianCashTest.php" line="163" class="Tests\Feature\TechnicianCashTest" classname="Tests.Feature.TechnicianCashTest" assertions="0" time="0.000000">
          <error type="PDOException">Tests\Feature\TechnicianCashTest::test_credit_accepts_technician_linked_by_tenant_membership&#13;
PDOException: There is already an active transaction
&#13;
C:\projetos\sistema\backend\vendor\laravel\framework\src\Illuminate\Database\SQLiteConnection.php:38
C:\projetos\sistema\backend\vendor\laravel\framework\src\Illuminate\Database\Concerns\ManagesTransactions.php:154
C:\projetos\sistema\backend\vendor\laravel\framework\src\Illuminate\Database\Concerns\ManagesTransactions.php:130
C:\projetos\sistema\backend\vendor\laravel\framework\src\Illuminate\Foundation\Testing\RefreshDatabase.php:147
C:\projetos\sistema\backend\vendor\laravel\framework\src\Illuminate\Foundation\Testing\RefreshDatabase.php:93
C:\projetos\sistema\backend\vendor\laravel\framework\src\Illuminate\Foundation\Testing\RefreshDatabase.php:25
C:\projetos\sistema\backend\vendor\laravel\framework\src\Illuminate\Foundation\Testing\Concerns\InteractsWithTestCaseLifecycle.php:217
C:\projetos\sistema\backend\vendor\laravel\framework\src\Illuminate\Foundation\Testing\Concerns\InteractsWithTestCaseLifecycle.php:101
C:\projetos\sistema\backend\vendor\laravel\framework\src\Illuminate\Foundation\Testing\TestCase.php:63
C:\projetos\sistema\backend\tests\Feature\TechnicianCashTest.php:23</error>
        </testcase>
        <testcase name="test_show_returns_fund_and_transactions" file="C:\projetos\sistema\backend\tests\Feature\TechnicianCashTest.php" line="187" class="Tests\Feature\TechnicianCashTest" classname="Tests.Feature.TechnicianCashTest" assertions="0" time="0.000000">
          <error type="PDOException">Tests\Feature\TechnicianCashTest::test_show_returns_fund_and_transactions&#13;
PDOException: There is already an active transaction
&#13;
C:\projetos\sistema\backend\vendor\laravel\framework\src\Illuminate\Database\SQLiteConnection.php:38
C:\projetos\sistema\backend\vendor\laravel\framework\src\Illuminate\Database\Concerns\ManagesTransactions.php:154
C:\projetos\sistema\backend\vendor\laravel\framework\src\Illuminate\Database\Concerns\ManagesTransactions.php:130
C:\projetos\sistema\backend\vendor\laravel\framework\src\Illuminate\Foundation\Testing\RefreshDatabase.php:147
C:\projetos\sistema\backend\vendor\laravel\framework\src\Illuminate\Foundation\Testing\RefreshDatabase.php:93
C:\projetos\sistema\backend\vendor\laravel\framework\src\Illuminate\Foundation\Testing\RefreshDatabase.php:25
C:\projetos\sistema\backend\vendor\laravel\framework\src\Illuminate\Foundation\Testing\Concerns\InteractsWithTestCaseLifecycle.php:217
C:\projetos\sistema\backend\vendor\laravel\framework\src\Illuminate\Foundation\Testing\Concerns\InteractsWithTestCaseLifecycle.php:101
C:\projetos\sistema\backend\vendor\laravel\framework\src\Illuminate\Foundation\Testing\TestCase.php:63
C:\projetos\sistema\backend\tests\Feature\TechnicianCashTest.php:23</error>
        </testcase>
        <testcase name="test_show_rejects_user_from_other_tenant" file="C:\projetos\sistema\backend\tests\Feature\TechnicianCashTest.php" line="202" class="Tests\Feature\TechnicianCashTest" classname="Tests.Feature.TechnicianCashTest" assertions="0" time="0.000000">
          <error type="PDOException">Tests\Feature\TechnicianCashTest::test_show_rejects_user_from_other_tenant&#13;
PDOException: There is already an active transaction
&#13;
C:\projetos\sistema\backend\vendor\laravel\framework\src\Illuminate\Database\SQLiteConnection.php:38
C:\projetos\sistema\backend\vendor\laravel\framework\src\Illuminate\Database\Concerns\ManagesTransactions.php:154
C:\projetos\sistema\backend\vendor\laravel\framework\src\Illuminate\Database\Concerns\ManagesTransactions.php:130
C:\projetos\sistema\backend\vendor\laravel\framework\src\Illuminate\Foundation\Testing\RefreshDatabase.php:147
C:\projetos\sistema\backend\vendor\laravel\framework\src\Illuminate\Foundation\Testing\RefreshDatabase.php:93
C:\projetos\sistema\backend\vendor\laravel\framework\src\Illuminate\Foundation\Testing\RefreshDatabase.php:25
C:\projetos\sistema\backend\vendor\laravel\framework\src\Illuminate\Foundation\Testing\Concerns\InteractsWithTestCaseLifecycle.php:217
C:\projetos\sistema\backend\vendor\laravel\framework\src\Illuminate\Foundation\Testing\Concerns\InteractsWithTestCaseLifecycle.php:101
C:\projetos\sistema\backend\vendor\laravel\framework\src\Illuminate\Foundation\Testing\TestCase.php:63
C:\projetos\sistema\backend\tests\Feature\TechnicianCashTest.php:23</error>
        </testcase>
        <testcase name="test_show_accepts_user_linked_by_tenant_membership" file="C:\projetos\sistema\backend\tests\Feature\TechnicianCashTest.php" line="215" class="Tests\Feature\TechnicianCashTest" classname="Tests.Feature.TechnicianCashTest" assertions="0" time="0.000000">
          <error type="PDOException">Tests\Feature\TechnicianCashTest::test_show_accepts_user_linked_by_tenant_membership&#13;
PDOException: There is already an active transaction
&#13;
C:\projetos\sistema\backend\vendor\laravel\framework\src\Illuminate\Database\SQLiteConnection.php:38
C:\projetos\sistema\backend\vendor\laravel\framework\src\Illuminate\Database\Concerns\ManagesTransactions.php:154
C:\projetos\sistema\backend\vendor\laravel\framework\src\Illuminate\Database\Concerns\ManagesTransactions.php:130
C:\projetos\sistema\backend\vendor\laravel\framework\src\Illuminate\Foundation\Testing\RefreshDatabase.php:147
C:\projetos\sistema\backend\vendor\laravel\framework\src\Illuminate\Foundation\Testing\RefreshDatabase.php:93
C:\projetos\sistema\backend\vendor\laravel\framework\src\Illuminate\Foundation\Testing\RefreshDatabase.php:25
C:\projetos\sistema\backend\vendor\laravel\framework\src\Illuminate\Foundation\Testing\Concerns\InteractsWithTestCaseLifecycle.php:217
C:\projetos\sistema\backend\vendor\laravel\framework\src\Illuminate\Foundation\Testing\Concerns\InteractsWithTestCaseLifecycle.php:101
C:\projetos\sistema\backend\vendor\laravel\framework\src\Illuminate\Foundation\Testing\TestCase.php:63
C:\projetos\sistema\backend\tests\Feature\TechnicianCashTest.php:23</error>
        </testcase>
        <testcase name="test_summary_returns_correct_totals" file="C:\projetos\sistema\backend\tests\Feature\TechnicianCashTest.php" line="236" class="Tests\Feature\TechnicianCashTest" classname="Tests.Feature.TechnicianCashTest" assertions="0" time="0.000000">
          <error type="PDOException">Tests\Feature\TechnicianCashTest::test_summary_returns_correct_totals&#13;
PDOException: There is already an active transaction
&#13;
C:\projetos\sistema\backend\vendor\laravel\framework\src\Illuminate\Database\SQLiteConnection.php:38
C:\projetos\sistema\backend\vendor\laravel\framework\src\Illuminate\Database\Concerns\ManagesTransactions.php:154
C:\projetos\sistema\backend\vendor\laravel\framework\src\Illuminate\Database\Concerns\ManagesTransactions.php:130
C:\projetos\sistema\backend\vendor\laravel\framework\src\Illuminate\Foundation\Testing\RefreshDatabase.php:147
C:\projetos\sistema\backend\vendor\laravel\framework\src\Illuminate\Foundation\Testing\RefreshDatabase.php:93
C:\projetos\sistema\backend\vendor\laravel\framework\src\Illuminate\Foundation\Testing\RefreshDatabase.php:25
C:\projetos\sistema\backend\vendor\laravel\framework\src\Illuminate\Foundation\Testing\Concerns\InteractsWithTestCaseLifecycle.php:217
C:\projetos\sistema\backend\vendor\laravel\framework\src\Illuminate\Foundation\Testing\Concerns\InteractsWithTestCaseLifecycle.php:101
C:\projetos\sistema\backend\vendor\laravel\framework\src\Illuminate\Foundation\Testing\TestCase.php:63
C:\projetos\sistema\backend\tests\Feature\TechnicianCashTest.php:23</error>
        </testcase>
        <testcase name="test_index_lists_all_funds" file="C:\projetos\sistema\backend\tests\Feature\TechnicianCashTest.php" line="261" class="Tests\Feature\TechnicianCashTest" classname="Tests.Feature.TechnicianCashTest" assertions="0" time="0.000000">
          <error type="PDOException">Tests\Feature\TechnicianCashTest::test_index_lists_all_funds&#13;
PDOException: There is already an active transaction
&#13;
C:\projetos\sistema\backend\vendor\laravel\framework\src\Illuminate\Database\SQLiteConnection.php:38
C:\projetos\sistema\backend\vendor\laravel\framework\src\Illuminate\Database\Concerns\ManagesTransactions.php:154
C:\projetos\sistema\backend\vendor\laravel\framework\src\Illuminate\Database\Concerns\ManagesTransactions.php:130
C:\projetos\sistema\backend\vendor\laravel\framework\src\Illuminate\Foundation\Testing\RefreshDatabase.php:147
C:\projetos\sistema\backend\vendor\laravel\framework\src\Illuminate\Foundation\Testing\RefreshDatabase.php:93
C:\projetos\sistema\backend\vendor\laravel\framework\src\Illuminate\Foundation\Testing\RefreshDatabase.php:25
C:\projetos\sistema\backend\vendor\laravel\framework\src\Illuminate\Foundation\Testing\Concerns\InteractsWithTestCaseLifecycle.php:217
C:\projetos\sistema\backend\vendor\laravel\framework\src\Illuminate\Foundation\Testing\Concerns\InteractsWithTestCaseLifecycle.php:101
C:\projetos\sistema\backend\vendor\laravel\framework\src\Illuminate\Foundation\Testing\TestCase.php:63
C:\projetos\sistema\backend\tests\Feature\TechnicianCashTest.php:23</error>
        </testcase>
        <testcase name="test_show_filters_transactions_by_date_and_pagination" file="C:\projetos\sistema\backend\tests\Feature\TechnicianCashTest.php" line="271" class="Tests\Feature\TechnicianCashTest" classname="Tests.Feature.TechnicianCashTest" assertions="0" time="0.000000">
          <error type="PDOException">Tests\Feature\TechnicianCashTest::test_show_filters_transactions_by_date_and_pagination&#13;
PDOException: There is already an active transaction
&#13;
C:\projetos\sistema\backend\vendor\laravel\framework\src\Illuminate\Database\SQLiteConnection.php:38
C:\projetos\sistema\backend\vendor\laravel\framework\src\Illuminate\Database\Concerns\ManagesTransactions.php:154
C:\projetos\sistema\backend\vendor\laravel\framework\src\Illuminate\Database\Concerns\ManagesTransactions.php:130
C:\projetos\sistema\backend\vendor\laravel\framework\src\Illuminate\Foundation\Testing\RefreshDatabase.php:147
C:\projetos\sistema\backend\vendor\laravel\framework\src\Illuminate\Foundation\Testing\RefreshDatabase.php:93
C:\projetos\sistema\backend\vendor\laravel\framework\src\Illuminate\Foundation\Testing\RefreshDatabase.php:25
C:\projetos\sistema\backend\vendor\laravel\framework\src\Illuminate\Foundation\Testing\Concerns\InteractsWithTestCaseLifecycle.php:217
C:\projetos\sistema\backend\vendor\laravel\framework\src\Illuminate\Foundation\Testing\Concerns\InteractsWithTestCaseLifecycle.php:101
C:\projetos\sistema\backend\vendor\laravel\framework\src\Illuminate\Foundation\Testing\TestCase.php:63
C:\projetos\sistema\backend\tests\Feature\TechnicianCashTest.php:23</error>
        </testcase>
      </testsuite>
      <testsuite name="Tests\Feature\TechnicianCentralProfessionalTest" file="C:\projetos\sistema\backend\tests\Feature\TechnicianCentralProfessionalTest.php" tests="14" assertions="0" errors="14" failures="0" skipped="0" time="0.000000">
        <testcase name="test_add_credit_persists_and_updates_balance" file="C:\projetos\sistema\backend\tests\Feature\TechnicianCentralProfessionalTest.php" line="50" class="Tests\Feature\TechnicianCentralProfessionalTest" classname="Tests.Feature.TechnicianCentralProfessionalTest" assertions="0" time="0.000000">
          <error type="PDOException">Tests\Feature\TechnicianCentralProfessionalTest::test_add_credit_persists_and_updates_balance&#13;
PDOException: There is already an active transaction
&#13;
C:\projetos\sistema\backend\vendor\laravel\framework\src\Illuminate\Database\SQLiteConnection.php:38
C:\projetos\sistema\backend\vendor\laravel\framework\src\Illuminate\Database\Concerns\ManagesTransactions.php:154
C:\projetos\sistema\backend\vendor\laravel\framework\src\Illuminate\Database\Concerns\ManagesTransactions.php:130
C:\projetos\sistema\backend\vendor\laravel\framework\src\Illuminate\Foundation\Testing\RefreshDatabase.php:147
C:\projetos\sistema\backend\vendor\laravel\framework\src\Illuminate\Foundation\Testing\RefreshDatabase.php:93
C:\projetos\sistema\backend\vendor\laravel\framework\src\Illuminate\Foundation\Testing\RefreshDatabase.php:25
C:\projetos\sistema\backend\vendor\laravel\framework\src\Illuminate\Foundation\Testing\Concerns\InteractsWithTestCaseLifecycle.php:217
C:\projetos\sistema\backend\vendor\laravel\framework\src\Illuminate\Foundation\Testing\Concerns\InteractsWithTestCaseLifecycle.php:101
C:\projetos\sistema\backend\vendor\laravel\framework\src\Illuminate\Foundation\Testing\TestCase.php:63
C:\projetos\sistema\backend\tests\Feature\TechnicianCentralProfessionalTest.php:28</error>
        </testcase>
        <testcase name="test_add_debit_reduces_balance" file="C:\projetos\sistema\backend\tests\Feature\TechnicianCentralProfessionalTest.php" line="75" class="Tests\Feature\TechnicianCentralProfessionalTest" classname="Tests.Feature.TechnicianCentralProfessionalTest" assertions="0" time="0.000000">
          <error type="PDOException">Tests\Feature\TechnicianCentralProfessionalTest::test_add_debit_reduces_balance&#13;
PDOException: There is already an active transaction
&#13;
C:\projetos\sistema\backend\vendor\laravel\framework\src\Illuminate\Database\SQLiteConnection.php:38
C:\projetos\sistema\backend\vendor\laravel\framework\src\Illuminate\Database\Concerns\ManagesTransactions.php:154
C:\projetos\sistema\backend\vendor\laravel\framework\src\Illuminate\Database\Concerns\ManagesTransactions.php:130
C:\projetos\sistema\backend\vendor\laravel\framework\src\Illuminate\Foundation\Testing\RefreshDatabase.php:147
C:\projetos\sistema\backend\vendor\laravel\framework\src\Illuminate\Foundation\Testing\RefreshDatabase.php:93
C:\projetos\sistema\backend\vendor\laravel\framework\src\Illuminate\Foundation\Testing\RefreshDatabase.php:25
C:\projetos\sistema\backend\vendor\laravel\framework\src\Illuminate\Foundation\Testing\Concerns\InteractsWithTestCaseLifecycle.php:217
C:\projetos\sistema\backend\vendor\laravel\framework\src\Illuminate\Foundation\Testing\Concerns\InteractsWithTestCaseLifecycle.php:101
C:\projetos\sistema\backend\vendor\laravel\framework\src\Illuminate\Foundation\Testing\TestCase.php:63
C:\projetos\sistema\backend\tests\Feature\TechnicianCentralProfessionalTest.php:28</error>
        </testcase>
        <testcase name="test_cash_index_returns_list" file="C:\projetos\sistema\backend\tests\Feature\TechnicianCentralProfessionalTest.php" line="97" class="Tests\Feature\TechnicianCentralProfessionalTest" classname="Tests.Feature.TechnicianCentralProfessionalTest" assertions="0" time="0.000000">
          <error type="PDOException">Tests\Feature\TechnicianCentralProfessionalTest::test_cash_index_returns_list&#13;
PDOException: There is already an active transaction
&#13;
C:\projetos\sistema\backend\vendor\laravel\framework\src\Illuminate\Database\SQLiteConnection.php:38
C:\projetos\sistema\backend\vendor\laravel\framework\src\Illuminate\Database\Concerns\ManagesTransactions.php:154
C:\projetos\sistema\backend\vendor\laravel\framework\src\Illuminate\Database\Concerns\ManagesTransactions.php:130
C:\projetos\sistema\backend\vendor\laravel\framework\src\Illuminate\Foundation\Testing\RefreshDatabase.php:147
C:\projetos\sistema\backend\vendor\laravel\framework\src\Illuminate\Foundation\Testing\RefreshDatabase.php:93
C:\projetos\sistema\backend\vendor\laravel\framework\src\Illuminate\Foundation\Testing\RefreshDatabase.php:25
C:\projetos\sistema\backend\vendor\laravel\framework\src\Illuminate\Foundation\Testing\Concerns\InteractsWithTestCaseLifecycle.php:217
C:\projetos\sistema\backend\vendor\laravel\framework\src\Illuminate\Foundation\Testing\Concerns\InteractsWithTestCaseLifecycle.php:101
C:\projetos\sistema\backend\vendor\laravel\framework\src\Illuminate\Foundation\Testing\TestCase.php:63
C:\projetos\sistema\backend\tests\Feature\TechnicianCentralProfessionalTest.php:28</error>
        </testcase>
        <testcase name="test_cash_show_returns_user_fund_or_404" file="C:\projetos\sistema\backend\tests\Feature\TechnicianCentralProfessionalTest.php" line="103" class="Tests\Feature\TechnicianCentralProfessionalTest" classname="Tests.Feature.TechnicianCentralProfessionalTest" assertions="0" time="0.000000">
          <error type="PDOException">Tests\Feature\TechnicianCentralProfessionalTest::test_cash_show_returns_user_fund_or_404&#13;
PDOException: There is already an active transaction
&#13;
C:\projetos\sistema\backend\vendor\laravel\framework\src\Illuminate\Database\SQLiteConnection.php:38
C:\projetos\sistema\backend\vendor\laravel\framework\src\Illuminate\Database\Concerns\ManagesTransactions.php:154
C:\projetos\sistema\backend\vendor\laravel\framework\src\Illuminate\Database\Concerns\ManagesTransactions.php:130
C:\projetos\sistema\backend\vendor\laravel\framework\src\Illuminate\Foundation\Testing\RefreshDatabase.php:147
C:\projetos\sistema\backend\vendor\laravel\framework\src\Illuminate\Foundation\Testing\RefreshDatabase.php:93
C:\projetos\sistema\backend\vendor\laravel\framework\src\Illuminate\Foundation\Testing\RefreshDatabase.php:25
C:\projetos\sistema\backend\vendor\laravel\framework\src\Illuminate\Foundation\Testing\Concerns\InteractsWithTestCaseLifecycle.php:217
C:\projetos\sistema\backend\vendor\laravel\framework\src\Illuminate\Foundation\Testing\Concerns\InteractsWithTestCaseLifecycle.php:101
C:\projetos\sistema\backend\vendor\laravel\framework\src\Illuminate\Foundation\Testing\TestCase.php:63
C:\projetos\sistema\backend\tests\Feature\TechnicianCentralProfessionalTest.php:28</error>
        </testcase>
        <testcase name="test_cash_summary_returns_totals" file="C:\projetos\sistema\backend\tests\Feature\TechnicianCentralProfessionalTest.php" line="119" class="Tests\Feature\TechnicianCentralProfessionalTest" classname="Tests.Feature.TechnicianCentralProfessionalTest" assertions="0" time="0.000000">
          <error type="PDOException">Tests\Feature\TechnicianCentralProfessionalTest::test_cash_summary_returns_totals&#13;
PDOException: There is already an active transaction
&#13;
C:\projetos\sistema\backend\vendor\laravel\framework\src\Illuminate\Database\SQLiteConnection.php:38
C:\projetos\sistema\backend\vendor\laravel\framework\src\Illuminate\Database\Concerns\ManagesTransactions.php:154
C:\projetos\sistema\backend\vendor\laravel\framework\src\Illuminate\Database\Concerns\ManagesTransactions.php:130
C:\projetos\sistema\backend\vendor\laravel\framework\src\Illuminate\Foundation\Testing\RefreshDatabase.php:147
C:\projetos\sistema\backend\vendor\laravel\framework\src\Illuminate\Foundation\Testing\RefreshDatabase.php:93
C:\projetos\sistema\backend\vendor\laravel\framework\src\Illuminate\Foundation\Testing\RefreshDatabase.php:25
C:\projetos\sistema\backend\vendor\laravel\framework\src\Illuminate\Foundation\Testing\Concerns\InteractsWithTestCaseLifecycle.php:217
C:\projetos\sistema\backend\vendor\laravel\framework\src\Illuminate\Foundation\Testing\Concerns\InteractsWithTestCaseLifecycle.php:101
C:\projetos\sistema\backend\vendor\laravel\framework\src\Illuminate\Foundation\Testing\TestCase.php:63
C:\projetos\sistema\backend\tests\Feature\TechnicianCentralProfessionalTest.php:28</error>
        </testcase>
        <testcase name="test_create_central_task_persists" file="C:\projetos\sistema\backend\tests\Feature\TechnicianCentralProfessionalTest.php" line="135" class="Tests\Feature\TechnicianCentralProfessionalTest" classname="Tests.Feature.TechnicianCentralProfessionalTest" assertions="0" time="0.000000">
          <error type="PDOException">Tests\Feature\TechnicianCentralProfessionalTest::test_create_central_task_persists&#13;
PDOException: There is already an active transaction
&#13;
C:\projetos\sistema\backend\vendor\laravel\framework\src\Illuminate\Database\SQLiteConnection.php:38
C:\projetos\sistema\backend\vendor\laravel\framework\src\Illuminate\Database\Concerns\ManagesTransactions.php:154
C:\projetos\sistema\backend\vendor\laravel\framework\src\Illuminate\Database\Concerns\ManagesTransactions.php:130
C:\projetos\sistema\backend\vendor\laravel\framework\src\Illuminate\Foundation\Testing\RefreshDatabase.php:147
C:\projetos\sistema\backend\vendor\laravel\framework\src\Illuminate\Foundation\Testing\RefreshDatabase.php:93
C:\projetos\sistema\backend\vendor\laravel\framework\src\Illuminate\Foundation\Testing\RefreshDatabase.php:25
C:\projetos\sistema\backend\vendor\laravel\framework\src\Illuminate\Foundation\Testing\Concerns\InteractsWithTestCaseLifecycle.php:217
C:\projetos\sistema\backend\vendor\laravel\framework\src\Illuminate\Foundation\Testing\Concerns\InteractsWithTestCaseLifecycle.php:101
C:\projetos\sistema\backend\vendor\laravel\framework\src\Illuminate\Foundation\Testing\TestCase.php:63
C:\projetos\sistema\backend\tests\Feature\TechnicianCentralProfessionalTest.php:28</error>
        </testcase>
        <testcase name="test_central_items_index_returns_list" file="C:\projetos\sistema\backend\tests\Feature\TechnicianCentralProfessionalTest.php" line="155" class="Tests\Feature\TechnicianCentralProfessionalTest" classname="Tests.Feature.TechnicianCentralProfessionalTest" assertions="0" time="0.000000">
          <error type="PDOException">Tests\Feature\TechnicianCentralProfessionalTest::test_central_items_index_returns_list&#13;
PDOException: There is already an active transaction
&#13;
C:\projetos\sistema\backend\vendor\laravel\framework\src\Illuminate\Database\SQLiteConnection.php:38
C:\projetos\sistema\backend\vendor\laravel\framework\src\Illuminate\Database\Concerns\ManagesTransactions.php:154
C:\projetos\sistema\backend\vendor\laravel\framework\src\Illuminate\Database\Concerns\ManagesTransactions.php:130
C:\projetos\sistema\backend\vendor\laravel\framework\src\Illuminate\Foundation\Testing\RefreshDatabase.php:147
C:\projetos\sistema\backend\vendor\laravel\framework\src\Illuminate\Foundation\Testing\RefreshDatabase.php:93
C:\projetos\sistema\backend\vendor\laravel\framework\src\Illuminate\Foundation\Testing\RefreshDatabase.php:25
C:\projetos\sistema\backend\vendor\laravel\framework\src\Illuminate\Foundation\Testing\Concerns\InteractsWithTestCaseLifecycle.php:217
C:\projetos\sistema\backend\vendor\laravel\framework\src\Illuminate\Foundation\Testing\Concerns\InteractsWithTestCaseLifecycle.php:101
C:\projetos\sistema\backend\vendor\laravel\framework\src\Illuminate\Foundation\Testing\TestCase.php:63
C:\projetos\sistema\backend\tests\Feature\TechnicianCentralProfessionalTest.php:28</error>
        </testcase>
        <testcase name="test_central_summary_returns_counts" file="C:\projetos\sistema\backend\tests\Feature\TechnicianCentralProfessionalTest.php" line="161" class="Tests\Feature\TechnicianCentralProfessionalTest" classname="Tests.Feature.TechnicianCentralProfessionalTest" assertions="0" time="0.000000">
          <error type="PDOException">Tests\Feature\TechnicianCentralProfessionalTest::test_central_summary_returns_counts&#13;
PDOException: There is already an active transaction
&#13;
C:\projetos\sistema\backend\vendor\laravel\framework\src\Illuminate\Database\SQLiteConnection.php:38
C:\projetos\sistema\backend\vendor\laravel\framework\src\Illuminate\Database\Concerns\ManagesTransactions.php:154
C:\projetos\sistema\backend\vendor\laravel\framework\src\Illuminate\Database\Concerns\ManagesTransactions.php:130
C:\projetos\sistema\backend\vendor\laravel\framework\src\Illuminate\Foundation\Testing\RefreshDatabase.php:147
C:\projetos\sistema\backend\vendor\laravel\framework\src\Illuminate\Foundation\Testing\RefreshDatabase.php:93
C:\projetos\sistema\backend\vendor\laravel\framework\src\Illuminate\Foundation\Testing\RefreshDatabase.php:25
C:\projetos\sistema\backend\vendor\laravel\framework\src\Illuminate\Foundation\Testing\Concerns\InteractsWithTestCaseLifecycle.php:217
C:\projetos\sistema\backend\vendor\laravel\framework\src\Illuminate\Foundation\Testing\Concerns\InteractsWithTestCaseLifecycle.php:101
C:\projetos\sistema\backend\vendor\laravel\framework\src\Illuminate\Foundation\Testing\TestCase.php:63
C:\projetos\sistema\backend\tests\Feature\TechnicianCentralProfessionalTest.php:28</error>
        </testcase>
        <testcase name="test_central_constants_returns_types_and_priorities" file="C:\projetos\sistema\backend\tests\Feature\TechnicianCentralProfessionalTest.php" line="169" class="Tests\Feature\TechnicianCentralProfessionalTest" classname="Tests.Feature.TechnicianCentralProfessionalTest" assertions="0" time="0.000000">
          <error type="PDOException">Tests\Feature\TechnicianCentralProfessionalTest::test_central_constants_returns_types_and_priorities&#13;
PDOException: There is already an active transaction
&#13;
C:\projetos\sistema\backend\vendor\laravel\framework\src\Illuminate\Database\SQLiteConnection.php:38
C:\projetos\sistema\backend\vendor\laravel\framework\src\Illuminate\Database\Concerns\ManagesTransactions.php:154
C:\projetos\sistema\backend\vendor\laravel\framework\src\Illuminate\Database\Concerns\ManagesTransactions.php:130
C:\projetos\sistema\backend\vendor\laravel\framework\src\Illuminate\Foundation\Testing\RefreshDatabase.php:147
C:\projetos\sistema\backend\vendor\laravel\framework\src\Illuminate\Foundation\Testing\RefreshDatabase.php:93
C:\projetos\sistema\backend\vendor\laravel\framework\src\Illuminate\Foundation\Testing\RefreshDatabase.php:25
C:\projetos\sistema\backend\vendor\laravel\framework\src\Illuminate\Foundation\Testing\Concerns\InteractsWithTestCaseLifecycle.php:217
C:\projetos\sistema\backend\vendor\laravel\framework\src\Illuminate\Foundation\Testing\Concerns\InteractsWithTestCaseLifecycle.php:101
C:\projetos\sistema\backend\vendor\laravel\framework\src\Illuminate\Foundation\Testing\TestCase.php:63
C:\projetos\sistema\backend\tests\Feature\TechnicianCentralProfessionalTest.php:28</error>
        </testcase>
        <testcase name="test_notifications_index_returns_list" file="C:\projetos\sistema\backend\tests\Feature\TechnicianCentralProfessionalTest.php" line="179" class="Tests\Feature\TechnicianCentralProfessionalTest" classname="Tests.Feature.TechnicianCentralProfessionalTest" assertions="0" time="0.000000">
          <error type="PDOException">Tests\Feature\TechnicianCentralProfessionalTest::test_notifications_index_returns_list&#13;
PDOException: There is already an active transaction
&#13;
C:\projetos\sistema\backend\vendor\laravel\framework\src\Illuminate\Database\SQLiteConnection.php:38
C:\projetos\sistema\backend\vendor\laravel\framework\src\Illuminate\Database\Concerns\ManagesTransactions.php:154
C:\projetos\sistema\backend\vendor\laravel\framework\src\Illuminate\Database\Concerns\ManagesTransactions.php:130
C:\projetos\sistema\backend\vendor\laravel\framework\src\Illuminate\Foundation\Testing\RefreshDatabase.php:147
C:\projetos\sistema\backend\vendor\laravel\framework\src\Illuminate\Foundation\Testing\RefreshDatabase.php:93
C:\projetos\sistema\backend\vendor\laravel\framework\src\Illuminate\Foundation\Testing\RefreshDatabase.php:25
C:\projetos\sistema\backend\vendor\laravel\framework\src\Illuminate\Foundation\Testing\Concerns\InteractsWithTestCaseLifecycle.php:217
C:\projetos\sistema\backend\vendor\laravel\framework\src\Illuminate\Foundation\Testing\Concerns\InteractsWithTestCaseLifecycle.php:101
C:\projetos\sistema\backend\vendor\laravel\framework\src\Illuminate\Foundation\Testing\TestCase.php:63
C:\projetos\sistema\backend\tests\Feature\TechnicianCentralProfessionalTest.php:28</error>
        </testcase>
        <testcase name="test_unread_count_returns_number" file="C:\projetos\sistema\backend\tests\Feature\TechnicianCentralProfessionalTest.php" line="185" class="Tests\Feature\TechnicianCentralProfessionalTest" classname="Tests.Feature.TechnicianCentralProfessionalTest" assertions="0" time="0.000000">
          <error type="PDOException">Tests\Feature\TechnicianCentralProfessionalTest::test_unread_count_returns_number&#13;
PDOException: There is already an active transaction
&#13;
C:\projetos\sistema\backend\vendor\laravel\framework\src\Illuminate\Database\SQLiteConnection.php:38
C:\projetos\sistema\backend\vendor\laravel\framework\src\Illuminate\Database\Concerns\ManagesTransactions.php:154
C:\projetos\sistema\backend\vendor\laravel\framework\src\Illuminate\Database\Concerns\ManagesTransactions.php:130
C:\projetos\sistema\backend\vendor\laravel\framework\src\Illuminate\Foundation\Testing\RefreshDatabase.php:147
C:\projetos\sistema\backend\vendor\laravel\framework\src\Illuminate\Foundation\Testing\RefreshDatabase.php:93
C:\projetos\sistema\backend\vendor\laravel\framework\src\Illuminate\Foundation\Testing\RefreshDatabase.php:25
C:\projetos\sistema\backend\vendor\laravel\framework\src\Illuminate\Foundation\Testing\Concerns\InteractsWithTestCaseLifecycle.php:217
C:\projetos\sistema\backend\vendor\laravel\framework\src\Illuminate\Foundation\Testing\Concerns\InteractsWithTestCaseLifecycle.php:101
C:\projetos\sistema\backend\vendor\laravel\framework\src\Illuminate\Foundation\Testing\TestCase.php:63
C:\projetos\sistema\backend\tests\Feature\TechnicianCentralProfessionalTest.php:28</error>
        </testcase>
        <testcase name="test_mark_all_read_returns_200" file="C:\projetos\sistema\backend\tests\Feature\TechnicianCentralProfessionalTest.php" line="193" class="Tests\Feature\TechnicianCentralProfessionalTest" classname="Tests.Feature.TechnicianCentralProfessionalTest" assertions="0" time="0.000000">
          <error type="PDOException">Tests\Feature\TechnicianCentralProfessionalTest::test_mark_all_read_returns_200&#13;
PDOException: There is already an active transaction
&#13;
C:\projetos\sistema\backend\vendor\laravel\framework\src\Illuminate\Database\SQLiteConnection.php:38
C:\projetos\sistema\backend\vendor\laravel\framework\src\Illuminate\Database\Concerns\ManagesTransactions.php:154
C:\projetos\sistema\backend\vendor\laravel\framework\src\Illuminate\Database\Concerns\ManagesTransactions.php:130
C:\projetos\sistema\backend\vendor\laravel\framework\src\Illuminate\Foundation\Testing\RefreshDatabase.php:147
C:\projetos\sistema\backend\vendor\laravel\framework\src\Illuminate\Foundation\Testing\RefreshDatabase.php:93
C:\projetos\sistema\backend\vendor\laravel\framework\src\Illuminate\Foundation\Testing\RefreshDatabase.php:25
C:\projetos\sistema\backend\vendor\laravel\framework\src\Illuminate\Foundation\Testing\Concerns\InteractsWithTestCaseLifecycle.php:217
C:\projetos\sistema\backend\vendor\laravel\framework\src\Illuminate\Foundation\Testing\Concerns\InteractsWithTestCaseLifecycle.php:101
C:\projetos\sistema\backend\vendor\laravel\framework\src\Illuminate\Foundation\Testing\TestCase.php:63
C:\projetos\sistema\backend\tests\Feature\TechnicianCentralProfessionalTest.php:28</error>
        </testcase>
        <testcase name="test_sla_overview_returns_structure" file="C:\projetos\sistema\backend\tests\Feature\TechnicianCentralProfessionalTest.php" line="202" class="Tests\Feature\TechnicianCentralProfessionalTest" classname="Tests.Feature.TechnicianCentralProfessionalTest" assertions="0" time="0.000000">
          <error type="PDOException">Tests\Feature\TechnicianCentralProfessionalTest::test_sla_overview_returns_structure&#13;
PDOException: There is already an active transaction
&#13;
C:\projetos\sistema\backend\vendor\laravel\framework\src\Illuminate\Database\SQLiteConnection.php:38
C:\projetos\sistema\backend\vendor\laravel\framework\src\Illuminate\Database\Concerns\ManagesTransactions.php:154
C:\projetos\sistema\backend\vendor\laravel\framework\src\Illuminate\Database\Concerns\ManagesTransactions.php:130
C:\projetos\sistema\backend\vendor\laravel\framework\src\Illuminate\Foundation\Testing\RefreshDatabase.php:147
C:\projetos\sistema\backend\vendor\laravel\framework\src\Illuminate\Foundation\Testing\RefreshDatabase.php:93
C:\projetos\sistema\backend\vendor\laravel\framework\src\Illuminate\Foundation\Testing\RefreshDatabase.php:25
C:\projetos\sistema\backend\vendor\laravel\framework\src\Illuminate\Foundation\Testing\Concerns\InteractsWithTestCaseLifecycle.php:217
C:\projetos\sistema\backend\vendor\laravel\framework\src\Illuminate\Foundation\Testing\Concerns\InteractsWithTestCaseLifecycle.php:101
C:\projetos\sistema\backend\vendor\laravel\framework\src\Illuminate\Foundation\Testing\TestCase.php:63
C:\projetos\sistema\backend\tests\Feature\TechnicianCentralProfessionalTest.php:28</error>
        </testcase>
        <testcase name="test_sla_breached_returns_list" file="C:\projetos\sistema\backend\tests\Feature\TechnicianCentralProfessionalTest.php" line="209" class="Tests\Feature\TechnicianCentralProfessionalTest" classname="Tests.Feature.TechnicianCentralProfessionalTest" assertions="0" time="0.000000">
          <error type="PDOException">Tests\Feature\TechnicianCentralProfessionalTest::test_sla_breached_returns_list&#13;
PDOException: There is already an active transaction
&#13;
C:\projetos\sistema\backend\vendor\laravel\framework\src\Illuminate\Database\SQLiteConnection.php:38
C:\projetos\sistema\backend\vendor\laravel\framework\src\Illuminate\Database\Concerns\ManagesTransactions.php:154
C:\projetos\sistema\backend\vendor\laravel\framework\src\Illuminate\Database\Concerns\ManagesTransactions.php:130
C:\projetos\sistema\backend\vendor\laravel\framework\src\Illuminate\Foundation\Testing\RefreshDatabase.php:147
C:\projetos\sistema\backend\vendor\laravel\framework\src\Illuminate\Foundation\Testing\RefreshDatabase.php:93
C:\projetos\sistema\backend\vendor\laravel\framework\src\Illuminate\Foundation\Testing\RefreshDatabase.php:25
C:\projetos\sistema\backend\vendor\laravel\framework\src\Illuminate\Foundation\Testing\Concerns\InteractsWithTestCaseLifecycle.php:217
C:\projetos\sistema\backend\vendor\laravel\framework\src\Illuminate\Foundation\Testing\Concerns\InteractsWithTestCaseLifecycle.php:101
C:\projetos\sistema\backend\vendor\laravel\framework\src\Illuminate\Foundation\Testing\TestCase.php:63
C:\projetos\sistema\backend\tests\Feature\TechnicianCentralProfessionalTest.php:28</error>
        </testcase>
      </testsuite>
      <testsuite name="Tests\Feature\TechnicianCentralTest" file="C:\projetos\sistema\backend\tests\Feature\TechnicianCentralTest.php" tests="17" assertions="0" errors="17" failures="0" skipped="0" time="0.000000">
        <testcase name="test_technician_cash_index" file="C:\projetos\sistema\backend\tests\Feature\TechnicianCentralTest.php" line="45" class="Tests\Feature\TechnicianCentralTest" classname="Tests.Feature.TechnicianCentralTest" assertions="0" time="0.000000">
          <error type="PDOException">Tests\Feature\TechnicianCentralTest::test_technician_cash_index&#13;
PDOException: There is already an active transaction
&#13;
C:\projetos\sistema\backend\vendor\laravel\framework\src\Illuminate\Database\SQLiteConnection.php:38
C:\projetos\sistema\backend\vendor\laravel\framework\src\Illuminate\Database\Concerns\ManagesTransactions.php:154
C:\projetos\sistema\backend\vendor\laravel\framework\src\Illuminate\Database\Concerns\ManagesTransactions.php:130
C:\projetos\sistema\backend\vendor\laravel\framework\src\Illuminate\Foundation\Testing\RefreshDatabase.php:147
C:\projetos\sistema\backend\vendor\laravel\framework\src\Illuminate\Foundation\Testing\RefreshDatabase.php:93
C:\projetos\sistema\backend\vendor\laravel\framework\src\Illuminate\Foundation\Testing\RefreshDatabase.php:25
C:\projetos\sistema\backend\vendor\laravel\framework\src\Illuminate\Foundation\Testing\Concerns\InteractsWithTestCaseLifecycle.php:217
C:\projetos\sistema\backend\vendor\laravel\framework\src\Illuminate\Foundation\Testing\Concerns\InteractsWithTestCaseLifecycle.php:101
C:\projetos\sistema\backend\vendor\laravel\framework\src\Illuminate\Foundation\Testing\TestCase.php:63
C:\projetos\sistema\backend\tests\Feature\TechnicianCentralTest.php:24</error>
        </testcase>
        <testcase name="test_technician_cash_show_for_user" file="C:\projetos\sistema\backend\tests\Feature\TechnicianCentralTest.php" line="51" class="Tests\Feature\TechnicianCentralTest" classname="Tests.Feature.TechnicianCentralTest" assertions="0" time="0.000000">
          <error type="PDOException">Tests\Feature\TechnicianCentralTest::test_technician_cash_show_for_user&#13;
PDOException: There is already an active transaction
&#13;
C:\projetos\sistema\backend\vendor\laravel\framework\src\Illuminate\Database\SQLiteConnection.php:38
C:\projetos\sistema\backend\vendor\laravel\framework\src\Illuminate\Database\Concerns\ManagesTransactions.php:154
C:\projetos\sistema\backend\vendor\laravel\framework\src\Illuminate\Database\Concerns\ManagesTransactions.php:130
C:\projetos\sistema\backend\vendor\laravel\framework\src\Illuminate\Foundation\Testing\RefreshDatabase.php:147
C:\projetos\sistema\backend\vendor\laravel\framework\src\Illuminate\Foundation\Testing\RefreshDatabase.php:93
C:\projetos\sistema\backend\vendor\laravel\framework\src\Illuminate\Foundation\Testing\RefreshDatabase.php:25
C:\projetos\sistema\backend\vendor\laravel\framework\src\Illuminate\Foundation\Testing\Concerns\InteractsWithTestCaseLifecycle.php:217
C:\projetos\sistema\backend\vendor\laravel\framework\src\Illuminate\Foundation\Testing\Concerns\InteractsWithTestCaseLifecycle.php:101
C:\projetos\sistema\backend\vendor\laravel\framework\src\Illuminate\Foundation\Testing\TestCase.php:63
C:\projetos\sistema\backend\tests\Feature\TechnicianCentralTest.php:24</error>
        </testcase>
        <testcase name="test_technician_cash_summary" file="C:\projetos\sistema\backend\tests\Feature\TechnicianCentralTest.php" line="57" class="Tests\Feature\TechnicianCentralTest" classname="Tests.Feature.TechnicianCentralTest" assertions="0" time="0.000000">
          <error type="PDOException">Tests\Feature\TechnicianCentralTest::test_technician_cash_summary&#13;
PDOException: There is already an active transaction
&#13;
C:\projetos\sistema\backend\vendor\laravel\framework\src\Illuminate\Database\SQLiteConnection.php:38
C:\projetos\sistema\backend\vendor\laravel\framework\src\Illuminate\Database\Concerns\ManagesTransactions.php:154
C:\projetos\sistema\backend\vendor\laravel\framework\src\Illuminate\Database\Concerns\ManagesTransactions.php:130
C:\projetos\sistema\backend\vendor\laravel\framework\src\Illuminate\Foundation\Testing\RefreshDatabase.php:147
C:\projetos\sistema\backend\vendor\laravel\framework\src\Illuminate\Foundation\Testing\RefreshDatabase.php:93
C:\projetos\sistema\backend\vendor\laravel\framework\src\Illuminate\Foundation\Testing\RefreshDatabase.php:25
C:\projetos\sistema\backend\vendor\laravel\framework\src\Illuminate\Foundation\Testing\Concerns\InteractsWithTestCaseLifecycle.php:217
C:\projetos\sistema\backend\vendor\laravel\framework\src\Illuminate\Foundation\Testing\Concerns\InteractsWithTestCaseLifecycle.php:101
C:\projetos\sistema\backend\vendor\laravel\framework\src\Illuminate\Foundation\Testing\TestCase.php:63
C:\projetos\sistema\backend\tests\Feature\TechnicianCentralTest.php:24</error>
        </testcase>
        <testcase name="test_add_credit_to_technician" file="C:\projetos\sistema\backend\tests\Feature\TechnicianCentralTest.php" line="63" class="Tests\Feature\TechnicianCentralTest" classname="Tests.Feature.TechnicianCentralTest" assertions="0" time="0.000000">
          <error type="PDOException">Tests\Feature\TechnicianCentralTest::test_add_credit_to_technician&#13;
PDOException: There is already an active transaction
&#13;
C:\projetos\sistema\backend\vendor\laravel\framework\src\Illuminate\Database\SQLiteConnection.php:38
C:\projetos\sistema\backend\vendor\laravel\framework\src\Illuminate\Database\Concerns\ManagesTransactions.php:154
C:\projetos\sistema\backend\vendor\laravel\framework\src\Illuminate\Database\Concerns\ManagesTransactions.php:130
C:\projetos\sistema\backend\vendor\laravel\framework\src\Illuminate\Foundation\Testing\RefreshDatabase.php:147
C:\projetos\sistema\backend\vendor\laravel\framework\src\Illuminate\Foundation\Testing\RefreshDatabase.php:93
C:\projetos\sistema\backend\vendor\laravel\framework\src\Illuminate\Foundation\Testing\RefreshDatabase.php:25
C:\projetos\sistema\backend\vendor\laravel\framework\src\Illuminate\Foundation\Testing\Concerns\InteractsWithTestCaseLifecycle.php:217
C:\projetos\sistema\backend\vendor\laravel\framework\src\Illuminate\Foundation\Testing\Concerns\InteractsWithTestCaseLifecycle.php:101
C:\projetos\sistema\backend\vendor\laravel\framework\src\Illuminate\Foundation\Testing\TestCase.php:63
C:\projetos\sistema\backend\tests\Feature\TechnicianCentralTest.php:24</error>
        </testcase>
        <testcase name="test_add_debit_to_technician" file="C:\projetos\sistema\backend\tests\Feature\TechnicianCentralTest.php" line="74" class="Tests\Feature\TechnicianCentralTest" classname="Tests.Feature.TechnicianCentralTest" assertions="0" time="0.000000">
          <error type="PDOException">Tests\Feature\TechnicianCentralTest::test_add_debit_to_technician&#13;
PDOException: There is already an active transaction
&#13;
C:\projetos\sistema\backend\vendor\laravel\framework\src\Illuminate\Database\SQLiteConnection.php:38
C:\projetos\sistema\backend\vendor\laravel\framework\src\Illuminate\Database\Concerns\ManagesTransactions.php:154
C:\projetos\sistema\backend\vendor\laravel\framework\src\Illuminate\Database\Concerns\ManagesTransactions.php:130
C:\projetos\sistema\backend\vendor\laravel\framework\src\Illuminate\Foundation\Testing\RefreshDatabase.php:147
C:\projetos\sistema\backend\vendor\laravel\framework\src\Illuminate\Foundation\Testing\RefreshDatabase.php:93
C:\projetos\sistema\backend\vendor\laravel\framework\src\Illuminate\Foundation\Testing\RefreshDatabase.php:25
C:\projetos\sistema\backend\vendor\laravel\framework\src\Illuminate\Foundation\Testing\Concerns\InteractsWithTestCaseLifecycle.php:217
C:\projetos\sistema\backend\vendor\laravel\framework\src\Illuminate\Foundation\Testing\Concerns\InteractsWithTestCaseLifecycle.php:101
C:\projetos\sistema\backend\vendor\laravel\framework\src\Illuminate\Foundation\Testing\TestCase.php:63
C:\projetos\sistema\backend\tests\Feature\TechnicianCentralTest.php:24</error>
        </testcase>
        <testcase name="test_central_summary" file="C:\projetos\sistema\backend\tests\Feature\TechnicianCentralTest.php" line="87" class="Tests\Feature\TechnicianCentralTest" classname="Tests.Feature.TechnicianCentralTest" assertions="0" time="0.000000">
          <error type="PDOException">Tests\Feature\TechnicianCentralTest::test_central_summary&#13;
PDOException: There is already an active transaction
&#13;
C:\projetos\sistema\backend\vendor\laravel\framework\src\Illuminate\Database\SQLiteConnection.php:38
C:\projetos\sistema\backend\vendor\laravel\framework\src\Illuminate\Database\Concerns\ManagesTransactions.php:154
C:\projetos\sistema\backend\vendor\laravel\framework\src\Illuminate\Database\Concerns\ManagesTransactions.php:130
C:\projetos\sistema\backend\vendor\laravel\framework\src\Illuminate\Foundation\Testing\RefreshDatabase.php:147
C:\projetos\sistema\backend\vendor\laravel\framework\src\Illuminate\Foundation\Testing\RefreshDatabase.php:93
C:\projetos\sistema\backend\vendor\laravel\framework\src\Illuminate\Foundation\Testing\RefreshDatabase.php:25
C:\projetos\sistema\backend\vendor\laravel\framework\src\Illuminate\Foundation\Testing\Concerns\InteractsWithTestCaseLifecycle.php:217
C:\projetos\sistema\backend\vendor\laravel\framework\src\Illuminate\Foundation\Testing\Concerns\InteractsWithTestCaseLifecycle.php:101
C:\projetos\sistema\backend\vendor\laravel\framework\src\Illuminate\Foundation\Testing\TestCase.php:63
C:\projetos\sistema\backend\tests\Feature\TechnicianCentralTest.php:24</error>
        </testcase>
        <testcase name="test_central_constants" file="C:\projetos\sistema\backend\tests\Feature\TechnicianCentralTest.php" line="93" class="Tests\Feature\TechnicianCentralTest" classname="Tests.Feature.TechnicianCentralTest" assertions="0" time="0.000000">
          <error type="PDOException">Tests\Feature\TechnicianCentralTest::test_central_constants&#13;
PDOException: There is already an active transaction
&#13;
C:\projetos\sistema\backend\vendor\laravel\framework\src\Illuminate\Database\SQLiteConnection.php:38
C:\projetos\sistema\backend\vendor\laravel\framework\src\Illuminate\Database\Concerns\ManagesTransactions.php:154
C:\projetos\sistema\backend\vendor\laravel\framework\src\Illuminate\Database\Concerns\ManagesTransactions.php:130
C:\projetos\sistema\backend\vendor\laravel\framework\src\Illuminate\Foundation\Testing\RefreshDatabase.php:147
C:\projetos\sistema\backend\vendor\laravel\framework\src\Illuminate\Foundation\Testing\RefreshDatabase.php:93
C:\projetos\sistema\backend\vendor\laravel\framework\src\Illuminate\Foundation\Testing\RefreshDatabase.php:25
C:\projetos\sistema\backend\vendor\laravel\framework\src\Illuminate\Foundation\Testing\Concerns\InteractsWithTestCaseLifecycle.php:217
C:\projetos\sistema\backend\vendor\laravel\framework\src\Illuminate\Foundation\Testing\Concerns\InteractsWithTestCaseLifecycle.php:101
C:\projetos\sistema\backend\vendor\laravel\framework\src\Illuminate\Foundation\Testing\TestCase.php:63
C:\projetos\sistema\backend\tests\Feature\TechnicianCentralTest.php:24</error>
        </testcase>
        <testcase name="test_central_items_index" file="C:\projetos\sistema\backend\tests\Feature\TechnicianCentralTest.php" line="99" class="Tests\Feature\TechnicianCentralTest" classname="Tests.Feature.TechnicianCentralTest" assertions="0" time="0.000000">
          <error type="PDOException">Tests\Feature\TechnicianCentralTest::test_central_items_index&#13;
PDOException: There is already an active transaction
&#13;
C:\projetos\sistema\backend\vendor\laravel\framework\src\Illuminate\Database\SQLiteConnection.php:38
C:\projetos\sistema\backend\vendor\laravel\framework\src\Illuminate\Database\Concerns\ManagesTransactions.php:154
C:\projetos\sistema\backend\vendor\laravel\framework\src\Illuminate\Database\Concerns\ManagesTransactions.php:130
C:\projetos\sistema\backend\vendor\laravel\framework\src\Illuminate\Foundation\Testing\RefreshDatabase.php:147
C:\projetos\sistema\backend\vendor\laravel\framework\src\Illuminate\Foundation\Testing\RefreshDatabase.php:93
C:\projetos\sistema\backend\vendor\laravel\framework\src\Illuminate\Foundation\Testing\RefreshDatabase.php:25
C:\projetos\sistema\backend\vendor\laravel\framework\src\Illuminate\Foundation\Testing\Concerns\InteractsWithTestCaseLifecycle.php:217
C:\projetos\sistema\backend\vendor\laravel\framework\src\Illuminate\Foundation\Testing\Concerns\InteractsWithTestCaseLifecycle.php:101
C:\projetos\sistema\backend\vendor\laravel\framework\src\Illuminate\Foundation\Testing\TestCase.php:63
C:\projetos\sistema\backend\tests\Feature\TechnicianCentralTest.php:24</error>
        </testcase>
        <testcase name="test_central_create_task" file="C:\projetos\sistema\backend\tests\Feature\TechnicianCentralTest.php" line="105" class="Tests\Feature\TechnicianCentralTest" classname="Tests.Feature.TechnicianCentralTest" assertions="0" time="0.000000">
          <error type="PDOException">Tests\Feature\TechnicianCentralTest::test_central_create_task&#13;
PDOException: There is already an active transaction
&#13;
C:\projetos\sistema\backend\vendor\laravel\framework\src\Illuminate\Database\SQLiteConnection.php:38
C:\projetos\sistema\backend\vendor\laravel\framework\src\Illuminate\Database\Concerns\ManagesTransactions.php:154
C:\projetos\sistema\backend\vendor\laravel\framework\src\Illuminate\Database\Concerns\ManagesTransactions.php:130
C:\projetos\sistema\backend\vendor\laravel\framework\src\Illuminate\Foundation\Testing\RefreshDatabase.php:147
C:\projetos\sistema\backend\vendor\laravel\framework\src\Illuminate\Foundation\Testing\RefreshDatabase.php:93
C:\projetos\sistema\backend\vendor\laravel\framework\src\Illuminate\Foundation\Testing\RefreshDatabase.php:25
C:\projetos\sistema\backend\vendor\laravel\framework\src\Illuminate\Foundation\Testing\Concerns\InteractsWithTestCaseLifecycle.php:217
C:\projetos\sistema\backend\vendor\laravel\framework\src\Illuminate\Foundation\Testing\Concerns\InteractsWithTestCaseLifecycle.php:101
C:\projetos\sistema\backend\vendor\laravel\framework\src\Illuminate\Foundation\Testing\TestCase.php:63
C:\projetos\sistema\backend\tests\Feature\TechnicianCentralTest.php:24</error>
        </testcase>
        <testcase name="test_notifications_index" file="C:\projetos\sistema\backend\tests\Feature\TechnicianCentralTest.php" line="118" class="Tests\Feature\TechnicianCentralTest" classname="Tests.Feature.TechnicianCentralTest" assertions="0" time="0.000000">
          <error type="PDOException">Tests\Feature\TechnicianCentralTest::test_notifications_index&#13;
PDOException: There is already an active transaction
&#13;
C:\projetos\sistema\backend\vendor\laravel\framework\src\Illuminate\Database\SQLiteConnection.php:38
C:\projetos\sistema\backend\vendor\laravel\framework\src\Illuminate\Database\Concerns\ManagesTransactions.php:154
C:\projetos\sistema\backend\vendor\laravel\framework\src\Illuminate\Database\Concerns\ManagesTransactions.php:130
C:\projetos\sistema\backend\vendor\laravel\framework\src\Illuminate\Foundation\Testing\RefreshDatabase.php:147
C:\projetos\sistema\backend\vendor\laravel\framework\src\Illuminate\Foundation\Testing\RefreshDatabase.php:93
C:\projetos\sistema\backend\vendor\laravel\framework\src\Illuminate\Foundation\Testing\RefreshDatabase.php:25
C:\projetos\sistema\backend\vendor\laravel\framework\src\Illuminate\Foundation\Testing\Concerns\InteractsWithTestCaseLifecycle.php:217
C:\projetos\sistema\backend\vendor\laravel\framework\src\Illuminate\Foundation\Testing\Concerns\InteractsWithTestCaseLifecycle.php:101
C:\projetos\sistema\backend\vendor\laravel\framework\src\Illuminate\Foundation\Testing\TestCase.php:63
C:\projetos\sistema\backend\tests\Feature\TechnicianCentralTest.php:24</error>
        </testcase>
        <testcase name="test_notifications_unread_count" file="C:\projetos\sistema\backend\tests\Feature\TechnicianCentralTest.php" line="124" class="Tests\Feature\TechnicianCentralTest" classname="Tests.Feature.TechnicianCentralTest" assertions="0" time="0.000000">
          <error type="PDOException">Tests\Feature\TechnicianCentralTest::test_notifications_unread_count&#13;
PDOException: There is already an active transaction
&#13;
C:\projetos\sistema\backend\vendor\laravel\framework\src\Illuminate\Database\SQLiteConnection.php:38
C:\projetos\sistema\backend\vendor\laravel\framework\src\Illuminate\Database\Concerns\ManagesTransactions.php:154
C:\projetos\sistema\backend\vendor\laravel\framework\src\Illuminate\Database\Concerns\ManagesTransactions.php:130
C:\projetos\sistema\backend\vendor\laravel\framework\src\Illuminate\Foundation\Testing\RefreshDatabase.php:147
C:\projetos\sistema\backend\vendor\laravel\framework\src\Illuminate\Foundation\Testing\RefreshDatabase.php:93
C:\projetos\sistema\backend\vendor\laravel\framework\src\Illuminate\Foundation\Testing\RefreshDatabase.php:25
C:\projetos\sistema\backend\vendor\laravel\framework\src\Illuminate\Foundation\Testing\Concerns\InteractsWithTestCaseLifecycle.php:217
C:\projetos\sistema\backend\vendor\laravel\framework\src\Illuminate\Foundation\Testing\Concerns\InteractsWithTestCaseLifecycle.php:101
C:\projetos\sistema\backend\vendor\laravel\framework\src\Illuminate\Foundation\Testing\TestCase.php:63
C:\projetos\sistema\backend\tests\Feature\TechnicianCentralTest.php:24</error>
        </testcase>
        <testcase name="test_mark_all_notifications_read" file="C:\projetos\sistema\backend\tests\Feature\TechnicianCentralTest.php" line="130" class="Tests\Feature\TechnicianCentralTest" classname="Tests.Feature.TechnicianCentralTest" assertions="0" time="0.000000">
          <error type="PDOException">Tests\Feature\TechnicianCentralTest::test_mark_all_notifications_read&#13;
PDOException: There is already an active transaction
&#13;
C:\projetos\sistema\backend\vendor\laravel\framework\src\Illuminate\Database\SQLiteConnection.php:38
C:\projetos\sistema\backend\vendor\laravel\framework\src\Illuminate\Database\Concerns\ManagesTransactions.php:154
C:\projetos\sistema\backend\vendor\laravel\framework\src\Illuminate\Database\Concerns\ManagesTransactions.php:130
C:\projetos\sistema\backend\vendor\laravel\framework\src\Illuminate\Foundation\Testing\RefreshDatabase.php:147
C:\projetos\sistema\backend\vendor\laravel\framework\src\Illuminate\Foundation\Testing\RefreshDatabase.php:93
C:\projetos\sistema\backend\vendor\laravel\framework\src\Illuminate\Foundation\Testing\RefreshDatabase.php:25
C:\projetos\sistema\backend\vendor\laravel\framework\src\Illuminate\Foundation\Testing\Concerns\InteractsWithTestCaseLifecycle.php:217
C:\projetos\sistema\backend\vendor\laravel\framework\src\Illuminate\Foundation\Testing\Concerns\InteractsWithTestCaseLifecycle.php:101
C:\projetos\sistema\backend\vendor\laravel\framework\src\Illuminate\Foundation\Testing\TestCase.php:63
C:\projetos\sistema\backend\tests\Feature\TechnicianCentralTest.php:24</error>
        </testcase>
        <testcase name="test_schedule_conflicts" file="C:\projetos\sistema\backend\tests\Feature\TechnicianCentralTest.php" line="138" class="Tests\Feature\TechnicianCentralTest" classname="Tests.Feature.TechnicianCentralTest" assertions="0" time="0.000000">
          <error type="PDOException">Tests\Feature\TechnicianCentralTest::test_schedule_conflicts&#13;
PDOException: There is already an active transaction
&#13;
C:\projetos\sistema\backend\vendor\laravel\framework\src\Illuminate\Database\SQLiteConnection.php:38
C:\projetos\sistema\backend\vendor\laravel\framework\src\Illuminate\Database\Concerns\ManagesTransactions.php:154
C:\projetos\sistema\backend\vendor\laravel\framework\src\Illuminate\Database\Concerns\ManagesTransactions.php:130
C:\projetos\sistema\backend\vendor\laravel\framework\src\Illuminate\Foundation\Testing\RefreshDatabase.php:147
C:\projetos\sistema\backend\vendor\laravel\framework\src\Illuminate\Foundation\Testing\RefreshDatabase.php:93
C:\projetos\sistema\backend\vendor\laravel\framework\src\Illuminate\Foundation\Testing\RefreshDatabase.php:25
C:\projetos\sistema\backend\vendor\laravel\framework\src\Illuminate\Foundation\Testing\Concerns\InteractsWithTestCaseLifecycle.php:217
C:\projetos\sistema\backend\vendor\laravel\framework\src\Illuminate\Foundation\Testing\Concerns\InteractsWithTestCaseLifecycle.php:101
C:\projetos\sistema\backend\vendor\laravel\framework\src\Illuminate\Foundation\Testing\TestCase.php:63
C:\projetos\sistema\backend\tests\Feature\TechnicianCentralTest.php:24</error>
        </testcase>
        <testcase name="test_schedule_workload" file="C:\projetos\sistema\backend\tests\Feature\TechnicianCentralTest.php" line="144" class="Tests\Feature\TechnicianCentralTest" classname="Tests.Feature.TechnicianCentralTest" assertions="0" time="0.000000">
          <error type="PDOException">Tests\Feature\TechnicianCentralTest::test_schedule_workload&#13;
PDOException: There is already an active transaction
&#13;
C:\projetos\sistema\backend\vendor\laravel\framework\src\Illuminate\Database\SQLiteConnection.php:38
C:\projetos\sistema\backend\vendor\laravel\framework\src\Illuminate\Database\Concerns\ManagesTransactions.php:154
C:\projetos\sistema\backend\vendor\laravel\framework\src\Illuminate\Database\Concerns\ManagesTransactions.php:130
C:\projetos\sistema\backend\vendor\laravel\framework\src\Illuminate\Foundation\Testing\RefreshDatabase.php:147
C:\projetos\sistema\backend\vendor\laravel\framework\src\Illuminate\Foundation\Testing\RefreshDatabase.php:93
C:\projetos\sistema\backend\vendor\laravel\framework\src\Illuminate\Foundation\Testing\RefreshDatabase.php:25
C:\projetos\sistema\backend\vendor\laravel\framework\src\Illuminate\Foundation\Testing\Concerns\InteractsWithTestCaseLifecycle.php:217
C:\projetos\sistema\backend\vendor\laravel\framework\src\Illuminate\Foundation\Testing\Concerns\InteractsWithTestCaseLifecycle.php:101
C:\projetos\sistema\backend\vendor\laravel\framework\src\Illuminate\Foundation\Testing\TestCase.php:63
C:\projetos\sistema\backend\tests\Feature\TechnicianCentralTest.php:24</error>
        </testcase>
        <testcase name="test_sla_dashboard_overview" file="C:\projetos\sistema\backend\tests\Feature\TechnicianCentralTest.php" line="152" class="Tests\Feature\TechnicianCentralTest" classname="Tests.Feature.TechnicianCentralTest" assertions="0" time="0.000000">
          <error type="PDOException">Tests\Feature\TechnicianCentralTest::test_sla_dashboard_overview&#13;
PDOException: There is already an active transaction
&#13;
C:\projetos\sistema\backend\vendor\laravel\framework\src\Illuminate\Database\SQLiteConnection.php:38
C:\projetos\sistema\backend\vendor\laravel\framework\src\Illuminate\Database\Concerns\ManagesTransactions.php:154
C:\projetos\sistema\backend\vendor\laravel\framework\src\Illuminate\Database\Concerns\ManagesTransactions.php:130
C:\projetos\sistema\backend\vendor\laravel\framework\src\Illuminate\Foundation\Testing\RefreshDatabase.php:147
C:\projetos\sistema\backend\vendor\laravel\framework\src\Illuminate\Foundation\Testing\RefreshDatabase.php:93
C:\projetos\sistema\backend\vendor\laravel\framework\src\Illuminate\Foundation\Testing\RefreshDatabase.php:25
C:\projetos\sistema\backend\vendor\laravel\framework\src\Illuminate\Foundation\Testing\Concerns\InteractsWithTestCaseLifecycle.php:217
C:\projetos\sistema\backend\vendor\laravel\framework\src\Illuminate\Foundation\Testing\Concerns\InteractsWithTestCaseLifecycle.php:101
C:\projetos\sistema\backend\vendor\laravel\framework\src\Illuminate\Foundation\Testing\TestCase.php:63
C:\projetos\sistema\backend\tests\Feature\TechnicianCentralTest.php:24</error>
        </testcase>
        <testcase name="test_sla_breached_orders" file="C:\projetos\sistema\backend\tests\Feature\TechnicianCentralTest.php" line="158" class="Tests\Feature\TechnicianCentralTest" classname="Tests.Feature.TechnicianCentralTest" assertions="0" time="0.000000">
          <error type="PDOException">Tests\Feature\TechnicianCentralTest::test_sla_breached_orders&#13;
PDOException: There is already an active transaction
&#13;
C:\projetos\sistema\backend\vendor\laravel\framework\src\Illuminate\Database\SQLiteConnection.php:38
C:\projetos\sistema\backend\vendor\laravel\framework\src\Illuminate\Database\Concerns\ManagesTransactions.php:154
C:\projetos\sistema\backend\vendor\laravel\framework\src\Illuminate\Database\Concerns\ManagesTransactions.php:130
C:\projetos\sistema\backend\vendor\laravel\framework\src\Illuminate\Foundation\Testing\RefreshDatabase.php:147
C:\projetos\sistema\backend\vendor\laravel\framework\src\Illuminate\Foundation\Testing\RefreshDatabase.php:93
C:\projetos\sistema\backend\vendor\laravel\framework\src\Illuminate\Foundation\Testing\RefreshDatabase.php:25
C:\projetos\sistema\backend\vendor\laravel\framework\src\Illuminate\Foundation\Testing\Concerns\InteractsWithTestCaseLifecycle.php:217
C:\projetos\sistema\backend\vendor\laravel\framework\src\Illuminate\Foundation\Testing\Concerns\InteractsWithTestCaseLifecycle.php:101
C:\projetos\sistema\backend\vendor\laravel\framework\src\Illuminate\Foundation\Testing\TestCase.php:63
C:\projetos\sistema\backend\tests\Feature\TechnicianCentralTest.php:24</error>
        </testcase>
        <testcase name="test_external_states_returns_list" file="C:\projetos\sistema\backend\tests\Feature\TechnicianCentralTest.php" line="166" class="Tests\Feature\TechnicianCentralTest" classname="Tests.Feature.TechnicianCentralTest" assertions="0" time="0.000000">
          <error type="PDOException">Tests\Feature\TechnicianCentralTest::test_external_states_returns_list&#13;
PDOException: There is already an active transaction
&#13;
C:\projetos\sistema\backend\vendor\laravel\framework\src\Illuminate\Database\SQLiteConnection.php:38
C:\projetos\sistema\backend\vendor\laravel\framework\src\Illuminate\Database\Concerns\ManagesTransactions.php:154
C:\projetos\sistema\backend\vendor\laravel\framework\src\Illuminate\Database\Concerns\ManagesTransactions.php:130
C:\projetos\sistema\backend\vendor\laravel\framework\src\Illuminate\Foundation\Testing\RefreshDatabase.php:147
C:\projetos\sistema\backend\vendor\laravel\framework\src\Illuminate\Foundation\Testing\RefreshDatabase.php:93
C:\projetos\sistema\backend\vendor\laravel\framework\src\Illuminate\Foundation\Testing\RefreshDatabase.php:25
C:\projetos\sistema\backend\vendor\laravel\framework\src\Illuminate\Foundation\Testing\Concerns\InteractsWithTestCaseLifecycle.php:217
C:\projetos\sistema\backend\vendor\laravel\framework\src\Illuminate\Foundation\Testing\Concerns\InteractsWithTestCaseLifecycle.php:101
C:\projetos\sistema\backend\vendor\laravel\framework\src\Illuminate\Foundation\Testing\TestCase.php:63
C:\projetos\sistema\backend\tests\Feature\TechnicianCentralTest.php:24</error>
        </testcase>
      </testsuite>
      <testsuite name="Tests\Feature\TechnicianScheduleTimeEntryTest" file="C:\projetos\sistema\backend\tests\Feature\TechnicianScheduleTimeEntryTest.php" tests="10" assertions="0" errors="10" failures="0" skipped="0" time="0.000000">
        <testcase name="test_schedule_store_rejects_foreign_tenant_relations" file="C:\projetos\sistema\backend\tests\Feature\TechnicianScheduleTimeEntryTest.php" line="47" class="Tests\Feature\TechnicianScheduleTimeEntryTest" classname="Tests.Feature.TechnicianScheduleTimeEntryTest" assertions="0" time="0.000000">
          <error type="PDOException">Tests\Feature\TechnicianScheduleTimeEntryTest::test_schedule_store_rejects_foreign_tenant_relations&#13;
PDOException: There is already an active transaction
&#13;
C:\projetos\sistema\backend\vendor\laravel\framework\src\Illuminate\Database\SQLiteConnection.php:38
C:\projetos\sistema\backend\vendor\laravel\framework\src\Illuminate\Database\Concerns\ManagesTransactions.php:154
C:\projetos\sistema\backend\vendor\laravel\framework\src\Illuminate\Database\Concerns\ManagesTransactions.php:130
C:\projetos\sistema\backend\vendor\laravel\framework\src\Illuminate\Foundation\Testing\RefreshDatabase.php:147
C:\projetos\sistema\backend\vendor\laravel\framework\src\Illuminate\Foundation\Testing\RefreshDatabase.php:93
C:\projetos\sistema\backend\vendor\laravel\framework\src\Illuminate\Foundation\Testing\RefreshDatabase.php:25
C:\projetos\sistema\backend\vendor\laravel\framework\src\Illuminate\Foundation\Testing\Concerns\InteractsWithTestCaseLifecycle.php:217
C:\projetos\sistema\backend\vendor\laravel\framework\src\Illuminate\Foundation\Testing\Concerns\InteractsWithTestCaseLifecycle.php:101
C:\projetos\sistema\backend\vendor\laravel\framework\src\Illuminate\Foundation\Testing\TestCase.php:63
C:\projetos\sistema\backend\tests\Feature\TechnicianScheduleTimeEntryTest.php:26</error>
        </testcase>
        <testcase name="test_time_entry_store_rejects_foreign_tenant_relations" file="C:\projetos\sistema\backend\tests\Feature\TechnicianScheduleTimeEntryTest.php" line="74" class="Tests\Feature\TechnicianScheduleTimeEntryTest" classname="Tests.Feature.TechnicianScheduleTimeEntryTest" assertions="0" time="0.000000">
          <error type="PDOException">Tests\Feature\TechnicianScheduleTimeEntryTest::test_time_entry_store_rejects_foreign_tenant_relations&#13;
PDOException: There is already an active transaction
&#13;
C:\projetos\sistema\backend\vendor\laravel\framework\src\Illuminate\Database\SQLiteConnection.php:38
C:\projetos\sistema\backend\vendor\laravel\framework\src\Illuminate\Database\Concerns\ManagesTransactions.php:154
C:\projetos\sistema\backend\vendor\laravel\framework\src\Illuminate\Database\Concerns\ManagesTransactions.php:130
C:\projetos\sistema\backend\vendor\laravel\framework\src\Illuminate\Foundation\Testing\RefreshDatabase.php:147
C:\projetos\sistema\backend\vendor\laravel\framework\src\Illuminate\Foundation\Testing\RefreshDatabase.php:93
C:\projetos\sistema\backend\vendor\laravel\framework\src\Illuminate\Foundation\Testing\RefreshDatabase.php:25
C:\projetos\sistema\backend\vendor\laravel\framework\src\Illuminate\Foundation\Testing\Concerns\InteractsWithTestCaseLifecycle.php:217
C:\projetos\sistema\backend\vendor\laravel\framework\src\Illuminate\Foundation\Testing\Concerns\InteractsWithTestCaseLifecycle.php:101
C:\projetos\sistema\backend\vendor\laravel\framework\src\Illuminate\Foundation\Testing\TestCase.php:63
C:\projetos\sistema\backend\tests\Feature\TechnicianScheduleTimeEntryTest.php:26</error>
        </testcase>
        <testcase name="test_schedule_store_rejects_technician_without_tenant_membership" file="C:\projetos\sistema\backend\tests\Feature\TechnicianScheduleTimeEntryTest.php" line="111" class="Tests\Feature\TechnicianScheduleTimeEntryTest" classname="Tests.Feature.TechnicianScheduleTimeEntryTest" assertions="0" time="0.000000">
          <error type="PDOException">Tests\Feature\TechnicianScheduleTimeEntryTest::test_schedule_store_rejects_technician_without_tenant_membership&#13;
PDOException: There is already an active transaction
&#13;
C:\projetos\sistema\backend\vendor\laravel\framework\src\Illuminate\Database\SQLiteConnection.php:38
C:\projetos\sistema\backend\vendor\laravel\framework\src\Illuminate\Database\Concerns\ManagesTransactions.php:154
C:\projetos\sistema\backend\vendor\laravel\framework\src\Illuminate\Database\Concerns\ManagesTransactions.php:130
C:\projetos\sistema\backend\vendor\laravel\framework\src\Illuminate\Foundation\Testing\RefreshDatabase.php:147
C:\projetos\sistema\backend\vendor\laravel\framework\src\Illuminate\Foundation\Testing\RefreshDatabase.php:93
C:\projetos\sistema\backend\vendor\laravel\framework\src\Illuminate\Foundation\Testing\RefreshDatabase.php:25
C:\projetos\sistema\backend\vendor\laravel\framework\src\Illuminate\Foundation\Testing\Concerns\InteractsWithTestCaseLifecycle.php:217
C:\projetos\sistema\backend\vendor\laravel\framework\src\Illuminate\Foundation\Testing\Concerns\InteractsWithTestCaseLifecycle.php:101
C:\projetos\sistema\backend\vendor\laravel\framework\src\Illuminate\Foundation\Testing\TestCase.php:63
C:\projetos\sistema\backend\tests\Feature\TechnicianScheduleTimeEntryTest.php:26</error>
        </testcase>
        <testcase name="test_time_entry_store_rejects_technician_without_tenant_membership" file="C:\projetos\sistema\backend\tests\Feature\TechnicianScheduleTimeEntryTest.php" line="131" class="Tests\Feature\TechnicianScheduleTimeEntryTest" classname="Tests.Feature.TechnicianScheduleTimeEntryTest" assertions="0" time="0.000000">
          <error type="PDOException">Tests\Feature\TechnicianScheduleTimeEntryTest::test_time_entry_store_rejects_technician_without_tenant_membership&#13;
PDOException: There is already an active transaction
&#13;
C:\projetos\sistema\backend\vendor\laravel\framework\src\Illuminate\Database\SQLiteConnection.php:38
C:\projetos\sistema\backend\vendor\laravel\framework\src\Illuminate\Database\Concerns\ManagesTransactions.php:154
C:\projetos\sistema\backend\vendor\laravel\framework\src\Illuminate\Database\Concerns\ManagesTransactions.php:130
C:\projetos\sistema\backend\vendor\laravel\framework\src\Illuminate\Foundation\Testing\RefreshDatabase.php:147
C:\projetos\sistema\backend\vendor\laravel\framework\src\Illuminate\Foundation\Testing\RefreshDatabase.php:93
C:\projetos\sistema\backend\vendor\laravel\framework\src\Illuminate\Foundation\Testing\RefreshDatabase.php:25
C:\projetos\sistema\backend\vendor\laravel\framework\src\Illuminate\Foundation\Testing\Concerns\InteractsWithTestCaseLifecycle.php:217
C:\projetos\sistema\backend\vendor\laravel\framework\src\Illuminate\Foundation\Testing\Concerns\InteractsWithTestCaseLifecycle.php:101
C:\projetos\sistema\backend\vendor\laravel\framework\src\Illuminate\Foundation\Testing\TestCase.php:63
C:\projetos\sistema\backend\tests\Feature\TechnicianScheduleTimeEntryTest.php:26</error>
        </testcase>
        <testcase name="test_schedule_store_accepts_technician_linked_by_tenant_membership" file="C:\projetos\sistema\backend\tests\Feature\TechnicianScheduleTimeEntryTest.php" line="157" class="Tests\Feature\TechnicianScheduleTimeEntryTest" classname="Tests.Feature.TechnicianScheduleTimeEntryTest" assertions="0" time="0.000000">
          <error type="PDOException">Tests\Feature\TechnicianScheduleTimeEntryTest::test_schedule_store_accepts_technician_linked_by_tenant_membership&#13;
PDOException: There is already an active transaction
&#13;
C:\projetos\sistema\backend\vendor\laravel\framework\src\Illuminate\Database\SQLiteConnection.php:38
C:\projetos\sistema\backend\vendor\laravel\framework\src\Illuminate\Database\Concerns\ManagesTransactions.php:154
C:\projetos\sistema\backend\vendor\laravel\framework\src\Illuminate\Database\Concerns\ManagesTransactions.php:130
C:\projetos\sistema\backend\vendor\laravel\framework\src\Illuminate\Foundation\Testing\RefreshDatabase.php:147
C:\projetos\sistema\backend\vendor\laravel\framework\src\Illuminate\Foundation\Testing\RefreshDatabase.php:93
C:\projetos\sistema\backend\vendor\laravel\framework\src\Illuminate\Foundation\Testing\RefreshDatabase.php:25
C:\projetos\sistema\backend\vendor\laravel\framework\src\Illuminate\Foundation\Testing\Concerns\InteractsWithTestCaseLifecycle.php:217
C:\projetos\sistema\backend\vendor\laravel\framework\src\Illuminate\Foundation\Testing\Concerns\InteractsWithTestCaseLifecycle.php:101
C:\projetos\sistema\backend\vendor\laravel\framework\src\Illuminate\Foundation\Testing\TestCase.php:63
C:\projetos\sistema\backend\tests\Feature\TechnicianScheduleTimeEntryTest.php:26</error>
        </testcase>
        <testcase name="test_time_entry_store_accepts_technician_linked_by_tenant_membership" file="C:\projetos\sistema\backend\tests\Feature\TechnicianScheduleTimeEntryTest.php" line="179" class="Tests\Feature\TechnicianScheduleTimeEntryTest" classname="Tests.Feature.TechnicianScheduleTimeEntryTest" assertions="0" time="0.000000">
          <error type="PDOException">Tests\Feature\TechnicianScheduleTimeEntryTest::test_time_entry_store_accepts_technician_linked_by_tenant_membership&#13;
PDOException: There is already an active transaction
&#13;
C:\projetos\sistema\backend\vendor\laravel\framework\src\Illuminate\Database\SQLiteConnection.php:38
C:\projetos\sistema\backend\vendor\laravel\framework\src\Illuminate\Database\Concerns\ManagesTransactions.php:154
C:\projetos\sistema\backend\vendor\laravel\framework\src\Illuminate\Database\Concerns\ManagesTransactions.php:130
C:\projetos\sistema\backend\vendor\laravel\framework\src\Illuminate\Foundation\Testing\RefreshDatabase.php:147
C:\projetos\sistema\backend\vendor\laravel\framework\src\Illuminate\Foundation\Testing\RefreshDatabase.php:93
C:\projetos\sistema\backend\vendor\laravel\framework\src\Illuminate\Foundation\Testing\RefreshDatabase.php:25
C:\projetos\sistema\backend\vendor\laravel\framework\src\Illuminate\Foundation\Testing\Concerns\InteractsWithTestCaseLifecycle.php:217
C:\projetos\sistema\backend\vendor\laravel\framework\src\Illuminate\Foundation\Testing\Concerns\InteractsWithTestCaseLifecycle.php:101
C:\projetos\sistema\backend\vendor\laravel\framework\src\Illuminate\Foundation\Testing\TestCase.php:63
C:\projetos\sistema\backend\tests\Feature\TechnicianScheduleTimeEntryTest.php:26</error>
        </testcase>
        <testcase name="test_schedule_store_accepts_explicit_status" file="C:\projetos\sistema\backend\tests\Feature\TechnicianScheduleTimeEntryTest.php" line="207" class="Tests\Feature\TechnicianScheduleTimeEntryTest" classname="Tests.Feature.TechnicianScheduleTimeEntryTest" assertions="0" time="0.000000">
          <error type="PDOException">Tests\Feature\TechnicianScheduleTimeEntryTest::test_schedule_store_accepts_explicit_status&#13;
PDOException: There is already an active transaction
&#13;
C:\projetos\sistema\backend\vendor\laravel\framework\src\Illuminate\Database\SQLiteConnection.php:38
C:\projetos\sistema\backend\vendor\laravel\framework\src\Illuminate\Database\Concerns\ManagesTransactions.php:154
C:\projetos\sistema\backend\vendor\laravel\framework\src\Illuminate\Database\Concerns\ManagesTransactions.php:130
C:\projetos\sistema\backend\vendor\laravel\framework\src\Illuminate\Foundation\Testing\RefreshDatabase.php:147
C:\projetos\sistema\backend\vendor\laravel\framework\src\Illuminate\Foundation\Testing\RefreshDatabase.php:93
C:\projetos\sistema\backend\vendor\laravel\framework\src\Illuminate\Foundation\Testing\RefreshDatabase.php:25
C:\projetos\sistema\backend\vendor\laravel\framework\src\Illuminate\Foundation\Testing\Concerns\InteractsWithTestCaseLifecycle.php:217
C:\projetos\sistema\backend\vendor\laravel\framework\src\Illuminate\Foundation\Testing\Concerns\InteractsWithTestCaseLifecycle.php:101
C:\projetos\sistema\backend\vendor\laravel\framework\src\Illuminate\Foundation\Testing\TestCase.php:63
C:\projetos\sistema\backend\tests\Feature\TechnicianScheduleTimeEntryTest.php:26</error>
        </testcase>
        <testcase name="test_time_entry_start_blocks_parallel_running_entries" file="C:\projetos\sistema\backend\tests\Feature\TechnicianScheduleTimeEntryTest.php" line="229" class="Tests\Feature\TechnicianScheduleTimeEntryTest" classname="Tests.Feature.TechnicianScheduleTimeEntryTest" assertions="0" time="0.000000">
          <error type="PDOException">Tests\Feature\TechnicianScheduleTimeEntryTest::test_time_entry_start_blocks_parallel_running_entries&#13;
PDOException: There is already an active transaction
&#13;
C:\projetos\sistema\backend\vendor\laravel\framework\src\Illuminate\Database\SQLiteConnection.php:38
C:\projetos\sistema\backend\vendor\laravel\framework\src\Illuminate\Database\Concerns\ManagesTransactions.php:154
C:\projetos\sistema\backend\vendor\laravel\framework\src\Illuminate\Database\Concerns\ManagesTransactions.php:130
C:\projetos\sistema\backend\vendor\laravel\framework\src\Illuminate\Foundation\Testing\RefreshDatabase.php:147
C:\projetos\sistema\backend\vendor\laravel\framework\src\Illuminate\Foundation\Testing\RefreshDatabase.php:93
C:\projetos\sistema\backend\vendor\laravel\framework\src\Illuminate\Foundation\Testing\RefreshDatabase.php:25
C:\projetos\sistema\backend\vendor\laravel\framework\src\Illuminate\Foundation\Testing\Concerns\InteractsWithTestCaseLifecycle.php:217
C:\projetos\sistema\backend\vendor\laravel\framework\src\Illuminate\Foundation\Testing\Concerns\InteractsWithTestCaseLifecycle.php:101
C:\projetos\sistema\backend\vendor\laravel\framework\src\Illuminate\Foundation\Testing\TestCase.php:63
C:\projetos\sistema\backend\tests\Feature\TechnicianScheduleTimeEntryTest.php:26</error>
        </testcase>
        <testcase name="test_time_entry_store_blocks_open_entry_when_running_exists" file="C:\projetos\sistema\backend\tests\Feature\TechnicianScheduleTimeEntryTest.php" line="255" class="Tests\Feature\TechnicianScheduleTimeEntryTest" classname="Tests.Feature.TechnicianScheduleTimeEntryTest" assertions="0" time="0.000000">
          <error type="PDOException">Tests\Feature\TechnicianScheduleTimeEntryTest::test_time_entry_store_blocks_open_entry_when_running_exists&#13;
PDOException: There is already an active transaction
&#13;
C:\projetos\sistema\backend\vendor\laravel\framework\src\Illuminate\Database\SQLiteConnection.php:38
C:\projetos\sistema\backend\vendor\laravel\framework\src\Illuminate\Database\Concerns\ManagesTransactions.php:154
C:\projetos\sistema\backend\vendor\laravel\framework\src\Illuminate\Database\Concerns\ManagesTransactions.php:130
C:\projetos\sistema\backend\vendor\laravel\framework\src\Illuminate\Foundation\Testing\RefreshDatabase.php:147
C:\projetos\sistema\backend\vendor\laravel\framework\src\Illuminate\Foundation\Testing\RefreshDatabase.php:93
C:\projetos\sistema\backend\vendor\laravel\framework\src\Illuminate\Foundation\Testing\RefreshDatabase.php:25
C:\projetos\sistema\backend\vendor\laravel\framework\src\Illuminate\Foundation\Testing\Concerns\InteractsWithTestCaseLifecycle.php:217
C:\projetos\sistema\backend\vendor\laravel\framework\src\Illuminate\Foundation\Testing\Concerns\InteractsWithTestCaseLifecycle.php:101
C:\projetos\sistema\backend\vendor\laravel\framework\src\Illuminate\Foundation\Testing\TestCase.php:63
C:\projetos\sistema\backend\tests\Feature\TechnicianScheduleTimeEntryTest.php:26</error>
        </testcase>
        <testcase name="test_time_entry_stop_allows_super_admin_to_stop_other_technician_entry" file="C:\projetos\sistema\backend\tests\Feature\TechnicianScheduleTimeEntryTest.php" line="289" class="Tests\Feature\TechnicianScheduleTimeEntryTest" classname="Tests.Feature.TechnicianScheduleTimeEntryTest" assertions="0" time="0.000000">
          <error type="PDOException">Tests\Feature\TechnicianScheduleTimeEntryTest::test_time_entry_stop_allows_super_admin_to_stop_other_technician_entry&#13;
PDOException: There is already an active transaction
&#13;
C:\projetos\sistema\backend\vendor\laravel\framework\src\Illuminate\Database\SQLiteConnection.php:38
C:\projetos\sistema\backend\vendor\laravel\framework\src\Illuminate\Database\Concerns\ManagesTransactions.php:154
C:\projetos\sistema\backend\vendor\laravel\framework\src\Illuminate\Database\Concerns\ManagesTransactions.php:130
C:\projetos\sistema\backend\vendor\laravel\framework\src\Illuminate\Foundation\Testing\RefreshDatabase.php:147
C:\projetos\sistema\backend\vendor\laravel\framework\src\Illuminate\Foundation\Testing\RefreshDatabase.php:93
C:\projetos\sistema\backend\vendor\laravel\framework\src\Illuminate\Foundation\Testing\RefreshDatabase.php:25
C:\projetos\sistema\backend\vendor\laravel\framework\src\Illuminate\Foundation\Testing\Concerns\InteractsWithTestCaseLifecycle.php:217
C:\projetos\sistema\backend\vendor\laravel\framework\src\Illuminate\Foundation\Testing\Concerns\InteractsWithTestCaseLifecycle.php:101
C:\projetos\sistema\backend\vendor\laravel\framework\src\Illuminate\Foundation\Testing\TestCase.php:63
C:\projetos\sistema\backend\tests\Feature\TechnicianScheduleTimeEntryTest.php:26</error>
        </testcase>
      </testsuite>
      <testsuite name="Tests\Feature\TechnicianUnifiedAgendaTest" file="C:\projetos\sistema\backend\tests\Feature\TechnicianUnifiedAgendaTest.php" tests="1" assertions="0" errors="1" failures="0" skipped="0" time="0.000000">
        <testcase name="test_unified_endpoint_returns_schedules_and_service_calls" file="C:\projetos\sistema\backend\tests\Feature\TechnicianUnifiedAgendaTest.php" line="42" class="Tests\Feature\TechnicianUnifiedAgendaTest" classname="Tests.Feature.TechnicianUnifiedAgendaTest" assertions="0" time="0.000000">
          <error type="PDOException">Tests\Feature\TechnicianUnifiedAgendaTest::test_unified_endpoint_returns_schedules_and_service_calls&#13;
PDOException: There is already an active transaction
&#13;
C:\projetos\sistema\backend\vendor\laravel\framework\src\Illuminate\Database\SQLiteConnection.php:38
C:\projetos\sistema\backend\vendor\laravel\framework\src\Illuminate\Database\Concerns\ManagesTransactions.php:154
C:\projetos\sistema\backend\vendor\laravel\framework\src\Illuminate\Database\Concerns\ManagesTransactions.php:130
C:\projetos\sistema\backend\vendor\laravel\framework\src\Illuminate\Foundation\Testing\RefreshDatabase.php:147
C:\projetos\sistema\backend\vendor\laravel\framework\src\Illuminate\Foundation\Testing\RefreshDatabase.php:93
C:\projetos\sistema\backend\vendor\laravel\framework\src\Illuminate\Foundation\Testing\RefreshDatabase.php:25
C:\projetos\sistema\backend\vendor\laravel\framework\src\Illuminate\Foundation\Testing\Concerns\InteractsWithTestCaseLifecycle.php:217
C:\projetos\sistema\backend\vendor\laravel\framework\src\Illuminate\Foundation\Testing\Concerns\InteractsWithTestCaseLifecycle.php:101
C:\projetos\sistema\backend\vendor\laravel\framework\src\Illuminate\Foundation\Testing\TestCase.php:63
C:\projetos\sistema\backend\tests\Feature\TechnicianUnifiedAgendaTest.php:23</error>
        </testcase>
      </testsuite>
      <testsuite name="Tests\Feature\TenantContextConsistencyTest" file="C:\projetos\sistema\backend\tests\Feature\TenantContextConsistencyTest.php" tests="4" assertions="0" errors="4" failures="0" skipped="0" time="0.000000">
        <testcase name="test_chart_of_accounts_index_uses_current_tenant_context" file="C:\projetos\sistema\backend\tests\Feature\TenantContextConsistencyTest.php" line="45" class="Tests\Feature\TenantContextConsistencyTest" classname="Tests.Feature.TenantContextConsistencyTest" assertions="0" time="0.000000">
          <error type="PDOException">Tests\Feature\TenantContextConsistencyTest::test_chart_of_accounts_index_uses_current_tenant_context&#13;
PDOException: There is already an active transaction
&#13;
C:\projetos\sistema\backend\vendor\laravel\framework\src\Illuminate\Database\SQLiteConnection.php:38
C:\projetos\sistema\backend\vendor\laravel\framework\src\Illuminate\Database\Concerns\ManagesTransactions.php:154
C:\projetos\sistema\backend\vendor\laravel\framework\src\Illuminate\Database\Concerns\ManagesTransactions.php:130
C:\projetos\sistema\backend\vendor\laravel\framework\src\Illuminate\Foundation\Testing\RefreshDatabase.php:147
C:\projetos\sistema\backend\vendor\laravel\framework\src\Illuminate\Foundation\Testing\RefreshDatabase.php:93
C:\projetos\sistema\backend\vendor\laravel\framework\src\Illuminate\Foundation\Testing\RefreshDatabase.php:25
C:\projetos\sistema\backend\vendor\laravel\framework\src\Illuminate\Foundation\Testing\Concerns\InteractsWithTestCaseLifecycle.php:217
C:\projetos\sistema\backend\vendor\laravel\framework\src\Illuminate\Foundation\Testing\Concerns\InteractsWithTestCaseLifecycle.php:101
C:\projetos\sistema\backend\vendor\laravel\framework\src\Illuminate\Foundation\Testing\TestCase.php:63
C:\projetos\sistema\backend\tests\Feature\TenantContextConsistencyTest.php:25</error>
        </testcase>
        <testcase name="test_chart_of_accounts_update_rejects_self_parent" file="C:\projetos\sistema\backend\tests\Feature\TenantContextConsistencyTest.php" line="72" class="Tests\Feature\TenantContextConsistencyTest" classname="Tests.Feature.TenantContextConsistencyTest" assertions="0" time="0.000000">
          <error type="PDOException">Tests\Feature\TenantContextConsistencyTest::test_chart_of_accounts_update_rejects_self_parent&#13;
PDOException: There is already an active transaction
&#13;
C:\projetos\sistema\backend\vendor\laravel\framework\src\Illuminate\Database\SQLiteConnection.php:38
C:\projetos\sistema\backend\vendor\laravel\framework\src\Illuminate\Database\Concerns\ManagesTransactions.php:154
C:\projetos\sistema\backend\vendor\laravel\framework\src\Illuminate\Database\Concerns\ManagesTransactions.php:130
C:\projetos\sistema\backend\vendor\laravel\framework\src\Illuminate\Foundation\Testing\RefreshDatabase.php:147
C:\projetos\sistema\backend\vendor\laravel\framework\src\Illuminate\Foundation\Testing\RefreshDatabase.php:93
C:\projetos\sistema\backend\vendor\laravel\framework\src\Illuminate\Foundation\Testing\RefreshDatabase.php:25
C:\projetos\sistema\backend\vendor\laravel\framework\src\Illuminate\Foundation\Testing\Concerns\InteractsWithTestCaseLifecycle.php:217
C:\projetos\sistema\backend\vendor\laravel\framework\src\Illuminate\Foundation\Testing\Concerns\InteractsWithTestCaseLifecycle.php:101
C:\projetos\sistema\backend\vendor\laravel\framework\src\Illuminate\Foundation\Testing\TestCase.php:63
C:\projetos\sistema\backend\tests\Feature\TenantContextConsistencyTest.php:25</error>
        </testcase>
        <testcase name="test_bank_reconciliation_statements_uses_current_tenant_context" file="C:\projetos\sistema\backend\tests\Feature\TenantContextConsistencyTest.php" line="92" class="Tests\Feature\TenantContextConsistencyTest" classname="Tests.Feature.TenantContextConsistencyTest" assertions="0" time="0.000000">
          <error type="PDOException">Tests\Feature\TenantContextConsistencyTest::test_bank_reconciliation_statements_uses_current_tenant_context&#13;
PDOException: There is already an active transaction
&#13;
C:\projetos\sistema\backend\vendor\laravel\framework\src\Illuminate\Database\SQLiteConnection.php:38
C:\projetos\sistema\backend\vendor\laravel\framework\src\Illuminate\Database\Concerns\ManagesTransactions.php:154
C:\projetos\sistema\backend\vendor\laravel\framework\src\Illuminate\Database\Concerns\ManagesTransactions.php:130
C:\projetos\sistema\backend\vendor\laravel\framework\src\Illuminate\Foundation\Testing\RefreshDatabase.php:147
C:\projetos\sistema\backend\vendor\laravel\framework\src\Illuminate\Foundation\Testing\RefreshDatabase.php:93
C:\projetos\sistema\backend\vendor\laravel\framework\src\Illuminate\Foundation\Testing\RefreshDatabase.php:25
C:\projetos\sistema\backend\vendor\laravel\framework\src\Illuminate\Foundation\Testing\Concerns\InteractsWithTestCaseLifecycle.php:217
C:\projetos\sistema\backend\vendor\laravel\framework\src\Illuminate\Foundation\Testing\Concerns\InteractsWithTestCaseLifecycle.php:101
C:\projetos\sistema\backend\vendor\laravel\framework\src\Illuminate\Foundation\Testing\TestCase.php:63
C:\projetos\sistema\backend\tests\Feature\TenantContextConsistencyTest.php:25</error>
        </testcase>
        <testcase name="test_bank_reconciliation_match_rejects_cross_tenant_target" file="C:\projetos\sistema\backend\tests\Feature\TenantContextConsistencyTest.php" line="119" class="Tests\Feature\TenantContextConsistencyTest" classname="Tests.Feature.TenantContextConsistencyTest" assertions="0" time="0.000000">
          <error type="PDOException">Tests\Feature\TenantContextConsistencyTest::test_bank_reconciliation_match_rejects_cross_tenant_target&#13;
PDOException: There is already an active transaction
&#13;
C:\projetos\sistema\backend\vendor\laravel\framework\src\Illuminate\Database\SQLiteConnection.php:38
C:\projetos\sistema\backend\vendor\laravel\framework\src\Illuminate\Database\Concerns\ManagesTransactions.php:154
C:\projetos\sistema\backend\vendor\laravel\framework\src\Illuminate\Database\Concerns\ManagesTransactions.php:130
C:\projetos\sistema\backend\vendor\laravel\framework\src\Illuminate\Foundation\Testing\RefreshDatabase.php:147
C:\projetos\sistema\backend\vendor\laravel\framework\src\Illuminate\Foundation\Testing\RefreshDatabase.php:93
C:\projetos\sistema\backend\vendor\laravel\framework\src\Illuminate\Foundation\Testing\RefreshDatabase.php:25
C:\projetos\sistema\backend\vendor\laravel\framework\src\Illuminate\Foundation\Testing\Concerns\InteractsWithTestCaseLifecycle.php:217
C:\projetos\sistema\backend\vendor\laravel\framework\src\Illuminate\Foundation\Testing\Concerns\InteractsWithTestCaseLifecycle.php:101
C:\projetos\sistema\backend\vendor\laravel\framework\src\Illuminate\Foundation\Testing\TestCase.php:63
C:\projetos\sistema\backend\tests\Feature\TenantContextConsistencyTest.php:25</error>
        </testcase>
      </testsuite>
      <testsuite name="Tests\Feature\TenantIsolationTest" file="C:\projetos\sistema\backend\tests\Feature\TenantIsolationTest.php" tests="12" assertions="0" errors="12" failures="0" skipped="0" time="0.000000">
        <testcase name="test_user_a_only_sees_tenant_a_customers" file="C:\projetos\sistema\backend\tests\Feature\TenantIsolationTest.php" line="66" class="Tests\Feature\TenantIsolationTest" classname="Tests.Feature.TenantIsolationTest" assertions="0" time="0.000000">
          <error type="PDOException">Tests\Feature\TenantIsolationTest::test_user_a_only_sees_tenant_a_customers&#13;
PDOException: There is already an active transaction
&#13;
C:\projetos\sistema\backend\vendor\laravel\framework\src\Illuminate\Database\SQLiteConnection.php:38
C:\projetos\sistema\backend\vendor\laravel\framework\src\Illuminate\Database\Concerns\ManagesTransactions.php:154
C:\projetos\sistema\backend\vendor\laravel\framework\src\Illuminate\Database\Concerns\ManagesTransactions.php:130
C:\projetos\sistema\backend\vendor\laravel\framework\src\Illuminate\Foundation\Testing\RefreshDatabase.php:147
C:\projetos\sistema\backend\vendor\laravel\framework\src\Illuminate\Foundation\Testing\RefreshDatabase.php:93
C:\projetos\sistema\backend\vendor\laravel\framework\src\Illuminate\Foundation\Testing\RefreshDatabase.php:25
C:\projetos\sistema\backend\vendor\laravel\framework\src\Illuminate\Foundation\Testing\Concerns\InteractsWithTestCaseLifecycle.php:217
C:\projetos\sistema\backend\vendor\laravel\framework\src\Illuminate\Foundation\Testing\Concerns\InteractsWithTestCaseLifecycle.php:101
C:\projetos\sistema\backend\vendor\laravel\framework\src\Illuminate\Foundation\Testing\TestCase.php:63
C:\projetos\sistema\backend\tests\Feature\TenantIsolationTest.php:35</error>
        </testcase>
        <testcase name="test_user_a_cannot_access_tenant_b_customer" file="C:\projetos\sistema\backend\tests\Feature\TenantIsolationTest.php" line="83" class="Tests\Feature\TenantIsolationTest" classname="Tests.Feature.TenantIsolationTest" assertions="0" time="0.000000">
          <error type="PDOException">Tests\Feature\TenantIsolationTest::test_user_a_cannot_access_tenant_b_customer&#13;
PDOException: There is already an active transaction
&#13;
C:\projetos\sistema\backend\vendor\laravel\framework\src\Illuminate\Database\SQLiteConnection.php:38
C:\projetos\sistema\backend\vendor\laravel\framework\src\Illuminate\Database\Concerns\ManagesTransactions.php:154
C:\projetos\sistema\backend\vendor\laravel\framework\src\Illuminate\Database\Concerns\ManagesTransactions.php:130
C:\projetos\sistema\backend\vendor\laravel\framework\src\Illuminate\Foundation\Testing\RefreshDatabase.php:147
C:\projetos\sistema\backend\vendor\laravel\framework\src\Illuminate\Foundation\Testing\RefreshDatabase.php:93
C:\projetos\sistema\backend\vendor\laravel\framework\src\Illuminate\Foundation\Testing\RefreshDatabase.php:25
C:\projetos\sistema\backend\vendor\laravel\framework\src\Illuminate\Foundation\Testing\Concerns\InteractsWithTestCaseLifecycle.php:217
C:\projetos\sistema\backend\vendor\laravel\framework\src\Illuminate\Foundation\Testing\Concerns\InteractsWithTestCaseLifecycle.php:101
C:\projetos\sistema\backend\vendor\laravel\framework\src\Illuminate\Foundation\Testing\TestCase.php:63
C:\projetos\sistema\backend\tests\Feature\TenantIsolationTest.php:35</error>
        </testcase>
        <testcase name="test_user_a_cannot_see_tenant_b_work_orders" file="C:\projetos\sistema\backend\tests\Feature\TenantIsolationTest.php" line="97" class="Tests\Feature\TenantIsolationTest" classname="Tests.Feature.TenantIsolationTest" assertions="0" time="0.000000">
          <error type="PDOException">Tests\Feature\TenantIsolationTest::test_user_a_cannot_see_tenant_b_work_orders&#13;
PDOException: There is already an active transaction
&#13;
C:\projetos\sistema\backend\vendor\laravel\framework\src\Illuminate\Database\SQLiteConnection.php:38
C:\projetos\sistema\backend\vendor\laravel\framework\src\Illuminate\Database\Concerns\ManagesTransactions.php:154
C:\projetos\sistema\backend\vendor\laravel\framework\src\Illuminate\Database\Concerns\ManagesTransactions.php:130
C:\projetos\sistema\backend\vendor\laravel\framework\src\Illuminate\Foundation\Testing\RefreshDatabase.php:147
C:\projetos\sistema\backend\vendor\laravel\framework\src\Illuminate\Foundation\Testing\RefreshDatabase.php:93
C:\projetos\sistema\backend\vendor\laravel\framework\src\Illuminate\Foundation\Testing\RefreshDatabase.php:25
C:\projetos\sistema\backend\vendor\laravel\framework\src\Illuminate\Foundation\Testing\Concerns\InteractsWithTestCaseLifecycle.php:217
C:\projetos\sistema\backend\vendor\laravel\framework\src\Illuminate\Foundation\Testing\Concerns\InteractsWithTestCaseLifecycle.php:101
C:\projetos\sistema\backend\vendor\laravel\framework\src\Illuminate\Foundation\Testing\TestCase.php:63
C:\projetos\sistema\backend\tests\Feature\TenantIsolationTest.php:35</error>
        </testcase>
        <testcase name="test_user_a_cannot_view_tenant_b_work_order" file="C:\projetos\sistema\backend\tests\Feature\TenantIsolationTest.php" line="118" class="Tests\Feature\TenantIsolationTest" classname="Tests.Feature.TenantIsolationTest" assertions="0" time="0.000000">
          <error type="PDOException">Tests\Feature\TenantIsolationTest::test_user_a_cannot_view_tenant_b_work_order&#13;
PDOException: There is already an active transaction
&#13;
C:\projetos\sistema\backend\vendor\laravel\framework\src\Illuminate\Database\SQLiteConnection.php:38
C:\projetos\sistema\backend\vendor\laravel\framework\src\Illuminate\Database\Concerns\ManagesTransactions.php:154
C:\projetos\sistema\backend\vendor\laravel\framework\src\Illuminate\Database\Concerns\ManagesTransactions.php:130
C:\projetos\sistema\backend\vendor\laravel\framework\src\Illuminate\Foundation\Testing\RefreshDatabase.php:147
C:\projetos\sistema\backend\vendor\laravel\framework\src\Illuminate\Foundation\Testing\RefreshDatabase.php:93
C:\projetos\sistema\backend\vendor\laravel\framework\src\Illuminate\Foundation\Testing\RefreshDatabase.php:25
C:\projetos\sistema\backend\vendor\laravel\framework\src\Illuminate\Foundation\Testing\Concerns\InteractsWithTestCaseLifecycle.php:217
C:\projetos\sistema\backend\vendor\laravel\framework\src\Illuminate\Foundation\Testing\Concerns\InteractsWithTestCaseLifecycle.php:101
C:\projetos\sistema\backend\vendor\laravel\framework\src\Illuminate\Foundation\Testing\TestCase.php:63
C:\projetos\sistema\backend\tests\Feature\TenantIsolationTest.php:35</error>
        </testcase>
        <testcase name="test_quotes_are_tenant_isolated" file="C:\projetos\sistema\backend\tests\Feature\TenantIsolationTest.php" line="137" class="Tests\Feature\TenantIsolationTest" classname="Tests.Feature.TenantIsolationTest" assertions="0" time="0.000000">
          <error type="PDOException">Tests\Feature\TenantIsolationTest::test_quotes_are_tenant_isolated&#13;
PDOException: There is already an active transaction
&#13;
C:\projetos\sistema\backend\vendor\laravel\framework\src\Illuminate\Database\SQLiteConnection.php:38
C:\projetos\sistema\backend\vendor\laravel\framework\src\Illuminate\Database\Concerns\ManagesTransactions.php:154
C:\projetos\sistema\backend\vendor\laravel\framework\src\Illuminate\Database\Concerns\ManagesTransactions.php:130
C:\projetos\sistema\backend\vendor\laravel\framework\src\Illuminate\Foundation\Testing\RefreshDatabase.php:147
C:\projetos\sistema\backend\vendor\laravel\framework\src\Illuminate\Foundation\Testing\RefreshDatabase.php:93
C:\projetos\sistema\backend\vendor\laravel\framework\src\Illuminate\Foundation\Testing\RefreshDatabase.php:25
C:\projetos\sistema\backend\vendor\laravel\framework\src\Illuminate\Foundation\Testing\Concerns\InteractsWithTestCaseLifecycle.php:217
C:\projetos\sistema\backend\vendor\laravel\framework\src\Illuminate\Foundation\Testing\Concerns\InteractsWithTestCaseLifecycle.php:101
C:\projetos\sistema\backend\vendor\laravel\framework\src\Illuminate\Foundation\Testing\TestCase.php:63
C:\projetos\sistema\backend\tests\Feature\TenantIsolationTest.php:35</error>
        </testcase>
        <testcase name="test_equipment_are_tenant_isolated" file="C:\projetos\sistema\backend\tests\Feature\TenantIsolationTest.php" line="157" class="Tests\Feature\TenantIsolationTest" classname="Tests.Feature.TenantIsolationTest" assertions="0" time="0.000000">
          <error type="PDOException">Tests\Feature\TenantIsolationTest::test_equipment_are_tenant_isolated&#13;
PDOException: There is already an active transaction
&#13;
C:\projetos\sistema\backend\vendor\laravel\framework\src\Illuminate\Database\SQLiteConnection.php:38
C:\projetos\sistema\backend\vendor\laravel\framework\src\Illuminate\Database\Concerns\ManagesTransactions.php:154
C:\projetos\sistema\backend\vendor\laravel\framework\src\Illuminate\Database\Concerns\ManagesTransactions.php:130
C:\projetos\sistema\backend\vendor\laravel\framework\src\Illuminate\Foundation\Testing\RefreshDatabase.php:147
C:\projetos\sistema\backend\vendor\laravel\framework\src\Illuminate\Foundation\Testing\RefreshDatabase.php:93
C:\projetos\sistema\backend\vendor\laravel\framework\src\Illuminate\Foundation\Testing\RefreshDatabase.php:25
C:\projetos\sistema\backend\vendor\laravel\framework\src\Illuminate\Foundation\Testing\Concerns\InteractsWithTestCaseLifecycle.php:217
C:\projetos\sistema\backend\vendor\laravel\framework\src\Illuminate\Foundation\Testing\Concerns\InteractsWithTestCaseLifecycle.php:101
C:\projetos\sistema\backend\vendor\laravel\framework\src\Illuminate\Foundation\Testing\TestCase.php:63
C:\projetos\sistema\backend\tests\Feature\TenantIsolationTest.php:35</error>
        </testcase>
        <testcase name="test_created_resource_belongs_to_authenticated_tenant" file="C:\projetos\sistema\backend\tests\Feature\TenantIsolationTest.php" line="175" class="Tests\Feature\TenantIsolationTest" classname="Tests.Feature.TenantIsolationTest" assertions="0" time="0.000000">
          <error type="PDOException">Tests\Feature\TenantIsolationTest::test_created_resource_belongs_to_authenticated_tenant&#13;
PDOException: There is already an active transaction
&#13;
C:\projetos\sistema\backend\vendor\laravel\framework\src\Illuminate\Database\SQLiteConnection.php:38
C:\projetos\sistema\backend\vendor\laravel\framework\src\Illuminate\Database\Concerns\ManagesTransactions.php:154
C:\projetos\sistema\backend\vendor\laravel\framework\src\Illuminate\Database\Concerns\ManagesTransactions.php:130
C:\projetos\sistema\backend\vendor\laravel\framework\src\Illuminate\Foundation\Testing\RefreshDatabase.php:147
C:\projetos\sistema\backend\vendor\laravel\framework\src\Illuminate\Foundation\Testing\RefreshDatabase.php:93
C:\projetos\sistema\backend\vendor\laravel\framework\src\Illuminate\Foundation\Testing\RefreshDatabase.php:25
C:\projetos\sistema\backend\vendor\laravel\framework\src\Illuminate\Foundation\Testing\Concerns\InteractsWithTestCaseLifecycle.php:217
C:\projetos\sistema\backend\vendor\laravel\framework\src\Illuminate\Foundation\Testing\Concerns\InteractsWithTestCaseLifecycle.php:101
C:\projetos\sistema\backend\vendor\laravel\framework\src\Illuminate\Foundation\Testing\TestCase.php:63
C:\projetos\sistema\backend\tests\Feature\TenantIsolationTest.php:35</error>
        </testcase>
        <testcase name="test_cannot_update_resource_from_other_tenant" file="C:\projetos\sistema\backend\tests\Feature\TenantIsolationTest.php" line="202" class="Tests\Feature\TenantIsolationTest" classname="Tests.Feature.TenantIsolationTest" assertions="0" time="0.000000">
          <error type="PDOException">Tests\Feature\TenantIsolationTest::test_cannot_update_resource_from_other_tenant&#13;
PDOException: There is already an active transaction
&#13;
C:\projetos\sistema\backend\vendor\laravel\framework\src\Illuminate\Database\SQLiteConnection.php:38
C:\projetos\sistema\backend\vendor\laravel\framework\src\Illuminate\Database\Concerns\ManagesTransactions.php:154
C:\projetos\sistema\backend\vendor\laravel\framework\src\Illuminate\Database\Concerns\ManagesTransactions.php:130
C:\projetos\sistema\backend\vendor\laravel\framework\src\Illuminate\Foundation\Testing\RefreshDatabase.php:147
C:\projetos\sistema\backend\vendor\laravel\framework\src\Illuminate\Foundation\Testing\RefreshDatabase.php:93
C:\projetos\sistema\backend\vendor\laravel\framework\src\Illuminate\Foundation\Testing\RefreshDatabase.php:25
C:\projetos\sistema\backend\vendor\laravel\framework\src\Illuminate\Foundation\Testing\Concerns\InteractsWithTestCaseLifecycle.php:217
C:\projetos\sistema\backend\vendor\laravel\framework\src\Illuminate\Foundation\Testing\Concerns\InteractsWithTestCaseLifecycle.php:101
C:\projetos\sistema\backend\vendor\laravel\framework\src\Illuminate\Foundation\Testing\TestCase.php:63
C:\projetos\sistema\backend\tests\Feature\TenantIsolationTest.php:35</error>
        </testcase>
        <testcase name="test_cannot_delete_resource_from_other_tenant" file="C:\projetos\sistema\backend\tests\Feature\TenantIsolationTest.php" line="219" class="Tests\Feature\TenantIsolationTest" classname="Tests.Feature.TenantIsolationTest" assertions="0" time="0.000000">
          <error type="PDOException">Tests\Feature\TenantIsolationTest::test_cannot_delete_resource_from_other_tenant&#13;
PDOException: There is already an active transaction
&#13;
C:\projetos\sistema\backend\vendor\laravel\framework\src\Illuminate\Database\SQLiteConnection.php:38
C:\projetos\sistema\backend\vendor\laravel\framework\src\Illuminate\Database\Concerns\ManagesTransactions.php:154
C:\projetos\sistema\backend\vendor\laravel\framework\src\Illuminate\Database\Concerns\ManagesTransactions.php:130
C:\projetos\sistema\backend\vendor\laravel\framework\src\Illuminate\Foundation\Testing\RefreshDatabase.php:147
C:\projetos\sistema\backend\vendor\laravel\framework\src\Illuminate\Foundation\Testing\RefreshDatabase.php:93
C:\projetos\sistema\backend\vendor\laravel\framework\src\Illuminate\Foundation\Testing\RefreshDatabase.php:25
C:\projetos\sistema\backend\vendor\laravel\framework\src\Illuminate\Foundation\Testing\Concerns\InteractsWithTestCaseLifecycle.php:217
C:\projetos\sistema\backend\vendor\laravel\framework\src\Illuminate\Foundation\Testing\Concerns\InteractsWithTestCaseLifecycle.php:101
C:\projetos\sistema\backend\vendor\laravel\framework\src\Illuminate\Foundation\Testing\TestCase.php:63
C:\projetos\sistema\backend\tests\Feature\TenantIsolationTest.php:35</error>
        </testcase>
        <testcase name="test_suppliers_are_tenant_isolated" file="C:\projetos\sistema\backend\tests\Feature\TenantIsolationTest.php" line="234" class="Tests\Feature\TenantIsolationTest" classname="Tests.Feature.TenantIsolationTest" assertions="0" time="0.000000">
          <error type="PDOException">Tests\Feature\TenantIsolationTest::test_suppliers_are_tenant_isolated&#13;
PDOException: There is already an active transaction
&#13;
C:\projetos\sistema\backend\vendor\laravel\framework\src\Illuminate\Database\SQLiteConnection.php:38
C:\projetos\sistema\backend\vendor\laravel\framework\src\Illuminate\Database\Concerns\ManagesTransactions.php:154
C:\projetos\sistema\backend\vendor\laravel\framework\src\Illuminate\Database\Concerns\ManagesTransactions.php:130
C:\projetos\sistema\backend\vendor\laravel\framework\src\Illuminate\Foundation\Testing\RefreshDatabase.php:147
C:\projetos\sistema\backend\vendor\laravel\framework\src\Illuminate\Foundation\Testing\RefreshDatabase.php:93
C:\projetos\sistema\backend\vendor\laravel\framework\src\Illuminate\Foundation\Testing\RefreshDatabase.php:25
C:\projetos\sistema\backend\vendor\laravel\framework\src\Illuminate\Foundation\Testing\Concerns\InteractsWithTestCaseLifecycle.php:217
C:\projetos\sistema\backend\vendor\laravel\framework\src\Illuminate\Foundation\Testing\Concerns\InteractsWithTestCaseLifecycle.php:101
C:\projetos\sistema\backend\vendor\laravel\framework\src\Illuminate\Foundation\Testing\TestCase.php:63
C:\projetos\sistema\backend\tests\Feature\TenantIsolationTest.php:35</error>
        </testcase>
        <testcase name="test_search_does_not_leak_cross_tenant_data" file="C:\projetos\sistema\backend\tests\Feature\TenantIsolationTest.php" line="254" class="Tests\Feature\TenantIsolationTest" classname="Tests.Feature.TenantIsolationTest" assertions="0" time="0.000000">
          <error type="PDOException">Tests\Feature\TenantIsolationTest::test_search_does_not_leak_cross_tenant_data&#13;
PDOException: There is already an active transaction
&#13;
C:\projetos\sistema\backend\vendor\laravel\framework\src\Illuminate\Database\SQLiteConnection.php:38
C:\projetos\sistema\backend\vendor\laravel\framework\src\Illuminate\Database\Concerns\ManagesTransactions.php:154
C:\projetos\sistema\backend\vendor\laravel\framework\src\Illuminate\Database\Concerns\ManagesTransactions.php:130
C:\projetos\sistema\backend\vendor\laravel\framework\src\Illuminate\Foundation\Testing\RefreshDatabase.php:147
C:\projetos\sistema\backend\vendor\laravel\framework\src\Illuminate\Foundation\Testing\RefreshDatabase.php:93
C:\projetos\sistema\backend\vendor\laravel\framework\src\Illuminate\Foundation\Testing\RefreshDatabase.php:25
C:\projetos\sistema\backend\vendor\laravel\framework\src\Illuminate\Foundation\Testing\Concerns\InteractsWithTestCaseLifecycle.php:217
C:\projetos\sistema\backend\vendor\laravel\framework\src\Illuminate\Foundation\Testing\Concerns\InteractsWithTestCaseLifecycle.php:101
C:\projetos\sistema\backend\vendor\laravel\framework\src\Illuminate\Foundation\Testing\TestCase.php:63
C:\projetos\sistema\backend\tests\Feature\TenantIsolationTest.php:35</error>
        </testcase>
        <testcase name="test_unauthenticated_request_returns_401" file="C:\projetos\sistema\backend\tests\Feature\TenantIsolationTest.php" line="270" class="Tests\Feature\TenantIsolationTest" classname="Tests.Feature.TenantIsolationTest" assertions="0" time="0.000000">
          <error type="PDOException">Tests\Feature\TenantIsolationTest::test_unauthenticated_request_returns_401&#13;
PDOException: There is already an active transaction
&#13;
C:\projetos\sistema\backend\vendor\laravel\framework\src\Illuminate\Database\SQLiteConnection.php:38
C:\projetos\sistema\backend\vendor\laravel\framework\src\Illuminate\Database\Concerns\ManagesTransactions.php:154
C:\projetos\sistema\backend\vendor\laravel\framework\src\Illuminate\Database\Concerns\ManagesTransactions.php:130
C:\projetos\sistema\backend\vendor\laravel\framework\src\Illuminate\Foundation\Testing\RefreshDatabase.php:147
C:\projetos\sistema\backend\vendor\laravel\framework\src\Illuminate\Foundation\Testing\RefreshDatabase.php:93
C:\projetos\sistema\backend\vendor\laravel\framework\src\Illuminate\Foundation\Testing\RefreshDatabase.php:25
C:\projetos\sistema\backend\vendor\laravel\framework\src\Illuminate\Foundation\Testing\Concerns\InteractsWithTestCaseLifecycle.php:217
C:\projetos\sistema\backend\vendor\laravel\framework\src\Illuminate\Foundation\Testing\Concerns\InteractsWithTestCaseLifecycle.php:101
C:\projetos\sistema\backend\vendor\laravel\framework\src\Illuminate\Foundation\Testing\TestCase.php:63
C:\projetos\sistema\backend\tests\Feature\TenantIsolationTest.php:35</error>
        </testcase>
      </testsuite>
      <testsuite name="Tests\Feature\TenantTest" file="C:\projetos\sistema\backend\tests\Feature\TenantTest.php" tests="31" assertions="0" errors="31" failures="0" skipped="0" time="0.000000">
        <testcase name="test_list_tenants" file="C:\projetos\sistema\backend\tests\Feature\TenantTest.php" line="44" class="Tests\Feature\TenantTest" classname="Tests.Feature.TenantTest" assertions="0" time="0.000000">
          <error type="PDOException">Tests\Feature\TenantTest::test_list_tenants&#13;
PDOException: There is already an active transaction
&#13;
C:\projetos\sistema\backend\vendor\laravel\framework\src\Illuminate\Database\SQLiteConnection.php:38
C:\projetos\sistema\backend\vendor\laravel\framework\src\Illuminate\Database\Concerns\ManagesTransactions.php:154
C:\projetos\sistema\backend\vendor\laravel\framework\src\Illuminate\Database\Concerns\ManagesTransactions.php:130
C:\projetos\sistema\backend\vendor\laravel\framework\src\Illuminate\Foundation\Testing\RefreshDatabase.php:147
C:\projetos\sistema\backend\vendor\laravel\framework\src\Illuminate\Foundation\Testing\RefreshDatabase.php:93
C:\projetos\sistema\backend\vendor\laravel\framework\src\Illuminate\Foundation\Testing\RefreshDatabase.php:25
C:\projetos\sistema\backend\vendor\laravel\framework\src\Illuminate\Foundation\Testing\Concerns\InteractsWithTestCaseLifecycle.php:217
C:\projetos\sistema\backend\vendor\laravel\framework\src\Illuminate\Foundation\Testing\Concerns\InteractsWithTestCaseLifecycle.php:101
C:\projetos\sistema\backend\vendor\laravel\framework\src\Illuminate\Foundation\Testing\TestCase.php:63
C:\projetos\sistema\backend\tests\Feature\TenantTest.php:21</error>
        </testcase>
        <testcase name="test_create_tenant" file="C:\projetos\sistema\backend\tests\Feature\TenantTest.php" line="51" class="Tests\Feature\TenantTest" classname="Tests.Feature.TenantTest" assertions="0" time="0.000000">
          <error type="PDOException">Tests\Feature\TenantTest::test_create_tenant&#13;
PDOException: There is already an active transaction
&#13;
C:\projetos\sistema\backend\vendor\laravel\framework\src\Illuminate\Database\SQLiteConnection.php:38
C:\projetos\sistema\backend\vendor\laravel\framework\src\Illuminate\Database\Concerns\ManagesTransactions.php:154
C:\projetos\sistema\backend\vendor\laravel\framework\src\Illuminate\Database\Concerns\ManagesTransactions.php:130
C:\projetos\sistema\backend\vendor\laravel\framework\src\Illuminate\Foundation\Testing\RefreshDatabase.php:147
C:\projetos\sistema\backend\vendor\laravel\framework\src\Illuminate\Foundation\Testing\RefreshDatabase.php:93
C:\projetos\sistema\backend\vendor\laravel\framework\src\Illuminate\Foundation\Testing\RefreshDatabase.php:25
C:\projetos\sistema\backend\vendor\laravel\framework\src\Illuminate\Foundation\Testing\Concerns\InteractsWithTestCaseLifecycle.php:217
C:\projetos\sistema\backend\vendor\laravel\framework\src\Illuminate\Foundation\Testing\Concerns\InteractsWithTestCaseLifecycle.php:101
C:\projetos\sistema\backend\vendor\laravel\framework\src\Illuminate\Foundation\Testing\TestCase.php:63
C:\projetos\sistema\backend\tests\Feature\TenantTest.php:21</error>
        </testcase>
        <testcase name="test_create_tenant_with_trial_status" file="C:\projetos\sistema\backend\tests\Feature\TenantTest.php" line="70" class="Tests\Feature\TenantTest" classname="Tests.Feature.TenantTest" assertions="0" time="0.000000">
          <error type="PDOException">Tests\Feature\TenantTest::test_create_tenant_with_trial_status&#13;
PDOException: There is already an active transaction
&#13;
C:\projetos\sistema\backend\vendor\laravel\framework\src\Illuminate\Database\SQLiteConnection.php:38
C:\projetos\sistema\backend\vendor\laravel\framework\src\Illuminate\Database\Concerns\ManagesTransactions.php:154
C:\projetos\sistema\backend\vendor\laravel\framework\src\Illuminate\Database\Concerns\ManagesTransactions.php:130
C:\projetos\sistema\backend\vendor\laravel\framework\src\Illuminate\Foundation\Testing\RefreshDatabase.php:147
C:\projetos\sistema\backend\vendor\laravel\framework\src\Illuminate\Foundation\Testing\RefreshDatabase.php:93
C:\projetos\sistema\backend\vendor\laravel\framework\src\Illuminate\Foundation\Testing\RefreshDatabase.php:25
C:\projetos\sistema\backend\vendor\laravel\framework\src\Illuminate\Foundation\Testing\Concerns\InteractsWithTestCaseLifecycle.php:217
C:\projetos\sistema\backend\vendor\laravel\framework\src\Illuminate\Foundation\Testing\Concerns\InteractsWithTestCaseLifecycle.php:101
C:\projetos\sistema\backend\vendor\laravel\framework\src\Illuminate\Foundation\Testing\TestCase.php:63
C:\projetos\sistema\backend\tests\Feature\TenantTest.php:21</error>
        </testcase>
        <testcase name="test_create_tenant_defaults_to_active" file="C:\projetos\sistema\backend\tests\Feature\TenantTest.php" line="81" class="Tests\Feature\TenantTest" classname="Tests.Feature.TenantTest" assertions="0" time="0.000000">
          <error type="PDOException">Tests\Feature\TenantTest::test_create_tenant_defaults_to_active&#13;
PDOException: There is already an active transaction
&#13;
C:\projetos\sistema\backend\vendor\laravel\framework\src\Illuminate\Database\SQLiteConnection.php:38
C:\projetos\sistema\backend\vendor\laravel\framework\src\Illuminate\Database\Concerns\ManagesTransactions.php:154
C:\projetos\sistema\backend\vendor\laravel\framework\src\Illuminate\Database\Concerns\ManagesTransactions.php:130
C:\projetos\sistema\backend\vendor\laravel\framework\src\Illuminate\Foundation\Testing\RefreshDatabase.php:147
C:\projetos\sistema\backend\vendor\laravel\framework\src\Illuminate\Foundation\Testing\RefreshDatabase.php:93
C:\projetos\sistema\backend\vendor\laravel\framework\src\Illuminate\Foundation\Testing\RefreshDatabase.php:25
C:\projetos\sistema\backend\vendor\laravel\framework\src\Illuminate\Foundation\Testing\Concerns\InteractsWithTestCaseLifecycle.php:217
C:\projetos\sistema\backend\vendor\laravel\framework\src\Illuminate\Foundation\Testing\Concerns\InteractsWithTestCaseLifecycle.php:101
C:\projetos\sistema\backend\vendor\laravel\framework\src\Illuminate\Foundation\Testing\TestCase.php:63
C:\projetos\sistema\backend\tests\Feature\TenantTest.php:21</error>
        </testcase>
        <testcase name="test_create_tenant_rejects_invalid_status" file="C:\projetos\sistema\backend\tests\Feature\TenantTest.php" line="91" class="Tests\Feature\TenantTest" classname="Tests.Feature.TenantTest" assertions="0" time="0.000000">
          <error type="PDOException">Tests\Feature\TenantTest::test_create_tenant_rejects_invalid_status&#13;
PDOException: There is already an active transaction
&#13;
C:\projetos\sistema\backend\vendor\laravel\framework\src\Illuminate\Database\SQLiteConnection.php:38
C:\projetos\sistema\backend\vendor\laravel\framework\src\Illuminate\Database\Concerns\ManagesTransactions.php:154
C:\projetos\sistema\backend\vendor\laravel\framework\src\Illuminate\Database\Concerns\ManagesTransactions.php:130
C:\projetos\sistema\backend\vendor\laravel\framework\src\Illuminate\Foundation\Testing\RefreshDatabase.php:147
C:\projetos\sistema\backend\vendor\laravel\framework\src\Illuminate\Foundation\Testing\RefreshDatabase.php:93
C:\projetos\sistema\backend\vendor\laravel\framework\src\Illuminate\Foundation\Testing\RefreshDatabase.php:25
C:\projetos\sistema\backend\vendor\laravel\framework\src\Illuminate\Foundation\Testing\Concerns\InteractsWithTestCaseLifecycle.php:217
C:\projetos\sistema\backend\vendor\laravel\framework\src\Illuminate\Foundation\Testing\Concerns\InteractsWithTestCaseLifecycle.php:101
C:\projetos\sistema\backend\vendor\laravel\framework\src\Illuminate\Foundation\Testing\TestCase.php:63
C:\projetos\sistema\backend\tests\Feature\TenantTest.php:21</error>
        </testcase>
        <testcase name="test_show_tenant" file="C:\projetos\sistema\backend\tests\Feature\TenantTest.php" line="101" class="Tests\Feature\TenantTest" classname="Tests.Feature.TenantTest" assertions="0" time="0.000000">
          <error type="PDOException">Tests\Feature\TenantTest::test_show_tenant&#13;
PDOException: There is already an active transaction
&#13;
C:\projetos\sistema\backend\vendor\laravel\framework\src\Illuminate\Database\SQLiteConnection.php:38
C:\projetos\sistema\backend\vendor\laravel\framework\src\Illuminate\Database\Concerns\ManagesTransactions.php:154
C:\projetos\sistema\backend\vendor\laravel\framework\src\Illuminate\Database\Concerns\ManagesTransactions.php:130
C:\projetos\sistema\backend\vendor\laravel\framework\src\Illuminate\Foundation\Testing\RefreshDatabase.php:147
C:\projetos\sistema\backend\vendor\laravel\framework\src\Illuminate\Foundation\Testing\RefreshDatabase.php:93
C:\projetos\sistema\backend\vendor\laravel\framework\src\Illuminate\Foundation\Testing\RefreshDatabase.php:25
C:\projetos\sistema\backend\vendor\laravel\framework\src\Illuminate\Foundation\Testing\Concerns\InteractsWithTestCaseLifecycle.php:217
C:\projetos\sistema\backend\vendor\laravel\framework\src\Illuminate\Foundation\Testing\Concerns\InteractsWithTestCaseLifecycle.php:101
C:\projetos\sistema\backend\vendor\laravel\framework\src\Illuminate\Foundation\Testing\TestCase.php:63
C:\projetos\sistema\backend\tests\Feature\TenantTest.php:21</error>
        </testcase>
        <testcase name="test_update_tenant" file="C:\projetos\sistema\backend\tests\Feature\TenantTest.php" line="110" class="Tests\Feature\TenantTest" classname="Tests.Feature.TenantTest" assertions="0" time="0.000000">
          <error type="PDOException">Tests\Feature\TenantTest::test_update_tenant&#13;
PDOException: There is already an active transaction
&#13;
C:\projetos\sistema\backend\vendor\laravel\framework\src\Illuminate\Database\SQLiteConnection.php:38
C:\projetos\sistema\backend\vendor\laravel\framework\src\Illuminate\Database\Concerns\ManagesTransactions.php:154
C:\projetos\sistema\backend\vendor\laravel\framework\src\Illuminate\Database\Concerns\ManagesTransactions.php:130
C:\projetos\sistema\backend\vendor\laravel\framework\src\Illuminate\Foundation\Testing\RefreshDatabase.php:147
C:\projetos\sistema\backend\vendor\laravel\framework\src\Illuminate\Foundation\Testing\RefreshDatabase.php:93
C:\projetos\sistema\backend\vendor\laravel\framework\src\Illuminate\Foundation\Testing\RefreshDatabase.php:25
C:\projetos\sistema\backend\vendor\laravel\framework\src\Illuminate\Foundation\Testing\Concerns\InteractsWithTestCaseLifecycle.php:217
C:\projetos\sistema\backend\vendor\laravel\framework\src\Illuminate\Foundation\Testing\Concerns\InteractsWithTestCaseLifecycle.php:101
C:\projetos\sistema\backend\vendor\laravel\framework\src\Illuminate\Foundation\Testing\TestCase.php:63
C:\projetos\sistema\backend\tests\Feature\TenantTest.php:21</error>
        </testcase>
        <testcase name="test_destroy_tenant_without_dependencies" file="C:\projetos\sistema\backend\tests\Feature\TenantTest.php" line="122" class="Tests\Feature\TenantTest" classname="Tests.Feature.TenantTest" assertions="0" time="0.000000">
          <error type="PDOException">Tests\Feature\TenantTest::test_destroy_tenant_without_dependencies&#13;
PDOException: There is already an active transaction
&#13;
C:\projetos\sistema\backend\vendor\laravel\framework\src\Illuminate\Database\SQLiteConnection.php:38
C:\projetos\sistema\backend\vendor\laravel\framework\src\Illuminate\Database\Concerns\ManagesTransactions.php:154
C:\projetos\sistema\backend\vendor\laravel\framework\src\Illuminate\Database\Concerns\ManagesTransactions.php:130
C:\projetos\sistema\backend\vendor\laravel\framework\src\Illuminate\Foundation\Testing\RefreshDatabase.php:147
C:\projetos\sistema\backend\vendor\laravel\framework\src\Illuminate\Foundation\Testing\RefreshDatabase.php:93
C:\projetos\sistema\backend\vendor\laravel\framework\src\Illuminate\Foundation\Testing\RefreshDatabase.php:25
C:\projetos\sistema\backend\vendor\laravel\framework\src\Illuminate\Foundation\Testing\Concerns\InteractsWithTestCaseLifecycle.php:217
C:\projetos\sistema\backend\vendor\laravel\framework\src\Illuminate\Foundation\Testing\Concerns\InteractsWithTestCaseLifecycle.php:101
C:\projetos\sistema\backend\vendor\laravel\framework\src\Illuminate\Foundation\Testing\TestCase.php:63
C:\projetos\sistema\backend\tests\Feature\TenantTest.php:21</error>
        </testcase>
        <testcase name="test_cannot_destroy_tenant_with_users" file="C:\projetos\sistema\backend\tests\Feature\TenantTest.php" line="132" class="Tests\Feature\TenantTest" classname="Tests.Feature.TenantTest" assertions="0" time="0.000000">
          <error type="PDOException">Tests\Feature\TenantTest::test_cannot_destroy_tenant_with_users&#13;
PDOException: There is already an active transaction
&#13;
C:\projetos\sistema\backend\vendor\laravel\framework\src\Illuminate\Database\SQLiteConnection.php:38
C:\projetos\sistema\backend\vendor\laravel\framework\src\Illuminate\Database\Concerns\ManagesTransactions.php:154
C:\projetos\sistema\backend\vendor\laravel\framework\src\Illuminate\Database\Concerns\ManagesTransactions.php:130
C:\projetos\sistema\backend\vendor\laravel\framework\src\Illuminate\Foundation\Testing\RefreshDatabase.php:147
C:\projetos\sistema\backend\vendor\laravel\framework\src\Illuminate\Foundation\Testing\RefreshDatabase.php:93
C:\projetos\sistema\backend\vendor\laravel\framework\src\Illuminate\Foundation\Testing\RefreshDatabase.php:25
C:\projetos\sistema\backend\vendor\laravel\framework\src\Illuminate\Foundation\Testing\Concerns\InteractsWithTestCaseLifecycle.php:217
C:\projetos\sistema\backend\vendor\laravel\framework\src\Illuminate\Foundation\Testing\Concerns\InteractsWithTestCaseLifecycle.php:101
C:\projetos\sistema\backend\vendor\laravel\framework\src\Illuminate\Foundation\Testing\TestCase.php:63
C:\projetos\sistema\backend\tests\Feature\TenantTest.php:21</error>
        </testcase>
        <testcase name="test_cannot_destroy_tenant_with_branches" file="C:\projetos\sistema\backend\tests\Feature\TenantTest.php" line="143" class="Tests\Feature\TenantTest" classname="Tests.Feature.TenantTest" assertions="0" time="0.000000">
          <error type="PDOException">Tests\Feature\TenantTest::test_cannot_destroy_tenant_with_branches&#13;
PDOException: There is already an active transaction
&#13;
C:\projetos\sistema\backend\vendor\laravel\framework\src\Illuminate\Database\SQLiteConnection.php:38
C:\projetos\sistema\backend\vendor\laravel\framework\src\Illuminate\Database\Concerns\ManagesTransactions.php:154
C:\projetos\sistema\backend\vendor\laravel\framework\src\Illuminate\Database\Concerns\ManagesTransactions.php:130
C:\projetos\sistema\backend\vendor\laravel\framework\src\Illuminate\Foundation\Testing\RefreshDatabase.php:147
C:\projetos\sistema\backend\vendor\laravel\framework\src\Illuminate\Foundation\Testing\RefreshDatabase.php:93
C:\projetos\sistema\backend\vendor\laravel\framework\src\Illuminate\Foundation\Testing\RefreshDatabase.php:25
C:\projetos\sistema\backend\vendor\laravel\framework\src\Illuminate\Foundation\Testing\Concerns\InteractsWithTestCaseLifecycle.php:217
C:\projetos\sistema\backend\vendor\laravel\framework\src\Illuminate\Foundation\Testing\Concerns\InteractsWithTestCaseLifecycle.php:101
C:\projetos\sistema\backend\vendor\laravel\framework\src\Illuminate\Foundation\Testing\TestCase.php:63
C:\projetos\sistema\backend\tests\Feature\TenantTest.php:21</error>
        </testcase>
        <testcase name="test_stats" file="C:\projetos\sistema\backend\tests\Feature\TenantTest.php" line="154" class="Tests\Feature\TenantTest" classname="Tests.Feature.TenantTest" assertions="0" time="0.000000">
          <error type="PDOException">Tests\Feature\TenantTest::test_stats&#13;
PDOException: There is already an active transaction
&#13;
C:\projetos\sistema\backend\vendor\laravel\framework\src\Illuminate\Database\SQLiteConnection.php:38
C:\projetos\sistema\backend\vendor\laravel\framework\src\Illuminate\Database\Concerns\ManagesTransactions.php:154
C:\projetos\sistema\backend\vendor\laravel\framework\src\Illuminate\Database\Concerns\ManagesTransactions.php:130
C:\projetos\sistema\backend\vendor\laravel\framework\src\Illuminate\Foundation\Testing\RefreshDatabase.php:147
C:\projetos\sistema\backend\vendor\laravel\framework\src\Illuminate\Foundation\Testing\RefreshDatabase.php:93
C:\projetos\sistema\backend\vendor\laravel\framework\src\Illuminate\Foundation\Testing\RefreshDatabase.php:25
C:\projetos\sistema\backend\vendor\laravel\framework\src\Illuminate\Foundation\Testing\Concerns\InteractsWithTestCaseLifecycle.php:217
C:\projetos\sistema\backend\vendor\laravel\framework\src\Illuminate\Foundation\Testing\Concerns\InteractsWithTestCaseLifecycle.php:101
C:\projetos\sistema\backend\vendor\laravel\framework\src\Illuminate\Foundation\Testing\TestCase.php:63
C:\projetos\sistema\backend\tests\Feature\TenantTest.php:21</error>
        </testcase>
        <testcase name="test_invite_new_user" file="C:\projetos\sistema\backend\tests\Feature\TenantTest.php" line="164" class="Tests\Feature\TenantTest" classname="Tests.Feature.TenantTest" assertions="0" time="0.000000">
          <error type="PDOException">Tests\Feature\TenantTest::test_invite_new_user&#13;
PDOException: There is already an active transaction
&#13;
C:\projetos\sistema\backend\vendor\laravel\framework\src\Illuminate\Database\SQLiteConnection.php:38
C:\projetos\sistema\backend\vendor\laravel\framework\src\Illuminate\Database\Concerns\ManagesTransactions.php:154
C:\projetos\sistema\backend\vendor\laravel\framework\src\Illuminate\Database\Concerns\ManagesTransactions.php:130
C:\projetos\sistema\backend\vendor\laravel\framework\src\Illuminate\Foundation\Testing\RefreshDatabase.php:147
C:\projetos\sistema\backend\vendor\laravel\framework\src\Illuminate\Foundation\Testing\RefreshDatabase.php:93
C:\projetos\sistema\backend\vendor\laravel\framework\src\Illuminate\Foundation\Testing\RefreshDatabase.php:25
C:\projetos\sistema\backend\vendor\laravel\framework\src\Illuminate\Foundation\Testing\Concerns\InteractsWithTestCaseLifecycle.php:217
C:\projetos\sistema\backend\vendor\laravel\framework\src\Illuminate\Foundation\Testing\Concerns\InteractsWithTestCaseLifecycle.php:101
C:\projetos\sistema\backend\vendor\laravel\framework\src\Illuminate\Foundation\Testing\TestCase.php:63
C:\projetos\sistema\backend\tests\Feature\TenantTest.php:21</error>
        </testcase>
        <testcase name="test_invite_existing_user" file="C:\projetos\sistema\backend\tests\Feature\TenantTest.php" line="181" class="Tests\Feature\TenantTest" classname="Tests.Feature.TenantTest" assertions="0" time="0.000000">
          <error type="PDOException">Tests\Feature\TenantTest::test_invite_existing_user&#13;
PDOException: There is already an active transaction
&#13;
C:\projetos\sistema\backend\vendor\laravel\framework\src\Illuminate\Database\SQLiteConnection.php:38
C:\projetos\sistema\backend\vendor\laravel\framework\src\Illuminate\Database\Concerns\ManagesTransactions.php:154
C:\projetos\sistema\backend\vendor\laravel\framework\src\Illuminate\Database\Concerns\ManagesTransactions.php:130
C:\projetos\sistema\backend\vendor\laravel\framework\src\Illuminate\Foundation\Testing\RefreshDatabase.php:147
C:\projetos\sistema\backend\vendor\laravel\framework\src\Illuminate\Foundation\Testing\RefreshDatabase.php:93
C:\projetos\sistema\backend\vendor\laravel\framework\src\Illuminate\Foundation\Testing\RefreshDatabase.php:25
C:\projetos\sistema\backend\vendor\laravel\framework\src\Illuminate\Foundation\Testing\Concerns\InteractsWithTestCaseLifecycle.php:217
C:\projetos\sistema\backend\vendor\laravel\framework\src\Illuminate\Foundation\Testing\Concerns\InteractsWithTestCaseLifecycle.php:101
C:\projetos\sistema\backend\vendor\laravel\framework\src\Illuminate\Foundation\Testing\TestCase.php:63
C:\projetos\sistema\backend\tests\Feature\TenantTest.php:21</error>
        </testcase>
        <testcase name="test_cannot_invite_already_member" file="C:\projetos\sistema\backend\tests\Feature\TenantTest.php" line="202" class="Tests\Feature\TenantTest" classname="Tests.Feature.TenantTest" assertions="0" time="0.000000">
          <error type="PDOException">Tests\Feature\TenantTest::test_cannot_invite_already_member&#13;
PDOException: There is already an active transaction
&#13;
C:\projetos\sistema\backend\vendor\laravel\framework\src\Illuminate\Database\SQLiteConnection.php:38
C:\projetos\sistema\backend\vendor\laravel\framework\src\Illuminate\Database\Concerns\ManagesTransactions.php:154
C:\projetos\sistema\backend\vendor\laravel\framework\src\Illuminate\Database\Concerns\ManagesTransactions.php:130
C:\projetos\sistema\backend\vendor\laravel\framework\src\Illuminate\Foundation\Testing\RefreshDatabase.php:147
C:\projetos\sistema\backend\vendor\laravel\framework\src\Illuminate\Foundation\Testing\RefreshDatabase.php:93
C:\projetos\sistema\backend\vendor\laravel\framework\src\Illuminate\Foundation\Testing\RefreshDatabase.php:25
C:\projetos\sistema\backend\vendor\laravel\framework\src\Illuminate\Foundation\Testing\Concerns\InteractsWithTestCaseLifecycle.php:217
C:\projetos\sistema\backend\vendor\laravel\framework\src\Illuminate\Foundation\Testing\Concerns\InteractsWithTestCaseLifecycle.php:101
C:\projetos\sistema\backend\vendor\laravel\framework\src\Illuminate\Foundation\Testing\TestCase.php:63
C:\projetos\sistema\backend\tests\Feature\TenantTest.php:21</error>
        </testcase>
        <testcase name="test_remove_user_from_tenant" file="C:\projetos\sistema\backend\tests\Feature\TenantTest.php" line="213" class="Tests\Feature\TenantTest" classname="Tests.Feature.TenantTest" assertions="0" time="0.000000">
          <error type="PDOException">Tests\Feature\TenantTest::test_remove_user_from_tenant&#13;
PDOException: There is already an active transaction
&#13;
C:\projetos\sistema\backend\vendor\laravel\framework\src\Illuminate\Database\SQLiteConnection.php:38
C:\projetos\sistema\backend\vendor\laravel\framework\src\Illuminate\Database\Concerns\ManagesTransactions.php:154
C:\projetos\sistema\backend\vendor\laravel\framework\src\Illuminate\Database\Concerns\ManagesTransactions.php:130
C:\projetos\sistema\backend\vendor\laravel\framework\src\Illuminate\Foundation\Testing\RefreshDatabase.php:147
C:\projetos\sistema\backend\vendor\laravel\framework\src\Illuminate\Foundation\Testing\RefreshDatabase.php:93
C:\projetos\sistema\backend\vendor\laravel\framework\src\Illuminate\Foundation\Testing\RefreshDatabase.php:25
C:\projetos\sistema\backend\vendor\laravel\framework\src\Illuminate\Foundation\Testing\Concerns\InteractsWithTestCaseLifecycle.php:217
C:\projetos\sistema\backend\vendor\laravel\framework\src\Illuminate\Foundation\Testing\Concerns\InteractsWithTestCaseLifecycle.php:101
C:\projetos\sistema\backend\vendor\laravel\framework\src\Illuminate\Foundation\Testing\TestCase.php:63
C:\projetos\sistema\backend\tests\Feature\TenantTest.php:21</error>
        </testcase>
        <testcase name="test_cannot_remove_nonmember_user" file="C:\projetos\sistema\backend\tests\Feature\TenantTest.php" line="230" class="Tests\Feature\TenantTest" classname="Tests.Feature.TenantTest" assertions="0" time="0.000000">
          <error type="PDOException">Tests\Feature\TenantTest::test_cannot_remove_nonmember_user&#13;
PDOException: There is already an active transaction
&#13;
C:\projetos\sistema\backend\vendor\laravel\framework\src\Illuminate\Database\SQLiteConnection.php:38
C:\projetos\sistema\backend\vendor\laravel\framework\src\Illuminate\Database\Concerns\ManagesTransactions.php:154
C:\projetos\sistema\backend\vendor\laravel\framework\src\Illuminate\Database\Concerns\ManagesTransactions.php:130
C:\projetos\sistema\backend\vendor\laravel\framework\src\Illuminate\Foundation\Testing\RefreshDatabase.php:147
C:\projetos\sistema\backend\vendor\laravel\framework\src\Illuminate\Foundation\Testing\RefreshDatabase.php:93
C:\projetos\sistema\backend\vendor\laravel\framework\src\Illuminate\Foundation\Testing\RefreshDatabase.php:25
C:\projetos\sistema\backend\vendor\laravel\framework\src\Illuminate\Foundation\Testing\Concerns\InteractsWithTestCaseLifecycle.php:217
C:\projetos\sistema\backend\vendor\laravel\framework\src\Illuminate\Foundation\Testing\Concerns\InteractsWithTestCaseLifecycle.php:101
C:\projetos\sistema\backend\vendor\laravel\framework\src\Illuminate\Foundation\Testing\TestCase.php:63
C:\projetos\sistema\backend\tests\Feature\TenantTest.php:21</error>
        </testcase>
        <testcase name="test_list_branches" file="C:\projetos\sistema\backend\tests\Feature\TenantTest.php" line="242" class="Tests\Feature\TenantTest" classname="Tests.Feature.TenantTest" assertions="0" time="0.000000">
          <error type="PDOException">Tests\Feature\TenantTest::test_list_branches&#13;
PDOException: There is already an active transaction
&#13;
C:\projetos\sistema\backend\vendor\laravel\framework\src\Illuminate\Database\SQLiteConnection.php:38
C:\projetos\sistema\backend\vendor\laravel\framework\src\Illuminate\Database\Concerns\ManagesTransactions.php:154
C:\projetos\sistema\backend\vendor\laravel\framework\src\Illuminate\Database\Concerns\ManagesTransactions.php:130
C:\projetos\sistema\backend\vendor\laravel\framework\src\Illuminate\Foundation\Testing\RefreshDatabase.php:147
C:\projetos\sistema\backend\vendor\laravel\framework\src\Illuminate\Foundation\Testing\RefreshDatabase.php:93
C:\projetos\sistema\backend\vendor\laravel\framework\src\Illuminate\Foundation\Testing\RefreshDatabase.php:25
C:\projetos\sistema\backend\vendor\laravel\framework\src\Illuminate\Foundation\Testing\Concerns\InteractsWithTestCaseLifecycle.php:217
C:\projetos\sistema\backend\vendor\laravel\framework\src\Illuminate\Foundation\Testing\Concerns\InteractsWithTestCaseLifecycle.php:101
C:\projetos\sistema\backend\vendor\laravel\framework\src\Illuminate\Foundation\Testing\TestCase.php:63
C:\projetos\sistema\backend\tests\Feature\TenantTest.php:21</error>
        </testcase>
        <testcase name="test_create_branch" file="C:\projetos\sistema\backend\tests\Feature\TenantTest.php" line="251" class="Tests\Feature\TenantTest" classname="Tests.Feature.TenantTest" assertions="0" time="0.000000">
          <error type="PDOException">Tests\Feature\TenantTest::test_create_branch&#13;
PDOException: There is already an active transaction
&#13;
C:\projetos\sistema\backend\vendor\laravel\framework\src\Illuminate\Database\SQLiteConnection.php:38
C:\projetos\sistema\backend\vendor\laravel\framework\src\Illuminate\Database\Concerns\ManagesTransactions.php:154
C:\projetos\sistema\backend\vendor\laravel\framework\src\Illuminate\Database\Concerns\ManagesTransactions.php:130
C:\projetos\sistema\backend\vendor\laravel\framework\src\Illuminate\Foundation\Testing\RefreshDatabase.php:147
C:\projetos\sistema\backend\vendor\laravel\framework\src\Illuminate\Foundation\Testing\RefreshDatabase.php:93
C:\projetos\sistema\backend\vendor\laravel\framework\src\Illuminate\Foundation\Testing\RefreshDatabase.php:25
C:\projetos\sistema\backend\vendor\laravel\framework\src\Illuminate\Foundation\Testing\Concerns\InteractsWithTestCaseLifecycle.php:217
C:\projetos\sistema\backend\vendor\laravel\framework\src\Illuminate\Foundation\Testing\Concerns\InteractsWithTestCaseLifecycle.php:101
C:\projetos\sistema\backend\vendor\laravel\framework\src\Illuminate\Foundation\Testing\TestCase.php:63
C:\projetos\sistema\backend\tests\Feature\TenantTest.php:21</error>
        </testcase>
        <testcase name="test_show_branch" file="C:\projetos\sistema\backend\tests\Feature\TenantTest.php" line="271" class="Tests\Feature\TenantTest" classname="Tests.Feature.TenantTest" assertions="0" time="0.000000">
          <error type="PDOException">Tests\Feature\TenantTest::test_show_branch&#13;
PDOException: There is already an active transaction
&#13;
C:\projetos\sistema\backend\vendor\laravel\framework\src\Illuminate\Database\SQLiteConnection.php:38
C:\projetos\sistema\backend\vendor\laravel\framework\src\Illuminate\Database\Concerns\ManagesTransactions.php:154
C:\projetos\sistema\backend\vendor\laravel\framework\src\Illuminate\Database\Concerns\ManagesTransactions.php:130
C:\projetos\sistema\backend\vendor\laravel\framework\src\Illuminate\Foundation\Testing\RefreshDatabase.php:147
C:\projetos\sistema\backend\vendor\laravel\framework\src\Illuminate\Foundation\Testing\RefreshDatabase.php:93
C:\projetos\sistema\backend\vendor\laravel\framework\src\Illuminate\Foundation\Testing\RefreshDatabase.php:25
C:\projetos\sistema\backend\vendor\laravel\framework\src\Illuminate\Foundation\Testing\Concerns\InteractsWithTestCaseLifecycle.php:217
C:\projetos\sistema\backend\vendor\laravel\framework\src\Illuminate\Foundation\Testing\Concerns\InteractsWithTestCaseLifecycle.php:101
C:\projetos\sistema\backend\vendor\laravel\framework\src\Illuminate\Foundation\Testing\TestCase.php:63
C:\projetos\sistema\backend\tests\Feature\TenantTest.php:21</error>
        </testcase>
        <testcase name="test_cannot_show_branch_from_other_tenant" file="C:\projetos\sistema\backend\tests\Feature\TenantTest.php" line="281" class="Tests\Feature\TenantTest" classname="Tests.Feature.TenantTest" assertions="0" time="0.000000">
          <error type="PDOException">Tests\Feature\TenantTest::test_cannot_show_branch_from_other_tenant&#13;
PDOException: There is already an active transaction
&#13;
C:\projetos\sistema\backend\vendor\laravel\framework\src\Illuminate\Database\SQLiteConnection.php:38
C:\projetos\sistema\backend\vendor\laravel\framework\src\Illuminate\Database\Concerns\ManagesTransactions.php:154
C:\projetos\sistema\backend\vendor\laravel\framework\src\Illuminate\Database\Concerns\ManagesTransactions.php:130
C:\projetos\sistema\backend\vendor\laravel\framework\src\Illuminate\Foundation\Testing\RefreshDatabase.php:147
C:\projetos\sistema\backend\vendor\laravel\framework\src\Illuminate\Foundation\Testing\RefreshDatabase.php:93
C:\projetos\sistema\backend\vendor\laravel\framework\src\Illuminate\Foundation\Testing\RefreshDatabase.php:25
C:\projetos\sistema\backend\vendor\laravel\framework\src\Illuminate\Foundation\Testing\Concerns\InteractsWithTestCaseLifecycle.php:217
C:\projetos\sistema\backend\vendor\laravel\framework\src\Illuminate\Foundation\Testing\Concerns\InteractsWithTestCaseLifecycle.php:101
C:\projetos\sistema\backend\vendor\laravel\framework\src\Illuminate\Foundation\Testing\TestCase.php:63
C:\projetos\sistema\backend\tests\Feature\TenantTest.php:21</error>
        </testcase>
        <testcase name="test_update_branch" file="C:\projetos\sistema\backend\tests\Feature\TenantTest.php" line="291" class="Tests\Feature\TenantTest" classname="Tests.Feature.TenantTest" assertions="0" time="0.000000">
          <error type="PDOException">Tests\Feature\TenantTest::test_update_branch&#13;
PDOException: There is already an active transaction
&#13;
C:\projetos\sistema\backend\vendor\laravel\framework\src\Illuminate\Database\SQLiteConnection.php:38
C:\projetos\sistema\backend\vendor\laravel\framework\src\Illuminate\Database\Concerns\ManagesTransactions.php:154
C:\projetos\sistema\backend\vendor\laravel\framework\src\Illuminate\Database\Concerns\ManagesTransactions.php:130
C:\projetos\sistema\backend\vendor\laravel\framework\src\Illuminate\Foundation\Testing\RefreshDatabase.php:147
C:\projetos\sistema\backend\vendor\laravel\framework\src\Illuminate\Foundation\Testing\RefreshDatabase.php:93
C:\projetos\sistema\backend\vendor\laravel\framework\src\Illuminate\Foundation\Testing\RefreshDatabase.php:25
C:\projetos\sistema\backend\vendor\laravel\framework\src\Illuminate\Foundation\Testing\Concerns\InteractsWithTestCaseLifecycle.php:217
C:\projetos\sistema\backend\vendor\laravel\framework\src\Illuminate\Foundation\Testing\Concerns\InteractsWithTestCaseLifecycle.php:101
C:\projetos\sistema\backend\vendor\laravel\framework\src\Illuminate\Foundation\Testing\TestCase.php:63
C:\projetos\sistema\backend\tests\Feature\TenantTest.php:21</error>
        </testcase>
        <testcase name="test_destroy_branch" file="C:\projetos\sistema\backend\tests\Feature\TenantTest.php" line="303" class="Tests\Feature\TenantTest" classname="Tests.Feature.TenantTest" assertions="0" time="0.000000">
          <error type="PDOException">Tests\Feature\TenantTest::test_destroy_branch&#13;
PDOException: There is already an active transaction
&#13;
C:\projetos\sistema\backend\vendor\laravel\framework\src\Illuminate\Database\SQLiteConnection.php:38
C:\projetos\sistema\backend\vendor\laravel\framework\src\Illuminate\Database\Concerns\ManagesTransactions.php:154
C:\projetos\sistema\backend\vendor\laravel\framework\src\Illuminate\Database\Concerns\ManagesTransactions.php:130
C:\projetos\sistema\backend\vendor\laravel\framework\src\Illuminate\Foundation\Testing\RefreshDatabase.php:147
C:\projetos\sistema\backend\vendor\laravel\framework\src\Illuminate\Foundation\Testing\RefreshDatabase.php:93
C:\projetos\sistema\backend\vendor\laravel\framework\src\Illuminate\Foundation\Testing\RefreshDatabase.php:25
C:\projetos\sistema\backend\vendor\laravel\framework\src\Illuminate\Foundation\Testing\Concerns\InteractsWithTestCaseLifecycle.php:217
C:\projetos\sistema\backend\vendor\laravel\framework\src\Illuminate\Foundation\Testing\Concerns\InteractsWithTestCaseLifecycle.php:101
C:\projetos\sistema\backend\vendor\laravel\framework\src\Illuminate\Foundation\Testing\TestCase.php:63
C:\projetos\sistema\backend\tests\Feature\TenantTest.php:21</error>
        </testcase>
        <testcase name="test_cannot_destroy_branch_from_other_tenant" file="C:\projetos\sistema\backend\tests\Feature\TenantTest.php" line="313" class="Tests\Feature\TenantTest" classname="Tests.Feature.TenantTest" assertions="0" time="0.000000">
          <error type="PDOException">Tests\Feature\TenantTest::test_cannot_destroy_branch_from_other_tenant&#13;
PDOException: There is already an active transaction
&#13;
C:\projetos\sistema\backend\vendor\laravel\framework\src\Illuminate\Database\SQLiteConnection.php:38
C:\projetos\sistema\backend\vendor\laravel\framework\src\Illuminate\Database\Concerns\ManagesTransactions.php:154
C:\projetos\sistema\backend\vendor\laravel\framework\src\Illuminate\Database\Concerns\ManagesTransactions.php:130
C:\projetos\sistema\backend\vendor\laravel\framework\src\Illuminate\Foundation\Testing\RefreshDatabase.php:147
C:\projetos\sistema\backend\vendor\laravel\framework\src\Illuminate\Foundation\Testing\RefreshDatabase.php:93
C:\projetos\sistema\backend\vendor\laravel\framework\src\Illuminate\Foundation\Testing\RefreshDatabase.php:25
C:\projetos\sistema\backend\vendor\laravel\framework\src\Illuminate\Foundation\Testing\Concerns\InteractsWithTestCaseLifecycle.php:217
C:\projetos\sistema\backend\vendor\laravel\framework\src\Illuminate\Foundation\Testing\Concerns\InteractsWithTestCaseLifecycle.php:101
C:\projetos\sistema\backend\vendor\laravel\framework\src\Illuminate\Foundation\Testing\TestCase.php:63
C:\projetos\sistema\backend\tests\Feature\TenantTest.php:21</error>
        </testcase>
        <testcase name="test_cannot_create_branch_with_duplicate_code" file="C:\projetos\sistema\backend\tests\Feature\TenantTest.php" line="323" class="Tests\Feature\TenantTest" classname="Tests.Feature.TenantTest" assertions="0" time="0.000000">
          <error type="PDOException">Tests\Feature\TenantTest::test_cannot_create_branch_with_duplicate_code&#13;
PDOException: There is already an active transaction
&#13;
C:\projetos\sistema\backend\vendor\laravel\framework\src\Illuminate\Database\SQLiteConnection.php:38
C:\projetos\sistema\backend\vendor\laravel\framework\src\Illuminate\Database\Concerns\ManagesTransactions.php:154
C:\projetos\sistema\backend\vendor\laravel\framework\src\Illuminate\Database\Concerns\ManagesTransactions.php:130
C:\projetos\sistema\backend\vendor\laravel\framework\src\Illuminate\Foundation\Testing\RefreshDatabase.php:147
C:\projetos\sistema\backend\vendor\laravel\framework\src\Illuminate\Foundation\Testing\RefreshDatabase.php:93
C:\projetos\sistema\backend\vendor\laravel\framework\src\Illuminate\Foundation\Testing\RefreshDatabase.php:25
C:\projetos\sistema\backend\vendor\laravel\framework\src\Illuminate\Foundation\Testing\Concerns\InteractsWithTestCaseLifecycle.php:217
C:\projetos\sistema\backend\vendor\laravel\framework\src\Illuminate\Foundation\Testing\Concerns\InteractsWithTestCaseLifecycle.php:101
C:\projetos\sistema\backend\vendor\laravel\framework\src\Illuminate\Foundation\Testing\TestCase.php:63
C:\projetos\sistema\backend\tests\Feature\TenantTest.php:21</error>
        </testcase>
        <testcase name="test_duplicate_code_allowed_across_tenants" file="C:\projetos\sistema\backend\tests\Feature\TenantTest.php" line="338" class="Tests\Feature\TenantTest" classname="Tests.Feature.TenantTest" assertions="0" time="0.000000">
          <error type="PDOException">Tests\Feature\TenantTest::test_duplicate_code_allowed_across_tenants&#13;
PDOException: There is already an active transaction
&#13;
C:\projetos\sistema\backend\vendor\laravel\framework\src\Illuminate\Database\SQLiteConnection.php:38
C:\projetos\sistema\backend\vendor\laravel\framework\src\Illuminate\Database\Concerns\ManagesTransactions.php:154
C:\projetos\sistema\backend\vendor\laravel\framework\src\Illuminate\Database\Concerns\ManagesTransactions.php:130
C:\projetos\sistema\backend\vendor\laravel\framework\src\Illuminate\Foundation\Testing\RefreshDatabase.php:147
C:\projetos\sistema\backend\vendor\laravel\framework\src\Illuminate\Foundation\Testing\RefreshDatabase.php:93
C:\projetos\sistema\backend\vendor\laravel\framework\src\Illuminate\Foundation\Testing\RefreshDatabase.php:25
C:\projetos\sistema\backend\vendor\laravel\framework\src\Illuminate\Foundation\Testing\Concerns\InteractsWithTestCaseLifecycle.php:217
C:\projetos\sistema\backend\vendor\laravel\framework\src\Illuminate\Foundation\Testing\Concerns\InteractsWithTestCaseLifecycle.php:101
C:\projetos\sistema\backend\vendor\laravel\framework\src\Illuminate\Foundation\Testing\TestCase.php:63
C:\projetos\sistema\backend\tests\Feature\TenantTest.php:21</error>
        </testcase>
        <testcase name="test_create_branch_without_code" file="C:\projetos\sistema\backend\tests\Feature\TenantTest.php" line="356" class="Tests\Feature\TenantTest" classname="Tests.Feature.TenantTest" assertions="0" time="0.000000">
          <error type="PDOException">Tests\Feature\TenantTest::test_create_branch_without_code&#13;
PDOException: There is already an active transaction
&#13;
C:\projetos\sistema\backend\vendor\laravel\framework\src\Illuminate\Database\SQLiteConnection.php:38
C:\projetos\sistema\backend\vendor\laravel\framework\src\Illuminate\Database\Concerns\ManagesTransactions.php:154
C:\projetos\sistema\backend\vendor\laravel\framework\src\Illuminate\Database\Concerns\ManagesTransactions.php:130
C:\projetos\sistema\backend\vendor\laravel\framework\src\Illuminate\Foundation\Testing\RefreshDatabase.php:147
C:\projetos\sistema\backend\vendor\laravel\framework\src\Illuminate\Foundation\Testing\RefreshDatabase.php:93
C:\projetos\sistema\backend\vendor\laravel\framework\src\Illuminate\Foundation\Testing\RefreshDatabase.php:25
C:\projetos\sistema\backend\vendor\laravel\framework\src\Illuminate\Foundation\Testing\Concerns\InteractsWithTestCaseLifecycle.php:217
C:\projetos\sistema\backend\vendor\laravel\framework\src\Illuminate\Foundation\Testing\Concerns\InteractsWithTestCaseLifecycle.php:101
C:\projetos\sistema\backend\vendor\laravel\framework\src\Illuminate\Foundation\Testing\TestCase.php:63
C:\projetos\sistema\backend\tests\Feature\TenantTest.php:21</error>
        </testcase>
        <testcase name="test_invite_user_with_invalid_role" file="C:\projetos\sistema\backend\tests\Feature\TenantTest.php" line="374" class="Tests\Feature\TenantTest" classname="Tests.Feature.TenantTest" assertions="0" time="0.000000">
          <error type="PDOException">Tests\Feature\TenantTest::test_invite_user_with_invalid_role&#13;
PDOException: There is already an active transaction
&#13;
C:\projetos\sistema\backend\vendor\laravel\framework\src\Illuminate\Database\SQLiteConnection.php:38
C:\projetos\sistema\backend\vendor\laravel\framework\src\Illuminate\Database\Concerns\ManagesTransactions.php:154
C:\projetos\sistema\backend\vendor\laravel\framework\src\Illuminate\Database\Concerns\ManagesTransactions.php:130
C:\projetos\sistema\backend\vendor\laravel\framework\src\Illuminate\Foundation\Testing\RefreshDatabase.php:147
C:\projetos\sistema\backend\vendor\laravel\framework\src\Illuminate\Foundation\Testing\RefreshDatabase.php:93
C:\projetos\sistema\backend\vendor\laravel\framework\src\Illuminate\Foundation\Testing\RefreshDatabase.php:25
C:\projetos\sistema\backend\vendor\laravel\framework\src\Illuminate\Foundation\Testing\Concerns\InteractsWithTestCaseLifecycle.php:217
C:\projetos\sistema\backend\vendor\laravel\framework\src\Illuminate\Foundation\Testing\Concerns\InteractsWithTestCaseLifecycle.php:101
C:\projetos\sistema\backend\vendor\laravel\framework\src\Illuminate\Foundation\Testing\TestCase.php:63
C:\projetos\sistema\backend\tests\Feature\TenantTest.php:21</error>
        </testcase>
        <testcase name="test_tenant_setting_set_and_get_value" file="C:\projetos\sistema\backend\tests\Feature\TenantTest.php" line="387" class="Tests\Feature\TenantTest" classname="Tests.Feature.TenantTest" assertions="0" time="0.000000">
          <error type="PDOException">Tests\Feature\TenantTest::test_tenant_setting_set_and_get_value&#13;
PDOException: There is already an active transaction
&#13;
C:\projetos\sistema\backend\vendor\laravel\framework\src\Illuminate\Database\SQLiteConnection.php:38
C:\projetos\sistema\backend\vendor\laravel\framework\src\Illuminate\Database\Concerns\ManagesTransactions.php:154
C:\projetos\sistema\backend\vendor\laravel\framework\src\Illuminate\Database\Concerns\ManagesTransactions.php:130
C:\projetos\sistema\backend\vendor\laravel\framework\src\Illuminate\Foundation\Testing\RefreshDatabase.php:147
C:\projetos\sistema\backend\vendor\laravel\framework\src\Illuminate\Foundation\Testing\RefreshDatabase.php:93
C:\projetos\sistema\backend\vendor\laravel\framework\src\Illuminate\Foundation\Testing\RefreshDatabase.php:25
C:\projetos\sistema\backend\vendor\laravel\framework\src\Illuminate\Foundation\Testing\Concerns\InteractsWithTestCaseLifecycle.php:217
C:\projetos\sistema\backend\vendor\laravel\framework\src\Illuminate\Foundation\Testing\Concerns\InteractsWithTestCaseLifecycle.php:101
C:\projetos\sistema\backend\vendor\laravel\framework\src\Illuminate\Foundation\Testing\TestCase.php:63
C:\projetos\sistema\backend\tests\Feature\TenantTest.php:21</error>
        </testcase>
        <testcase name="test_tenant_setting_get_returns_default_when_missing" file="C:\projetos\sistema\backend\tests\Feature\TenantTest.php" line="397" class="Tests\Feature\TenantTest" classname="Tests.Feature.TenantTest" assertions="0" time="0.000000">
          <error type="PDOException">Tests\Feature\TenantTest::test_tenant_setting_get_returns_default_when_missing&#13;
PDOException: There is already an active transaction
&#13;
C:\projetos\sistema\backend\vendor\laravel\framework\src\Illuminate\Database\SQLiteConnection.php:38
C:\projetos\sistema\backend\vendor\laravel\framework\src\Illuminate\Database\Concerns\ManagesTransactions.php:154
C:\projetos\sistema\backend\vendor\laravel\framework\src\Illuminate\Database\Concerns\ManagesTransactions.php:130
C:\projetos\sistema\backend\vendor\laravel\framework\src\Illuminate\Foundation\Testing\RefreshDatabase.php:147
C:\projetos\sistema\backend\vendor\laravel\framework\src\Illuminate\Foundation\Testing\RefreshDatabase.php:93
C:\projetos\sistema\backend\vendor\laravel\framework\src\Illuminate\Foundation\Testing\RefreshDatabase.php:25
C:\projetos\sistema\backend\vendor\laravel\framework\src\Illuminate\Foundation\Testing\Concerns\InteractsWithTestCaseLifecycle.php:217
C:\projetos\sistema\backend\vendor\laravel\framework\src\Illuminate\Foundation\Testing\Concerns\InteractsWithTestCaseLifecycle.php:101
C:\projetos\sistema\backend\vendor\laravel\framework\src\Illuminate\Foundation\Testing\TestCase.php:63
C:\projetos\sistema\backend\tests\Feature\TenantTest.php:21</error>
        </testcase>
        <testcase name="test_tenant_setting_set_updates_existing" file="C:\projetos\sistema\backend\tests\Feature\TenantTest.php" line="404" class="Tests\Feature\TenantTest" classname="Tests.Feature.TenantTest" assertions="0" time="0.000000">
          <error type="PDOException">Tests\Feature\TenantTest::test_tenant_setting_set_updates_existing&#13;
PDOException: There is already an active transaction
&#13;
C:\projetos\sistema\backend\vendor\laravel\framework\src\Illuminate\Database\SQLiteConnection.php:38
C:\projetos\sistema\backend\vendor\laravel\framework\src\Illuminate\Database\Concerns\ManagesTransactions.php:154
C:\projetos\sistema\backend\vendor\laravel\framework\src\Illuminate\Database\Concerns\ManagesTransactions.php:130
C:\projetos\sistema\backend\vendor\laravel\framework\src\Illuminate\Foundation\Testing\RefreshDatabase.php:147
C:\projetos\sistema\backend\vendor\laravel\framework\src\Illuminate\Foundation\Testing\RefreshDatabase.php:93
C:\projetos\sistema\backend\vendor\laravel\framework\src\Illuminate\Foundation\Testing\RefreshDatabase.php:25
C:\projetos\sistema\backend\vendor\laravel\framework\src\Illuminate\Foundation\Testing\Concerns\InteractsWithTestCaseLifecycle.php:217
C:\projetos\sistema\backend\vendor\laravel\framework\src\Illuminate\Foundation\Testing\Concerns\InteractsWithTestCaseLifecycle.php:101
C:\projetos\sistema\backend\vendor\laravel\framework\src\Illuminate\Foundation\Testing\TestCase.php:63
C:\projetos\sistema\backend\tests\Feature\TenantTest.php:21</error>
        </testcase>
        <testcase name="test_destroy_tenant_shows_dependencies" file="C:\projetos\sistema\backend\tests\Feature\TenantTest.php" line="420" class="Tests\Feature\TenantTest" classname="Tests.Feature.TenantTest" assertions="0" time="0.000000">
          <error type="PDOException">Tests\Feature\TenantTest::test_destroy_tenant_shows_dependencies&#13;
PDOException: There is already an active transaction
&#13;
C:\projetos\sistema\backend\vendor\laravel\framework\src\Illuminate\Database\SQLiteConnection.php:38
C:\projetos\sistema\backend\vendor\laravel\framework\src\Illuminate\Database\Concerns\ManagesTransactions.php:154
C:\projetos\sistema\backend\vendor\laravel\framework\src\Illuminate\Database\Concerns\ManagesTransactions.php:130
C:\projetos\sistema\backend\vendor\laravel\framework\src\Illuminate\Foundation\Testing\RefreshDatabase.php:147
C:\projetos\sistema\backend\vendor\laravel\framework\src\Illuminate\Foundation\Testing\RefreshDatabase.php:93
C:\projetos\sistema\backend\vendor\laravel\framework\src\Illuminate\Foundation\Testing\RefreshDatabase.php:25
C:\projetos\sistema\backend\vendor\laravel\framework\src\Illuminate\Foundation\Testing\Concerns\InteractsWithTestCaseLifecycle.php:217
C:\projetos\sistema\backend\vendor\laravel\framework\src\Illuminate\Foundation\Testing\Concerns\InteractsWithTestCaseLifecycle.php:101
C:\projetos\sistema\backend\vendor\laravel\framework\src\Illuminate\Foundation\Testing\TestCase.php:63
C:\projetos\sistema\backend\tests\Feature\TenantTest.php:21</error>
        </testcase>
      </testsuite>
      <testsuite name="Tests\Feature\WorkOrderChecklistResponseTest" file="C:\projetos\sistema\backend\tests\Feature\WorkOrderChecklistResponseTest.php" tests="4" assertions="0" errors="4" failures="0" skipped="0" time="0.000000">
        <testcase name="test_store_saves_responses" file="C:\projetos\sistema\backend\tests\Feature\WorkOrderChecklistResponseTest.php" line="51" class="Tests\Feature\WorkOrderChecklistResponseTest" classname="Tests.Feature.WorkOrderChecklistResponseTest" assertions="0" time="0.000000">
          <error type="PDOException">Tests\Feature\WorkOrderChecklistResponseTest::test_store_saves_responses&#13;
PDOException: There is already an active transaction
&#13;
C:\projetos\sistema\backend\vendor\laravel\framework\src\Illuminate\Database\SQLiteConnection.php:38
C:\projetos\sistema\backend\vendor\laravel\framework\src\Illuminate\Database\Concerns\ManagesTransactions.php:154
C:\projetos\sistema\backend\vendor\laravel\framework\src\Illuminate\Database\Concerns\ManagesTransactions.php:130
C:\projetos\sistema\backend\vendor\laravel\framework\src\Illuminate\Foundation\Testing\RefreshDatabase.php:147
C:\projetos\sistema\backend\vendor\laravel\framework\src\Illuminate\Foundation\Testing\RefreshDatabase.php:93
C:\projetos\sistema\backend\vendor\laravel\framework\src\Illuminate\Foundation\Testing\RefreshDatabase.php:25
C:\projetos\sistema\backend\vendor\laravel\framework\src\Illuminate\Foundation\Testing\Concerns\InteractsWithTestCaseLifecycle.php:217
C:\projetos\sistema\backend\vendor\laravel\framework\src\Illuminate\Foundation\Testing\Concerns\InteractsWithTestCaseLifecycle.php:101
C:\projetos\sistema\backend\vendor\laravel\framework\src\Illuminate\Foundation\Testing\TestCase.php:63
C:\projetos\sistema\backend\tests\Feature\WorkOrderChecklistResponseTest.php:25</error>
        </testcase>
        <testcase name="test_store_fails_if_item_does_not_belong_to_checklist" file="C:\projetos\sistema\backend\tests\Feature\WorkOrderChecklistResponseTest.php" line="89" class="Tests\Feature\WorkOrderChecklistResponseTest" classname="Tests.Feature.WorkOrderChecklistResponseTest" assertions="0" time="0.000000">
          <error type="PDOException">Tests\Feature\WorkOrderChecklistResponseTest::test_store_fails_if_item_does_not_belong_to_checklist&#13;
PDOException: There is already an active transaction
&#13;
C:\projetos\sistema\backend\vendor\laravel\framework\src\Illuminate\Database\SQLiteConnection.php:38
C:\projetos\sistema\backend\vendor\laravel\framework\src\Illuminate\Database\Concerns\ManagesTransactions.php:154
C:\projetos\sistema\backend\vendor\laravel\framework\src\Illuminate\Database\Concerns\ManagesTransactions.php:130
C:\projetos\sistema\backend\vendor\laravel\framework\src\Illuminate\Foundation\Testing\RefreshDatabase.php:147
C:\projetos\sistema\backend\vendor\laravel\framework\src\Illuminate\Foundation\Testing\RefreshDatabase.php:93
C:\projetos\sistema\backend\vendor\laravel\framework\src\Illuminate\Foundation\Testing\RefreshDatabase.php:25
C:\projetos\sistema\backend\vendor\laravel\framework\src\Illuminate\Foundation\Testing\Concerns\InteractsWithTestCaseLifecycle.php:217
C:\projetos\sistema\backend\vendor\laravel\framework\src\Illuminate\Foundation\Testing\Concerns\InteractsWithTestCaseLifecycle.php:101
C:\projetos\sistema\backend\vendor\laravel\framework\src\Illuminate\Foundation\Testing\TestCase.php:63
C:\projetos\sistema\backend\tests\Feature\WorkOrderChecklistResponseTest.php:25</error>
        </testcase>
        <testcase name="test_index_returns_responses" file="C:\projetos\sistema\backend\tests\Feature\WorkOrderChecklistResponseTest.php" line="123" class="Tests\Feature\WorkOrderChecklistResponseTest" classname="Tests.Feature.WorkOrderChecklistResponseTest" assertions="0" time="0.000000">
          <error type="PDOException">Tests\Feature\WorkOrderChecklistResponseTest::test_index_returns_responses&#13;
PDOException: There is already an active transaction
&#13;
C:\projetos\sistema\backend\vendor\laravel\framework\src\Illuminate\Database\SQLiteConnection.php:38
C:\projetos\sistema\backend\vendor\laravel\framework\src\Illuminate\Database\Concerns\ManagesTransactions.php:154
C:\projetos\sistema\backend\vendor\laravel\framework\src\Illuminate\Database\Concerns\ManagesTransactions.php:130
C:\projetos\sistema\backend\vendor\laravel\framework\src\Illuminate\Foundation\Testing\RefreshDatabase.php:147
C:\projetos\sistema\backend\vendor\laravel\framework\src\Illuminate\Foundation\Testing\RefreshDatabase.php:93
C:\projetos\sistema\backend\vendor\laravel\framework\src\Illuminate\Foundation\Testing\RefreshDatabase.php:25
C:\projetos\sistema\backend\vendor\laravel\framework\src\Illuminate\Foundation\Testing\Concerns\InteractsWithTestCaseLifecycle.php:217
C:\projetos\sistema\backend\vendor\laravel\framework\src\Illuminate\Foundation\Testing\Concerns\InteractsWithTestCaseLifecycle.php:101
C:\projetos\sistema\backend\vendor\laravel\framework\src\Illuminate\Foundation\Testing\TestCase.php:63
C:\projetos\sistema\backend\tests\Feature\WorkOrderChecklistResponseTest.php:25</error>
        </testcase>
        <testcase name="test_cannot_access_other_tenant_work_order" file="C:\projetos\sistema\backend\tests\Feature\WorkOrderChecklistResponseTest.php" line="149" class="Tests\Feature\WorkOrderChecklistResponseTest" classname="Tests.Feature.WorkOrderChecklistResponseTest" assertions="0" time="0.000000">
          <error type="PDOException">Tests\Feature\WorkOrderChecklistResponseTest::test_cannot_access_other_tenant_work_order&#13;
PDOException: There is already an active transaction
&#13;
C:\projetos\sistema\backend\vendor\laravel\framework\src\Illuminate\Database\SQLiteConnection.php:38
C:\projetos\sistema\backend\vendor\laravel\framework\src\Illuminate\Database\Concerns\ManagesTransactions.php:154
C:\projetos\sistema\backend\vendor\laravel\framework\src\Illuminate\Database\Concerns\ManagesTransactions.php:130
C:\projetos\sistema\backend\vendor\laravel\framework\src\Illuminate\Foundation\Testing\RefreshDatabase.php:147
C:\projetos\sistema\backend\vendor\laravel\framework\src\Illuminate\Foundation\Testing\RefreshDatabase.php:93
C:\projetos\sistema\backend\vendor\laravel\framework\src\Illuminate\Foundation\Testing\RefreshDatabase.php:25
C:\projetos\sistema\backend\vendor\laravel\framework\src\Illuminate\Foundation\Testing\Concerns\InteractsWithTestCaseLifecycle.php:217
C:\projetos\sistema\backend\vendor\laravel\framework\src\Illuminate\Foundation\Testing\Concerns\InteractsWithTestCaseLifecycle.php:101
C:\projetos\sistema\backend\vendor\laravel\framework\src\Illuminate\Foundation\Testing\TestCase.php:63
C:\projetos\sistema\backend\tests\Feature\WorkOrderChecklistResponseTest.php:25</error>
        </testcase>
      </testsuite>
      <testsuite name="Tests\Feature\WorkOrderLifecycleE2ETest" file="C:\projetos\sistema\backend\tests\Feature\WorkOrderLifecycleE2ETest.php" tests="12" assertions="0" errors="12" failures="0" skipped="0" time="0.000000">
        <testcase name="test_create_work_order_with_items" file="C:\projetos\sistema\backend\tests\Feature\WorkOrderLifecycleE2ETest.php" line="73" class="Tests\Feature\WorkOrderLifecycleE2ETest" classname="Tests.Feature.WorkOrderLifecycleE2ETest" assertions="0" time="0.000000">
          <error type="PDOException">Tests\Feature\WorkOrderLifecycleE2ETest::test_create_work_order_with_items&#13;
PDOException: There is already an active transaction
&#13;
C:\projetos\sistema\backend\vendor\laravel\framework\src\Illuminate\Database\SQLiteConnection.php:38
C:\projetos\sistema\backend\vendor\laravel\framework\src\Illuminate\Database\Concerns\ManagesTransactions.php:154
C:\projetos\sistema\backend\vendor\laravel\framework\src\Illuminate\Database\Concerns\ManagesTransactions.php:130
C:\projetos\sistema\backend\vendor\laravel\framework\src\Illuminate\Foundation\Testing\RefreshDatabase.php:147
C:\projetos\sistema\backend\vendor\laravel\framework\src\Illuminate\Foundation\Testing\RefreshDatabase.php:93
C:\projetos\sistema\backend\vendor\laravel\framework\src\Illuminate\Foundation\Testing\RefreshDatabase.php:25
C:\projetos\sistema\backend\vendor\laravel\framework\src\Illuminate\Foundation\Testing\Concerns\InteractsWithTestCaseLifecycle.php:217
C:\projetos\sistema\backend\vendor\laravel\framework\src\Illuminate\Foundation\Testing\Concerns\InteractsWithTestCaseLifecycle.php:101
C:\projetos\sistema\backend\vendor\laravel\framework\src\Illuminate\Foundation\Testing\TestCase.php:63
C:\projetos\sistema\backend\tests\Feature\WorkOrderLifecycleE2ETest.php:44</error>
        </testcase>
        <testcase name="test_add_item_to_work_order" file="C:\projetos\sistema\backend\tests\Feature\WorkOrderLifecycleE2ETest.php" line="96" class="Tests\Feature\WorkOrderLifecycleE2ETest" classname="Tests.Feature.WorkOrderLifecycleE2ETest" assertions="0" time="0.000000">
          <error type="PDOException">Tests\Feature\WorkOrderLifecycleE2ETest::test_add_item_to_work_order&#13;
PDOException: There is already an active transaction
&#13;
C:\projetos\sistema\backend\vendor\laravel\framework\src\Illuminate\Database\SQLiteConnection.php:38
C:\projetos\sistema\backend\vendor\laravel\framework\src\Illuminate\Database\Concerns\ManagesTransactions.php:154
C:\projetos\sistema\backend\vendor\laravel\framework\src\Illuminate\Database\Concerns\ManagesTransactions.php:130
C:\projetos\sistema\backend\vendor\laravel\framework\src\Illuminate\Foundation\Testing\RefreshDatabase.php:147
C:\projetos\sistema\backend\vendor\laravel\framework\src\Illuminate\Foundation\Testing\RefreshDatabase.php:93
C:\projetos\sistema\backend\vendor\laravel\framework\src\Illuminate\Foundation\Testing\RefreshDatabase.php:25
C:\projetos\sistema\backend\vendor\laravel\framework\src\Illuminate\Foundation\Testing\Concerns\InteractsWithTestCaseLifecycle.php:217
C:\projetos\sistema\backend\vendor\laravel\framework\src\Illuminate\Foundation\Testing\Concerns\InteractsWithTestCaseLifecycle.php:101
C:\projetos\sistema\backend\vendor\laravel\framework\src\Illuminate\Foundation\Testing\TestCase.php:63
C:\projetos\sistema\backend\tests\Feature\WorkOrderLifecycleE2ETest.php:44</error>
        </testcase>
        <testcase name="test_associate_equipment_to_work_order" file="C:\projetos\sistema\backend\tests\Feature\WorkOrderLifecycleE2ETest.php" line="123" class="Tests\Feature\WorkOrderLifecycleE2ETest" classname="Tests.Feature.WorkOrderLifecycleE2ETest" assertions="0" time="0.000000">
          <error type="PDOException">Tests\Feature\WorkOrderLifecycleE2ETest::test_associate_equipment_to_work_order&#13;
PDOException: There is already an active transaction
&#13;
C:\projetos\sistema\backend\vendor\laravel\framework\src\Illuminate\Database\SQLiteConnection.php:38
C:\projetos\sistema\backend\vendor\laravel\framework\src\Illuminate\Database\Concerns\ManagesTransactions.php:154
C:\projetos\sistema\backend\vendor\laravel\framework\src\Illuminate\Database\Concerns\ManagesTransactions.php:130
C:\projetos\sistema\backend\vendor\laravel\framework\src\Illuminate\Foundation\Testing\RefreshDatabase.php:147
C:\projetos\sistema\backend\vendor\laravel\framework\src\Illuminate\Foundation\Testing\RefreshDatabase.php:93
C:\projetos\sistema\backend\vendor\laravel\framework\src\Illuminate\Foundation\Testing\RefreshDatabase.php:25
C:\projetos\sistema\backend\vendor\laravel\framework\src\Illuminate\Foundation\Testing\Concerns\InteractsWithTestCaseLifecycle.php:217
C:\projetos\sistema\backend\vendor\laravel\framework\src\Illuminate\Foundation\Testing\Concerns\InteractsWithTestCaseLifecycle.php:101
C:\projetos\sistema\backend\vendor\laravel\framework\src\Illuminate\Foundation\Testing\TestCase.php:63
C:\projetos\sistema\backend\tests\Feature\WorkOrderLifecycleE2ETest.php:44</error>
        </testcase>
        <testcase name="test_start_work_order" file="C:\projetos\sistema\backend\tests\Feature\WorkOrderLifecycleE2ETest.php" line="145" class="Tests\Feature\WorkOrderLifecycleE2ETest" classname="Tests.Feature.WorkOrderLifecycleE2ETest" assertions="0" time="0.000000">
          <error type="PDOException">Tests\Feature\WorkOrderLifecycleE2ETest::test_start_work_order&#13;
PDOException: There is already an active transaction
&#13;
C:\projetos\sistema\backend\vendor\laravel\framework\src\Illuminate\Database\SQLiteConnection.php:38
C:\projetos\sistema\backend\vendor\laravel\framework\src\Illuminate\Database\Concerns\ManagesTransactions.php:154
C:\projetos\sistema\backend\vendor\laravel\framework\src\Illuminate\Database\Concerns\ManagesTransactions.php:130
C:\projetos\sistema\backend\vendor\laravel\framework\src\Illuminate\Foundation\Testing\RefreshDatabase.php:147
C:\projetos\sistema\backend\vendor\laravel\framework\src\Illuminate\Foundation\Testing\RefreshDatabase.php:93
C:\projetos\sistema\backend\vendor\laravel\framework\src\Illuminate\Foundation\Testing\RefreshDatabase.php:25
C:\projetos\sistema\backend\vendor\laravel\framework\src\Illuminate\Foundation\Testing\Concerns\InteractsWithTestCaseLifecycle.php:217
C:\projetos\sistema\backend\vendor\laravel\framework\src\Illuminate\Foundation\Testing\Concerns\InteractsWithTestCaseLifecycle.php:101
C:\projetos\sistema\backend\vendor\laravel\framework\src\Illuminate\Foundation\Testing\TestCase.php:63
C:\projetos\sistema\backend\tests\Feature\WorkOrderLifecycleE2ETest.php:44</error>
        </testcase>
        <testcase name="test_complete_work_order" file="C:\projetos\sistema\backend\tests\Feature\WorkOrderLifecycleE2ETest.php" line="168" class="Tests\Feature\WorkOrderLifecycleE2ETest" classname="Tests.Feature.WorkOrderLifecycleE2ETest" assertions="0" time="0.000000">
          <error type="PDOException">Tests\Feature\WorkOrderLifecycleE2ETest::test_complete_work_order&#13;
PDOException: There is already an active transaction
&#13;
C:\projetos\sistema\backend\vendor\laravel\framework\src\Illuminate\Database\SQLiteConnection.php:38
C:\projetos\sistema\backend\vendor\laravel\framework\src\Illuminate\Database\Concerns\ManagesTransactions.php:154
C:\projetos\sistema\backend\vendor\laravel\framework\src\Illuminate\Database\Concerns\ManagesTransactions.php:130
C:\projetos\sistema\backend\vendor\laravel\framework\src\Illuminate\Foundation\Testing\RefreshDatabase.php:147
C:\projetos\sistema\backend\vendor\laravel\framework\src\Illuminate\Foundation\Testing\RefreshDatabase.php:93
C:\projetos\sistema\backend\vendor\laravel\framework\src\Illuminate\Foundation\Testing\RefreshDatabase.php:25
C:\projetos\sistema\backend\vendor\laravel\framework\src\Illuminate\Foundation\Testing\Concerns\InteractsWithTestCaseLifecycle.php:217
C:\projetos\sistema\backend\vendor\laravel\framework\src\Illuminate\Foundation\Testing\Concerns\InteractsWithTestCaseLifecycle.php:101
C:\projetos\sistema\backend\vendor\laravel\framework\src\Illuminate\Foundation\Testing\TestCase.php:63
C:\projetos\sistema\backend\tests\Feature\WorkOrderLifecycleE2ETest.php:44</error>
        </testcase>
        <testcase name="test_deliver_work_order" file="C:\projetos\sistema\backend\tests\Feature\WorkOrderLifecycleE2ETest.php" line="190" class="Tests\Feature\WorkOrderLifecycleE2ETest" classname="Tests.Feature.WorkOrderLifecycleE2ETest" assertions="0" time="0.000000">
          <error type="PDOException">Tests\Feature\WorkOrderLifecycleE2ETest::test_deliver_work_order&#13;
PDOException: There is already an active transaction
&#13;
C:\projetos\sistema\backend\vendor\laravel\framework\src\Illuminate\Database\SQLiteConnection.php:38
C:\projetos\sistema\backend\vendor\laravel\framework\src\Illuminate\Database\Concerns\ManagesTransactions.php:154
C:\projetos\sistema\backend\vendor\laravel\framework\src\Illuminate\Database\Concerns\ManagesTransactions.php:130
C:\projetos\sistema\backend\vendor\laravel\framework\src\Illuminate\Foundation\Testing\RefreshDatabase.php:147
C:\projetos\sistema\backend\vendor\laravel\framework\src\Illuminate\Foundation\Testing\RefreshDatabase.php:93
C:\projetos\sistema\backend\vendor\laravel\framework\src\Illuminate\Foundation\Testing\RefreshDatabase.php:25
C:\projetos\sistema\backend\vendor\laravel\framework\src\Illuminate\Foundation\Testing\Concerns\InteractsWithTestCaseLifecycle.php:217
C:\projetos\sistema\backend\vendor\laravel\framework\src\Illuminate\Foundation\Testing\Concerns\InteractsWithTestCaseLifecycle.php:101
C:\projetos\sistema\backend\vendor\laravel\framework\src\Illuminate\Foundation\Testing\TestCase.php:63
C:\projetos\sistema\backend\tests\Feature\WorkOrderLifecycleE2ETest.php:44</error>
        </testcase>
        <testcase name="test_invoice_work_order" file="C:\projetos\sistema\backend\tests\Feature\WorkOrderLifecycleE2ETest.php" line="210" class="Tests\Feature\WorkOrderLifecycleE2ETest" classname="Tests.Feature.WorkOrderLifecycleE2ETest" assertions="0" time="0.000000">
          <error type="PDOException">Tests\Feature\WorkOrderLifecycleE2ETest::test_invoice_work_order&#13;
PDOException: There is already an active transaction
&#13;
C:\projetos\sistema\backend\vendor\laravel\framework\src\Illuminate\Database\SQLiteConnection.php:38
C:\projetos\sistema\backend\vendor\laravel\framework\src\Illuminate\Database\Concerns\ManagesTransactions.php:154
C:\projetos\sistema\backend\vendor\laravel\framework\src\Illuminate\Database\Concerns\ManagesTransactions.php:130
C:\projetos\sistema\backend\vendor\laravel\framework\src\Illuminate\Foundation\Testing\RefreshDatabase.php:147
C:\projetos\sistema\backend\vendor\laravel\framework\src\Illuminate\Foundation\Testing\RefreshDatabase.php:93
C:\projetos\sistema\backend\vendor\laravel\framework\src\Illuminate\Foundation\Testing\RefreshDatabase.php:25
C:\projetos\sistema\backend\vendor\laravel\framework\src\Illuminate\Foundation\Testing\Concerns\InteractsWithTestCaseLifecycle.php:217
C:\projetos\sistema\backend\vendor\laravel\framework\src\Illuminate\Foundation\Testing\Concerns\InteractsWithTestCaseLifecycle.php:101
C:\projetos\sistema\backend\vendor\laravel\framework\src\Illuminate\Foundation\Testing\TestCase.php:63
C:\projetos\sistema\backend\tests\Feature\WorkOrderLifecycleE2ETest.php:44</error>
        </testcase>
        <testcase name="test_cancel_work_order" file="C:\projetos\sistema\backend\tests\Feature\WorkOrderLifecycleE2ETest.php" line="235" class="Tests\Feature\WorkOrderLifecycleE2ETest" classname="Tests.Feature.WorkOrderLifecycleE2ETest" assertions="0" time="0.000000">
          <error type="PDOException">Tests\Feature\WorkOrderLifecycleE2ETest::test_cancel_work_order&#13;
PDOException: There is already an active transaction
&#13;
C:\projetos\sistema\backend\vendor\laravel\framework\src\Illuminate\Database\SQLiteConnection.php:38
C:\projetos\sistema\backend\vendor\laravel\framework\src\Illuminate\Database\Concerns\ManagesTransactions.php:154
C:\projetos\sistema\backend\vendor\laravel\framework\src\Illuminate\Database\Concerns\ManagesTransactions.php:130
C:\projetos\sistema\backend\vendor\laravel\framework\src\Illuminate\Foundation\Testing\RefreshDatabase.php:147
C:\projetos\sistema\backend\vendor\laravel\framework\src\Illuminate\Foundation\Testing\RefreshDatabase.php:93
C:\projetos\sistema\backend\vendor\laravel\framework\src\Illuminate\Foundation\Testing\RefreshDatabase.php:25
C:\projetos\sistema\backend\vendor\laravel\framework\src\Illuminate\Foundation\Testing\Concerns\InteractsWithTestCaseLifecycle.php:217
C:\projetos\sistema\backend\vendor\laravel\framework\src\Illuminate\Foundation\Testing\Concerns\InteractsWithTestCaseLifecycle.php:101
C:\projetos\sistema\backend\vendor\laravel\framework\src\Illuminate\Foundation\Testing\TestCase.php:63
C:\projetos\sistema\backend\tests\Feature\WorkOrderLifecycleE2ETest.php:44</error>
        </testcase>
        <testcase name="test_full_lifecycle_flow" file="C:\projetos\sistema\backend\tests\Feature\WorkOrderLifecycleE2ETest.php" line="260" class="Tests\Feature\WorkOrderLifecycleE2ETest" classname="Tests.Feature.WorkOrderLifecycleE2ETest" assertions="0" time="0.000000">
          <error type="PDOException">Tests\Feature\WorkOrderLifecycleE2ETest::test_full_lifecycle_flow&#13;
PDOException: There is already an active transaction
&#13;
C:\projetos\sistema\backend\vendor\laravel\framework\src\Illuminate\Database\SQLiteConnection.php:38
C:\projetos\sistema\backend\vendor\laravel\framework\src\Illuminate\Database\Concerns\ManagesTransactions.php:154
C:\projetos\sistema\backend\vendor\laravel\framework\src\Illuminate\Database\Concerns\ManagesTransactions.php:130
C:\projetos\sistema\backend\vendor\laravel\framework\src\Illuminate\Foundation\Testing\RefreshDatabase.php:147
C:\projetos\sistema\backend\vendor\laravel\framework\src\Illuminate\Foundation\Testing\RefreshDatabase.php:93
C:\projetos\sistema\backend\vendor\laravel\framework\src\Illuminate\Foundation\Testing\RefreshDatabase.php:25
C:\projetos\sistema\backend\vendor\laravel\framework\src\Illuminate\Foundation\Testing\Concerns\InteractsWithTestCaseLifecycle.php:217
C:\projetos\sistema\backend\vendor\laravel\framework\src\Illuminate\Foundation\Testing\Concerns\InteractsWithTestCaseLifecycle.php:101
C:\projetos\sistema\backend\vendor\laravel\framework\src\Illuminate\Foundation\Testing\TestCase.php:63
C:\projetos\sistema\backend\tests\Feature\WorkOrderLifecycleE2ETest.php:44</error>
        </testcase>
        <testcase name="test_duplicate_work_order" file="C:\projetos\sistema\backend\tests\Feature\WorkOrderLifecycleE2ETest.php" line="303" class="Tests\Feature\WorkOrderLifecycleE2ETest" classname="Tests.Feature.WorkOrderLifecycleE2ETest" assertions="0" time="0.000000">
          <error type="PDOException">Tests\Feature\WorkOrderLifecycleE2ETest::test_duplicate_work_order&#13;
PDOException: There is already an active transaction
&#13;
C:\projetos\sistema\backend\vendor\laravel\framework\src\Illuminate\Database\SQLiteConnection.php:38
C:\projetos\sistema\backend\vendor\laravel\framework\src\Illuminate\Database\Concerns\ManagesTransactions.php:154
C:\projetos\sistema\backend\vendor\laravel\framework\src\Illuminate\Database\Concerns\ManagesTransactions.php:130
C:\projetos\sistema\backend\vendor\laravel\framework\src\Illuminate\Foundation\Testing\RefreshDatabase.php:147
C:\projetos\sistema\backend\vendor\laravel\framework\src\Illuminate\Foundation\Testing\RefreshDatabase.php:93
C:\projetos\sistema\backend\vendor\laravel\framework\src\Illuminate\Foundation\Testing\RefreshDatabase.php:25
C:\projetos\sistema\backend\vendor\laravel\framework\src\Illuminate\Foundation\Testing\Concerns\InteractsWithTestCaseLifecycle.php:217
C:\projetos\sistema\backend\vendor\laravel\framework\src\Illuminate\Foundation\Testing\Concerns\InteractsWithTestCaseLifecycle.php:101
C:\projetos\sistema\backend\vendor\laravel\framework\src\Illuminate\Foundation\Testing\TestCase.php:63
C:\projetos\sistema\backend\tests\Feature\WorkOrderLifecycleE2ETest.php:44</error>
        </testcase>
        <testcase name="test_export_work_orders_csv" file="C:\projetos\sistema\backend\tests\Feature\WorkOrderLifecycleE2ETest.php" line="329" class="Tests\Feature\WorkOrderLifecycleE2ETest" classname="Tests.Feature.WorkOrderLifecycleE2ETest" assertions="0" time="0.000000">
          <error type="PDOException">Tests\Feature\WorkOrderLifecycleE2ETest::test_export_work_orders_csv&#13;
PDOException: There is already an active transaction
&#13;
C:\projetos\sistema\backend\vendor\laravel\framework\src\Illuminate\Database\SQLiteConnection.php:38
C:\projetos\sistema\backend\vendor\laravel\framework\src\Illuminate\Database\Concerns\ManagesTransactions.php:154
C:\projetos\sistema\backend\vendor\laravel\framework\src\Illuminate\Database\Concerns\ManagesTransactions.php:130
C:\projetos\sistema\backend\vendor\laravel\framework\src\Illuminate\Foundation\Testing\RefreshDatabase.php:147
C:\projetos\sistema\backend\vendor\laravel\framework\src\Illuminate\Foundation\Testing\RefreshDatabase.php:93
C:\projetos\sistema\backend\vendor\laravel\framework\src\Illuminate\Foundation\Testing\RefreshDatabase.php:25
C:\projetos\sistema\backend\vendor\laravel\framework\src\Illuminate\Foundation\Testing\Concerns\InteractsWithTestCaseLifecycle.php:217
C:\projetos\sistema\backend\vendor\laravel\framework\src\Illuminate\Foundation\Testing\Concerns\InteractsWithTestCaseLifecycle.php:101
C:\projetos\sistema\backend\vendor\laravel\framework\src\Illuminate\Foundation\Testing\TestCase.php:63
C:\projetos\sistema\backend\tests\Feature\WorkOrderLifecycleE2ETest.php:44</error>
        </testcase>
        <testcase name="test_dashboard_reflects_work_order_stats" file="C:\projetos\sistema\backend\tests\Feature\WorkOrderLifecycleE2ETest.php" line="346" class="Tests\Feature\WorkOrderLifecycleE2ETest" classname="Tests.Feature.WorkOrderLifecycleE2ETest" assertions="0" time="0.000000">
          <error type="PDOException">Tests\Feature\WorkOrderLifecycleE2ETest::test_dashboard_reflects_work_order_stats&#13;
PDOException: There is already an active transaction
&#13;
C:\projetos\sistema\backend\vendor\laravel\framework\src\Illuminate\Database\SQLiteConnection.php:38
C:\projetos\sistema\backend\vendor\laravel\framework\src\Illuminate\Database\Concerns\ManagesTransactions.php:154
C:\projetos\sistema\backend\vendor\laravel\framework\src\Illuminate\Database\Concerns\ManagesTransactions.php:130
C:\projetos\sistema\backend\vendor\laravel\framework\src\Illuminate\Foundation\Testing\RefreshDatabase.php:147
C:\projetos\sistema\backend\vendor\laravel\framework\src\Illuminate\Foundation\Testing\RefreshDatabase.php:93
C:\projetos\sistema\backend\vendor\laravel\framework\src\Illuminate\Foundation\Testing\RefreshDatabase.php:25
C:\projetos\sistema\backend\vendor\laravel\framework\src\Illuminate\Foundation\Testing\Concerns\InteractsWithTestCaseLifecycle.php:217
C:\projetos\sistema\backend\vendor\laravel\framework\src\Illuminate\Foundation\Testing\Concerns\InteractsWithTestCaseLifecycle.php:101
C:\projetos\sistema\backend\vendor\laravel\framework\src\Illuminate\Foundation\Testing\TestCase.php:63
C:\projetos\sistema\backend\tests\Feature\WorkOrderLifecycleE2ETest.php:44</error>
        </testcase>
      </testsuite>
      <testsuite name="Tests\Feature\WorkOrderStockTest" file="C:\projetos\sistema\backend\tests\Feature\WorkOrderStockTest.php" tests="2" assertions="0" errors="2" failures="0" skipped="0" time="0.000000">
        <testcase name="test_changing_product_references_correctly_updates_stock" file="C:\projetos\sistema\backend\tests\Feature\WorkOrderStockTest.php" line="28" class="Tests\Feature\WorkOrderStockTest" classname="Tests.Feature.WorkOrderStockTest" assertions="0" time="0.000000">
          <error type="PDOException">Tests\Feature\WorkOrderStockTest::test_changing_product_references_correctly_updates_stock&#13;
PDOException: There is already an active transaction
&#13;
C:\projetos\sistema\backend\vendor\laravel\framework\src\Illuminate\Database\SQLiteConnection.php:38
C:\projetos\sistema\backend\vendor\laravel\framework\src\Illuminate\Database\Concerns\ManagesTransactions.php:154
C:\projetos\sistema\backend\vendor\laravel\framework\src\Illuminate\Database\Concerns\ManagesTransactions.php:130
C:\projetos\sistema\backend\vendor\laravel\framework\src\Illuminate\Foundation\Testing\RefreshDatabase.php:147
C:\projetos\sistema\backend\vendor\laravel\framework\src\Illuminate\Foundation\Testing\RefreshDatabase.php:93
C:\projetos\sistema\backend\vendor\laravel\framework\src\Illuminate\Foundation\Testing\RefreshDatabase.php:25
C:\projetos\sistema\backend\vendor\laravel\framework\src\Illuminate\Foundation\Testing\Concerns\InteractsWithTestCaseLifecycle.php:217
C:\projetos\sistema\backend\vendor\laravel\framework\src\Illuminate\Foundation\Testing\Concerns\InteractsWithTestCaseLifecycle.php:101
C:\projetos\sistema\backend\vendor\laravel\framework\src\Illuminate\Foundation\Testing\TestCase.php:63
C:\projetos\sistema\backend\tests\Feature\WorkOrderStockTest.php:22</error>
        </testcase>
        <testcase name="test_deleting_item_restores_stock" file="C:\projetos\sistema\backend\tests\Feature\WorkOrderStockTest.php" line="75" class="Tests\Feature\WorkOrderStockTest" classname="Tests.Feature.WorkOrderStockTest" assertions="0" time="0.000000">
          <error type="PDOException">Tests\Feature\WorkOrderStockTest::test_deleting_item_restores_stock&#13;
PDOException: There is already an active transaction
&#13;
C:\projetos\sistema\backend\vendor\laravel\framework\src\Illuminate\Database\SQLiteConnection.php:38
C:\projetos\sistema\backend\vendor\laravel\framework\src\Illuminate\Database\Concerns\ManagesTransactions.php:154
C:\projetos\sistema\backend\vendor\laravel\framework\src\Illuminate\Database\Concerns\ManagesTransactions.php:130
C:\projetos\sistema\backend\vendor\laravel\framework\src\Illuminate\Foundation\Testing\RefreshDatabase.php:147
C:\projetos\sistema\backend\vendor\laravel\framework\src\Illuminate\Foundation\Testing\RefreshDatabase.php:93
C:\projetos\sistema\backend\vendor\laravel\framework\src\Illuminate\Foundation\Testing\RefreshDatabase.php:25
C:\projetos\sistema\backend\vendor\laravel\framework\src\Illuminate\Foundation\Testing\Concerns\InteractsWithTestCaseLifecycle.php:217
C:\projetos\sistema\backend\vendor\laravel\framework\src\Illuminate\Foundation\Testing\Concerns\InteractsWithTestCaseLifecycle.php:101
C:\projetos\sistema\backend\vendor\laravel\framework\src\Illuminate\Foundation\Testing\TestCase.php:63
C:\projetos\sistema\backend\tests\Feature\WorkOrderStockTest.php:22</error>
        </testcase>
      </testsuite>
      <testsuite name="Tests\Feature\WorkOrderTest" file="C:\projetos\sistema\backend\tests\Feature\WorkOrderTest.php" tests="23" assertions="0" errors="23" failures="0" skipped="0" time="0.000000">
        <testcase name="test_create_work_order" file="C:\projetos\sistema\backend\tests\Feature\WorkOrderTest.php" line="49" class="Tests\Feature\WorkOrderTest" classname="Tests.Feature.WorkOrderTest" assertions="0" time="0.000000">
          <error type="PDOException">Tests\Feature\WorkOrderTest::test_create_work_order&#13;
PDOException: There is already an active transaction
&#13;
C:\projetos\sistema\backend\vendor\laravel\framework\src\Illuminate\Database\SQLiteConnection.php:38
C:\projetos\sistema\backend\vendor\laravel\framework\src\Illuminate\Database\Concerns\ManagesTransactions.php:154
C:\projetos\sistema\backend\vendor\laravel\framework\src\Illuminate\Database\Concerns\ManagesTransactions.php:130
C:\projetos\sistema\backend\vendor\laravel\framework\src\Illuminate\Foundation\Testing\RefreshDatabase.php:147
C:\projetos\sistema\backend\vendor\laravel\framework\src\Illuminate\Foundation\Testing\RefreshDatabase.php:93
C:\projetos\sistema\backend\vendor\laravel\framework\src\Illuminate\Foundation\Testing\RefreshDatabase.php:25
C:\projetos\sistema\backend\vendor\laravel\framework\src\Illuminate\Foundation\Testing\Concerns\InteractsWithTestCaseLifecycle.php:217
C:\projetos\sistema\backend\vendor\laravel\framework\src\Illuminate\Foundation\Testing\Concerns\InteractsWithTestCaseLifecycle.php:101
C:\projetos\sistema\backend\vendor\laravel\framework\src\Illuminate\Foundation\Testing\TestCase.php:63
C:\projetos\sistema\backend\tests\Feature\WorkOrderTest.php:26</error>
        </testcase>
        <testcase name="test_list_work_orders" file="C:\projetos\sistema\backend\tests\Feature\WorkOrderTest.php" line="66" class="Tests\Feature\WorkOrderTest" classname="Tests.Feature.WorkOrderTest" assertions="0" time="0.000000">
          <error type="PDOException">Tests\Feature\WorkOrderTest::test_list_work_orders&#13;
PDOException: There is already an active transaction
&#13;
C:\projetos\sistema\backend\vendor\laravel\framework\src\Illuminate\Database\SQLiteConnection.php:38
C:\projetos\sistema\backend\vendor\laravel\framework\src\Illuminate\Database\Concerns\ManagesTransactions.php:154
C:\projetos\sistema\backend\vendor\laravel\framework\src\Illuminate\Database\Concerns\ManagesTransactions.php:130
C:\projetos\sistema\backend\vendor\laravel\framework\src\Illuminate\Foundation\Testing\RefreshDatabase.php:147
C:\projetos\sistema\backend\vendor\laravel\framework\src\Illuminate\Foundation\Testing\RefreshDatabase.php:93
C:\projetos\sistema\backend\vendor\laravel\framework\src\Illuminate\Foundation\Testing\RefreshDatabase.php:25
C:\projetos\sistema\backend\vendor\laravel\framework\src\Illuminate\Foundation\Testing\Concerns\InteractsWithTestCaseLifecycle.php:217
C:\projetos\sistema\backend\vendor\laravel\framework\src\Illuminate\Foundation\Testing\Concerns\InteractsWithTestCaseLifecycle.php:101
C:\projetos\sistema\backend\vendor\laravel\framework\src\Illuminate\Foundation\Testing\TestCase.php:63
C:\projetos\sistema\backend\tests\Feature\WorkOrderTest.php:26</error>
        </testcase>
        <testcase name="test_show_work_order" file="C:\projetos\sistema\backend\tests\Feature\WorkOrderTest.php" line="80" class="Tests\Feature\WorkOrderTest" classname="Tests.Feature.WorkOrderTest" assertions="0" time="0.000000">
          <error type="PDOException">Tests\Feature\WorkOrderTest::test_show_work_order&#13;
PDOException: There is already an active transaction
&#13;
C:\projetos\sistema\backend\vendor\laravel\framework\src\Illuminate\Database\SQLiteConnection.php:38
C:\projetos\sistema\backend\vendor\laravel\framework\src\Illuminate\Database\Concerns\ManagesTransactions.php:154
C:\projetos\sistema\backend\vendor\laravel\framework\src\Illuminate\Database\Concerns\ManagesTransactions.php:130
C:\projetos\sistema\backend\vendor\laravel\framework\src\Illuminate\Foundation\Testing\RefreshDatabase.php:147
C:\projetos\sistema\backend\vendor\laravel\framework\src\Illuminate\Foundation\Testing\RefreshDatabase.php:93
C:\projetos\sistema\backend\vendor\laravel\framework\src\Illuminate\Foundation\Testing\RefreshDatabase.php:25
C:\projetos\sistema\backend\vendor\laravel\framework\src\Illuminate\Foundation\Testing\Concerns\InteractsWithTestCaseLifecycle.php:217
C:\projetos\sistema\backend\vendor\laravel\framework\src\Illuminate\Foundation\Testing\Concerns\InteractsWithTestCaseLifecycle.php:101
C:\projetos\sistema\backend\vendor\laravel\framework\src\Illuminate\Foundation\Testing\TestCase.php:63
C:\projetos\sistema\backend\tests\Feature\WorkOrderTest.php:26</error>
        </testcase>
        <testcase name="test_update_work_order" file="C:\projetos\sistema\backend\tests\Feature\WorkOrderTest.php" line="94" class="Tests\Feature\WorkOrderTest" classname="Tests.Feature.WorkOrderTest" assertions="0" time="0.000000">
          <error type="PDOException">Tests\Feature\WorkOrderTest::test_update_work_order&#13;
PDOException: There is already an active transaction
&#13;
C:\projetos\sistema\backend\vendor\laravel\framework\src\Illuminate\Database\SQLiteConnection.php:38
C:\projetos\sistema\backend\vendor\laravel\framework\src\Illuminate\Database\Concerns\ManagesTransactions.php:154
C:\projetos\sistema\backend\vendor\laravel\framework\src\Illuminate\Database\Concerns\ManagesTransactions.php:130
C:\projetos\sistema\backend\vendor\laravel\framework\src\Illuminate\Foundation\Testing\RefreshDatabase.php:147
C:\projetos\sistema\backend\vendor\laravel\framework\src\Illuminate\Foundation\Testing\RefreshDatabase.php:93
C:\projetos\sistema\backend\vendor\laravel\framework\src\Illuminate\Foundation\Testing\RefreshDatabase.php:25
C:\projetos\sistema\backend\vendor\laravel\framework\src\Illuminate\Foundation\Testing\Concerns\InteractsWithTestCaseLifecycle.php:217
C:\projetos\sistema\backend\vendor\laravel\framework\src\Illuminate\Foundation\Testing\Concerns\InteractsWithTestCaseLifecycle.php:101
C:\projetos\sistema\backend\vendor\laravel\framework\src\Illuminate\Foundation\Testing\TestCase.php:63
C:\projetos\sistema\backend\tests\Feature\WorkOrderTest.php:26</error>
        </testcase>
        <testcase name="test_delete_work_order" file="C:\projetos\sistema\backend\tests\Feature\WorkOrderTest.php" line="115" class="Tests\Feature\WorkOrderTest" classname="Tests.Feature.WorkOrderTest" assertions="0" time="0.000000">
          <error type="PDOException">Tests\Feature\WorkOrderTest::test_delete_work_order&#13;
PDOException: There is already an active transaction
&#13;
C:\projetos\sistema\backend\vendor\laravel\framework\src\Illuminate\Database\SQLiteConnection.php:38
C:\projetos\sistema\backend\vendor\laravel\framework\src\Illuminate\Database\Concerns\ManagesTransactions.php:154
C:\projetos\sistema\backend\vendor\laravel\framework\src\Illuminate\Database\Concerns\ManagesTransactions.php:130
C:\projetos\sistema\backend\vendor\laravel\framework\src\Illuminate\Foundation\Testing\RefreshDatabase.php:147
C:\projetos\sistema\backend\vendor\laravel\framework\src\Illuminate\Foundation\Testing\RefreshDatabase.php:93
C:\projetos\sistema\backend\vendor\laravel\framework\src\Illuminate\Foundation\Testing\RefreshDatabase.php:25
C:\projetos\sistema\backend\vendor\laravel\framework\src\Illuminate\Foundation\Testing\Concerns\InteractsWithTestCaseLifecycle.php:217
C:\projetos\sistema\backend\vendor\laravel\framework\src\Illuminate\Foundation\Testing\Concerns\InteractsWithTestCaseLifecycle.php:101
C:\projetos\sistema\backend\vendor\laravel\framework\src\Illuminate\Foundation\Testing\TestCase.php:63
C:\projetos\sistema\backend\tests\Feature\WorkOrderTest.php:26</error>
        </testcase>
        <testcase name="test_delete_work_order_with_financial_links_returns_conflict" file="C:\projetos\sistema\backend\tests\Feature\WorkOrderTest.php" line="129" class="Tests\Feature\WorkOrderTest" classname="Tests.Feature.WorkOrderTest" assertions="0" time="0.000000">
          <error type="PDOException">Tests\Feature\WorkOrderTest::test_delete_work_order_with_financial_links_returns_conflict&#13;
PDOException: There is already an active transaction
&#13;
C:\projetos\sistema\backend\vendor\laravel\framework\src\Illuminate\Database\SQLiteConnection.php:38
C:\projetos\sistema\backend\vendor\laravel\framework\src\Illuminate\Database\Concerns\ManagesTransactions.php:154
C:\projetos\sistema\backend\vendor\laravel\framework\src\Illuminate\Database\Concerns\ManagesTransactions.php:130
C:\projetos\sistema\backend\vendor\laravel\framework\src\Illuminate\Foundation\Testing\RefreshDatabase.php:147
C:\projetos\sistema\backend\vendor\laravel\framework\src\Illuminate\Foundation\Testing\RefreshDatabase.php:93
C:\projetos\sistema\backend\vendor\laravel\framework\src\Illuminate\Foundation\Testing\RefreshDatabase.php:25
C:\projetos\sistema\backend\vendor\laravel\framework\src\Illuminate\Foundation\Testing\Concerns\InteractsWithTestCaseLifecycle.php:217
C:\projetos\sistema\backend\vendor\laravel\framework\src\Illuminate\Foundation\Testing\Concerns\InteractsWithTestCaseLifecycle.php:101
C:\projetos\sistema\backend\vendor\laravel\framework\src\Illuminate\Foundation\Testing\TestCase.php:63
C:\projetos\sistema\backend\tests\Feature\WorkOrderTest.php:26</error>
        </testcase>
        <testcase name="test_transition_open_to_in_progress" file="C:\projetos\sistema\backend\tests\Feature\WorkOrderTest.php" line="159" class="Tests\Feature\WorkOrderTest" classname="Tests.Feature.WorkOrderTest" assertions="0" time="0.000000">
          <error type="PDOException">Tests\Feature\WorkOrderTest::test_transition_open_to_in_progress&#13;
PDOException: There is already an active transaction
&#13;
C:\projetos\sistema\backend\vendor\laravel\framework\src\Illuminate\Database\SQLiteConnection.php:38
C:\projetos\sistema\backend\vendor\laravel\framework\src\Illuminate\Database\Concerns\ManagesTransactions.php:154
C:\projetos\sistema\backend\vendor\laravel\framework\src\Illuminate\Database\Concerns\ManagesTransactions.php:130
C:\projetos\sistema\backend\vendor\laravel\framework\src\Illuminate\Foundation\Testing\RefreshDatabase.php:147
C:\projetos\sistema\backend\vendor\laravel\framework\src\Illuminate\Foundation\Testing\RefreshDatabase.php:93
C:\projetos\sistema\backend\vendor\laravel\framework\src\Illuminate\Foundation\Testing\RefreshDatabase.php:25
C:\projetos\sistema\backend\vendor\laravel\framework\src\Illuminate\Foundation\Testing\Concerns\InteractsWithTestCaseLifecycle.php:217
C:\projetos\sistema\backend\vendor\laravel\framework\src\Illuminate\Foundation\Testing\Concerns\InteractsWithTestCaseLifecycle.php:101
C:\projetos\sistema\backend\vendor\laravel\framework\src\Illuminate\Foundation\Testing\TestCase.php:63
C:\projetos\sistema\backend\tests\Feature\WorkOrderTest.php:26</error>
        </testcase>
        <testcase name="test_invalid_status_transition_blocked" file="C:\projetos\sistema\backend\tests\Feature\WorkOrderTest.php" line="182" class="Tests\Feature\WorkOrderTest" classname="Tests.Feature.WorkOrderTest" assertions="0" time="0.000000">
          <error type="PDOException">Tests\Feature\WorkOrderTest::test_invalid_status_transition_blocked&#13;
PDOException: There is already an active transaction
&#13;
C:\projetos\sistema\backend\vendor\laravel\framework\src\Illuminate\Database\SQLiteConnection.php:38
C:\projetos\sistema\backend\vendor\laravel\framework\src\Illuminate\Database\Concerns\ManagesTransactions.php:154
C:\projetos\sistema\backend\vendor\laravel\framework\src\Illuminate\Database\Concerns\ManagesTransactions.php:130
C:\projetos\sistema\backend\vendor\laravel\framework\src\Illuminate\Foundation\Testing\RefreshDatabase.php:147
C:\projetos\sistema\backend\vendor\laravel\framework\src\Illuminate\Foundation\Testing\RefreshDatabase.php:93
C:\projetos\sistema\backend\vendor\laravel\framework\src\Illuminate\Foundation\Testing\RefreshDatabase.php:25
C:\projetos\sistema\backend\vendor\laravel\framework\src\Illuminate\Foundation\Testing\Concerns\InteractsWithTestCaseLifecycle.php:217
C:\projetos\sistema\backend\vendor\laravel\framework\src\Illuminate\Foundation\Testing\Concerns\InteractsWithTestCaseLifecycle.php:101
C:\projetos\sistema\backend\vendor\laravel\framework\src\Illuminate\Foundation\Testing\TestCase.php:63
C:\projetos\sistema\backend\tests\Feature\WorkOrderTest.php:26</error>
        </testcase>
        <testcase name="test_completed_transition" file="C:\projetos\sistema\backend\tests\Feature\WorkOrderTest.php" line="198" class="Tests\Feature\WorkOrderTest" classname="Tests.Feature.WorkOrderTest" assertions="0" time="0.000000">
          <error type="PDOException">Tests\Feature\WorkOrderTest::test_completed_transition&#13;
PDOException: There is already an active transaction
&#13;
C:\projetos\sistema\backend\vendor\laravel\framework\src\Illuminate\Database\SQLiteConnection.php:38
C:\projetos\sistema\backend\vendor\laravel\framework\src\Illuminate\Database\Concerns\ManagesTransactions.php:154
C:\projetos\sistema\backend\vendor\laravel\framework\src\Illuminate\Database\Concerns\ManagesTransactions.php:130
C:\projetos\sistema\backend\vendor\laravel\framework\src\Illuminate\Foundation\Testing\RefreshDatabase.php:147
C:\projetos\sistema\backend\vendor\laravel\framework\src\Illuminate\Foundation\Testing\RefreshDatabase.php:93
C:\projetos\sistema\backend\vendor\laravel\framework\src\Illuminate\Foundation\Testing\RefreshDatabase.php:25
C:\projetos\sistema\backend\vendor\laravel\framework\src\Illuminate\Foundation\Testing\Concerns\InteractsWithTestCaseLifecycle.php:217
C:\projetos\sistema\backend\vendor\laravel\framework\src\Illuminate\Foundation\Testing\Concerns\InteractsWithTestCaseLifecycle.php:101
C:\projetos\sistema\backend\vendor\laravel\framework\src\Illuminate\Foundation\Testing\TestCase.php:63
C:\projetos\sistema\backend\tests\Feature\WorkOrderTest.php:26</error>
        </testcase>
        <testcase name="test_add_item_to_work_order" file="C:\projetos\sistema\backend\tests\Feature\WorkOrderTest.php" line="221" class="Tests\Feature\WorkOrderTest" classname="Tests.Feature.WorkOrderTest" assertions="0" time="0.000000">
          <error type="PDOException">Tests\Feature\WorkOrderTest::test_add_item_to_work_order&#13;
PDOException: There is already an active transaction
&#13;
C:\projetos\sistema\backend\vendor\laravel\framework\src\Illuminate\Database\SQLiteConnection.php:38
C:\projetos\sistema\backend\vendor\laravel\framework\src\Illuminate\Database\Concerns\ManagesTransactions.php:154
C:\projetos\sistema\backend\vendor\laravel\framework\src\Illuminate\Database\Concerns\ManagesTransactions.php:130
C:\projetos\sistema\backend\vendor\laravel\framework\src\Illuminate\Foundation\Testing\RefreshDatabase.php:147
C:\projetos\sistema\backend\vendor\laravel\framework\src\Illuminate\Foundation\Testing\RefreshDatabase.php:93
C:\projetos\sistema\backend\vendor\laravel\framework\src\Illuminate\Foundation\Testing\RefreshDatabase.php:25
C:\projetos\sistema\backend\vendor\laravel\framework\src\Illuminate\Foundation\Testing\Concerns\InteractsWithTestCaseLifecycle.php:217
C:\projetos\sistema\backend\vendor\laravel\framework\src\Illuminate\Foundation\Testing\Concerns\InteractsWithTestCaseLifecycle.php:101
C:\projetos\sistema\backend\vendor\laravel\framework\src\Illuminate\Foundation\Testing\TestCase.php:63
C:\projetos\sistema\backend\tests\Feature\WorkOrderTest.php:26</error>
        </testcase>
        <testcase name="test_update_item_rejects_item_from_other_work_order" file="C:\projetos\sistema\backend\tests\Feature\WorkOrderTest.php" line="246" class="Tests\Feature\WorkOrderTest" classname="Tests.Feature.WorkOrderTest" assertions="0" time="0.000000">
          <error type="PDOException">Tests\Feature\WorkOrderTest::test_update_item_rejects_item_from_other_work_order&#13;
PDOException: There is already an active transaction
&#13;
C:\projetos\sistema\backend\vendor\laravel\framework\src\Illuminate\Database\SQLiteConnection.php:38
C:\projetos\sistema\backend\vendor\laravel\framework\src\Illuminate\Database\Concerns\ManagesTransactions.php:154
C:\projetos\sistema\backend\vendor\laravel\framework\src\Illuminate\Database\Concerns\ManagesTransactions.php:130
C:\projetos\sistema\backend\vendor\laravel\framework\src\Illuminate\Foundation\Testing\RefreshDatabase.php:147
C:\projetos\sistema\backend\vendor\laravel\framework\src\Illuminate\Foundation\Testing\RefreshDatabase.php:93
C:\projetos\sistema\backend\vendor\laravel\framework\src\Illuminate\Foundation\Testing\RefreshDatabase.php:25
C:\projetos\sistema\backend\vendor\laravel\framework\src\Illuminate\Foundation\Testing\Concerns\InteractsWithTestCaseLifecycle.php:217
C:\projetos\sistema\backend\vendor\laravel\framework\src\Illuminate\Foundation\Testing\Concerns\InteractsWithTestCaseLifecycle.php:101
C:\projetos\sistema\backend\vendor\laravel\framework\src\Illuminate\Foundation\Testing\TestCase.php:63
C:\projetos\sistema\backend\tests\Feature\WorkOrderTest.php:26</error>
        </testcase>
        <testcase name="test_delete_item_rejects_item_from_other_work_order" file="C:\projetos\sistema\backend\tests\Feature\WorkOrderTest.php" line="278" class="Tests\Feature\WorkOrderTest" classname="Tests.Feature.WorkOrderTest" assertions="0" time="0.000000">
          <error type="PDOException">Tests\Feature\WorkOrderTest::test_delete_item_rejects_item_from_other_work_order&#13;
PDOException: There is already an active transaction
&#13;
C:\projetos\sistema\backend\vendor\laravel\framework\src\Illuminate\Database\SQLiteConnection.php:38
C:\projetos\sistema\backend\vendor\laravel\framework\src\Illuminate\Database\Concerns\ManagesTransactions.php:154
C:\projetos\sistema\backend\vendor\laravel\framework\src\Illuminate\Database\Concerns\ManagesTransactions.php:130
C:\projetos\sistema\backend\vendor\laravel\framework\src\Illuminate\Foundation\Testing\RefreshDatabase.php:147
C:\projetos\sistema\backend\vendor\laravel\framework\src\Illuminate\Foundation\Testing\RefreshDatabase.php:93
C:\projetos\sistema\backend\vendor\laravel\framework\src\Illuminate\Foundation\Testing\RefreshDatabase.php:25
C:\projetos\sistema\backend\vendor\laravel\framework\src\Illuminate\Foundation\Testing\Concerns\InteractsWithTestCaseLifecycle.php:217
C:\projetos\sistema\backend\vendor\laravel\framework\src\Illuminate\Foundation\Testing\Concerns\InteractsWithTestCaseLifecycle.php:101
C:\projetos\sistema\backend\vendor\laravel\framework\src\Illuminate\Foundation\Testing\TestCase.php:63
C:\projetos\sistema\backend\tests\Feature\WorkOrderTest.php:26</error>
        </testcase>
        <testcase name="test_add_item_rejects_product_reference_from_other_tenant" file="C:\projetos\sistema\backend\tests\Feature\WorkOrderTest.php" line="310" class="Tests\Feature\WorkOrderTest" classname="Tests.Feature.WorkOrderTest" assertions="0" time="0.000000">
          <error type="PDOException">Tests\Feature\WorkOrderTest::test_add_item_rejects_product_reference_from_other_tenant&#13;
PDOException: There is already an active transaction
&#13;
C:\projetos\sistema\backend\vendor\laravel\framework\src\Illuminate\Database\SQLiteConnection.php:38
C:\projetos\sistema\backend\vendor\laravel\framework\src\Illuminate\Database\Concerns\ManagesTransactions.php:154
C:\projetos\sistema\backend\vendor\laravel\framework\src\Illuminate\Database\Concerns\ManagesTransactions.php:130
C:\projetos\sistema\backend\vendor\laravel\framework\src\Illuminate\Foundation\Testing\RefreshDatabase.php:147
C:\projetos\sistema\backend\vendor\laravel\framework\src\Illuminate\Foundation\Testing\RefreshDatabase.php:93
C:\projetos\sistema\backend\vendor\laravel\framework\src\Illuminate\Foundation\Testing\RefreshDatabase.php:25
C:\projetos\sistema\backend\vendor\laravel\framework\src\Illuminate\Foundation\Testing\Concerns\InteractsWithTestCaseLifecycle.php:217
C:\projetos\sistema\backend\vendor\laravel\framework\src\Illuminate\Foundation\Testing\Concerns\InteractsWithTestCaseLifecycle.php:101
C:\projetos\sistema\backend\vendor\laravel\framework\src\Illuminate\Foundation\Testing\TestCase.php:63
C:\projetos\sistema\backend\tests\Feature\WorkOrderTest.php:26</error>
        </testcase>
        <testcase name="test_metadata_returns_statuses_and_priorities" file="C:\projetos\sistema\backend\tests\Feature\WorkOrderTest.php" line="335" class="Tests\Feature\WorkOrderTest" classname="Tests.Feature.WorkOrderTest" assertions="0" time="0.000000">
          <error type="PDOException">Tests\Feature\WorkOrderTest::test_metadata_returns_statuses_and_priorities&#13;
PDOException: There is already an active transaction
&#13;
C:\projetos\sistema\backend\vendor\laravel\framework\src\Illuminate\Database\SQLiteConnection.php:38
C:\projetos\sistema\backend\vendor\laravel\framework\src\Illuminate\Database\Concerns\ManagesTransactions.php:154
C:\projetos\sistema\backend\vendor\laravel\framework\src\Illuminate\Database\Concerns\ManagesTransactions.php:130
C:\projetos\sistema\backend\vendor\laravel\framework\src\Illuminate\Foundation\Testing\RefreshDatabase.php:147
C:\projetos\sistema\backend\vendor\laravel\framework\src\Illuminate\Foundation\Testing\RefreshDatabase.php:93
C:\projetos\sistema\backend\vendor\laravel\framework\src\Illuminate\Foundation\Testing\RefreshDatabase.php:25
C:\projetos\sistema\backend\vendor\laravel\framework\src\Illuminate\Foundation\Testing\Concerns\InteractsWithTestCaseLifecycle.php:217
C:\projetos\sistema\backend\vendor\laravel\framework\src\Illuminate\Foundation\Testing\Concerns\InteractsWithTestCaseLifecycle.php:101
C:\projetos\sistema\backend\vendor\laravel\framework\src\Illuminate\Foundation\Testing\TestCase.php:63
C:\projetos\sistema\backend\tests\Feature\WorkOrderTest.php:26</error>
        </testcase>
        <testcase name="test_work_orders_isolated_by_tenant" file="C:\projetos\sistema\backend\tests\Feature\WorkOrderTest.php" line="345" class="Tests\Feature\WorkOrderTest" classname="Tests.Feature.WorkOrderTest" assertions="0" time="0.000000">
          <error type="PDOException">Tests\Feature\WorkOrderTest::test_work_orders_isolated_by_tenant&#13;
PDOException: There is already an active transaction
&#13;
C:\projetos\sistema\backend\vendor\laravel\framework\src\Illuminate\Database\SQLiteConnection.php:38
C:\projetos\sistema\backend\vendor\laravel\framework\src\Illuminate\Database\Concerns\ManagesTransactions.php:154
C:\projetos\sistema\backend\vendor\laravel\framework\src\Illuminate\Database\Concerns\ManagesTransactions.php:130
C:\projetos\sistema\backend\vendor\laravel\framework\src\Illuminate\Foundation\Testing\RefreshDatabase.php:147
C:\projetos\sistema\backend\vendor\laravel\framework\src\Illuminate\Foundation\Testing\RefreshDatabase.php:93
C:\projetos\sistema\backend\vendor\laravel\framework\src\Illuminate\Foundation\Testing\RefreshDatabase.php:25
C:\projetos\sistema\backend\vendor\laravel\framework\src\Illuminate\Foundation\Testing\Concerns\InteractsWithTestCaseLifecycle.php:217
C:\projetos\sistema\backend\vendor\laravel\framework\src\Illuminate\Foundation\Testing\Concerns\InteractsWithTestCaseLifecycle.php:101
C:\projetos\sistema\backend\vendor\laravel\framework\src\Illuminate\Foundation\Testing\TestCase.php:63
C:\projetos\sistema\backend\tests\Feature\WorkOrderTest.php:26</error>
        </testcase>
        <testcase name="test_filter_by_status" file="C:\projetos\sistema\backend\tests\Feature\WorkOrderTest.php" line="371" class="Tests\Feature\WorkOrderTest" classname="Tests.Feature.WorkOrderTest" assertions="0" time="0.000000">
          <error type="PDOException">Tests\Feature\WorkOrderTest::test_filter_by_status&#13;
PDOException: There is already an active transaction
&#13;
C:\projetos\sistema\backend\vendor\laravel\framework\src\Illuminate\Database\SQLiteConnection.php:38
C:\projetos\sistema\backend\vendor\laravel\framework\src\Illuminate\Database\Concerns\ManagesTransactions.php:154
C:\projetos\sistema\backend\vendor\laravel\framework\src\Illuminate\Database\Concerns\ManagesTransactions.php:130
C:\projetos\sistema\backend\vendor\laravel\framework\src\Illuminate\Foundation\Testing\RefreshDatabase.php:147
C:\projetos\sistema\backend\vendor\laravel\framework\src\Illuminate\Foundation\Testing\RefreshDatabase.php:93
C:\projetos\sistema\backend\vendor\laravel\framework\src\Illuminate\Foundation\Testing\RefreshDatabase.php:25
C:\projetos\sistema\backend\vendor\laravel\framework\src\Illuminate\Foundation\Testing\Concerns\InteractsWithTestCaseLifecycle.php:217
C:\projetos\sistema\backend\vendor\laravel\framework\src\Illuminate\Foundation\Testing\Concerns\InteractsWithTestCaseLifecycle.php:101
C:\projetos\sistema\backend\vendor\laravel\framework\src\Illuminate\Foundation\Testing\TestCase.php:63
C:\projetos\sistema\backend\tests\Feature\WorkOrderTest.php:26</error>
        </testcase>
        <testcase name="test_cannot_delete_completed_work_order" file="C:\projetos\sistema\backend\tests\Feature\WorkOrderTest.php" line="394" class="Tests\Feature\WorkOrderTest" classname="Tests.Feature.WorkOrderTest" assertions="0" time="0.000000">
          <error type="PDOException">Tests\Feature\WorkOrderTest::test_cannot_delete_completed_work_order&#13;
PDOException: There is already an active transaction
&#13;
C:\projetos\sistema\backend\vendor\laravel\framework\src\Illuminate\Database\SQLiteConnection.php:38
C:\projetos\sistema\backend\vendor\laravel\framework\src\Illuminate\Database\Concerns\ManagesTransactions.php:154
C:\projetos\sistema\backend\vendor\laravel\framework\src\Illuminate\Database\Concerns\ManagesTransactions.php:130
C:\projetos\sistema\backend\vendor\laravel\framework\src\Illuminate\Foundation\Testing\RefreshDatabase.php:147
C:\projetos\sistema\backend\vendor\laravel\framework\src\Illuminate\Foundation\Testing\RefreshDatabase.php:93
C:\projetos\sistema\backend\vendor\laravel\framework\src\Illuminate\Foundation\Testing\RefreshDatabase.php:25
C:\projetos\sistema\backend\vendor\laravel\framework\src\Illuminate\Foundation\Testing\Concerns\InteractsWithTestCaseLifecycle.php:217
C:\projetos\sistema\backend\vendor\laravel\framework\src\Illuminate\Foundation\Testing\Concerns\InteractsWithTestCaseLifecycle.php:101
C:\projetos\sistema\backend\vendor\laravel\framework\src\Illuminate\Foundation\Testing\TestCase.php:63
C:\projetos\sistema\backend\tests\Feature\WorkOrderTest.php:26</error>
        </testcase>
        <testcase name="test_rejects_invalid_status_transition" file="C:\projetos\sistema\backend\tests\Feature\WorkOrderTest.php" line="410" class="Tests\Feature\WorkOrderTest" classname="Tests.Feature.WorkOrderTest" assertions="0" time="0.000000">
          <error type="PDOException">Tests\Feature\WorkOrderTest::test_rejects_invalid_status_transition&#13;
PDOException: There is already an active transaction
&#13;
C:\projetos\sistema\backend\vendor\laravel\framework\src\Illuminate\Database\SQLiteConnection.php:38
C:\projetos\sistema\backend\vendor\laravel\framework\src\Illuminate\Database\Concerns\ManagesTransactions.php:154
C:\projetos\sistema\backend\vendor\laravel\framework\src\Illuminate\Database\Concerns\ManagesTransactions.php:130
C:\projetos\sistema\backend\vendor\laravel\framework\src\Illuminate\Foundation\Testing\RefreshDatabase.php:147
C:\projetos\sistema\backend\vendor\laravel\framework\src\Illuminate\Foundation\Testing\RefreshDatabase.php:93
C:\projetos\sistema\backend\vendor\laravel\framework\src\Illuminate\Foundation\Testing\RefreshDatabase.php:25
C:\projetos\sistema\backend\vendor\laravel\framework\src\Illuminate\Foundation\Testing\Concerns\InteractsWithTestCaseLifecycle.php:217
C:\projetos\sistema\backend\vendor\laravel\framework\src\Illuminate\Foundation\Testing\Concerns\InteractsWithTestCaseLifecycle.php:101
C:\projetos\sistema\backend\vendor\laravel\framework\src\Illuminate\Foundation\Testing\TestCase.php:63
C:\projetos\sistema\backend\tests\Feature\WorkOrderTest.php:26</error>
        </testcase>
        <testcase name="test_duplicate_work_order" file="C:\projetos\sistema\backend\tests\Feature\WorkOrderTest.php" line="432" class="Tests\Feature\WorkOrderTest" classname="Tests.Feature.WorkOrderTest" assertions="0" time="0.000000">
          <error type="PDOException">Tests\Feature\WorkOrderTest::test_duplicate_work_order&#13;
PDOException: There is already an active transaction
&#13;
C:\projetos\sistema\backend\vendor\laravel\framework\src\Illuminate\Database\SQLiteConnection.php:38
C:\projetos\sistema\backend\vendor\laravel\framework\src\Illuminate\Database\Concerns\ManagesTransactions.php:154
C:\projetos\sistema\backend\vendor\laravel\framework\src\Illuminate\Database\Concerns\ManagesTransactions.php:130
C:\projetos\sistema\backend\vendor\laravel\framework\src\Illuminate\Foundation\Testing\RefreshDatabase.php:147
C:\projetos\sistema\backend\vendor\laravel\framework\src\Illuminate\Foundation\Testing\RefreshDatabase.php:93
C:\projetos\sistema\backend\vendor\laravel\framework\src\Illuminate\Foundation\Testing\RefreshDatabase.php:25
C:\projetos\sistema\backend\vendor\laravel\framework\src\Illuminate\Foundation\Testing\Concerns\InteractsWithTestCaseLifecycle.php:217
C:\projetos\sistema\backend\vendor\laravel\framework\src\Illuminate\Foundation\Testing\Concerns\InteractsWithTestCaseLifecycle.php:101
C:\projetos\sistema\backend\vendor\laravel\framework\src\Illuminate\Foundation\Testing\TestCase.php:63
C:\projetos\sistema\backend\tests\Feature\WorkOrderTest.php:26</error>
        </testcase>
        <testcase name="test_reopen_cancelled_work_order" file="C:\projetos\sistema\backend\tests\Feature\WorkOrderTest.php" line="461" class="Tests\Feature\WorkOrderTest" classname="Tests.Feature.WorkOrderTest" assertions="0" time="0.000000">
          <error type="PDOException">Tests\Feature\WorkOrderTest::test_reopen_cancelled_work_order&#13;
PDOException: There is already an active transaction
&#13;
C:\projetos\sistema\backend\vendor\laravel\framework\src\Illuminate\Database\SQLiteConnection.php:38
C:\projetos\sistema\backend\vendor\laravel\framework\src\Illuminate\Database\Concerns\ManagesTransactions.php:154
C:\projetos\sistema\backend\vendor\laravel\framework\src\Illuminate\Database\Concerns\ManagesTransactions.php:130
C:\projetos\sistema\backend\vendor\laravel\framework\src\Illuminate\Foundation\Testing\RefreshDatabase.php:147
C:\projetos\sistema\backend\vendor\laravel\framework\src\Illuminate\Foundation\Testing\RefreshDatabase.php:93
C:\projetos\sistema\backend\vendor\laravel\framework\src\Illuminate\Foundation\Testing\RefreshDatabase.php:25
C:\projetos\sistema\backend\vendor\laravel\framework\src\Illuminate\Foundation\Testing\Concerns\InteractsWithTestCaseLifecycle.php:217
C:\projetos\sistema\backend\vendor\laravel\framework\src\Illuminate\Foundation\Testing\Concerns\InteractsWithTestCaseLifecycle.php:101
C:\projetos\sistema\backend\vendor\laravel\framework\src\Illuminate\Foundation\Testing\TestCase.php:63
C:\projetos\sistema\backend\tests\Feature\WorkOrderTest.php:26</error>
        </testcase>
        <testcase name="test_reopen_non_cancelled_returns_422" file="C:\projetos\sistema\backend\tests\Feature\WorkOrderTest.php" line="479" class="Tests\Feature\WorkOrderTest" classname="Tests.Feature.WorkOrderTest" assertions="0" time="0.000000">
          <error type="PDOException">Tests\Feature\WorkOrderTest::test_reopen_non_cancelled_returns_422&#13;
PDOException: There is already an active transaction
&#13;
C:\projetos\sistema\backend\vendor\laravel\framework\src\Illuminate\Database\SQLiteConnection.php:38
C:\projetos\sistema\backend\vendor\laravel\framework\src\Illuminate\Database\Concerns\ManagesTransactions.php:154
C:\projetos\sistema\backend\vendor\laravel\framework\src\Illuminate\Database\Concerns\ManagesTransactions.php:130
C:\projetos\sistema\backend\vendor\laravel\framework\src\Illuminate\Foundation\Testing\RefreshDatabase.php:147
C:\projetos\sistema\backend\vendor\laravel\framework\src\Illuminate\Foundation\Testing\RefreshDatabase.php:93
C:\projetos\sistema\backend\vendor\laravel\framework\src\Illuminate\Foundation\Testing\RefreshDatabase.php:25
C:\projetos\sistema\backend\vendor\laravel\framework\src\Illuminate\Foundation\Testing\Concerns\InteractsWithTestCaseLifecycle.php:217
C:\projetos\sistema\backend\vendor\laravel\framework\src\Illuminate\Foundation\Testing\Concerns\InteractsWithTestCaseLifecycle.php:101
C:\projetos\sistema\backend\vendor\laravel\framework\src\Illuminate\Foundation\Testing\TestCase.php:63
C:\projetos\sistema\backend\tests\Feature\WorkOrderTest.php:26</error>
        </testcase>
        <testcase name="test_export_csv" file="C:\projetos\sistema\backend\tests\Feature\WorkOrderTest.php" line="494" class="Tests\Feature\WorkOrderTest" classname="Tests.Feature.WorkOrderTest" assertions="0" time="0.000000">
          <error type="PDOException">Tests\Feature\WorkOrderTest::test_export_csv&#13;
PDOException: There is already an active transaction
&#13;
C:\projetos\sistema\backend\vendor\laravel\framework\src\Illuminate\Database\SQLiteConnection.php:38
C:\projetos\sistema\backend\vendor\laravel\framework\src\Illuminate\Database\Concerns\ManagesTransactions.php:154
C:\projetos\sistema\backend\vendor\laravel\framework\src\Illuminate\Database\Concerns\ManagesTransactions.php:130
C:\projetos\sistema\backend\vendor\laravel\framework\src\Illuminate\Foundation\Testing\RefreshDatabase.php:147
C:\projetos\sistema\backend\vendor\laravel\framework\src\Illuminate\Foundation\Testing\RefreshDatabase.php:93
C:\projetos\sistema\backend\vendor\laravel\framework\src\Illuminate\Foundation\Testing\RefreshDatabase.php:25
C:\projetos\sistema\backend\vendor\laravel\framework\src\Illuminate\Foundation\Testing\Concerns\InteractsWithTestCaseLifecycle.php:217
C:\projetos\sistema\backend\vendor\laravel\framework\src\Illuminate\Foundation\Testing\Concerns\InteractsWithTestCaseLifecycle.php:101
C:\projetos\sistema\backend\vendor\laravel\framework\src\Illuminate\Foundation\Testing\TestCase.php:63
C:\projetos\sistema\backend\tests\Feature\WorkOrderTest.php:26</error>
        </testcase>
        <testcase name="test_dashboard_stats" file="C:\projetos\sistema\backend\tests\Feature\WorkOrderTest.php" line="508" class="Tests\Feature\WorkOrderTest" classname="Tests.Feature.WorkOrderTest" assertions="0" time="0.000000">
          <error type="PDOException">Tests\Feature\WorkOrderTest::test_dashboard_stats&#13;
PDOException: There is already an active transaction
&#13;
C:\projetos\sistema\backend\vendor\laravel\framework\src\Illuminate\Database\SQLiteConnection.php:38
C:\projetos\sistema\backend\vendor\laravel\framework\src\Illuminate\Database\Concerns\ManagesTransactions.php:154
C:\projetos\sistema\backend\vendor\laravel\framework\src\Illuminate\Database\Concerns\ManagesTransactions.php:130
C:\projetos\sistema\backend\vendor\laravel\framework\src\Illuminate\Foundation\Testing\RefreshDatabase.php:147
C:\projetos\sistema\backend\vendor\laravel\framework\src\Illuminate\Foundation\Testing\RefreshDatabase.php:93
C:\projetos\sistema\backend\vendor\laravel\framework\src\Illuminate\Foundation\Testing\RefreshDatabase.php:25
C:\projetos\sistema\backend\vendor\laravel\framework\src\Illuminate\Foundation\Testing\Concerns\InteractsWithTestCaseLifecycle.php:217
C:\projetos\sistema\backend\vendor\laravel\framework\src\Illuminate\Foundation\Testing\Concerns\InteractsWithTestCaseLifecycle.php:101
C:\projetos\sistema\backend\vendor\laravel\framework\src\Illuminate\Foundation\Testing\TestCase.php:63
C:\projetos\sistema\backend\tests\Feature\WorkOrderTest.php:26</error>
        </testcase>
      </testsuite>
    </testsuite>
  </testsuite>
</testsuites>
